docker : ERROR: parsing time "{\x0d\x0a  \"name\": \"next-app-v2\",\x0d\x0a  \"version\": \"0.1.0\",\x0d\x0a  
\"lockfileVersion\": 3,\x0d\x0a  \"requires\": true,\x0d\x0a  \"packages\": {\x0d\x0a    \"\": {\x0d\x0a      
\"name\": \"next-app-v2\",\x0d\x0a      \"version\": \"0.1.0\",\x0d\x0a      \"dependencies\": {\x0d\x0a        
\"@analytics/google-analytics\": \"^1.1.0\",\x0d\x0a        \"@emotion/react\": \"^11.14.0\",\x0d\x0a        
\"@emotion/styled\": \"^11.14.0\",\x0d\x0a        \"@firebase/analytics\": \"^0.10.11\",\x0d\x0a        
\"@firebase/auth\": \"^1.8.2\",\x0d\x0a        \"@google/generative-ai\": \"^0.2.1\",\x0d\x0a        
\"@headlessui/react\": \"^2.2.0\",\x0d\x0a        \"@heroicons/react\": \"^2.2.0\",\x0d\x0a        
\"@langchain/core\": \"^1.0.5\",\x0d\x0a        \"@langchain/google-genai\": \"^1.0.1\",\x0d\x0a        
\"@langchain/langgraph\": \"^1.0.2\",\x0d\x0a        \"@langchain/openai\": \"^0.2.0\",\x0d\x0a        
\"@microsoft/clarity\": \"^1.0.0\",\x0d\x0a        \"@mui/material\": \"^7.1.0\",\x0d\x0a        
\"@next/third-parties\": \"^15.1.8\",\x0d\x0a        \"@types/react-dropzone\": \"^4.2.2\",\x0d\x0a        
\"analytics\": \"^0.8.16\",\x0d\x0a        \"axios\": \"^1.8.1\",\x0d\x0a        \"browser-image-compression\": 
\"^2.0.2\",\x0d\x0a        \"canvas-confetti\": \"^1.9.3\",\x0d\x0a        \"chart.js\": \"^4.5.0\",\x0d\x0a        
\"chartjs-plugin-datalabels\": \"^2.2.0\",\x0d\x0a        \"chokidar\": \"^4.0.3\",\x0d\x0a        \"date-fns\": 
\"^4.1.0\",\x0d\x0a        \"email-validator\": \"^2.0.4\",\x0d\x0a        \"emoji-picker-react\": 
\"^4.12.2\",\x0d\x0a        \"firebase\": \"^11.2.0\",\x0d\x0a        \"framer-motion\": \"^12.5.0\",\x0d\x0a        
\"html2canvas\": \"^1.4.1\",\x0d\x0a        \"langfuse\": \"^3.38.6\",\x0d\x0a        \"lucide-react\": 
\"^0.511.0\",\x0d\x0a        \"next\": \"^15.5.9\",\x0d\x0a        \"next-themes\": \"^0.4.6\",\x0d\x0a        
\"nodemailer\": \"^7.0.11\",\x0d\x0a        \"openai\": \"^4.86.1\",\x0d\x0a        \"razorpay\": \"^2.9.6\",\x0d\x0a  
      \"react\": \"^19.0.0\",\x0d\x0a        \"react-chartjs-2\": \"^5.3.0\",\x0d\x0a        \"react-dom\": 
\"^19.0.0\",\x0d\x0a        \"react-dropzone\": \"^14.3.8\",\x0d\x0a        \"react-hook-form\": \"^7.54.2\",\x0d\x0a  
      \"react-hot-toast\": \"^2.5.2\",\x0d\x0a        \"react-markdown\": \"^10.1.0\",\x0d\x0a        
\"react-toastify\": \"^11.0.5\",\x0d\x0a        \"resend\": \"^4.5.1\",\x0d\x0a        \"sonner\": \"^1.7.4\",\x0d\x0a 
       \"use-debounce\": \"^10.0.4\",\x0d\x0a        \"uuid\": \"^11.1.0\"\x0d\x0a      },\x0d\x0a      
\"devDependencies\": {\x0d\x0a        \"@eslint/eslintrc\": \"^3\",\x0d\x0a        \"@types/chart.js\": 
\"^2.9.41\",\x0d\x0a        \"@types/node\": \"24.1.0\",\x0d\x0a        \"@types/nodemailer\": \"^6.4.17\",\x0d\x0a    
    \"@types/react\": \"19.1.8\",\x0d\x0a        \"@types/react-dom\": \"^19\",\x0d\x0a        \"@types/uuid\": 
\"^10.0.0\",\x0d\x0a        \"@typescript-eslint/eslint-plugin\": \"^8.28.0\",\x0d\x0a        
\"@typescript-eslint/parser\": \"^8.28.0\",\x0d\x0a        \"eslint\": \"^9\",\x0d\x0a        \"eslint-config-next\": 
\"15.1.6\",\x0d\x0a        \"postcss\": \"^8\",\x0d\x0a        \"tailwindcss\": \"^3.4.1\",\x0d\x0a        
\"typescript\": \"^5\"\x0d\x0a      }\x0d\x0a    },\x0d\x0a    \"node_modules/@alloc/quick-lru\": {\x0d\x0a      
\"version\": \"5.2.0\",\x0d\x0a      \"dev\": true,\x0d\x0a      \"license\": \"MIT\",\x0d\x0a      \"engines\": 
{\x0d\x0a        \"node\": \">=10\"\x0d\x0a      },\x0d\x0a      \"funding\": {\x0d\x0a        \"url\": 
\"https://github.com/sponsors/sindresorhus\"\x0d\x0a      }\x0d\x0a    },\x0d\x0a    
\"node_modules/@analytics/cookie-utils\": {\x0d\x0a      \"version\": \"0.2.12\",\x0d\x0a      \"license\": 
\"MIT\",\x0d\x0a      \"dependencies\": {\x0d\x0a        \"@analytics/global-storage-utils\": \"^0.1.7\"\x0d\x0a      
}\x0d\x0a    },\x0d\x0a    \"node_modules/@analytics/core\": {\x0d\x0a      \"version\": \"0.12.17\",\x0d\x0a      
\"funding\": [\x0d\x0a        {\x0d\x0a          \"type\": \"GitHub Sponsors\",\x0d\x0a          \"url\": 
\"https://github.com/sponsors/davidwells\"\x0d\x0a        }\x0d\x0a      ],\x0d\x0a      \"license\": \"MIT\",\x0d\x0a 
     \"dependencies\": {\x0d\x0a        \"@analytics/global-storage-utils\": \"^0.1.7\",\x0d\x0a        
\"@analytics/type-utils\": \"^0.6.2\",\x0d\x0a        \"analytics-utils\": \"^1.0.14\"\x0d\x0a      }\x0d\x0a    
},\x0d\x0a    \"node_modules/@analytics/global-storage-utils\": {\x0d\x0a      \"version\": \"0.1.7\",\x0d\x0a      
\"license\": \"MIT\",\x0d\x0a      \"dependencies\": {\x0d\x0a        \"@analytics/type-utils\": \"^0.6.2\"\x0d\x0a    
  }\x0d\x0a    },\x0d\x0a    \"node_modules/@analytics/google-analytics\": {\x0d\x0a      \"version\": 
\"1.1.0\",\x0d\x0a      \"license\": \"MIT\"\x0d\x0a    },\x0d\x0a    \"node_modules/@analytics/localstorage-utils\": 
{\x0d\x0a      \"version\": \"0.1.10\",\x0d\x0a      \"license\": \"MIT\",\x0d\x0a      \"dependencies\": {\x0d\x0a    
    \"@analytics/global-storage-utils\": \"^0.1.7\"\x0d\x0a      }\x0d\x0a    },\x0d\x0a    
\"node_modules/@analytics/session-storage-utils\": {\x0d\x0a      \"version\": \"0.0.7\",\x0d\x0a      \"license\": 
\"MIT\",\x0d\x0a      \"dependencies\": {\x0d\x0a        \"@analytics/global-storage-utils\": \"^0.1.7\"\x0d\x0a      
}\x0d\x0a    },\x0d\x0a    \"node_modules/@analytics/storage-utils\": {\x0d\x0a      \"version\": \"0.4.2\",\x0d\x0a   
   \"license\": \"MIT\",\x0d\x0a      \"dependencies\": {\x0d\x0a        \"@analytics/cookie-utils\": 
\"^0.2.12\",\x0d\x0a        \"@analytics/global-storage-utils\": \"^0.1.7\",\x0d\x0a        
\"@analytics/localstorage-utils\": \"^0.1.10\",\x0d\x0a        \"@analytics/session-storage-utils\": 
\"^0.0.7\",\x0d\x0a        \"@analytics/type-utils\": \"^0.6.2\"\x0d\x0a      }\x0d\x0a    },\x0d\x0a    
\"node_modules/@analytics/type-utils\": {\x0d\x0a      \"version\": \"0.6.2\",\x0d\x0a      \"license\": 
\"MIT\"\x0d\x0a    },\x0d\x0a    \"node_modules/@babel/code-frame\": {\x0d\x0a      \"version\": \"7.27.1\",\x0d\x0a   
   \"license\": \"MIT\",\x0d\x0a      \"dependencies\": {\x0d\x0a        \"@babel/helper-validator-identifier\": 
\"^7.27.1\",\x0d\x0a        \"js-tokens\": \"^4.0.0\",\x0d\x0a        \"picocolors\": \"^1.1.1\"\x0d\x0a      
},\x0d\x0a      \"engines\": {\x0d\x0a        \"node\": \">=6.9.0\"\x0d\x0a      }\x0d\x0a    },\x0d\x0a    
\"node_modules/@babel/generator\": {\x0d\x0a      \"version\": \"7.28.0\",\x0d\x0a      \"license\": \"MIT\",\x0d\x0a  
    \"dependencies\": {\x0d\x0a        \"@babel/parser\": \"^7.28.0\",\x0d\x0a        \"@babel/types\": 
\"^7.28.0\",\x0d\x0a        \"@jridgewell/gen-mapping\": \"^0.3.12\",\x0d\x0a        \"@jridgewell/trace-mapping\": 
\"^0.3.28\",\x0d\x0a        \"jsesc\": \"^3.0.2\"\x0d\x0a      },\x0d\x0a      \"engines\": {\x0d\x0a        \"node\": 
\">=6.9.0\"\x0d\x0a      }\x0d\x0a    },\x0d\x0a    \"node_modules/@babel/helper-globals\": {\x0d\x0a      
\"version\": \"7.28.0\",\x0d\x0a      \"license\": \"MIT\",\x0d\x0a      \"engines\": {\x0d\x0a        \"node\": 
\">=6.9.0\"\x0d\x0a      }\x0d\x0a    },\x0d\x0a    \"node_modules/@babel/helper-module-imports\": {\x0d\x0a      
\"version\": \"7.27.1\",\x0d\x0a      \"license\": \"MIT\",\x0d\x0a      \"dependencies\": {\x0d\x0a        
\"@babel/traverse\": \"^7.27.1\",\x0d\x0a        \"@babel/types\": \"^7.27.1\"\x0d\x0a      },\x0d\x0a      
\"engines\": {\x0d\x0a        \"node\": \">=6.9.0\"\x0d\x0a      }\x0d\x0a    },\x0d\x0a    
\"node_modules/@babel/helper-string-parser\": {\x0d\x0a      \"version\": \"7.27.1\",\x0d\x0a      \"license\": 
\"MIT\",\x0d\x0a      \"engines\": {\x0d\x0a        \"node\": \">=6.9.0\"\x0d\x0a      }\x0d\x0a    },\x0d\x0a    
\"node_modules/@babel/helper-validator-identifier\": {\x0d\x0a      \"version\": \"7.27.1\",\x0d\x0a      \"license\": 
\"MIT\",\x0d\x0a      \"engines\": {\x0d\x0a        \"node\": \">=6.9.0\"\x0d\x0a      }\x0d\x0a    },\x0d\x0a    
\"node_modules/@babel/parser\": {\x0d\x0a      \"version\": \"7.28.0\",\x0d\x0a      \"license\": \"MIT\",\x0d\x0a     
 \"dependencies\": {\x0d\x0a        \"@babel/types\": \"^7.28.0\"\x0d\x0a      },\x0d\x0a      \"bin\": {\x0d\x0a      
  \"parser\": \"bin/babel-parser.js\"\x0d\x0a      },\x0d\x0a      \"engines\": {\x0d\x0a        \"node\": 
\">=6.0.0\"\x0d\x0a      }\x0d\x0a    },\x0d\x0a    \"node_modules/@babel/runtime\": {\x0d\x0a      \"version\": 
\"7.28.2\",\x0d\x0a      \"license\": \"MIT\",\x0d\x0a      \"engines\": {\x0d\x0a        \"node\": 
\">=6.9.0\"\x0d\x0a      }\x0d\x0a    },\x0d\x0a    \"node_modules/@babel/template\": {\x0d\x0a      \"version\": 
\"7.27.2\",\x0d\x0a      \"license\": \"MIT\",\x0d\x0a      \"dependencies\": {\x0d\x0a        \"@babel/code-frame\": 
\"^7.27.1\",\x0d\x0a        \"@babel/parser\": \"^7.27.2\",\x0d\x0a        \"@babel/types\": \"^7.27.1\"\x0d\x0a      
},\x0d\x0a      \"engines\": {\x0d\x0a        \"node\": \">=6.9.0\"\x0d\x0a      }\x0d\x0a    },\x0d\x0a    
\"node_modules/@babel/traverse\": {\x0d\x0a      \"version\": \"7.28.0\",\x0d\x0a      \"license\": \"MIT\",\x0d\x0a   
   \"dependencies\": {\x0d\x0a        \"@babel/code-frame\": \"^7.27.1\",\x0d\x0a        \"@babel/generator\": 
\"^7.28.0\",\x0d\x0a        \"@babel/helper-globals\": \"^7.28.0\",\x0d\x0a        \"@babel/parser\": 
\"^7.28.0\",\x0d\x0a        \"@babel/template\": \"^7.27.2\",\x0d\x0a        \"@babel/types\": \"^7.28.0\",\x0d\x0a    
    \"debug\": \"^4.3.1\"\x0d\x0a      },\x0d\x0a      \"engines\": {\x0d\x0a        \"node\": \">=6.9.0\"\x0d\x0a     
 }\x0d\x0a    },\x0d\x0a    \"node_modules/@babel/types\": {\x0d\x0a      \"version\": \"7.28.2\",\x0d\x0a      
\"license\": \"MIT\",\x0d\x0a      \"dependencies\": {\x0d\x0a        \"@babel/helper-string-parser\": 
\"^7.27.1\",\x0d\x0a        \"@babel/helper-validator-identifier\": \"^7.27.1\"\x0d\x0a      },\x0d\x0a      
\"engines\": {\x0d\x0a        \"node\": \">=6.9.0\"\x0d\x0a      }\x0d\x0a    },\x0d\x0a    
\"node_modules/@cfworker/json-schema\": {\x0d\x0a      \"version\": \"4.1.1\",\x0d\x0a      \"license\": 
\"MIT\"\x0d\x0a    },\x0d\x0a    \"node_modules/@emnapi/core\": {\x0d\x0a      \"version\": \"1.7.1\",\x0d\x0a      
\"resolved\": \"https://registry.npmjs.org/@emnapi/core/-/core-1.7.1.tgz\",\x0d\x0a      \"integrity\": 
\"sha512-o1uhUASyo921r2XtHYOHy7gdkGLge8ghBEQHMWmyJFoXlpU58kIrhhN3w26lpQb6dspetweapMn2CSNwQ8I4wg==\",\x0d\x0a      
\"dev\": true,\x0d\x0a      \"license\": \"MIT\",\x0d\x0a      \"optional\": true,\x0d\x0a      \"dependencies\": 
{\x0d\x0a        \"@emnapi/wasi-threads\": \"1.1.0\",\x0d\x0a        \"tslib\": \"^2.4.0\"\x0d\x0a      }\x0d\x0a    
},\x0d\x0a    \"node_modules/@emnapi/runtime\": {\x0d\x0a      \"version\": \"1.7.1\",\x0d\x0a      \"resolved\": 
\"https://registry.npmjs.org/@emnapi/runtime/-/runtime-1.7.1.tgz\",\x0d\x0a      \"integrity\": 
\"sha512-PVtJr5CmLwYAU9PZDMITZoR5iAOShYREoR45EyyLrbntV50mdePTgUn4AmOw90Ifcj+x2kRjdzr1HP3RrNiHGA==\",\x0d\x0a      
\"license\": \"MIT\",\x0d\x0a      \"optional\": true,\x0d\x0a      \"dependencies\": {\x0d\x0a        \"tslib\": 
\"^2.4.0\"\x0d\x0a      }\x0d\x0a    },\x0d\x0a    \"node_modules/@emnapi/wasi-threads\": {\x0d\x0a      \"version\": 
\"1.1.0\",\x0d\x0a      \"resolved\": 
\"https://registry.npmjs.org/@emnapi/wasi-threads/-/wasi-threads-1.1.0.tgz\",\x0d\x0a      \"integrity\": 
\"sha512-WI0DdZ8xFSbgMjR1sFsKABJ/C5OnRrjT06JXbZKexJGrDuPTzZdDYfFlsgcCXCyf+suG5QU2e/y1Wo2V/OapLQ==\",\x0d\x0a      
\"dev\": true,\x0d\x0a      \"license\": \"MIT\",\x0d\x0a      \"optional\": true,\x0d\x0a      \"dependencies\": 
{\x0d\x0a        \"tslib\": \"^2.4.0\"\x0d\x0a      }\x0d\x0a    },\x0d\x0a    \"node_modules/@emotion/babel-plugin\": 
{\x0d\x0a      \"version\": \"11.13.5\",\x0d\x0a      \"license\": \"MIT\",\x0d\x0a      \"dependencies\": {\x0d\x0a   
     \"@babel/helper-module-imports\": \"^7.16.7\",\x0d\x0a        \"@babel/runtime\": \"^7.18.3\",\x0d\x0a        
\"@emotion/hash\": \"^0.9.2\",\x0d\x0a        \"@emotion/memoize\": \"^0.9.0\",\x0d\x0a        \"@emotion/serialize\": 
\"^1.3.3\",\x0d\x0a        \"babel-plugin-macros\": \"^3.1.0\",\x0d\x0a        \"convert-source-map\": 
\"^1.5.0\",\x0d\x0a        \"escape-string-regexp\": \"^4.0.0\",\x0d\x0a        \"find-root\": \"^1.1.0\",\x0d\x0a     
   \"source-map\": \"^0.5.7\",\x0d\x0a        \"stylis\": \"4.2.0\"\x0d\x0a      }\x0d\x0a    },\x0d\x0a    
\"node_modules/@emotion/cache\": {\x0d\x0a      \"version\": \"11.14.0\",\x0d\x0a      \"license\": \"MIT\",\x0d\x0a   
   \"dependencies\": {\x0d\x0a        \"@emotion/memoize\": \"^0.9.0\",\x0d\x0a        \"@emotion/sheet\": 
\"^1.4.0\",\x0d\x0a        \"@emotion/utils\": \"^1.4.2\",\x0d\x0a        \"@emotion/weak-memoize\": 
\"^0.4.0\",\x0d\x0a        \"stylis\": \"4.2.0\"\x0d\x0a      }\x0d\x0a    },\x0d\x0a    
\"node_modules/@emotion/hash\": {\x0d\x0a      \"version\": \"0.9.2\",\x0d\x0a      \"license\": \"MIT\"\x0d\x0a    
},\x0d\x0a    \"node_modules/@emotion/is-prop-valid\": {\x0d\x0a      \"version\": \"1.3.1\",\x0d\x0a      
\"license\": \"MIT\",\x0d\x0a      \"dependencies\": {\x0d\x0a        \"@emotion/memoize\": \"^0.9.0\"\x0d\x0a      
}\x0d\x0a    },\x0d\x0a    \"node_modules/@emotion/memoize\": {\x0d\x0a      \"version\": \"0.9.0\",\x0d\x0a      
\"license\": \"MIT\"\x0d\x0a    },\x0d\x0a    \"node_modules/@emotion/react\": {\x0d\x0a      \"version\": 
\"11.14.0\",\x0d\x0a      \"license\": \"MIT\",\x0d\x0a      \"peer\": true,\x0d\x0a      \"dependencies\": {\x0d\x0a  
      \"@babel/runtime\": \"^7.18.3\",\x0d\x0a        \"@emotion/babel-plugin\": \"^11.13.5\",\x0d\x0a        
\"@emotion/cache\": \"^11.14.0\",\x0d\x0a        \"@emotion/serialize\": \"^1.3.3\",\x0d\x0a        
\"@emotion/use-insertion-effect-with-fallbacks\": \"^1.2.0\",\x0d\x0a        \"@emotion/utils\": \"^1.4.2\",\x0d\x0a   
     \"@emotion/weak-memoize\": \"^0.4.0\",\x0d\x0a        \"hoist-non-react-statics\": \"^3.3.1\"\x0d\x0a      
},\x0d\x0a      \"peerDependencies\": {\x0d\x0a        \"react\": \">=16.8.0\"\x0d\x0a      },\x0d\x0a      
\"peerDependenciesMeta\": {\x0d\x0a        \"@types/react\": {\x0d\x0a          \"optional\": true\x0d\x0a        
}\x0d\x0a      }\x0d\x0a    },\x0d\x0a    \"node_modules/@emotion/serialize\": {\x0d\x0a      \"version\": 
\"1.3.3\",\x0d\x0a      \"license\": \"MIT\",\x0d\x0a      \"dependencies\": {\x0d\x0a        \"@emotion/hash\": 
\"^0.9.2\",\x0d\x0a        \"@emotion/memoize\": \"^0.9.0\",\x0d\x0a        \"@emotion/unitless\": 
\"^0.10.0\",\x0d\x0a        \"@emotion/utils\": \"^1.4.2\",\x0d\x0a        \"csstype\": \"^3.0.2\"\x0d\x0a      
}\x0d\x0a    },\x0d\x0a    \"node_modules/@emotion/sheet\": {\x0d\x0a      \"version\": \"1.4.0\",\x0d\x0a      
\"license\": \"MIT\"\x0d\x0a    },\x0d\x0a    \"node_modules/@emotion/styled\": {\x0d\x0a      \"version\": 
\"11.14.1\",\x0d\x0a      \"license\": \"MIT\",\x0d\x0a      \"peer\": true,\x0d\x0a      \"dependencies\": {\x0d\x0a  
      \"@babel/runtime\": \"^7.18.3\",\x0d\x0a        \"@emotion/babel-plugin\": \"^11.13.5\",\x0d\x0a        
\"@emotion/is-prop-valid\": \"^1.3.0\",\x0d\x0a        \"@emotion/serialize\": \"^1.3.3\",\x0d\x0a        
\"@emotion/use-insertion-effect-with-fallbacks\": \"^1.2.0\",\x0d\x0a        \"@emotion/utils\": \"^1.4.2\"\x0d\x0a    
  },\x0d\x0a      \"peerDependencies\": {\x0d\x0a        \"@emotion/react\": \"^11.0.0-rc.0\",\x0d\x0a        
\"react\": \">=16.8.0\"\x0d\x0a      },\x0d\x0a      \"peerDependenciesMeta\": {\x0d\x0a        \"@types/react\": 
{\x0d\x0a          \"optional\": true\x0d\x0a        }\x0d\x0a      }\x0d\x0a    },\x0d\x0a    
\"node_modules/@emotion/unitless\": {\x0d\x0a      \"version\": \"0.10.0\",\x0d\x0a      \"license\": \"MIT\"\x0d\x0a  
  },\x0d\x0a    \"node_modules/@emotion/use-insertion-effect-with-fallbacks\": {\x0d\x0a      \"version\": 
\"1.2.0\",\x0d\x0a      \"license\": \"MIT\",\x0d\x0a      \"peerDependencies\": {\x0d\x0a        \"react\": 
\">=16.8.0\"\x0d\x0a      }\x0d\x0a    },\x0d\x0a    \"node_modules/@emotion/utils\": {\x0d\x0a      \"version\": 
\"1.4.2\",\x0d\x0a      \"license\": \"MIT\"\x0d\x0a    },\x0d\x0a    \"node_modules/@emotion/weak-memoize\": 
{\x0d\x0a      \"version\": \"0.4.0\",\x0d\x0a      \"license\": \"MIT\"\x0d\x0a    },\x0d\x0a    
\"node_modules/@eslint-community/eslint-utils\": {\x0d\x0a      \"version\": \"4.7.0\",\x0d\x0a      \"dev\": 
true,\x0d\x0a      \"license\": \"MIT\",\x0d\x0a      \"dependencies\": {\x0d\x0a        \"eslint-visitor-keys\": 
\"^3.4.3\"\x0d\x0a      },\x0d\x0a      \"engines\": {\x0d\x0a        \"node\": \"^12.22.0 || ^14.17.0 || 
>=16.0.0\"\x0d\x0a      },\x0d\x0a      \"funding\": {\x0d\x0a        \"url\": 
\"https://opencollective.com/eslint\"\x0d\x0a      },\x0d\x0a      \"peerDependencies\": {\x0d\x0a        \"eslint\": 
\"^6.0.0 || ^7.0.0 || >=8.0.0\"\x0d\x0a      }\x0d\x0a    },\x0d\x0a    
\"node_modules/@eslint-community/eslint-utils/node_modules/eslint-visitor-keys\": {\x0d\x0a      \"version\": 
\"3.4.3\",\x0d\x0a      \"dev\": true,\x0d\x0a      \"license\": \"Apache-2.0\",\x0d\x0a      \"engines\": {\x0d\x0a   
     \"node\": \"^12.22.0 || ^14.17.0 || >=16.0.0\"\x0d\x0a      },\x0d\x0a      \"funding\": {\x0d\x0a        
\"url\": \"https://opencollective.com/eslint\"\x0d\x0a      }\x0d\x0a    },\x0d\x0a    
\"node_modules/@eslint-community/regexpp\": {\x0d\x0a      \"version\": \"4.12.1\",\x0d\x0a      \"dev\": 
true,\x0d\x0a      \"license\": \"MIT\",\x0d\x0a      \"engines\": {\x0d\x0a        \"node\": \"^12.0.0 || ^14.0.0 || 
>=16.0.0\"\x0d\x0a      }\x0d\x0a    },\x0d\x0a    \"node_modules/@eslint/config-array\": {\x0d\x0a      \"version\": 
\"0.21.0\",\x0d\x0a      \"dev\": true,\x0d\x0a      \"license\": \"Apache-2.0\",\x0d\x0a      \"dependencies\": 
{\x0d\x0a        \"@eslint/object-schema\": \"^2.1.6\",\x0d\x0a        \"debug\": \"^4.3.1\",\x0d\x0a        
\"minimatch\": \"^3.1.2\"\x0d\x0a      },\x0d\x0a      \"engines\": {\x0d\x0a        \"node\": \"^18.18.0 || ^20.9.0 
|| >=21.1.0\"\x0d\x0a      }\x0d\x0a    },\x0d\x0a    \"node_modules/@eslint/config-helpers\": {\x0d\x0a      
\"version\": \"0.3.0\",\x0d\x0a      \"dev\": true,\x0d\x0a      \"license\": \"Apache-2.0\",\x0d\x0a      
\"engines\": {\x0d\x0a        \"node\": \"^18.18.0 || ^20.9.0 || >=21.1.0\"\x0d\x0a      }\x0d\x0a    },\x0d\x0a    
\"node_modules/@eslint/core\": {\x0d\x0a      \"version\": \"0.15.1\",\x0d\x0a      \"dev\": true,\x0d\x0a      
\"license\": \"Apache-2.0\",\x0d\x0a      \"dependencies\": {\x0d\x0a        \"@types/json-schema\": 
\"^7.0.15\"\x0d\x0a      },\x0d\x0a      \"engines\": {\x0d\x0a        \"node\": \"^18.18.0 || ^20.9.0 || 
>=21.1.0\"\x0d\x0a      }\x0d\x0a    },\x0d\x0a    \"node_modules/@eslint/eslintrc\": {\x0d\x0a      \"version\": 
\"3.3.1\",\x0d\x0a      \"dev\": true,\x0d\x0a      \"license\": \"MIT\",\x0d\x0a      \"dependencies\": {\x0d\x0a     
   \"ajv\": \"^6.12.4\",\x0d\x0a        \"debug\": \"^4.3.2\",\x0d\x0a        \"espree\": \"^10.0.1\",\x0d\x0a        
\"globals\": \"^14.0.0\",\x0d\x0a        \"ignore\": \"^5.2.0\",\x0d\x0a        \"import-fresh\": \"^3.2.1\",\x0d\x0a  
      \"js-yaml\": \"^4.1.0\",\x0d\x0a        \"minimatch\": \"^3.1.2\",\x0d\x0a        \"strip-json-comments\": 
\"^3.1.1\"\x0d\x0a      },\x0d\x0a      \"engines\": {\x0d\x0a        \"node\": \"^18.18.0 || ^20.9.0 || 
>=21.1.0\"\x0d\x0a      },\x0d\x0a      \"funding\": {\x0d\x0a        \"url\": 
\"https://opencollective.com/eslint\"\x0d\x0a      }\x0d\x0a    },\x0d\x0a    \"node_modules/@eslint/js\": {\x0d\x0a   
   \"version\": \"9.31.0\",\x0d\x0a      \"dev\": true,\x0d\x0a      \"license\": \"MIT\",\x0d\x0a      \"engines\": 
{\x0d\x0a        \"node\": \"^18.18.0 || ^20.9.0 || >=21.1.0\"\x0d\x0a      },\x0d\x0a      \"funding\": {\x0d\x0a     
   \"url\": \"https://eslint.org/donate\"\x0d\x0a      }\x0d\x0a    },\x0d\x0a    
\"node_modules/@eslint/object-schema\": {\x0d\x0a      \"version\": \"2.1.6\",\x0d\x0a      \"dev\": true,\x0d\x0a     
 \"license\": \"Apache-2.0\",\x0d\x0a      \"engines\": {\x0d\x0a        \"node\": \"^18.18.0 || ^20.9.0 || 
>=21.1.0\"\x0d\x0a      }\x0d\x0a    },\x0d\x0a    \"node_modules/@eslint/plugin-kit\": {\x0d\x0a      \"version\": 
\"0.3.4\",\x0d\x0a      \"dev\": true,\x0d\x0a      \"license\": \"Apache-2.0\",\x0d\x0a      \"dependencies\": 
{\x0d\x0a        \"@eslint/core\": \"^0.15.1\",\x0d\x0a        \"levn\": \"^0.4.1\"\x0d\x0a      },\x0d\x0a      
\"engines\": {\x0d\x0a        \"node\": \"^18.18.0 || ^20.9.0 || >=21.1.0\"\x0d\x0a      }\x0d\x0a    },\x0d\x0a    
\"node_modules/@firebase/ai\": {\x0d\x0a      \"version\": \"1.4.1\",\x0d\x0a      \"license\": 
\"Apache-2.0\",\x0d\x0a      \"dependencies\": {\x0d\x0a        \"@firebase/app-check-interop-types\": 
\"0.3.3\",\x0d\x0a        \"@firebase/component\": \"0.6.18\",\x0d\x0a        \"@firebase/logger\": \"0.4.4\",\x0d\x0a 
       \"@firebase/util\": \"1.12.1\",\x0d\x0a        \"tslib\": \"^2.1.0\"\x0d\x0a      },\x0d\x0a      \"engines\": 
{\x0d\x0a        \"node\": \">=18.0.0\"\x0d\x0a      },\x0d\x0a      \"peerDependencies\": {\x0d\x0a        
\"@firebase/app\": \"0.x\",\x0d\x0a        \"@firebase/app-types\": \"0.x\"\x0d\x0a      }\x0d\x0a    },\x0d\x0a    
\"node_modules/@firebase/analytics\": {\x0d\x0a      \"version\": \"0.10.18\",\x0d\x0a      \"license\": 
\"Apache-2.0\",\x0d\x0a      \"dependencies\": {\x0d\x0a        \"@firebase/component\": \"0.7.0\",\x0d\x0a        
\"@firebase/installations\": \"0.6.19\",\x0d\x0a        \"@firebase/logger\": \"0.5.0\",\x0d\x0a        
\"@firebase/util\": \"1.13.0\",\x0d\x0a        \"tslib\": \"^2.1.0\"\x0d\x0a      },\x0d\x0a      
\"peerDependencies\": {\x0d\x0a        \"@firebase/app\": \"0.x\"\x0d\x0a      }\x0d\x0a    },\x0d\x0a    
\"node_modules/@firebase/analytics-compat\": {\x0d\x0a      \"version\": \"0.2.23\",\x0d\x0a      \"license\": 
\"Apache-2.0\",\x0d\x0a      \"dependencies\": {\x0d\x0a        \"@firebase/analytics\": \"0.10.17\",\x0d\x0a        
\"@firebase/analytics-types\": \"0.8.3\",\x0d\x0a        \"@firebase/component\": \"0.6.18\",\x0d\x0a        
\"@firebase/util\": \"1.12.1\",\x0d\x0a        \"tslib\": \"^2.1.0\"\x0d\x0a      },\x0d\x0a      
\"peerDependencies\": {\x0d\x0a        \"@firebase/app-compat\": \"0.x\"\x0d\x0a      }\x0d\x0a    },\x0d\x0a    
\"node_modules/@firebase/analytics-compat/node_modules/@firebase/analytics\": {\x0d\x0a      \"version\": 
\"0.10.17\",\x0d\x0a      \"license\": \"Apache-2.0\",\x0d\x0a      \"dependencies\": {\x0d\x0a        
\"@firebase/component\": \"0.6.18\",\x0d\x0a        \"@firebase/installations\": \"0.6.18\",\x0d\x0a        
\"@firebase/logger\": \"0.4.4\",\x0d\x0a        \"@firebase/util\": \"1.12.1\",\x0d\x0a        \"tslib\": 
\"^2.1.0\"\x0d\x0a      },\x0d\x0a      \"peerDependencies\": {\x0d\x0a        \"@firebase/app\": \"0.x\"\x0d\x0a      
}\x0d\x0a    },\x0d\x0a    \"node_modules/@firebase/analytics-types\": {\x0d\x0a      \"version\": \"0.8.3\",\x0d\x0a  
    \"license\": \"Apache-2.0\"\x0d\x0a    },\x0d\x0a    
\"node_modules/@firebase/analytics/node_modules/@firebase/component\": {\x0d\x0a      \"version\": \"0.7.0\",\x0d\x0a  
    \"license\": \"Apache-2.0\",\x0d\x0a      \"dependencies\": {\x0d\x0a        \"@firebase/util\": 
\"1.13.0\",\x0d\x0a        \"tslib\": \"^2.1.0\"\x0d\x0a      },\x0d\x0a      \"engines\": {\x0d\x0a        \"node\": 
\">=20.0.0\"\x0d\x0a      }\x0d\x0a    },\x0d\x0a    
\"node_modules/@firebase/analytics/node_modules/@firebase/installations\": {\x0d\x0a      \"version\": 
\"0.6.19\",\x0d\x0a      \"license\": \"Apache-2.0\",\x0d\x0a      \"dependencies\": {\x0d\x0a        
\"@firebase/component\": \"0.7.0\",\x0d\x0a        \"@firebase/util\": \"1.13.0\",\x0d\x0a        \"idb\": 
\"7.1.1\",\x0d\x0a        \"tslib\": \"^2.1.0\"\x0d\x0a      },\x0d\x0a      \"peerDependencies\": {\x0d\x0a        
\"@firebase/app\": \"0.x\"\x0d\x0a      }\x0d\x0a    },\x0d\x0a    
\"node_modules/@firebase/analytics/node_modules/@firebase/logger\": {\x0d\x0a      \"version\": \"0.5.0\",\x0d\x0a     
 \"license\": \"Apache-2.0\",\x0d\x0a      \"dependencies\": {\x0d\x0a        \"tslib\": \"^2.1.0\"\x0d\x0a      
},\x0d\x0a      \"engines\": {\x0d\x0a        \"node\": \">=20.0.0\"\x0d\x0a      }\x0d\x0a    },\x0d\x0a    
\"node_modules/@firebase/analytics/node_modules/@firebase/util\": {\x0d\x0a      \"version\": \"1.13.0\",\x0d\x0a      
\"hasInstallScript\": true,\x0d\x0a      \"license\": \"Apache-2.0\",\x0d\x0a      \"dependencies\": {\x0d\x0a        
\"tslib\": \"^2.1.0\"\x0d\x0a      },\x0d\x0a      \"engines\": {\x0d\x0a        \"node\": \">=20.0.0\"\x0d\x0a      
}\x0d\x0a    },\x0d\x0a    \"node_modules/@firebase/app\": {\x0d\x0a      \"version\": \"0.13.2\",\x0d\x0a      
\"license\": \"Apache-2.0\",\x0d\x0a      \"peer\": true,\x0d\x0a      \"dependencies\": {\x0d\x0a        
\"@firebase/component\": \"0.6.18\",\x0d\x0a        \"@firebase/logger\": \"0.4.4\",\x0d\x0a        
\"@firebase/util\": \"1.12.1\",\x0d\x0a        \"idb\": \"7.1.1\",\x0d\x0a        \"tslib\": \"^2.1.0\"\x0d\x0a      
},\x0d\x0a      \"engines\": {\x0d\x0a        \"node\": \">=18.0.0\"\x0d\x0a      }\x0d\x0a    },\x0d\x0a    
\"node_modules/@firebase/app-check\": {\x0d\x0a      \"version\": \"0.10.1\",\x0d\x0a      \"license\": 
\"Apache-2.0\",\x0d\x0a      \"dependencies\": {\x0d\x0a        \"@firebase/component\": \"0.6.18\",\x0d\x0a        
\"@firebase/logger\": \"0.4.4\",\x0d\x0a        \"@firebase/util\": \"1.12.1\",\x0d\x0a        \"tslib\": 
\"^2.1.0\"\x0d\x0a      },\x0d\x0a      \"engines\": {\x0d\x0a        \"node\": \">=18.0.0\"\x0d\x0a      },\x0d\x0a   
   \"peerDependencies\": {\x0d\x0a        \"@firebase/app\": \"0.x\"\x0d\x0a      }\x0d\x0a    },\x0d\x0a    
\"node_modules/@firebase/app-check-compat\": {\x0d\x0a      \"version\": \"0.3.26\",\x0d\x0a      \"license\": 
\"Apache-2.0\",\x0d\x0a      \"dependencies\": {\x0d\x0a        \"@firebase/app-check\": \"0.10.1\",\x0d\x0a        
\"@firebase/app-check-types\": \"0.5.3\",\x0d\x0a        \"@firebase/component\": \"0.6.18\",\x0d\x0a        
\"@firebase/logger\": \"0.4.4\",\x0d\x0a        \"@firebase/util\": \"1.12.1\",\x0d\x0a        \"tslib\": 
\"^2.1.0\"\x0d\x0a      },\x0d\x0a      \"engines\": {\x0d\x0a        \"node\": \">=18.0.0\"\x0d\x0a      },\x0d\x0a   
   \"peerDependencies\": {\x0d\x0a        \"@firebase/app-compat\": \"0.x\"\x0d\x0a      }\x0d\x0a    },\x0d\x0a    
\"node_modules/@firebase/app-check-interop-types\": {\x0d\x0a      \"version\": \"0.3.3\",\x0d\x0a      \"license\": 
\"Apache-2.0\"\x0d\x0a    },\x0d\x0a    \"node_modules/@firebase/app-check-types\": {\x0d\x0a      \"version\": 
\"0.5.3\",\x0d\x0a      \"license\": \"Apache-2.0\"\x0d\x0a    },\x0d\x0a    \"node_modules/@firebase/app-compat\": 
{\x0d\x0a      \"version\": \"0.4.2\",\x0d\x0a      \"license\": \"Apache-2.0\",\x0d\x0a      \"peer\": true,\x0d\x0a  
    \"dependencies\": {\x0d\x0a        \"@firebase/app\": \"0.13.2\",\x0d\x0a        \"@firebase/component\": 
\"0.6.18\",\x0d\x0a        \"@firebase/logger\": \"0.4.4\",\x0d\x0a        \"@firebase/util\": \"1.12.1\",\x0d\x0a     
   \"tslib\": \"^2.1.0\"\x0d\x0a      },\x0d\x0a      \"engines\": {\x0d\x0a        \"node\": \">=18.0.0\"\x0d\x0a     
 }\x0d\x0a    },\x0d\x0a    \"node_modules/@firebase/app-types\": {\x0d\x0a      \"version\": \"0.9.3\",\x0d\x0a      
\"license\": \"Apache-2.0\",\x0d\x0a      \"peer\": true\x0d\x0a    },\x0d\x0a    \"node_modules/@firebase/auth\": 
{\x0d\x0a      \"version\": \"1.11.0\",\x0d\x0a      \"license\": \"Apache-2.0\",\x0d\x0a      \"dependencies\": 
{\x0d\x0a        \"@firebase/component\": \"0.7.0\",\x0d\x0a        \"@firebase/logger\": \"0.5.0\",\x0d\x0a        
\"@firebase/util\": \"1.13.0\",\x0d\x0a        \"tslib\": \"^2.1.0\"\x0d\x0a      },\x0d\x0a      \"engines\": 
{\x0d\x0a        \"node\": \">=20.0.0\"\x0d\x0a      },\x0d\x0a      \"peerDependencies\": {\x0d\x0a        
\"@firebase/app\": \"0.x\",\x0d\x0a        \"@react-native-async-storage/async-storage\": \"^1.18.1\"\x0d\x0a      
},\x0d\x0a      \"peerDependenciesMeta\": {\x0d\x0a        \"@react-native-async-storage/async-storage\": {\x0d\x0a    
      \"optional\": true\x0d\x0a        }\x0d\x0a      }\x0d\x0a    },\x0d\x0a    
\"node_modules/@firebase/auth-compat\": {\x0d\x0a      \"version\": \"0.5.28\",\x0d\x0a      \"license\": 
\"Apache-2.0\",\x0d\x0a      \"dependencies\": {\x0d\x0a        \"@firebase/auth\": \"1.10.8\",\x0d\x0a        
\"@firebase/auth-types\": \"0.13.0\",\x0d\x0a        \"@firebase/component\": \"0.6.18\",\x0d\x0a        
\"@firebase/util\": \"1.12.1\",\x0d\x0a        \"tslib\": \"^2.1.0\"\x0d\x0a      },\x0d\x0a      \"engines\": 
{\x0d\x0a        \"node\": \">=18.0.0\"\x0d\x0a      },\x0d\x0a      \"peerDependencies\": {\x0d\x0a        
\"@firebase/app-compat\": \"0.x\"\x0d\x0a      }\x0d\x0a    },\x0d\x0a    
\"node_modules/@firebase/auth-compat/node_modules/@firebase/auth\": {\x0d\x0a      \"version\": \"1.10.8\",\x0d\x0a    
  \"license\": \"Apache-2.0\",\x0d\x0a      \"dependencies\": {\x0d\x0a        \"@firebase/component\": 
\"0.6.18\",\x0d\x0a        \"@firebase/logger\": \"0.4.4\",\x0d\x0a        \"@firebase/util\": \"1.12.1\",\x0d\x0a     
   \"tslib\": \"^2.1.0\"\x0d\x0a      },\x0d\x0a      \"engines\": {\x0d\x0a        \"node\": \">=18.0.0\"\x0d\x0a     
 },\x0d\x0a      \"peerDependencies\": {\x0d\x0a        \"@firebase/app\": \"0.x\",\x0d\x0a        
\"@react-native-async-storage/async-storage\": \"^1.18.1\"\x0d\x0a      },\x0d\x0a      \"peerDependenciesMeta\": 
{\x0d\x0a        \"@react-native-async-storage/async-storage\": {\x0d\x0a          \"optional\": true\x0d\x0a        
}\x0d\x0a      }\x0d\x0a    },\x0d\x0a    \"node_modules/@firebase/auth-interop-types\": {\x0d\x0a      \"version\": 
\"0.2.4\",\x0d\x0a      \"license\": \"Apache-2.0\"\x0d\x0a    },\x0d\x0a    \"node_modules/@firebase/auth-types\": 
{\x0d\x0a      \"version\": \"0.13.0\",\x0d\x0a      \"license\": \"Apache-2.0\",\x0d\x0a      \"peerDependencies\": 
{\x0d\x0a        \"@firebase/app-types\": \"0.x\",\x0d\x0a        \"@firebase/util\": \"1.x\"\x0d\x0a      }\x0d\x0a   
 },\x0d\x0a    \"node_modules/@firebase/auth/node_modules/@firebase/component\": {\x0d\x0a      \"version\": 
\"0.7.0\",\x0d\x0a      \"license\": \"Apache-2.0\",\x0d\x0a      \"dependencies\": {\x0d\x0a        
\"@firebase/util\": \"1.13.0\",\x0d\x0a        \"tslib\": \"^2.1.0\"\x0d\x0a      },\x0d\x0a      \"engines\": 
{\x0d\x0a        \"node\": \">=20.0.0\"\x0d\x0a      }\x0d\x0a    },\x0d\x0a    
\"node_modules/@firebase/auth/node_modules/@firebase/logger\": {\x0d\x0a      \"version\": \"0.5.0\",\x0d\x0a      
\"license\": \"Apache-2.0\",\x0d\x0a      \"dependencies\": {\x0d\x0a        \"tslib\": \"^2.1.0\"\x0d\x0a      
},\x0d\x0a      \"engines\": {\x0d\x0a        \"node\": \">=20.0.0\"\x0d\x0a      }\x0d\x0a    },\x0d\x0a    
\"node_modules/@firebase/auth/node_modules/@firebase/util\": {\x0d\x0a      \"version\": \"1.13.0\",\x0d\x0a      
\"hasInstallScript\": true,\x0d\x0a      \"license\": \"Apache-2.0\",\x0d\x0a      \"dependencies\": {\x0d\x0a        
\"tslib\": \"^2.1.0\"\x0d\x0a      },\x0d\x0a      \"engines\": {\x0d\x0a        \"node\": \">=20.0.0\"\x0d\x0a      
}\x0d\x0a    },\x0d\x0a    \"node_modules/@firebase/component\": {\x0d\x0a      \"version\": \"0.6.18\",\x0d\x0a      
\"license\": \"Apache-2.0\",\x0d\x0a      \"dependencies\": {\x0d\x0a        \"@firebase/util\": \"1.12.1\",\x0d\x0a   
     \"tslib\": \"^2.1.0\"\x0d\x0a      },\x0d\x0a      \"engines\": {\x0d\x0a        \"node\": \">=18.0.0\"\x0d\x0a   
   }\x0d\x0a    },\x0d\x0a    \"node_modules/@firebase/data-connect\": {\x0d\x0a      \"version\": \"0.3.10\",\x0d\x0a 
     \"license\": \"Apache-2.0\",\x0d\x0a      \"dependencies\": {\x0d\x0a        \"@firebase/auth-interop-types\": 
\"0.2.4\",\x0d\x0a        \"@firebase/component\": \"0.6.18\",\x0d\x0a        \"@firebase/logger\": \"0.4.4\",\x0d\x0a 
       \"@firebase/util\": \"1.12.1\",\x0d\x0a        \"tslib\": \"^2.1.0\"\x0d\x0a      },\x0d\x0a      
\"peerDependencies\": {\x0d\x0a        \"@firebase/app\": \"0.x\"\x0d\x0a      }\x0d\x0a    },\x0d\x0a    
\"node_modules/@firebase/database\": {\x0d\x0a      \"version\": \"1.0.20\",\x0d\x0a      \"license\": 
\"Apache-2.0\",\x0d\x0a      \"dependencies\": {\x0d\x0a        \"@firebase/app-check-interop-types\": 
\"0.3.3\",\x0d\x0a        \"@firebase/auth-interop-types\": \"0.2.4\",\x0d\x0a        \"@firebase/component\": 
\"0.6.18\",\x0d\x0a        \"@firebase/logger\": \"0.4.4\",\x0d\x0a        \"@firebase/util\": \"1.12.1\",\x0d\x0a     
   \"faye-websocket\": \"0.11.4\",\x0d\x0a        \"tslib\": \"^2.1.0\"\x0d\x0a      },\x0d\x0a      \"engines\": 
{\x0d\x0a        \"node\": \">=18.0.0\"\x0d\x0a      }\x0d\x0a    },\x0d\x0a    
\"node_modules/@firebase/database-compat\": {\x0d\x0a      \"version\": \"2.0.11\",\x0d\x0a      \"license\": 
\"Apache-2.0\",\x0d\x0a      \"dependencies\": {\x0d\x0a        \"@firebase/component\": \"0.6.18\",\x0d\x0a        
\"@firebase/database\": \"1.0.20\",\x0d\x0a        \"@firebase/database-types\": \"1.0.15\",\x0d\x0a        
\"@firebase/logger\": \"0.4.4\",\x0d\x0a        \"@firebase/util\": \"1.12.1\",\x0d\x0a        \"tslib\": 
\"^2.1.0\"\x0d\x0a      },\x0d\x0a      \"engines\": {\x0d\x0a        \"node\": \">=18.0.0\"\x0d\x0a      }\x0d\x0a    
},\x0d\x0a    \"node_modules/@firebase/database-types\": {\x0d\x0a      \"version\": \"1.0.15\",\x0d\x0a      
\"license\": \"Apache-2.0\",\x0d\x0a      \"dependencies\": {\x0d\x0a        \"@firebase/app-types\": 
\"0.9.3\",\x0d\x0a        \"@firebase/util\": \"1.12.1\"\x0d\x0a      }\x0d\x0a    },\x0d\x0a    
\"node_modules/@firebase/firestore\": {\x0d\x0a      \"version\": \"4.8.0\",\x0d\x0a      \"license\": 
\"Apache-2.0\",\x0d\x0a      \"dependencies\": {\x0d\x0a        \"@firebase/component\": \"0.6.18\",\x0d\x0a        
\"@firebase/logger\": \"0.4.4\",\x0d\x0a        \"@firebase/util\": \"1.12.1\",\x0d\x0a        
\"@firebase/webchannel-wrapper\": \"1.0.3\",\x0d\x0a        \"@grpc/grpc-js\": \"~1.9.0\",\x0d\x0a        
\"@grpc/proto-loader\": \"^0.7.8\",\x0d\x0a        \"tslib\": \"^2.1.0\"\x0d\x0a      },\x0d\x0a      \"engines\": 
{\x0d\x0a        \"node\": \">=18.0.0\"\x0d\x0a      },\x0d\x0a      \"peerDependencies\": {\x0d\x0a        
\"@firebase/app\": \"0.x\"\x0d\x0a      }\x0d\x0a    },\x0d\x0a    \"node_modules/@firebase/firestore-compat\": 
{\x0d\x0a      \"version\": \"0.3.53\",\x0d\x0a      \"license\": \"Apache-2.0\",\x0d\x0a      \"dependencies\": 
{\x0d\x0a        \"@firebase/component\": \"0.6.18\",\x0d\x0a        \"@firebase/firestore\": \"4.8.0\",\x0d\x0a       
 \"@firebase/firestore-types\": \"3.0.3\",\x0d\x0a        \"@firebase/util\": \"1.12.1\",\x0d\x0a        \"tslib\": 
\"^2.1.0\"\x0d\x0a      },\x0d\x0a      \"engines\": {\x0d\x0a        \"node\": \">=18.0.0\"\x0d\x0a      },\x0d\x0a   
   \"peerDependencies\": {\x0d\x0a        \"@firebase/app-compat\": \"0.x\"\x0d\x0a      }\x0d\x0a    },\x0d\x0a    
\"node_modules/@firebase/firestore-types\": {\x0d\x0a      \"version\": \"3.0.3\",\x0d\x0a      \"license\": 
\"Apache-2.0\",\x0d\x0a      \"peerDependencies\": {\x0d\x0a        \"@firebase/app-types\": \"0.x\",\x0d\x0a        
\"@firebase/util\": \"1.x\"\x0d\x0a      }\x0d\x0a    },\x0d\x0a    \"node_modules/@firebase/functions\": {\x0d\x0a    
  \"version\": \"0.12.9\",\x0d\x0a      \"license\": \"Apache-2.0\",\x0d\x0a      \"dependencies\": {\x0d\x0a        
\"@firebase/app-check-interop-types\": \"0.3.3\",\x0d\x0a        \"@firebase/auth-interop-types\": \"0.2.4\",\x0d\x0a  
      \"@firebase/component\": \"0.6.18\",\x0d\x0a        \"@firebase/messaging-interop-types\": \"0.2.3\",\x0d\x0a    
    \"@firebase/util\": \"1.12.1\",\x0d\x0a        \"tslib\": \"^2.1.0\"\x0d\x0a      },\x0d\x0a      \"engines\": 
{\x0d\x0a        \"node\": \">=18.0.0\"\x0d\x0a      },\x0d\x0a      \"peerDependencies\": {\x0d\x0a        
\"@firebase/app\": \"0.x\"\x0d\x0a      }\x0d\x0a    },\x0d\x0a    \"node_modules/@firebase/functions-compat\": 
{\x0d\x0a      \"version\": \"0.3.26\",\x0d\x0a      \"license\": \"Apache-2.0\",\x0d\x0a      \"dependencies\": 
{\x0d\x0a        \"@firebase/component\": \"0.6.18\",\x0d\x0a        \"@firebase/functions\": \"0.12.9\",\x0d\x0a      
  \"@firebase/functions-types\": \"0.6.3\",\x0d\x0a        \"@firebase/util\": \"1.12.1\",\x0d\x0a        \"tslib\": 
\"^2.1.0\"\x0d\x0a      },\x0d\x0a      \"engines\": {\x0d\x0a        \"node\": \">=18.0.0\"\x0d\x0a      },\x0d\x0a   
   \"peerDependencies\": {\x0d\x0a        \"@firebase/app-compat\": \"0.x\"\x0d\x0a      }\x0d\x0a    },\x0d\x0a    
\"node_modules/@firebase/functions-types\": {\x0d\x0a      \"version\": \"0.6.3\",\x0d\x0a      \"license\": 
\"Apache-2.0\"\x0d\x0a    },\x0d\x0a    \"node_modules/@firebase/installations\": {\x0d\x0a      \"version\": 
\"0.6.18\",\x0d\x0a      \"license\": \"Apache-2.0\",\x0d\x0a      \"dependencies\": {\x0d\x0a        
\"@firebase/component\": \"0.6.18\",\x0d\x0a        \"@firebase/util\": \"1.12.1\",\x0d\x0a        \"idb\": 
\"7.1.1\",\x0d\x0a        \"tslib\": \"^2.1.0\"\x0d\x0a      },\x0d\x0a      \"peerDependencies\": {\x0d\x0a        
\"@firebase/app\": \"0.x\"\x0d\x0a      }\x0d\x0a    },\x0d\x0a    \"node_modules/@firebase/installations-compat\": 
{\x0d\x0a      \"version\": \"0.2.18\",\x0d\x0a      \"license\": \"Apache-2.0\",\x0d\x0a      \"dependencies\": 
{\x0d\x0a        \"@firebase/component\": \"0.6.18\",\x0d\x0a        \"@firebase/installations\": \"0.6.18\",\x0d\x0a  
      \"@firebase/installations-types\": \"0.5.3\",\x0d\x0a        \"@firebase/util\": \"1.12.1\",\x0d\x0a        
\"tslib\": \"^2.1.0\"\x0d\x0a      },\x0d\x0a      \"peerDependencies\": {\x0d\x0a        \"@firebase/app-compat\": 
\"0.x\"\x0d\x0a      }\x0d\x0a    },\x0d\x0a    \"node_modules/@firebase/installations-types\": {\x0d\x0a      
\"version\": \"0.5.3\",\x0d\x0a      \"license\": \"Apache-2.0\",\x0d\x0a      \"peerDependencies\": {\x0d\x0a        
\"@firebase/app-types\": \"0.x\"\x0d\x0a      }\x0d\x0a    },\x0d\x0a    \"node_modules/@firebase/logger\": {\x0d\x0a  
    \"version\": \"0.4.4\",\x0d\x0a      \"license\": \"Apache-2.0\",\x0d\x0a      \"dependencies\": {\x0d\x0a        
\"tslib\": \"^2.1.0\"\x0d\x0a      },\x0d\x0a      \"engines\": {\x0d\x0a        \"node\": \">=18.0.0\"\x0d\x0a      
}\x0d\x0a    },\x0d\x0a    \"node_modules/@firebase/messaging\": {\x0d\x0a      \"version\": \"0.12.22\",\x0d\x0a      
\"license\": \"Apache-2.0\",\x0d\x0a      \"dependencies\": {\x0d\x0a        \"@firebase/component\": 
\"0.6.18\",\x0d\x0a        \"@firebase/installations\": \"0.6.18\",\x0d\x0a        
\"@firebase/messaging-interop-types\": \"0.2.3\",\x0d\x0a        \"@firebase/util\": \"1.12.1\",\x0d\x0a        
\"idb\": \"7.1.1\",\x0d\x0a        \"tslib\": \"^2.1.0\"\x0d\x0a      },\x0d\x0a      \"peerDependencies\": {\x0d\x0a  
      \"@firebase/app\": \"0.x\"\x0d\x0a      }\x0d\x0a    },\x0d\x0a    \"node_modules/@firebase/messaging-compat\": 
{\x0d\x0a      \"version\": \"0.2.22\",\x0d\x0a      \"license\": \"Apache-2.0\",\x0d\x0a      \"dependencies\": 
{\x0d\x0a        \"@firebase/component\": \"0.6.18\",\x0d\x0a        \"@firebase/messaging\": \"0.12.22\",\x0d\x0a     
   \"@firebase/util\": \"1.12.1\",\x0d\x0a        \"tslib\": \"^2.1.0\"\x0d\x0a      },\x0d\x0a      
\"peerDependencies\": {\x0d\x0a        \"@firebase/app-compat\": \"0.x\"\x0d\x0a      }\x0d\x0a    },\x0d\x0a    
\"node_modules/@firebase/messaging-interop-types\": {\x0d\x0a      \"version\": \"0.2.3\",\x0d\x0a      \"license\": 
\"Apache-2.0\"\x0d\x0a    },\x0d\x0a    \"node_modules/@firebase/performance\": {\x0d\x0a      \"version\": 
\"0.7.7\",\x0d\x0a      \"license\": \"Apache-2.0\",\x0d\x0a      \"dependencies\": {\x0d\x0a        
\"@firebase/component\": \"0.6.18\",\x0d\x0a        \"@firebase/installations\": \"0.6.18\",\x0d\x0a        
\"@firebase/logger\": \"0.4.4\",\x0d\x0a        \"@firebase/util\": \"1.12.1\",\x0d\x0a        \"tslib\": 
\"^2.1.0\",\x0d\x0a        \"web-vitals\": \"^4.2.4\"\x0d\x0a      },\x0d\x0a      \"peerDependencies\": {\x0d\x0a     
   \"@firebase/app\": \"0.x\"\x0d\x0a      }\x0d\x0a    },\x0d\x0a    \"node_modules/@firebase/performance-compat\": 
{\x0d\x0a      \"version\": \"0.2.20\",\x0d\x0a      \"license\": \"Apache-2.0\",\x0d\x0a      \"dependencies\": 
{\x0d\x0a        \"@firebase/component\": \"0.6.18\",\x0d\x0a        \"@firebase/logger\": \"0.4.4\",\x0d\x0a        
\"@firebase/performance\": \"0.7.7\",\x0d\x0a        \"@firebase/performance-types\": \"0.2.3\",\x0d\x0a        
\"@firebase/util\": \"1.12.1\",\x0d\x0a        \"tslib\": \"^2.1.0\"\x0d\x0a      },\x0d\x0a      
\"peerDependencies\": {\x0d\x0a        \"@firebase/app-compat\": \"0.x\"\x0d\x0a      }\x0d\x0a    },\x0d\x0a    
\"node_modules/@firebase/performance-types\": {\x0d\x0a      \"version\": \"0.2.3\",\x0d\x0a      \"license\": 
\"Apache-2.0\"\x0d\x0a    },\x0d\x0a    \"node_modules/@firebase/remote-config\": {\x0d\x0a      \"version\": 
\"0.6.5\",\x0d\x0a      \"license\": \"Apache-2.0\",\x0d\x0a      \"dependencies\": {\x0d\x0a        
\"@firebase/component\": \"0.6.18\",\x0d\x0a        \"@firebase/installations\": \"0.6.18\",\x0d\x0a        
\"@firebase/logger\": \"0.4.4\",\x0d\x0a        \"@firebase/util\": \"1.12.1\",\x0d\x0a        \"tslib\": 
\"^2.1.0\"\x0d\x0a      },\x0d\x0a      \"peerDependencies\": {\x0d\x0a        \"@firebase/app\": \"0.x\"\x0d\x0a      
}\x0d\x0a    },\x0d\x0a    \"node_modules/@firebase/remote-config-compat\": {\x0d\x0a      \"version\": 
\"0.2.18\",\x0d\x0a      \"license\": \"Apache-2.0\",\x0d\x0a      \"dependencies\": {\x0d\x0a        
\"@firebase/component\": \"0.6.18\",\x0d\x0a        \"@firebase/logger\": \"0.4.4\",\x0d\x0a        
\"@firebase/remote-config\": \"0.6.5\",\x0d\x0a        \"@firebase/remote-config-types\": \"0.4.0\",\x0d\x0a        
\"@firebase/util\": \"1.12.1\",\x0d\x0a        \"tslib\": \"^2.1.0\"\x0d\x0a      },\x0d\x0a      
\"peerDependencies\": {\x0d\x0a        \"@firebase/app-compat\": \"0.x\"\x0d\x0a      }\x0d\x0a    },\x0d\x0a    
\"node_modules/@firebase/remote-config-types\": {\x0d\x0a      \"version\": \"0.4.0\",\x0d\x0a      \"license\": 
\"Apache-2.0\"\x0d\x0a    },\x0d\x0a    \"node_modules/@firebase/storage\": {\x0d\x0a      \"version\": 
\"0.13.14\",\x0d\x0a      \"license\": \"Apache-2.0\",\x0d\x0a      \"dependencies\": {\x0d\x0a        
\"@firebase/component\": \"0.6.18\",\x0d\x0a        \"@firebase/util\": \"1.12.1\",\x0d\x0a        \"tslib\": 
\"^2.1.0\"\x0d\x0a      },\x0d\x0a      \"engines\": {\x0d\x0a        \"node\": \">=18.0.0\"\x0d\x0a      },\x0d\x0a   
   \"peerDependencies\": {\x0d\x0a        \"@firebase/app\": \"0.x\"\x0d\x0a      }\x0d\x0a    },\x0d\x0a    
\"node_modules/@firebase/storage-compat\": {\x0d\x0a      \"version\": \"0.3.24\",\x0d\x0a      \"license\": 
\"Apache-2.0\",\x0d\x0a      \"dependencies\": {\x0d\x0a        \"@firebase/component\": \"0.6.18\",\x0d\x0a        
\"@firebase/storage\": \"0.13.14\",\x0d\x0a        \"@firebase/storage-types\": \"0.8.3\",\x0d\x0a        
\"@firebase/util\": \"1.12.1\",\x0d\x0a        \"tslib\": \"^2.1.0\"\x0d\x0a      },\x0d\x0a      \"engines\": 
{\x0d\x0a        \"node\": \">=18.0.0\"\x0d\x0a      },\x0d\x0a      \"peerDependencies\": {\x0d\x0a        
\"@firebase/app-compat\": \"0.x\"\x0d\x0a      }\x0d\x0a    },\x0d\x0a    \"node_modules/@firebase/storage-types\": 
{\x0d\x0a      \"version\": \"0.8.3\",\x0d\x0a      \"license\": \"Apache-2.0\",\x0d\x0a      \"peerDependencies\": 
{\x0d\x0a        \"@firebase/app-types\": \"0.x\",\x0d\x0a        \"@firebase/util\": \"1.x\"\x0d\x0a      }\x0d\x0a   
 },\x0d\x0a    \"node_modules/@firebase/util\": {\x0d\x0a      \"version\": \"1.12.1\",\x0d\x0a      
\"hasInstallScript\": true,\x0d\x0a      \"license\": \"Apache-2.0\",\x0d\x0a      \"peer\": true,\x0d\x0a      
\"dependencies\": {\x0d\x0a        \"tslib\": \"^2.1.0\"\x0d\x0a      },\x0d\x0a      \"engines\": {\x0d\x0a        
\"node\": \">=18.0.0\"\x0d\x0a      }\x0d\x0a    },\x0d\x0a    \"node_modules/@firebase/webchannel-wrapper\": 
{\x0d\x0a      \"version\": \"1.0.3\",\x0d\x0a      \"license\": \"Apache-2.0\"\x0d\x0a    },\x0d\x0a    
\"node_modules/@floating-ui/core\": {\x0d\x0a      \"version\": \"1.7.2\",\x0d\x0a      \"license\": \"MIT\",\x0d\x0a  
    \"dependencies\": {\x0d\x0a        \"@floating-ui/utils\": \"^0.2.10\"\x0d\x0a      }\x0d\x0a    },\x0d\x0a    
\"node_modules/@floating-ui/dom\": {\x0d\x0a      \"version\": \"1.7.2\",\x0d\x0a      \"license\": \"MIT\",\x0d\x0a   
   \"dependencies\": {\x0d\x0a        \"@floating-ui/core\": \"^1.7.2\",\x0d\x0a        \"@floating-ui/utils\": 
\"^0.2.10\"\x0d\x0a      }\x0d\x0a    },\x0d\x0a    \"node_modules/@floating-ui/react\": {\x0d\x0a      \"version\": 
\"0.26.28\",\x0d\x0a      \"license\": \"MIT\",\x0d\x0a      \"dependencies\": {\x0d\x0a        
\"@floating-ui/react-dom\": \"^2.1.2\",\x0d\x0a        \"@floating-ui/utils\": \"^0.2.8\",\x0d\x0a        
\"tabbable\": \"^6.0.0\"\x0d\x0a      },\x0d\x0a      \"peerDependencies\": {\x0d\x0a        \"react\": 
\">=16.8.0\",\x0d\x0a        \"react-dom\": \">=16.8.0\"\x0d\x0a      }\x0d\x0a    },\x0d\x0a    
\"node_modules/@floating-ui/react-dom\": {\x0d\x0a      \"version\": \"2.1.4\",\x0d\x0a      \"license\": 
\"MIT\",\x0d\x0a      \"dependencies\": {\x0d\x0a        \"@floating-ui/dom\": \"^1.7.2\"\x0d\x0a      },\x0d\x0a      
\"peerDependencies\": {\x0d\x0a        \"react\": \">=16.8.0\",\x0d\x0a        \"react-dom\": \">=16.8.0\"\x0d\x0a     
 }\x0d\x0a    },\x0d\x0a    \"node_modules/@floating-ui/utils\": {\x0d\x0a      \"version\": \"0.2.10\",\x0d\x0a      
\"license\": \"MIT\"\x0d\x0a    },\x0d\x0a    \"node_modules/@google/generative-ai\": {\x0d\x0a      \"version\": 
\"0.2.1\",\x0d\x0a      \"resolved\": 
\"https://registry.npmjs.org/@google/generative-ai/-/generative-ai-0.2.1.tgz\",\x0d\x0a      \"integrity\": 
\"sha512-gNmMFadfwi7qf/6M9gImgyGJXY1jKQ/de8vGOqgJ0PPYgQ7WwzZDavbKrIuXS2zdqZZaYtxW3EFN6aG9x5wtFw==\",\x0d\x0a      
\"engines\": {\x0d\x0a        \"node\": \">=18.0.0\"\x0d\x0a      }\x0d\x0a    },\x0d\x0a    
\"node_modules/@grpc/grpc-js\": {\x0d\x0a      \"version\": \"1.9.15\",\x0d\x0a      \"license\": 
\"Apache-2.0\",\x0d\x0a      \"dependencies\": {\x0d\x0a        \"@grpc/proto-loader\": \"^0.7.8\",\x0d\x0a        
\"@types/node\": \">=12.12.47\"\x0d\x0a      },\x0d\x0a      \"engines\": {\x0d\x0a        \"node\": \"^8.13.0 || 
>=10.10.0\"\x0d\x0a      }\x0d\x0a    },\x0d\x0a    \"node_modules/@grpc/proto-loader\": {\x0d\x0a      \"version\": 
\"0.7.15\",\x0d\x0a      \"license\": \"Apache-2.0\",\x0d\x0a      \"dependencies\": {\x0d\x0a        
\"lodash.camelcase\": \"^4.3.0\",\x0d\x0a        \"long\": \"^5.0.0\",\x0d\x0a        \"protobufjs\": 
\"^7.2.5\",\x0d\x0a        \"yargs\": \"^17.7.2\"\x0d\x0a      },\x0d\x0a      \"bin\": {\x0d\x0a        
\"proto-loader-gen-types\": \"build/bin/proto-loader-gen-types.js\"\x0d\x0a      },\x0d\x0a      \"engines\": 
{\x0d\x0a        \"node\": \">=6\"\x0d\x0a      }\x0d\x0a    },\x0d\x0a    \"node_modules/@headlessui/react\": 
{\x0d\x0a      \"version\": \"2.2.6\",\x0d\x0a      \"license\": \"MIT\",\x0d\x0a      \"dependencies\": {\x0d\x0a     
   \"@floating-ui/react\": \"^0.26.16\",\x0d\x0a        \"@react-aria/focus\": \"^3.20.2\",\x0d\x0a        
\"@react-aria/interactions\": \"^3.25.0\",\x0d\x0a        \"@tanstack/react-virtual\": \"^3.13.9\",\x0d\x0a        
\"use-sync-external-store\": \"^1.5.0\"\x0d\x0a      },\x0d\x0a      \"engines\": {\x0d\x0a        \"node\": 
\">=10\"\x0d\x0a      },\x0d\x0a      \"peerDependencies\": {\x0d\x0a        \"react\": \"^18 || ^19 || 
^19.0.0-rc\",\x0d\x0a        \"react-dom\": \"^18 || ^19 || ^19.0.0-rc\"\x0d\x0a      }\x0d\x0a    },\x0d\x0a    
\"node_modules/@heroicons/react\": {\x0d\x0a      \"version\": \"2.2.0\",\x0d\x0a      \"license\": \"MIT\",\x0d\x0a   
   \"peerDependencies\": {\x0d\x0a        \"react\": \">= 16 || ^19.0.0-rc\"\x0d\x0a      }\x0d\x0a    },\x0d\x0a    
\"node_modules/@humanfs/core\": {\x0d\x0a      \"version\": \"0.19.1\",\x0d\x0a      \"dev\": true,\x0d\x0a      
\"license\": \"Apache-2.0\",\x0d\x0a      \"engines\": {\x0d\x0a        \"node\": \">=18.18.0\"\x0d\x0a      }\x0d\x0a 
   },\x0d\x0a    \"node_modules/@humanfs/node\": {\x0d\x0a      \"version\": \"0.16.6\",\x0d\x0a      \"dev\": 
true,\x0d\x0a      \"license\": \"Apache-2.0\",\x0d\x0a      \"dependencies\": {\x0d\x0a        \"@humanfs/core\": 
\"^0.19.1\",\x0d\x0a        \"@humanwhocodes/retry\": \"^0.3.0\"\x0d\x0a      },\x0d\x0a      \"engines\": {\x0d\x0a   
     \"node\": \">=18.18.0\"\x0d\x0a      }\x0d\x0a    },\x0d\x0a    
\"node_modules/@humanfs/node/node_modules/@humanwhocodes/retry\": {\x0d\x0a      \"version\": \"0.3.1\",\x0d\x0a      
\"dev\": true,\x0d\x0a      \"license\": \"Apache-2.0\",\x0d\x0a      \"engines\": {\x0d\x0a        \"node\": 
\">=18.18\"\x0d\x0a      },\x0d\x0a      \"funding\": {\x0d\x0a        \"type\": \"github\",\x0d\x0a        \"url\": 
\"https://github.com/sponsors/nzakas\"\x0d\x0a      }\x0d\x0a    },\x0d\x0a    
\"node_modules/@humanwhocodes/module-importer\": {\x0d\x0a      \"version\": \"1.0.1\",\x0d\x0a      \"dev\": 
true,\x0d\x0a      \"license\": \"Apache-2.0\",\x0d\x0a      \"engines\": {\x0d\x0a        \"node\": 
\">=12.22\"\x0d\x0a      },\x0d\x0a      \"funding\": {\x0d\x0a        \"type\": \"github\",\x0d\x0a        \"url\": 
\"https://github.com/sponsors/nzakas\"\x0d\x0a      }\x0d\x0a    },\x0d\x0a    \"node_modules/@humanwhocodes/retry\": 
{\x0d\x0a      \"version\": \"0.4.3\",\x0d\x0a      \"dev\": true,\x0d\x0a      \"license\": \"Apache-2.0\",\x0d\x0a   
   \"engines\": {\x0d\x0a        \"node\": \">=18.18\"\x0d\x0a      },\x0d\x0a      \"funding\": {\x0d\x0a        
\"type\": \"github\",\x0d\x0a        \"url\": \"https://github.com/sponsors/nzakas\"\x0d\x0a      }\x0d\x0a    
},\x0d\x0a    \"node_modules/@img/sharp-darwin-arm64\": {\x0d\x0a      \"version\": \"0.34.3\",\x0d\x0a      
\"resolved\": \"https://registry.npmjs.org/@img/sharp-darwin-arm64/-/sharp-darwin-arm64-0.34.3.tgz\",\x0d\x0a      
\"integrity\": 
\"sha512-ryFMfvxxpQRsgZJqBd4wsttYQbCxsJksrv9Lw/v798JcQ8+w84mBWuXwl+TT0WJ/WrYOLaYpwQXi3sA9nTIaIg==\",\x0d\x0a      
\"cpu\": [\x0d\x0a        \"arm64\"\x0d\x0a      ],\x0d\x0a      \"license\": \"Apache-2.0\",\x0d\x0a      
\"optional\": true,\x0d\x0a      \"os\": [\x0d\x0a        \"darwin\"\x0d\x0a      ],\x0d\x0a      \"engines\": 
{\x0d\x0a        \"node\": \"^18.17.0 || ^20.3.0 || >=21.0.0\"\x0d\x0a      },\x0d\x0a      \"funding\": {\x0d\x0a     
   \"url\": \"https://opencollective.com/libvips\"\x0d\x0a      },\x0d\x0a      \"optionalDependencies\": {\x0d\x0a    
    \"@img/sharp-libvips-darwin-arm64\": \"1.2.0\"\x0d\x0a      }\x0d\x0a    },\x0d\x0a    
\"node_modules/@img/sharp-darwin-x64\": {\x0d\x0a      \"version\": \"0.34.3\",\x0d\x0a      \"resolved\": 
\"https://registry.npmjs.org/@img/sharp-darwin-x64/-/sharp-darwin-x64-0.34.3.tgz\",\x0d\x0a      \"integrity\": 
\"sha512-yHpJYynROAj12TA6qil58hmPmAwxKKC7reUqtGLzsOHfP7/rniNGTL8tjWX6L3CTV4+5P4ypcS7Pp+7OB+8ihA==\",\x0d\x0a      
\"cpu\": [\x0d\x0a        \"x64\"\x0d\x0a      ],\x0d\x0a      \"license\": \"Apache-2.0\",\x0d\x0a      \"optional\": 
true,\x0d\x0a      \"os\": [\x0d\x0a        \"darwin\"\x0d\x0a      ],\x0d\x0a      \"engines\": {\x0d\x0a        
\"node\": \"^18.17.0 || ^20.3.0 || >=21.0.0\"\x0d\x0a      },\x0d\x0a      \"funding\": {\x0d\x0a        \"url\": 
\"https://opencollective.com/libvips\"\x0d\x0a      },\x0d\x0a      \"optionalDependencies\": {\x0d\x0a        
\"@img/sharp-libvips-darwin-x64\": \"1.2.0\"\x0d\x0a      }\x0d\x0a    },\x0d\x0a    
\"node_modules/@img/sharp-libvips-darwin-arm64\": {\x0d\x0a      \"version\": \"1.2.0\",\x0d\x0a      \"resolved\": 
\"https://registry.npmjs.org/@img/sharp-libvips-darwin-arm64/-/sharp-libvips-darwin-arm64-1.2.0.tgz\",\x0d\x0a      
\"integrity\": 
\"sha512-sBZmpwmxqwlqG9ueWFXtockhsxefaV6O84BMOrhtg/YqbTaRdqDE7hxraVE3y6gVM4eExmfzW4a8el9ArLeEiQ==\",\x0d\x0a      
\"cpu\": [\x0d\x0a        \"arm64\"\x0d\x0a      ],\x0d\x0a      \"license\": \"LGPL-3.0-or-later\",\x0d\x0a      
\"optional\": true,\x0d\x0a      \"os\": [\x0d\x0a        \"darwin\"\x0d\x0a      ],\x0d\x0a      \"funding\": 
{\x0d\x0a        \"url\": \"https://opencollective.com/libvips\"\x0d\x0a      }\x0d\x0a    },\x0d\x0a    
\"node_modules/@img/sharp-libvips-darwin-x64\": {\x0d\x0a      \"version\": \"1.2.0\",\x0d\x0a      \"resolved\": 
\"https://registry.npmjs.org/@img/sharp-libvips-darwin-x64/-/sharp-libvips-darwin-x64-1.2.0.tgz\",\x0d\x0a      
\"integrity\": 
\"sha512-M64XVuL94OgiNHa5/m2YvEQI5q2cl9d/wk0qFTDVXcYzi43lxuiFTftMR1tOnFQovVXNZJ5TURSDK2pNe9Yzqg==\",\x0d\x0a      
\"cpu\": [\x0d\x0a        \"x64\"\x0d\x0a      ],\x0d\x0a      \"license\": \"LGPL-3.0-or-later\",\x0d\x0a      
\"optional\": true,\x0d\x0a      \"os\": [\x0d\x0a        \"darwin\"\x0d\x0a      ],\x0d\x0a      \"funding\": 
{\x0d\x0a        \"url\": \"https://opencollective.com/libvips\"\x0d\x0a      }\x0d\x0a    },\x0d\x0a    
\"node_modules/@img/sharp-libvips-linux-arm\": {\x0d\x0a      \"version\": \"1.2.0\",\x0d\x0a      \"resolved\": 
\"https://registry.npmjs.org/@img/sharp-libvips-linux-arm/-/sharp-libvips-linux-arm-1.2.0.tgz\",\x0d\x0a      
\"integrity\": 
\"sha512-mWd2uWvDtL/nvIzThLq3fr2nnGfyr/XMXlq8ZJ9WMR6PXijHlC3ksp0IpuhK6bougvQrchUAfzRLnbsen0Cqvw==\",\x0d\x0a      
\"cpu\": [\x0d\x0a        \"arm\"\x0d\x0a      ],\x0d\x0a      \"license\": \"LGPL-3.0-or-later\",\x0d\x0a      
\"optional\": true,\x0d\x0a      \"os\": [\x0d\x0a        \"linux\"\x0d\x0a      ],\x0d\x0a      \"funding\": 
{\x0d\x0a        \"url\": \"https://opencollective.com/libvips\"\x0d\x0a      }\x0d\x0a    },\x0d\x0a    
\"node_modules/@img/sharp-libvips-linux-arm64\": {\x0d\x0a      \"version\": \"1.2.0\",\x0d\x0a      \"resolved\": 
\"https://registry.npmjs.org/@img/sharp-libvips-linux-arm64/-/sharp-libvips-linux-arm64-1.2.0.tgz\",\x0d\x0a      
\"integrity\": 
\"sha512-RXwd0CgG+uPRX5YYrkzKyalt2OJYRiJQ8ED/fi1tq9WQW2jsQIn0tqrlR5l5dr/rjqq6AHAxURhj2DVjyQWSOA==\",\x0d\x0a      
\"cpu\": [\x0d\x0a        \"arm64\"\x0d\x0a      ],\x0d\x0a      \"license\": \"LGPL-3.0-or-later\",\x0d\x0a      
\"optional\": true,\x0d\x0a      \"os\": [\x0d\x0a        \"linux\"\x0d\x0a      ],\x0d\x0a      \"funding\": 
{\x0d\x0a        \"url\": \"https://opencollective.com/libvips\"\x0d\x0a      }\x0d\x0a    },\x0d\x0a    
\"node_modules/@img/sharp-libvips-linux-ppc64\": {\x0d\x0a      \"version\": \"1.2.0\",\x0d\x0a      \"resolved\": 
\"https://registry.npmjs.org/@img/sharp-libvips-linux-ppc64/-/sharp-libvips-linux-ppc64-1.2.0.tgz\",\x0d\x0a      
\"integrity\": 
\"sha512-Xod/7KaDDHkYu2phxxfeEPXfVXFKx70EAFZ0qyUdOjCcxbjqyJOEUpDe6RIyaunGxT34Anf9ue/wuWOqBW2WcQ==\",\x0d\x0a      
\"cpu\": [\x0d\x0a        \"ppc64\"\x0d\x0a      ],\x0d\x0a      \"license\": \"LGPL-3.0-or-later\",\x0d\x0a      
\"optional\": true,\x0d\x0a      \"os\": [\x0d\x0a        \"linux\"\x0d\x0a      ],\x0d\x0a      \"funding\": 
{\x0d\x0a        \"url\": \"https://opencollective.com/libvips\"\x0d\x0a      }\x0d\x0a    },\x0d\x0a    
\"node_modules/@img/sharp-libvips-linux-s390x\": {\x0d\x0a      \"version\": \"1.2.0\",\x0d\x0a      \"resolved\": 
\"https://registry.npmjs.org/@img/sharp-libvips-linux-s390x/-/sharp-libvips-linux-s390x-1.2.0.tgz\",\x0d\x0a      
\"integrity\": 
\"sha512-eMKfzDxLGT8mnmPJTNMcjfO33fLiTDsrMlUVcp6b96ETbnJmd4uvZxVJSKPQfS+odwfVaGifhsB07J1LynFehw==\",\x0d\x0a      
\"cpu\": [\x0d\x0a        \"s390x\"\x0d\x0a      ],\x0d\x0a      \"license\": \"LGPL-3.0-or-later\",\x0d\x0a      
\"optional\": true,\x0d\x0a      \"os\": [\x0d\x0a        \"linux\"\x0d\x0a      ],\x0d\x0a      \"funding\": 
{\x0d\x0a        \"url\": \"https://opencollective.com/libvips\"\x0d\x0a      }\x0d\x0a    },\x0d\x0a    
\"node_modules/@img/sharp-libvips-linux-x64\": {\x0d\x0a      \"version\": \"1.2.0\",\x0d\x0a      \"resolved\": 
\"https://registry.npmjs.org/@img/sharp-libvips-linux-x64/-/sharp-libvips-linux-x64-1.2.0.tgz\",\x0d\x0a      
\"integrity\": 
\"sha512-ZW3FPWIc7K1sH9E3nxIGB3y3dZkpJlMnkk7z5tu1nSkBoCgw2nSRTFHI5pB/3CQaJM0pdzMF3paf9ckKMSE9Tg==\",\x0d\x0a      
\"cpu\": [\x0d\x0a        \"x64\"\x0d\x0a      ],\x0d\x0a      \"license\": \"LGPL-3.0-or-later\",\x0d\x0a      
\"optional\": true,\x0d\x0a      \"os\": [\x0d\x0a        \"linux\"\x0d\x0a      ],\x0d\x0a      \"funding\": 
{\x0d\x0a        \"url\": \"https://opencollective.com/libvips\"\x0d\x0a      }\x0d\x0a    },\x0d\x0a    
\"node_modules/@img/sharp-libvips-linuxmusl-arm64\": {\x0d\x0a      \"version\": \"1.2.0\",\x0d\x0a      \"resolved\": 
\"https://registry.npmjs.org/@img/sharp-libvips-linuxmusl-arm64/-/sharp-libvips-linuxmusl-arm64-1.2.0.tgz\",\x0d\x0a   
   \"integrity\": 
\"sha512-UG+LqQJbf5VJ8NWJ5Z3tdIe/HXjuIdo4JeVNADXBFuG7z9zjoegpzzGIyV5zQKi4zaJjnAd2+g2nna8TZvuW9Q==\",\x0d\x0a      
\"cpu\": [\x0d\x0a        \"arm64\"\x0d\x0a      ],\x0d\x0a      \"license\": \"LGPL-3.0-or-later\",\x0d\x0a      
\"optional\": true,\x0d\x0a      \"os\": [\x0d\x0a        \"linux\"\x0d\x0a      ],\x0d\x0a      \"funding\": 
{\x0d\x0a        \"url\": \"https://opencollective.com/libvips\"\x0d\x0a      }\x0d\x0a    },\x0d\x0a    
\"node_modules/@img/sharp-libvips-linuxmusl-x64\": {\x0d\x0a      \"version\": \"1.2.0\",\x0d\x0a      \"resolved\": 
\"https://registry.npmjs.org/@img/sharp-libvips-linuxmusl-x64/-/sharp-libvips-linuxmusl-x64-1.2.0.tgz\",\x0d\x0a      
\"integrity\": 
\"sha512-SRYOLR7CXPgNze8akZwjoGBoN1ThNZoqpOgfnOxmWsklTGVfJiGJoC/Lod7aNMGA1jSsKWM1+HRX43OP6p9+6Q==\",\x0d\x0a      
\"cpu\": [\x0d\x0a        \"x64\"\x0d\x0a      ],\x0d\x0a      \"license\": \"LGPL-3.0-or-later\",\x0d\x0a      
\"optional\": true,\x0d\x0a      \"os\": [\x0d\x0a        \"linux\"\x0d\x0a      ],\x0d\x0a      \"funding\": 
{\x0d\x0a        \"url\": \"https://opencollective.com/libvips\"\x0d\x0a      }\x0d\x0a    },\x0d\x0a    
\"node_modules/@img/sharp-linux-arm\": {\x0d\x0a      \"version\": \"0.34.3\",\x0d\x0a      \"resolved\": 
\"https://registry.npmjs.org/@img/sharp-linux-arm/-/sharp-linux-arm-0.34.3.tgz\",\x0d\x0a      \"integrity\": 
\"sha512-oBK9l+h6KBN0i3dC8rYntLiVfW8D8wH+NPNT3O/WBHeW0OQWCjfWksLUaPidsrDKpJgXp3G3/hkmhptAW0I3+A==\",\x0d\x0a      
\"cpu\": [\x0d\x0a        \"arm\"\x0d\x0a      ],\x0d\x0a      \"license\": \"Apache-2.0\",\x0d\x0a      \"optional\": 
true,\x0d\x0a      \"os\": [\x0d\x0a        \"linux\"\x0d\x0a      ],\x0d\x0a      \"engines\": {\x0d\x0a        
\"node\": \"^18.17.0 || ^20.3.0 || >=21.0.0\"\x0d\x0a      },\x0d\x0a      \"funding\": {\x0d\x0a        \"url\": 
\"https://opencollective.com/libvips\"\x0d\x0a      },\x0d\x0a      \"optionalDependencies\": {\x0d\x0a        
\"@img/sharp-libvips-linux-arm\": \"1.2.0\"\x0d\x0a      }\x0d\x0a    },\x0d\x0a    
\"node_modules/@img/sharp-linux-arm64\": {\x0d\x0a      \"version\": \"0.34.3\",\x0d\x0a      \"resolved\": 
\"https://registry.npmjs.org/@img/sharp-linux-arm64/-/sharp-linux-arm64-0.34.3.tgz\",\x0d\x0a      \"integrity\": 
\"sha512-QdrKe3EvQrqwkDrtuTIjI0bu6YEJHTgEeqdzI3uWJOH6G1O8Nl1iEeVYRGdj1h5I21CqxSvQp1Yv7xeU3ZewbA==\",\x0d\x0a      
\"cpu\": [\x0d\x0a        \"arm64\"\x0d\x0a      ],\x0d\x0a      \"license\": \"Apache-2.0\",\x0d\x0a      
\"optional\": true,\x0d\x0a      \"os\": [\x0d\x0a        \"linux\"\x0d\x0a      ],\x0d\x0a      \"engines\": 
{\x0d\x0a        \"node\": \"^18.17.0 || ^20.3.0 || >=21.0.0\"\x0d\x0a      },\x0d\x0a      \"funding\": {\x0d\x0a     
   \"url\": \"https://opencollective.com/libvips\"\x0d\x0a      },\x0d\x0a      \"optionalDependencies\": {\x0d\x0a    
    \"@img/sharp-libvips-linux-arm64\": \"1.2.0\"\x0d\x0a      }\x0d\x0a    },\x0d\x0a    
\"node_modules/@img/sharp-linux-ppc64\": {\x0d\x0a      \"version\": \"0.34.3\",\x0d\x0a      \"resolved\": 
\"https://registry.npmjs.org/@img/sharp-linux-ppc64/-/sharp-linux-ppc64-0.34.3.tgz\",\x0d\x0a      \"integrity\": 
\"sha512-GLtbLQMCNC5nxuImPR2+RgrviwKwVql28FWZIW1zWruy6zLgA5/x2ZXk3mxj58X/tszVF69KK0Is83V8YgWhLA==\",\x0d\x0a      
\"cpu\": [\x0d\x0a        \"ppc64\"\x0d\x0a      ],\x0d\x0a      \"license\": \"Apache-2.0\",\x0d\x0a      
\"optional\": true,\x0d\x0a      \"os\": [\x0d\x0a        \"linux\"\x0d\x0a      ],\x0d\x0a      \"engines\": 
{\x0d\x0a        \"node\": \"^18.17.0 || ^20.3.0 || >=21.0.0\"\x0d\x0a      },\x0d\x0a      \"funding\": {\x0d\x0a     
   \"url\": \"https://opencollective.com/libvips\"\x0d\x0a      },\x0d\x0a      \"optionalDependencies\": {\x0d\x0a    
    \"@img/sharp-libvips-linux-ppc64\": \"1.2.0\"\x0d\x0a      }\x0d\x0a    },\x0d\x0a    
\"node_modules/@img/sharp-linux-s390x\": {\x0d\x0a      \"version\": \"0.34.3\",\x0d\x0a      \"resolved\": 
\"https://registry.npmjs.org/@img/sharp-linux-s390x/-/sharp-linux-s390x-0.34.3.tgz\",\x0d\x0a      \"integrity\": 
\"sha512-3gahT+A6c4cdc2edhsLHmIOXMb17ltffJlxR0aC2VPZfwKoTGZec6u5GrFgdR7ciJSsHT27BD3TIuGcuRT0KmQ==\",\x0d\x0a      
\"cpu\": [\x0d\x0a        \"s390x\"\x0d\x0a      ],\x0d\x0a      \"license\": \"Apache-2.0\",\x0d\x0a      
\"optional\": true,\x0d\x0a      \"os\": [\x0d\x0a        \"linux\"\x0d\x0a      ],\x0d\x0a      \"engines\": 
{\x0d\x0a        \"node\": \"^18.17.0 || ^20.3.0 || >=21.0.0\"\x0d\x0a      },\x0d\x0a      \"funding\": {\x0d\x0a     
   \"url\": \"https://opencollective.com/libvips\"\x0d\x0a      },\x0d\x0a      \"optionalDependencies\": {\x0d\x0a    
    \"@img/sharp-libvips-linux-s390x\": \"1.2.0\"\x0d\x0a      }\x0d\x0a    },\x0d\x0a    
\"node_modules/@img/sharp-linux-x64\": {\x0d\x0a      \"version\": \"0.34.3\",\x0d\x0a      \"resolved\": 
\"https://registry.npmjs.org/@img/sharp-linux-x64/-/sharp-linux-x64-0.34.3.tgz\",\x0d\x0a      \"integrity\": 
\"sha512-8kYso8d806ypnSq3/Ly0QEw90V5ZoHh10yH0HnrzOCr6DKAPI6QVHvwleqMkVQ0m+fc7EH8ah0BB0QPuWY6zJQ==\",\x0d\x0a      
\"cpu\": [\x0d\x0a        \"x64\"\x0d\x0a      ],\x0d\x0a      \"license\": \"Apache-2.0\",\x0d\x0a      \"optional\": 
true,\x0d\x0a      \"os\": [\x0d\x0a        \"linux\"\x0d\x0a      ],\x0d\x0a      \"engines\": {\x0d\x0a        
\"node\": \"^18.17.0 || ^20.3.0 || >=21.0.0\"\x0d\x0a      },\x0d\x0a      \"funding\": {\x0d\x0a        \"url\": 
\"https://opencollective.com/libvips\"\x0d\x0a      },\x0d\x0a      \"optionalDependencies\": {\x0d\x0a        
\"@img/sharp-libvips-linux-x64\": \"1.2.0\"\x0d\x0a      }\x0d\x0a    },\x0d\x0a    
\"node_modules/@img/sharp-linuxmusl-arm64\": {\x0d\x0a      \"version\": \"0.34.3\",\x0d\x0a      \"resolved\": 
\"https://registry.npmjs.org/@img/sharp-linuxmusl-arm64/-/sharp-linuxmusl-arm64-0.34.3.tgz\",\x0d\x0a      
\"integrity\": 
\"sha512-vAjbHDlr4izEiXM1OTggpCcPg9tn4YriK5vAjowJsHwdBIdx0fYRsURkxLG2RLm9gyBq66gwtWI8Gx0/ov+JKQ==\",\x0d\x0a      
\"cpu\": [\x0d\x0a        \"arm64\"\x0d\x0a      ],\x0d\x0a      \"license\": \"Apache-2.0\",\x0d\x0a      
\"optional\": true,\x0d\x0a      \"os\": [\x0d\x0a        \"linux\"\x0d\x0a      ],\x0d\x0a      \"engines\": 
{\x0d\x0a        \"node\": \"^18.17.0 || ^20.3.0 || >=21.0.0\"\x0d\x0a      },\x0d\x0a      \"funding\": {\x0d\x0a     
   \"url\": \"https://opencollective.com/libvips\"\x0d\x0a      },\x0d\x0a      \"optionalDependencies\": {\x0d\x0a    
    \"@img/sharp-libvips-linuxmusl-arm64\": \"1.2.0\"\x0d\x0a      }\x0d\x0a    },\x0d\x0a    
\"node_modules/@img/sharp-linuxmusl-x64\": {\x0d\x0a      \"version\": \"0.34.3\",\x0d\x0a      \"resolved\": 
\"https://registry.npmjs.org/@img/sharp-linuxmusl-x64/-/sharp-linuxmusl-x64-0.34.3.tgz\",\x0d\x0a      \"integrity\": 
\"sha512-gCWUn9547K5bwvOn9l5XGAEjVTTRji4aPTqLzGXHvIr6bIDZKNTA34seMPgM0WmSf+RYBH411VavCejp3PkOeQ==\",\x0d\x0a      
\"cpu\": [\x0d\x0a        \"x64\"\x0d\x0a      ],\x0d\x0a      \"license\": \"Apache-2.0\",\x0d\x0a      \"optional\": 
true,\x0d\x0a      \"os\": [\x0d\x0a        \"linux\"\x0d\x0a      ],\x0d\x0a      \"engines\": {\x0d\x0a        
\"node\": \"^18.17.0 || ^20.3.0 || >=21.0.0\"\x0d\x0a      },\x0d\x0a      \"funding\": {\x0d\x0a        \"url\": 
\"https://opencollective.com/libvips\"\x0d\x0a      },\x0d\x0a      \"optionalDependencies\": {\x0d\x0a        
\"@img/sharp-libvips-linuxmusl-x64\": \"1.2.0\"\x0d\x0a      }\x0d\x0a    },\x0d\x0a    
\"node_modules/@img/sharp-wasm32\": {\x0d\x0a      \"version\": \"0.34.3\",\x0d\x0a      \"resolved\": 
\"https://registry.npmjs.org/@img/sharp-wasm32/-/sharp-wasm32-0.34.3.tgz\",\x0d\x0a      \"integrity\": 
\"sha512-+CyRcpagHMGteySaWos8IbnXcHgfDn7pO2fiC2slJxvNq9gDipYBN42/RagzctVRKgxATmfqOSulgZv5e1RdMg==\",\x0d\x0a      
\"cpu\": [\x0d\x0a        \"wasm32\"\x0d\x0a      ],\x0d\x0a      \"license\": \"Apache-2.0 AND LGPL-3.0-or-later AND 
MIT\",\x0d\x0a      \"optional\": true,\x0d\x0a      \"dependencies\": {\x0d\x0a        \"@emnapi/runtime\": 
\"^1.4.4\"\x0d\x0a      },\x0d\x0a      \"engines\": {\x0d\x0a        \"node\": \"^18.17.0 || ^20.3.0 || 
>=21.0.0\"\x0d\x0a      },\x0d\x0a      \"funding\": {\x0d\x0a        \"url\": 
\"https://opencollective.com/libvips\"\x0d\x0a      }\x0d\x0a    },\x0d\x0a    
\"node_modules/@img/sharp-win32-arm64\": {\x0d\x0a      \"version\": \"0.34.3\",\x0d\x0a      \"resolved\": 
\"https://registry.npmjs.org/@img/sharp-win32-arm64/-/sharp-win32-arm64-0.34.3.tgz\",\x0d\x0a      \"integrity\": 
\"sha512-MjnHPnbqMXNC2UgeLJtX4XqoVHHlZNd+nPt1kRPmj63wURegwBhZlApELdtxM2OIZDRv/DFtLcNhVbd1z8GYXQ==\",\x0d\x0a      
\"cpu\": [\x0d\x0a        \"arm64\"\x0d\x0a      ],\x0d\x0a      \"license\": \"Apache-2.0 AND 
LGPL-3.0-or-later\",\x0d\x0a      \"optional\": true,\x0d\x0a      \"os\": [\x0d\x0a        \"win32\"\x0d\x0a      
],\x0d\x0a      \"engines\": {\x0d\x0a        \"node\": \"^18.17.0 || ^20.3.0 || >=21.0.0\"\x0d\x0a      },\x0d\x0a    
  \"funding\": {\x0d\x0a        \"url\": \"https://opencollective.com/libvips\"\x0d\x0a      }\x0d\x0a    },\x0d\x0a   
 \"node_modules/@img/sharp-win32-ia32\": {\x0d\x0a      \"version\": \"0.34.3\",\x0d\x0a      \"resolved\": 
\"https://registry.npmjs.org/@img/sharp-win32-ia32/-/sharp-win32-ia32-0.34.3.tgz\",\x0d\x0a      \"integrity\": 
\"sha512-xuCdhH44WxuXgOM714hn4amodJMZl3OEvf0GVTm0BEyMeA2to+8HEdRPShH0SLYptJY1uBw+SCFP9WVQi1Q/cw==\",\x0d\x0a      
\"cpu\": [\x0d\x0a        \"ia32\"\x0d\x0a      ],\x0d\x0a      \"license\": \"Apache-2.0 AND 
LGPL-3.0-or-later\",\x0d\x0a      \"optional\": true,\x0d\x0a      \"os\": [\x0d\x0a        \"win32\"\x0d\x0a      
],\x0d\x0a      \"engines\": {\x0d\x0a        \"node\": \"^18.17.0 || ^20.3.0 || >=21.0.0\"\x0d\x0a      },\x0d\x0a    
  \"funding\": {\x0d\x0a        \"url\": \"https://opencollective.com/libvips\"\x0d\x0a      }\x0d\x0a    },\x0d\x0a   
 \"node_modules/@img/sharp-win32-x64\": {\x0d\x0a      \"version\": \"0.34.3\",\x0d\x0a      \"cpu\": [\x0d\x0a        
\"x64\"\x0d\x0a      ],\x0d\x0a      \"license\": \"Apache-2.0 AND LGPL-3.0-or-later\",\x0d\x0a      \"optional\": 
true,\x0d\x0a      \"os\": [\x0d\x0a        \"win32\"\x0d\x0a      ],\x0d\x0a      \"engines\": {\x0d\x0a        
\"node\": \"^18.17.0 || ^20.3.0 || >=21.0.0\"\x0d\x0a      },\x0d\x0a      \"funding\": {\x0d\x0a        \"url\": 
\"https://opencollective.com/libvips\"\x0d\x0a      }\x0d\x0a    },\x0d\x0a    \"node_modules/@isaacs/cliui\": 
{\x0d\x0a      \"version\": \"8.0.2\",\x0d\x0a      \"dev\": true,\x0d\x0a      \"license\": \"ISC\",\x0d\x0a      
\"dependencies\": {\x0d\x0a        \"string-width\": \"^5.1.2\",\x0d\x0a        \"string-width-cjs\": 
\"npm:string-width@^4.2.0\",\x0d\x0a        \"strip-ansi\": \"^7.0.1\",\x0d\x0a        \"strip-ansi-cjs\": 
\"npm:strip-ansi@^6.0.1\",\x0d\x0a        \"wrap-ansi\": \"^8.1.0\",\x0d\x0a        \"wrap-ansi-cjs\": 
\"npm:wrap-ansi@^7.0.0\"\x0d\x0a      },\x0d\x0a      \"engines\": {\x0d\x0a        \"node\": \">=12\"\x0d\x0a      
}\x0d\x0a    },\x0d\x0a    \"node_modules/@isaacs/cliui/node_modules/ansi-regex\": {\x0d\x0a      \"version\": 
\"6.1.0\",\x0d\x0a      \"dev\": true,\x0d\x0a      \"license\": \"MIT\",\x0d\x0a      \"engines\": {\x0d\x0a        
\"node\": \">=12\"\x0d\x0a      },\x0d\x0a      \"funding\": {\x0d\x0a        \"url\": 
\"https://github.com/chalk/ansi-regex?sponsor=1\"\x0d\x0a      }\x0d\x0a    },\x0d\x0a    
\"node_modules/@isaacs/cliui/node_modules/ansi-styles\": {\x0d\x0a      \"version\": \"6.2.1\",\x0d\x0a      \"dev\": 
true,\x0d\x0a      \"license\": \"MIT\",\x0d\x0a      \"engines\": {\x0d\x0a        \"node\": \">=12\"\x0d\x0a      
},\x0d\x0a      \"funding\": {\x0d\x0a        \"url\": \"https://github.com/chalk/ansi-styles?sponsor=1\"\x0d\x0a      
}\x0d\x0a    },\x0d\x0a    \"node_modules/@isaacs/cliui/node_modules/emoji-regex\": {\x0d\x0a      \"version\": 
\"9.2.2\",\x0d\x0a      \"dev\": true,\x0d\x0a      \"license\": \"MIT\"\x0d\x0a    },\x0d\x0a    
\"node_modules/@isaacs/cliui/node_modules/string-width\": {\x0d\x0a      \"version\": \"5.1.2\",\x0d\x0a      \"dev\": 
true,\x0d\x0a      \"license\": \"MIT\",\x0d\x0a      \"dependencies\": {\x0d\x0a        \"eastasianwidth\": 
\"^0.2.0\",\x0d\x0a        \"emoji-regex\": \"^9.2.2\",\x0d\x0a        \"strip-ansi\": \"^7.0.1\"\x0d\x0a      
},\x0d\x0a      \"engines\": {\x0d\x0a        \"node\": \">=12\"\x0d\x0a      },\x0d\x0a      \"funding\": {\x0d\x0a   
     \"url\": \"https://github.com/sponsors/sindresorhus\"\x0d\x0a      }\x0d\x0a    },\x0d\x0a    
\"node_modules/@isaacs/cliui/node_modules/strip-ansi\": {\x0d\x0a      \"version\": \"7.1.0\",\x0d\x0a      \"dev\": 
true,\x0d\x0a      \"license\": \"MIT\",\x0d\x0a      \"dependencies\": {\x0d\x0a        \"ansi-regex\": 
\"^6.0.1\"\x0d\x0a      },\x0d\x0a      \"engines\": {\x0d\x0a        \"node\": \">=12\"\x0d\x0a      },\x0d\x0a      
\"funding\": {\x0d\x0a        \"url\": \"https://github.com/chalk/strip-ansi?sponsor=1\"\x0d\x0a      }\x0d\x0a    
},\x0d\x0a    \"node_modules/@isaacs/cliui/node_modules/wrap-ansi\": {\x0d\x0a      \"version\": \"8.1.0\",\x0d\x0a    
  \"dev\": true,\x0d\x0a      \"license\": \"MIT\",\x0d\x0a      \"dependencies\": {\x0d\x0a        \"ansi-styles\": 
\"^6.1.0\",\x0d\x0a        \"string-width\": \"^5.0.1\",\x0d\x0a        \"strip-ansi\": \"^7.0.1\"\x0d\x0a      
},\x0d\x0a      \"engines\": {\x0d\x0a        \"node\": \">=12\"\x0d\x0a      },\x0d\x0a      \"funding\": {\x0d\x0a   
     \"url\": \"https://github.com/chalk/wrap-ansi?sponsor=1\"\x0d\x0a      }\x0d\x0a    },\x0d\x0a    
\"node_modules/@jridgewell/gen-mapping\": {\x0d\x0a      \"version\": \"0.3.12\",\x0d\x0a      \"license\": 
\"MIT\",\x0d\x0a      \"dependencies\": {\x0d\x0a        \"@jridgewell/sourcemap-codec\": \"^1.5.0\",\x0d\x0a        
\"@jridgewell/trace-mapping\": \"^0.3.24\"\x0d\x0a      }\x0d\x0a    },\x0d\x0a    
\"node_modules/@jridgewell/resolve-uri\": {\x0d\x0a      \"version\": \"3.1.2\",\x0d\x0a      \"license\": 
\"MIT\",\x0d\x0a      \"engines\": {\x0d\x0a        \"node\": \">=6.0.0\"\x0d\x0a      }\x0d\x0a    },\x0d\x0a    
\"node_modules/@jridgewell/sourcemap-codec\": {\x0d\x0a      \"version\": \"1.5.4\",\x0d\x0a      \"license\": 
\"MIT\"\x0d\x0a    },\x0d\x0a    \"node_modules/@jridgewell/trace-mapping\": {\x0d\x0a      \"version\": 
\"0.3.29\",\x0d\x0a      \"license\": \"MIT\",\x0d\x0a      \"dependencies\": {\x0d\x0a        
\"@jridgewell/resolve-uri\": \"^3.1.0\",\x0d\x0a        \"@jridgewell/sourcemap-codec\": \"^1.4.14\"\x0d\x0a      
}\x0d\x0a    },\x0d\x0a    \"node_modules/@kurkle/color\": {\x0d\x0a      \"version\": \"0.3.4\",\x0d\x0a      
\"license\": \"MIT\"\x0d\x0a    },\x0d\x0a    \"node_modules/@langchain/core\": {\x0d\x0a      \"version\": 
\"1.0.5\",\x0d\x0a      \"resolved\": \"https://registry.npmjs.org/@langchain/core/-/core-1.0.5.tgz\",\x0d\x0a      
\"integrity\": 
\"sha512-9Hy/b9+j+mm0Bhnm8xD9B0KpBYTidroLrDHdbrHoMC2DqXoY2umvi1M3M/9D744qsMSaIMP0ZwFcy5YbqI/dGw==\",\x0d\x0a      
\"license\": \"MIT\",\x0d\x0a      \"peer\": true,\x0d\x0a      \"dependencies\": {\x0d\x0a        
\"@cfworker/json-schema\": \"^4.0.2\",\x0d\x0a        \"ansi-styles\": \"^5.0.0\",\x0d\x0a        \"camelcase\": 
\"6\",\x0d\x0a        \"decamelize\": \"1.2.0\",\x0d\x0a        \"js-tiktoken\": \"^1.0.12\",\x0d\x0a        
\"langsmith\": \"^0.3.64\",\x0d\x0a        \"mustache\": \"^4.2.0\",\x0d\x0a        \"p-queue\": \"^6.6.2\",\x0d\x0a   
     \"p-retry\": \"4\",\x0d\x0a        \"uuid\": \"^10.0.0\",\x0d\x0a        \"zod\": \"^3.25.76 || ^4\"\x0d\x0a      
},\x0d\x0a      \"engines\": {\x0d\x0a        \"node\": \">=20\"\x0d\x0a      }\x0d\x0a    },\x0d\x0a    
\"node_modules/@langchain/core/node_modules/ansi-styles\": {\x0d\x0a      \"version\": \"5.2.0\",\x0d\x0a      
\"license\": \"MIT\",\x0d\x0a      \"engines\": {\x0d\x0a        \"node\": \">=10\"\x0d\x0a      },\x0d\x0a      
\"funding\": {\x0d\x0a        \"url\": \"https://github.com/chalk/ansi-styles?sponsor=1\"\x0d\x0a      }\x0d\x0a    
},\x0d\x0a    \"node_modules/@langchain/core/node_modules/uuid\": {\x0d\x0a      \"version\": \"10.0.0\",\x0d\x0a      
\"funding\": [\x0d\x0a        \"https://github.com/sponsors/broofa\",\x0d\x0a        
\"https://github.com/sponsors/ctavan\"\x0d\x0a      ],\x0d\x0a      \"license\": \"MIT\",\x0d\x0a      \"bin\": 
{\x0d\x0a        \"uuid\": \"dist/bin/uuid\"\x0d\x0a      }\x0d\x0a    },\x0d\x0a    
\"node_modules/@langchain/google-genai\": {\x0d\x0a      \"version\": \"1.0.1\",\x0d\x0a      \"resolved\": 
\"https://registry.npmjs.org/@langchain/google-genai/-/google-genai-1.0.1.tgz\",\x0d\x0a      \"integrity\": 
\"sha512-a9Bzaswp1P+eA2V8hAWSBypqjxmH+/zhOY1TBdalQuPQBTRH35jBMVgX3CTTAheAzBUGQtlDD4/dR9tyemDbhw==\",\x0d\x0a      
\"license\": \"MIT\",\x0d\x0a      \"dependencies\": {\x0d\x0a        \"@google/generative-ai\": \"^0.24.0\",\x0d\x0a  
      \"uuid\": \"^11.1.0\"\x0d\x0a      },\x0d\x0a      \"engines\": {\x0d\x0a        \"node\": \">=20\"\x0d\x0a      
},\x0d\x0a      \"peerDependencies\": {\x0d\x0a        \"@langchain/core\": \"^1.0.0\"\x0d\x0a      }\x0d\x0a    
},\x0d\x0a    \"node_modules/@langchain/google-genai/node_modules/@google/generative-ai\": {\x0d\x0a      \"version\": 
\"0.24.1\",\x0d\x0a      \"license\": \"Apache-2.0\",\x0d\x0a      \"engines\": {\x0d\x0a        \"node\": 
\">=18.0.0\"\x0d\x0a      }\x0d\x0a    },\x0d\x0a    \"node_modules/@langchain/langgraph\": {\x0d\x0a      
\"version\": \"1.0.2\",\x0d\x0a      \"resolved\": 
\"https://registry.npmjs.org/@langchain/langgraph/-/langgraph-1.0.2.tgz\",\x0d\x0a      \"integrity\": 
\"sha512-syxzzWTnmpCL+RhUEvalUeOXFoZy/KkzHa2Da2gKf18zsf9Dkbh3rfnRDrTyUGS1XSTejq07s4rg1qntdEDs2A==\",\x0d\x0a      
\"license\": \"MIT\",\x0d\x0a      \"dependencies\": {\x0d\x0a        \"@langchain/langgraph-checkpoint\": 
\"^1.0.0\",\x0d\x0a        \"@langchain/langgraph-sdk\": \"~1.0.0\",\x0d\x0a        \"uuid\": \"^10.0.0\"\x0d\x0a      
},\x0d\x0a      \"engines\": {\x0d\x0a        \"node\": \">=18\"\x0d\x0a      },\x0d\x0a      \"peerDependencies\": 
{\x0d\x0a        \"@langchain/core\": \"^1.0.1\",\x0d\x0a        \"zod\": \"^3.25.32 || ^4.1.0\",\x0d\x0a        
\"zod-to-json-schema\": \"^3.x\"\x0d\x0a      },\x0d\x0a      \"peerDependenciesMeta\": {\x0d\x0a        
\"zod-to-json-schema\": {\x0d\x0a          \"optional\": true\x0d\x0a        }\x0d\x0a      }\x0d\x0a    },\x0d\x0a    
\"node_modules/@langchain/langgraph-checkpoint\": {\x0d\x0a      \"version\": \"1.0.0\",\x0d\x0a      \"resolved\": 
\"https://registry.npmjs.org/@langchain/langgraph-checkpoint/-/langgraph-checkpoint-1.0.0.tgz\",\x0d\x0a      
\"integrity\": 
\"sha512-xrclBGvNCXDmi0Nz28t3vjpxSH6UYx6w5XAXSiiB1WEdc2xD2iY/a913I3x3a31XpInUW/GGfXXfePfaghV54A==\",\x0d\x0a      
\"license\": \"MIT\",\x0d\x0a      \"dependencies\": {\x0d\x0a        \"uuid\": \"^10.0.0\"\x0d\x0a      },\x0d\x0a    
  \"engines\": {\x0d\x0a        \"node\": \">=18\"\x0d\x0a      },\x0d\x0a      \"peerDependencies\": {\x0d\x0a        
\"@langchain/core\": \"^1.0.1\"\x0d\x0a      }\x0d\x0a    },\x0d\x0a    
\"node_modules/@langchain/langgraph-checkpoint/node_modules/uuid\": {\x0d\x0a      \"version\": \"10.0.0\",\x0d\x0a    
  \"resolved\": \"https://registry.npmjs.org/uuid/-/uuid-10.0.0.tgz\",\x0d\x0a      \"integrity\": 
\"sha512-8XkAphELsDnEGrDxUOHB3RGvXz6TeuYSGEZBOjtTtPm2lwhGBjLgOzLHB63IUWfBpNucQjND6d3AOudO+H3RWQ==\",\x0d\x0a      
\"funding\": [\x0d\x0a        \"https://github.com/sponsors/broofa\",\x0d\x0a        
\"https://github.com/sponsors/ctavan\"\x0d\x0a      ],\x0d\x0a      \"license\": \"MIT\",\x0d\x0a      \"bin\": 
{\x0d\x0a        \"uuid\": \"dist/bin/uuid\"\x0d\x0a      }\x0d\x0a    },\x0d\x0a    
\"node_modules/@langchain/langgraph-sdk\": {\x0d\x0a      \"version\": \"1.0.0\",\x0d\x0a      \"resolved\": 
\"https://registry.npmjs.org/@langchain/langgraph-sdk/-/langgraph-sdk-1.0.0.tgz\",\x0d\x0a      \"integrity\": 
\"sha512-g25ti2W7Dl5wUPlNK+0uIGbeNFqf98imhHlbdVVKTTkDYLhi/pI1KTgsSSkzkeLuBIfvt2b0q6anQwCs7XBlbw==\",\x0d\x0a      
\"license\": \"MIT\",\x0d\x0a      \"dependencies\": {\x0d\x0a        \"p-queue\": \"^6.6.2\",\x0d\x0a        
\"p-retry\": \"4\",\x0d\x0a        \"uuid\": \"^9.0.0\"\x0d\x0a      },\x0d\x0a      \"peerDependencies\": {\x0d\x0a   
     \"@langchain/core\": \"^1.0.1\",\x0d\x0a        \"react\": \"^18 || ^19\",\x0d\x0a        \"react-dom\": \"^18 || 
^19\"\x0d\x0a      },\x0d\x0a      \"peerDependenciesMeta\": {\x0d\x0a        \"@langchain/core\": {\x0d\x0a          
\"optional\": true\x0d\x0a        },\x0d\x0a        \"react\": {\x0d\x0a          \"optional\": true\x0d\x0a        
},\x0d\x0a        \"react-dom\": {\x0d\x0a          \"optional\": true\x0d\x0a        }\x0d\x0a      }\x0d\x0a    
},\x0d\x0a    \"node_modules/@langchain/langgraph-sdk/node_modules/uuid\": {\x0d\x0a      \"version\": 
\"9.0.1\",\x0d\x0a      \"resolved\": \"https://registry.npmjs.org/uuid/-/uuid-9.0.1.tgz\",\x0d\x0a      
\"integrity\": 
\"sha512-b+1eJOlsR9K8HJpow9Ok3fiWOWSIcIzXodvv0rQjVoOVNpWMpxf1wZNpt4y9h10odCNrqnYp1OBzRktckBe3sA==\",\x0d\x0a      
\"funding\": [\x0d\x0a        \"https://github.com/sponsors/broofa\",\x0d\x0a        
\"https://github.com/sponsors/ctavan\"\x0d\x0a      ],\x0d\x0a      \"license\": \"MIT\",\x0d\x0a      \"bin\": 
{\x0d\x0a        \"uuid\": \"dist/bin/uuid\"\x0d\x0a      }\x0d\x0a    },\x0d\x0a    
\"node_modules/@langchain/langgraph/node_modules/uuid\": {\x0d\x0a      \"version\": \"10.0.0\",\x0d\x0a      
\"resolved\": \"https://registry.npmjs.org/uuid/-/uuid-10.0.0.tgz\",\x0d\x0a      \"integrity\": 
\"sha512-8XkAphELsDnEGrDxUOHB3RGvXz6TeuYSGEZBOjtTtPm2lwhGBjLgOzLHB63IUWfBpNucQjND6d3AOudO+H3RWQ==\",\x0d\x0a      
\"funding\": [\x0d\x0a        \"https://github.com/sponsors/broofa\",\x0d\x0a        
\"https://github.com/sponsors/ctavan\"\x0d\x0a      ],\x0d\x0a      \"license\": \"MIT\",\x0d\x0a      \"bin\": 
{\x0d\x0a        \"uuid\": \"dist/bin/uuid\"\x0d\x0a      }\x0d\x0a    },\x0d\x0a    
\"node_modules/@langchain/openai\": {\x0d\x0a      \"version\": \"0.2.11\",\x0d\x0a      \"resolved\": 
\"https://registry.npmjs.org/@langchain/openai/-/openai-0.2.11.tgz\",\x0d\x0a      \"integrity\": 
\"sha512-Pu8+WfJojCgSf0bAsXb4AjqvcDyAWyoEB1AoCRNACgEnBWZuitz3hLwCo9I+6hAbeg3QJ37g82yKcmvKAg1feg==\",\x0d\x0a      
\"license\": \"MIT\",\x0d\x0a      \"dependencies\": {\x0d\x0a        \"@langchain/core\": \">=0.2.26 
<0.3.0\",\x0d\x0a        \"js-tiktoken\": \"^1.0.12\",\x0d\x0a        \"openai\": \"^4.57.3\",\x0d\x0a        \"zod\": 
\"^3.22.4\",\x0d\x0a        \"zod-to-json-schema\": \"^3.22.3\"\x0d\x0a      },\x0d\x0a      \"engines\": {\x0d\x0a    
    \"node\": \">=18\"\x0d\x0a      }\x0d\x0a    },\x0d\x0a    
\"node_modules/@langchain/openai/node_modules/@langchain/core\": {\x0d\x0a      \"version\": \"0.2.36\",\x0d\x0a      
\"resolved\": \"https://registry.npmjs.org/@langchain/core/-/core-0.2.36.tgz\",\x0d\x0a      \"integrity\": 
\"sha512-qHLvScqERDeH7y2cLuJaSAlMwg3f/3Oc9nayRSXRU2UuaK/SOhI42cxiPLj1FnuHJSmN0rBQFkrLx02gI4mcVg==\",\x0d\x0a      
\"license\": \"MIT\",\x0d\x0a      \"dependencies\": {\x0d\x0a        \"ansi-styles\": \"^5.0.0\",\x0d\x0a        
\"camelcase\": \"6\",\x0d\x0a        \"decamelize\": \"1.2.0\",\x0d\x0a        \"js-tiktoken\": \"^1.0.12\",\x0d\x0a   
     \"langsmith\": \"^0.1.56-rc.1\",\x0d\x0a        \"mustache\": \"^4.2.0\",\x0d\x0a        \"p-queue\": 
\"^6.6.2\",\x0d\x0a        \"p-retry\": \"4\",\x0d\x0a        \"uuid\": \"^10.0.0\",\x0d\x0a        \"zod\": 
\"^3.22.4\",\x0d\x0a        \"zod-to-json-schema\": \"^3.22.3\"\x0d\x0a      },\x0d\x0a      \"engines\": {\x0d\x0a    
    \"node\": \">=18\"\x0d\x0a      }\x0d\x0a    },\x0d\x0a    
\"node_modules/@langchain/openai/node_modules/@langchain/core/node_modules/langsmith\": {\x0d\x0a      \"version\": 
\"0.1.68\",\x0d\x0a      \"resolved\": \"https://registry.npmjs.org/langsmith/-/langsmith-0.1.68.tgz\",\x0d\x0a      
\"integrity\": 
\"sha512-otmiysWtVAqzMx3CJ4PrtUBhWRG5Co8Z4o7hSZENPjlit9/j3/vm3TSvbaxpDYakZxtMjhkcJTqrdYFipISEiQ==\",\x0d\x0a      
\"license\": \"MIT\",\x0d\x0a      \"dependencies\": {\x0d\x0a        \"@types/uuid\": \"^10.0.0\",\x0d\x0a        
\"commander\": \"^10.0.1\",\x0d\x0a        \"p-queue\": \"^6.6.2\",\x0d\x0a        \"p-retry\": \"4\",\x0d\x0a        
\"semver\": \"^7.6.3\",\x0d\x0a        \"uuid\": \"^10.0.0\"\x0d\x0a      },\x0d\x0a      \"peerDependencies\": 
{\x0d\x0a        \"openai\": \"*\"\x0d\x0a      },\x0d\x0a      \"peerDependenciesMeta\": {\x0d\x0a        \"openai\": 
{\x0d\x0a          \"optional\": true\x0d\x0a        }\x0d\x0a      }\x0d\x0a    },\x0d\x0a    
\"node_modules/@langchain/openai/node_modules/ansi-styles\": {\x0d\x0a      \"version\": \"5.2.0\",\x0d\x0a      
\"resolved\": \"https://registry.npmjs.org/ansi-styles/-/ansi-styles-5.2.0.tgz\",\x0d\x0a      \"integrity\": 
\"sha512-Cxwpt2SfTzTtXcfOlzGEee8O+c+MmUgGrNiBcXnuWxuFJHe6a5Hz7qwhwe5OgaSYI0IJvkLqWX1ASG+cJOkEiA==\",\x0d\x0a      
\"license\": \"MIT\",\x0d\x0a      \"engines\": {\x0d\x0a        \"node\": \">=10\"\x0d\x0a      },\x0d\x0a      
\"funding\": {\x0d\x0a        \"url\": \"https://github.com/chalk/ansi-styles?sponsor=1\"\x0d\x0a      }\x0d\x0a    
},\x0d\x0a    \"node_modules/@langchain/openai/node_modules/commander\": {\x0d\x0a      \"version\": 
\"10.0.1\",\x0d\x0a      \"resolved\": \"https://registry.npmjs.org/commander/-/commander-10.0.1.tgz\",\x0d\x0a      
\"integrity\": 
\"sha512-y4Mg2tXshplEbSGzx7amzPwKKOCGuoSRP/CjEdwwk0FOGlUbq6lKuoyDZTNZkmxHdJtp54hdfY/JUrdL7Xfdug==\",\x0d\x0a      
\"license\": \"MIT\",\x0d\x0a      \"engines\": {\x0d\x0a        \"node\": \">=14\"\x0d\x0a      }\x0d\x0a    
},\x0d\x0a    \"node_modules/@langchain/openai/node_modules/uuid\": {\x0d\x0a      \"version\": \"10.0.0\",\x0d\x0a    
  \"resolved\": \"https://registry.npmjs.org/uuid/-/uuid-10.0.0.tgz\",\x0d\x0a      \"integrity\": 
\"sha512-8XkAphELsDnEGrDxUOHB3RGvXz6TeuYSGEZBOjtTtPm2lwhGBjLgOzLHB63IUWfBpNucQjND6d3AOudO+H3RWQ==\",\x0d\x0a      
\"funding\": [\x0d\x0a        \"https://github.com/sponsors/broofa\",\x0d\x0a        
\"https://github.com/sponsors/ctavan\"\x0d\x0a      ],\x0d\x0a      \"license\": \"MIT\",\x0d\x0a      \"bin\": 
{\x0d\x0a        \"uuid\": \"dist/bin/uuid\"\x0d\x0a      }\x0d\x0a    },\x0d\x0a    
\"node_modules/@microsoft/clarity\": {\x0d\x0a      \"version\": \"1.0.0\",\x0d\x0a      \"license\": \"MIT\"\x0d\x0a  
  },\x0d\x0a    \"node_modules/@mui/core-downloads-tracker\": {\x0d\x0a      \"version\": \"7.2.0\",\x0d\x0a      
\"license\": \"MIT\",\x0d\x0a      \"funding\": {\x0d\x0a        \"type\": \"opencollective\",\x0d\x0a        \"url\": 
\"https://opencollective.com/mui-org\"\x0d\x0a      }\x0d\x0a    },\x0d\x0a    \"node_modules/@mui/material\": 
{\x0d\x0a      \"version\": \"7.2.0\",\x0d\x0a      \"license\": \"MIT\",\x0d\x0a      \"dependencies\": {\x0d\x0a     
   \"@babel/runtime\": \"^7.27.6\",\x0d\x0a        \"@mui/core-downloads-tracker\": \"^7.2.0\",\x0d\x0a        
\"@mui/system\": \"^7.2.0\",\x0d\x0a        \"@mui/types\": \"^7.4.4\",\x0d\x0a        \"@mui/utils\": 
\"^7.2.0\",\x0d\x0a        \"@popperjs/core\": \"^2.11.8\",\x0d\x0a        \"@types/react-transition-group\": 
\"^4.4.12\",\x0d\x0a        \"clsx\": \"^2.1.1\",\x0d\x0a        \"csstype\": \"^3.1.3\",\x0d\x0a        
\"prop-types\": \"^15.8.1\",\x0d\x0a        \"react-is\": \"^19.1.0\",\x0d\x0a        \"react-transition-group\": 
\"^4.4.5\"\x0d\x0a      },\x0d\x0a      \"engines\": {\x0d\x0a        \"node\": \">=14.0.0\"\x0d\x0a      },\x0d\x0a   
   \"funding\": {\x0d\x0a        \"type\": \"opencollective\",\x0d\x0a        \"url\": 
\"https://opencollective.com/mui-org\"\x0d\x0a      },\x0d\x0a      \"peerDependencies\": {\x0d\x0a        
\"@emotion/react\": \"^11.5.0\",\x0d\x0a        \"@emotion/styled\": \"^11.3.0\",\x0d\x0a        
\"@mui/material-pigment-css\": \"^7.2.0\",\x0d\x0a        \"@types/react\": \"^17.0.0 || ^18.0.0 || ^19.0.0\",\x0d\x0a 
       \"react\": \"^17.0.0 || ^18.0.0 || ^19.0.0\",\x0d\x0a        \"react-dom\": \"^17.0.0 || ^18.0.0 || 
^19.0.0\"\x0d\x0a      },\x0d\x0a      \"peerDependenciesMeta\": {\x0d\x0a        \"@emotion/react\": {\x0d\x0a        
  \"optional\": true\x0d\x0a        },\x0d\x0a        \"@emotion/styled\": {\x0d\x0a          \"optional\": 
true\x0d\x0a        },\x0d\x0a        \"@mui/material-pigment-css\": {\x0d\x0a          \"optional\": true\x0d\x0a     
   },\x0d\x0a        \"@types/react\": {\x0d\x0a          \"optional\": true\x0d\x0a        }\x0d\x0a      }\x0d\x0a   
 },\x0d\x0a    \"node_modules/@mui/material/node_modules/react-is\": {\x0d\x0a      \"version\": \"19.1.0\",\x0d\x0a   
   \"license\": \"MIT\"\x0d\x0a    },\x0d\x0a    \"node_modules/@mui/private-theming\": {\x0d\x0a      \"version\": 
\"7.2.0\",\x0d\x0a      \"license\": \"MIT\",\x0d\x0a      \"dependencies\": {\x0d\x0a        \"@babel/runtime\": 
\"^7.27.6\",\x0d\x0a        \"@mui/utils\": \"^7.2.0\",\x0d\x0a        \"prop-types\": \"^15.8.1\"\x0d\x0a      
},\x0d\x0a      \"engines\": {\x0d\x0a        \"node\": \">=14.0.0\"\x0d\x0a      },\x0d\x0a      \"funding\": 
{\x0d\x0a        \"type\": \"opencollective\",\x0d\x0a        \"url\": \"https://opencollective.com/mui-org\"\x0d\x0a  
    },\x0d\x0a      \"peerDependencies\": {\x0d\x0a        \"@types/react\": \"^17.0.0 || ^18.0.0 || 
^19.0.0\",\x0d\x0a        \"react\": \"^17.0.0 || ^18.0.0 || ^19.0.0\"\x0d\x0a      },\x0d\x0a      
\"peerDependenciesMeta\": {\x0d\x0a        \"@types/react\": {\x0d\x0a          \"optional\": true\x0d\x0a        
}\x0d\x0a      }\x0d\x0a    },\x0d\x0a    \"node_modules/@mui/styled-engine\": {\x0d\x0a      \"version\": 
\"7.2.0\",\x0d\x0a      \"license\": \"MIT\",\x0d\x0a      \"dependencies\": {\x0d\x0a        \"@babel/runtime\": 
\"^7.27.6\",\x0d\x0a        \"@emotion/cache\": \"^11.14.0\",\x0d\x0a        \"@emotion/serialize\": 
\"^1.3.3\",\x0d\x0a        \"@emotion/sheet\": \"^1.4.0\",\x0d\x0a        \"csstype\": \"^3.1.3\",\x0d\x0a        
\"prop-types\": \"^15.8.1\"\x0d\x0a      },\x0d\x0a      \"engines\": {\x0d\x0a        \"node\": \">=14.0.0\"\x0d\x0a  
    },\x0d\x0a      \"funding\": {\x0d\x0a        \"type\": \"opencollective\",\x0d\x0a        \"url\": 
\"https://opencollective.com/mui-org\"\x0d\x0a      },\x0d\x0a      \"peerDependencies\": {\x0d\x0a        
\"@emotion/react\": \"^11.4.1\",\x0d\x0a        \"@emotion/styled\": \"^11.3.0\",\x0d\x0a        \"react\": \"^17.0.0 
|| ^18.0.0 || ^19.0.0\"\x0d\x0a      },\x0d\x0a      \"peerDependenciesMeta\": {\x0d\x0a        \"@emotion/react\": 
{\x0d\x0a          \"optional\": true\x0d\x0a        },\x0d\x0a        \"@emotion/styled\": {\x0d\x0a          
\"optional\": true\x0d\x0a        }\x0d\x0a      }\x0d\x0a    },\x0d\x0a    \"node_modules/@mui/system\": {\x0d\x0a    
  \"version\": \"7.2.0\",\x0d\x0a      \"license\": \"MIT\",\x0d\x0a      \"dependencies\": {\x0d\x0a        
\"@babel/runtime\": \"^7.27.6\",\x0d\x0a        \"@mui/private-theming\": \"^7.2.0\",\x0d\x0a        
\"@mui/styled-engine\": \"^7.2.0\",\x0d\x0a        \"@mui/types\": \"^7.4.4\",\x0d\x0a        \"@mui/utils\": 
\"^7.2.0\",\x0d\x0a        \"clsx\": \"^2.1.1\",\x0d\x0a        \"csstype\": \"^3.1.3\",\x0d\x0a        
\"prop-types\": \"^15.8.1\"\x0d\x0a      },\x0d\x0a      \"engines\": {\x0d\x0a        \"node\": \">=14.0.0\"\x0d\x0a  
    },\x0d\x0a      \"funding\": {\x0d\x0a        \"type\": \"opencollective\",\x0d\x0a        \"url\": 
\"https://opencollective.com/mui-org\"\x0d\x0a      },\x0d\x0a      \"peerDependencies\": {\x0d\x0a        
\"@emotion/react\": \"^11.5.0\",\x0d\x0a        \"@emotion/styled\": \"^11.3.0\",\x0d\x0a        \"@types/react\": 
\"^17.0.0 || ^18.0.0 || ^19.0.0\",\x0d\x0a        \"react\": \"^17.0.0 || ^18.0.0 || ^19.0.0\"\x0d\x0a      },\x0d\x0a 
     \"peerDependenciesMeta\": {\x0d\x0a        \"@emotion/react\": {\x0d\x0a          \"optional\": true\x0d\x0a      
  },\x0d\x0a        \"@emotion/styled\": {\x0d\x0a          \"optional\": true\x0d\x0a        },\x0d\x0a        
\"@types/react\": {\x0d\x0a          \"optional\": true\x0d\x0a        }\x0d\x0a      }\x0d\x0a    },\x0d\x0a    
\"node_modules/@mui/types\": {\x0d\x0a      \"version\": \"7.4.4\",\x0d\x0a      \"license\": \"MIT\",\x0d\x0a      
\"dependencies\": {\x0d\x0a        \"@babel/runtime\": \"^7.27.6\"\x0d\x0a      },\x0d\x0a      \"peerDependencies\": 
{\x0d\x0a        \"@types/react\": \"^17.0.0 || ^18.0.0 || ^19.0.0\"\x0d\x0a      },\x0d\x0a      
\"peerDependenciesMeta\": {\x0d\x0a        \"@types/react\": {\x0d\x0a          \"optional\": true\x0d\x0a        
}\x0d\x0a      }\x0d\x0a    },\x0d\x0a    \"node_modules/@mui/utils\": {\x0d\x0a      \"version\": \"7.2.0\",\x0d\x0a  
    \"license\": \"MIT\",\x0d\x0a      \"dependencies\": {\x0d\x0a        \"@babel/runtime\": \"^7.27.6\",\x0d\x0a     
   \"@mui/types\": \"^7.4.4\",\x0d\x0a        \"@types/prop-types\": \"^15.7.15\",\x0d\x0a        \"clsx\": 
\"^2.1.1\",\x0d\x0a        \"prop-types\": \"^15.8.1\",\x0d\x0a        \"react-is\": \"^19.1.0\"\x0d\x0a      
},\x0d\x0a      \"engines\": {\x0d\x0a        \"node\": \">=14.0.0\"\x0d\x0a      },\x0d\x0a      \"funding\": 
{\x0d\x0a        \"type\": \"opencollective\",\x0d\x0a        \"url\": \"https://opencollective.com/mui-org\"\x0d\x0a  
    },\x0d\x0a      \"peerDependencies\": {\x0d\x0a        \"@types/react\": \"^17.0.0 || ^18.0.0 || 
^19.0.0\",\x0d\x0a        \"react\": \"^17.0.0 || ^18.0.0 || ^19.0.0\"\x0d\x0a      },\x0d\x0a      
\"peerDependenciesMeta\": {\x0d\x0a        \"@types/react\": {\x0d\x0a          \"optional\": true\x0d\x0a        
}\x0d\x0a      }\x0d\x0a    },\x0d\x0a    \"node_modules/@mui/utils/node_modules/react-is\": {\x0d\x0a      
\"version\": \"19.1.0\",\x0d\x0a      \"license\": \"MIT\"\x0d\x0a    },\x0d\x0a    
\"node_modules/@napi-rs/wasm-runtime\": {\x0d\x0a      \"version\": \"0.2.12\",\x0d\x0a      \"resolved\": 
\"https://registry.npmjs.org/@napi-rs/wasm-runtime/-/wasm-runtime-0.2.12.tgz\",\x0d\x0a      \"integrity\": 
\"sha512-ZVWUcfwY4E/yPitQJl481FjFo3K22D6qF0DuFH6Y/nbnE11GY5uguDxZMGXPQ8WQ0128MXQD7TnfHyK4oWoIJQ==\",\x0d\x0a      
\"dev\": true,\x0d\x0a      \"license\": \"MIT\",\x0d\x0a      \"optional\": true,\x0d\x0a      \"dependencies\": 
{\x0d\x0a        \"@emnapi/core\": \"^1.4.3\",\x0d\x0a        \"@emnapi/runtime\": \"^1.4.3\",\x0d\x0a        
\"@tybys/wasm-util\": \"^0.10.0\"\x0d\x0a      }\x0d\x0a    },\x0d\x0a    \"node_modules/@next/env\": {\x0d\x0a      
\"version\": \"15.5.9\",\x0d\x0a      \"resolved\": \"https://registry.npmjs.org/@next/env/-/env-15.5.9.tgz\",\x0d\x0a 
     \"integrity\": 
\"sha512-4GlTZ+EJM7WaW2HEZcyU317tIQDjkQIyENDLxYJfSWlfqguN+dHkZgyQTV/7ykvobU7yEH5gKvreNrH4B6QgIg==\",\x0d\x0a      
\"license\": \"MIT\"\x0d\x0a    },\x0d\x0a    \"node_modules/@next/eslint-plugin-next\": {\x0d\x0a      \"version\": 
\"15.1.6\",\x0d\x0a      \"dev\": true,\x0d\x0a      \"license\": \"MIT\",\x0d\x0a      \"dependencies\": {\x0d\x0a    
    \"fast-glob\": \"3.3.1\"\x0d\x0a      }\x0d\x0a    },\x0d\x0a    
\"node_modules/@next/eslint-plugin-next/node_modules/fast-glob\": {\x0d\x0a      \"version\": \"3.3.1\",\x0d\x0a      
\"dev\": true,\x0d\x0a      \"license\": \"MIT\",\x0d\x0a      \"dependencies\": {\x0d\x0a        
\"@nodelib/fs.stat\": \"^2.0.2\",\x0d\x0a        \"@nodelib/fs.walk\": \"^1.2.3\",\x0d\x0a        \"glob-parent\": 
\"^5.1.2\",\x0d\x0a        \"merge2\": \"^1.3.0\",\x0d\x0a        \"micromatch\": \"^4.0.4\"\x0d\x0a      },\x0d\x0a   
   \"engines\": {\x0d\x0a        \"node\": \">=8.6.0\"\x0d\x0a      }\x0d\x0a    },\x0d\x0a    
\"node_modules/@next/swc-darwin-arm64\": {\x0d\x0a      \"version\": \"15.5.7\",\x0d\x0a      \"resolved\": 
\"https://registry.npmjs.org/@next/swc-darwin-arm64/-/swc-darwin-arm64-15.5.7.tgz\",\x0d\x0a      \"integrity\": 
\"sha512-IZwtxCEpI91HVU/rAUOOobWSZv4P2DeTtNaCdHqLcTJU4wdNXgAySvKa/qJCgR5m6KI8UsKDXtO2B31jcaw1Yw==\",\x0d\x0a      
\"cpu\": [\x0d\x0a        \"arm64\"\x0d\x0a      ],\x0d\x0a      \"license\": \"MIT\",\x0d\x0a      \"optional\": 
true,\x0d\x0a      \"os\": [\x0d\x0a        \"darwin\"\x0d\x0a      ],\x0d\x0a      \"engines\": {\x0d\x0a        
\"node\": \">= 10\"\x0d\x0a      }\x0d\x0a    },\x0d\x0a    \"node_modules/@next/swc-darwin-x64\": {\x0d\x0a      
\"version\": \"15.5.7\",\x0d\x0a      \"resolved\": 
\"https://registry.npmjs.org/@next/swc-darwin-x64/-/swc-darwin-x64-15.5.7.tgz\",\x0d\x0a      \"integrity\": 
\"sha512-UP6CaDBcqaCBuiq/gfCEJw7sPEoX1aIjZHnBWN9v9qYHQdMKvCKcAVs4OX1vIjeE+tC5EIuwDTVIoXpUes29lg==\",\x0d\x0a      
\"cpu\": [\x0d\x0a        \"x64\"\x0d\x0a      ],\x0d\x0a      \"license\": \"MIT\",\x0d\x0a      \"optional\": 
true,\x0d\x0a      \"os\": [\x0d\x0a        \"darwin\"\x0d\x0a      ],\x0d\x0a      \"engines\": {\x0d\x0a        
\"node\": \">= 10\"\x0d\x0a      }\x0d\x0a    },\x0d\x0a    \"node_modules/@next/swc-linux-arm64-gnu\": {\x0d\x0a      
\"version\": \"15.5.7\",\x0d\x0a      \"resolved\": 
\"https://registry.npmjs.org/@next/swc-linux-arm64-gnu/-/swc-linux-arm64-gnu-15.5.7.tgz\",\x0d\x0a      \"integrity\": 
\"sha512-NCslw3GrNIw7OgmRBxHtdWFQYhexoUCq+0oS2ccjyYLtcn1SzGzeM54jpTFonIMUjNbHmpKpziXnpxhSWLcmBA==\",\x0d\x0a      
\"cpu\": [\x0d\x0a        \"arm64\"\x0d\x0a      ],\x0d\x0a      \"license\": \"MIT\",\x0d\x0a      \"optional\": 
true,\x0d\x0a      \"os\": [\x0d\x0a        \"linux\"\x0d\x0a      ],\x0d\x0a      \"engines\": {\x0d\x0a        
\"node\": \">= 10\"\x0d\x0a      }\x0d\x0a    },\x0d\x0a    \"node_modules/@next/swc-linux-arm64-musl\": {\x0d\x0a     
 \"version\": \"15.5.7\",\x0d\x0a      \"resolved\": 
\"https://registry.npmjs.org/@next/swc-linux-arm64-musl/-/swc-linux-arm64-musl-15.5.7.tgz\",\x0d\x0a      
\"integrity\": 
\"sha512-nfymt+SE5cvtTrG9u1wdoxBr9bVB7mtKTcj0ltRn6gkP/2Nu1zM5ei8rwP9qKQP0Y//umK+TtkKgNtfboBxRrw==\",\x0d\x0a      
\"cpu\": [\x0d\x0a        \"arm64\"\x0d\x0a      ],\x0d\x0a      \"license\": \"MIT\",\x0d\x0a      \"optional\": 
true,\x0d\x0a      \"os\": [\x0d\x0a        \"linux\"\x0d\x0a      ],\x0d\x0a      \"engines\": {\x0d\x0a        
\"node\": \">= 10\"\x0d\x0a      }\x0d\x0a    },\x0d\x0a    \"node_modules/@next/swc-linux-x64-gnu\": {\x0d\x0a      
\"version\": \"15.5.7\",\x0d\x0a      \"resolved\": 
\"https://registry.npmjs.org/@next/swc-linux-x64-gnu/-/swc-linux-x64-gnu-15.5.7.tgz\",\x0d\x0a      \"integrity\": 
\"sha512-hvXcZvCaaEbCZcVzcY7E1uXN9xWZfFvkNHwbe/n4OkRhFWrs1J1QV+4U1BN06tXLdaS4DazEGXwgqnu/VMcmqw==\",\x0d\x0a      
\"cpu\": [\x0d\x0a        \"x64\"\x0d\x0a      ],\x0d\x0a      \"license\": \"MIT\",\x0d\x0a      \"optional\": 
true,\x0d\x0a      \"os\": [\x0d\x0a        \"linux\"\x0d\x0a      ],\x0d\x0a      \"engines\": {\x0d\x0a        
\"node\": \">= 10\"\x0d\x0a      }\x0d\x0a    },\x0d\x0a    \"node_modules/@next/swc-linux-x64-musl\": {\x0d\x0a      
\"version\": \"15.5.7\",\x0d\x0a      \"resolved\": 
\"https://registry.npmjs.org/@next/swc-linux-x64-musl/-/swc-linux-x64-musl-15.5.7.tgz\",\x0d\x0a      \"integrity\": 
\"sha512-4IUO539b8FmF0odY6/SqANJdgwn1xs1GkPO5doZugwZ3ETF6JUdckk7RGmsfSf7ws8Qb2YB5It33mvNL/0acqA==\",\x0d\x0a      
\"cpu\": [\x0d\x0a        \"x64\"\x0d\x0a      ],\x0d\x0a      \"license\": \"MIT\",\x0d\x0a      \"optional\": 
true,\x0d\x0a      \"os\": [\x0d\x0a        \"linux\"\x0d\x0a      ],\x0d\x0a      \"engines\": {\x0d\x0a        
\"node\": \">= 10\"\x0d\x0a      }\x0d\x0a    },\x0d\x0a    \"node_modules/@next/swc-win32-arm64-msvc\": {\x0d\x0a     
 \"version\": \"15.5.7\",\x0d\x0a      \"resolved\": 
\"https://registry.npmjs.org/@next/swc-win32-arm64-msvc/-/swc-win32-arm64-msvc-15.5.7.tgz\",\x0d\x0a      
\"integrity\": 
\"sha512-CpJVTkYI3ZajQkC5vajM7/ApKJUOlm6uP4BknM3XKvJ7VXAvCqSjSLmM0LKdYzn6nBJVSjdclx8nYJSa3xlTgQ==\",\x0d\x0a      
\"cpu\": [\x0d\x0a        \"arm64\"\x0d\x0a      ],\x0d\x0a      \"license\": \"MIT\",\x0d\x0a      \"optional\": 
true,\x0d\x0a      \"os\": [\x0d\x0a        \"win32\"\x0d\x0a      ],\x0d\x0a      \"engines\": {\x0d\x0a        
\"node\": \">= 10\"\x0d\x0a      }\x0d\x0a    },\x0d\x0a    \"node_modules/@next/swc-win32-x64-msvc\": {\x0d\x0a      
\"version\": \"15.5.7\",\x0d\x0a      \"resolved\": 
\"https://registry.npmjs.org/@next/swc-win32-x64-msvc/-/swc-win32-x64-msvc-15.5.7.tgz\",\x0d\x0a      \"integrity\": 
\"sha512-gMzgBX164I6DN+9/PGA+9dQiwmTkE4TloBNx8Kv9UiGARsr9Nba7IpcBRA1iTV9vwlYnrE3Uy6I7Aj6qLjQuqw==\",\x0d\x0a      
\"cpu\": [\x0d\x0a        \"x64\"\x0d\x0a      ],\x0d\x0a      \"license\": \"MIT\",\x0d\x0a      \"optional\": 
true,\x0d\x0a      \"os\": [\x0d\x0a        \"win32\"\x0d\x0a      ],\x0d\x0a      \"engines\": {\x0d\x0a        
\"node\": \">= 10\"\x0d\x0a      }\x0d\x0a    },\x0d\x0a    \"node_modules/@next/third-parties\": {\x0d\x0a      
\"version\": \"15.4.3\",\x0d\x0a      \"license\": \"MIT\",\x0d\x0a      \"dependencies\": {\x0d\x0a        
\"third-party-capital\": \"1.0.20\"\x0d\x0a      },\x0d\x0a      \"peerDependencies\": {\x0d\x0a        \"next\": 
\"^13.0.0 || ^14.0.0 || ^15.0.0\",\x0d\x0a        \"react\": \"^18.2.0 || 19.0.0-rc-de68d2f4-20241204 || 
^19.0.0\"\x0d\x0a      }\x0d\x0a    },\x0d\x0a    \"node_modules/@nodelib/fs.scandir\": {\x0d\x0a      \"version\": 
\"2.1.5\",\x0d\x0a      \"dev\": true,\x0d\x0a      \"license\": \"MIT\",\x0d\x0a      \"dependencies\": {\x0d\x0a     
   \"@nodelib/fs.stat\": \"2.0.5\",\x0d\x0a        \"run-parallel\": \"^1.1.9\"\x0d\x0a      },\x0d\x0a      
\"engines\": {\x0d\x0a        \"node\": \">= 8\"\x0d\x0a      }\x0d\x0a    },\x0d\x0a    
\"node_modules/@nodelib/fs.stat\": {\x0d\x0a      \"version\": \"2.0.5\",\x0d\x0a      \"dev\": true,\x0d\x0a      
\"license\": \"MIT\",\x0d\x0a      \"engines\": {\x0d\x0a        \"node\": \">= 8\"\x0d\x0a      }\x0d\x0a    
},\x0d\x0a    \"node_modules/@nodelib/fs.walk\": {\x0d\x0a      \"version\": \"1.2.8\",\x0d\x0a      \"dev\": 
true,\x0d\x0a      \"license\": \"MIT\",\x0d\x0a      \"dependencies\": {\x0d\x0a        \"@nodelib/fs.scandir\": 
\"2.1.5\",\x0d\x0a        \"fastq\": \"^1.6.0\"\x0d\x0a      },\x0d\x0a      \"engines\": {\x0d\x0a        \"node\": 
\">= 8\"\x0d\x0a      }\x0d\x0a    },\x0d\x0a    \"node_modules/@nolyfill/is-core-module\": {\x0d\x0a      
\"version\": \"1.0.39\",\x0d\x0a      \"dev\": true,\x0d\x0a      \"license\": \"MIT\",\x0d\x0a      \"engines\": 
{\x0d\x0a        \"node\": \">=12.4.0\"\x0d\x0a      }\x0d\x0a    },\x0d\x0a    \"node_modules/@pkgjs/parseargs\": 
{\x0d\x0a      \"version\": \"0.11.0\",\x0d\x0a      \"dev\": true,\x0d\x0a      \"license\": \"MIT\",\x0d\x0a      
\"optional\": true,\x0d\x0a      \"engines\": {\x0d\x0a        \"node\": \">=14\"\x0d\x0a      }\x0d\x0a    },\x0d\x0a 
   \"node_modules/@popperjs/core\": {\x0d\x0a      \"version\": \"2.11.8\",\x0d\x0a      \"license\": \"MIT\",\x0d\x0a 
     \"funding\": {\x0d\x0a        \"type\": \"opencollective\",\x0d\x0a        \"url\": 
\"https://opencollective.com/popperjs\"\x0d\x0a      }\x0d\x0a    },\x0d\x0a    
\"node_modules/@protobufjs/aspromise\": {\x0d\x0a      \"version\": \"1.1.2\",\x0d\x0a      \"license\": 
\"BSD-3-Clause\"\x0d\x0a    },\x0d\x0a    \"node_modules/@protobufjs/base64\": {\x0d\x0a      \"version\": 
\"1.1.2\",\x0d\x0a      \"license\": \"BSD-3-Clause\"\x0d\x0a    },\x0d\x0a    \"node_modules/@protobufjs/codegen\": 
{\x0d\x0a      \"version\": \"2.0.4\",\x0d\x0a      \"license\": \"BSD-3-Clause\"\x0d\x0a    },\x0d\x0a    
\"node_modules/@protobufjs/eventemitter\": {\x0d\x0a      \"version\": \"1.1.0\",\x0d\x0a      \"license\": 
\"BSD-3-Clause\"\x0d\x0a    },\x0d\x0a    \"node_modules/@protobufjs/fetch\": {\x0d\x0a      \"version\": 
\"1.1.0\",\x0d\x0a      \"license\": \"BSD-3-Clause\",\x0d\x0a      \"dependencies\": {\x0d\x0a        
\"@protobufjs/aspromise\": \"^1.1.1\",\x0d\x0a        \"@protobufjs/inquire\": \"^1.1.0\"\x0d\x0a      }\x0d\x0a    
},\x0d\x0a    \"node_modules/@protobufjs/float\": {\x0d\x0a      \"version\": \"1.0.2\",\x0d\x0a      \"license\": 
\"BSD-3-Clause\"\x0d\x0a    },\x0d\x0a    \"node_modules/@protobufjs/inquire\": {\x0d\x0a      \"version\": 
\"1.1.0\",\x0d\x0a      \"license\": \"BSD-3-Clause\"\x0d\x0a    },\x0d\x0a    \"node_modules/@protobufjs/path\": 
{\x0d\x0a      \"version\": \"1.1.2\",\x0d\x0a      \"license\": \"BSD-3-Clause\"\x0d\x0a    },\x0d\x0a    
\"node_modules/@protobufjs/pool\": {\x0d\x0a      \"version\": \"1.1.0\",\x0d\x0a      \"license\": 
\"BSD-3-Clause\"\x0d\x0a    },\x0d\x0a    \"node_modules/@protobufjs/utf8\": {\x0d\x0a      \"version\": 
\"1.1.0\",\x0d\x0a      \"license\": \"BSD-3-Clause\"\x0d\x0a    },\x0d\x0a    \"node_modules/@react-aria/focus\": 
{\x0d\x0a      \"version\": \"3.21.0\",\x0d\x0a      \"license\": \"Apache-2.0\",\x0d\x0a      \"dependencies\": 
{\x0d\x0a        \"@react-aria/interactions\": \"^3.25.4\",\x0d\x0a        \"@react-aria/utils\": \"^3.30.0\",\x0d\x0a 
       \"@react-types/shared\": \"^3.31.0\",\x0d\x0a        \"@swc/helpers\": \"^0.5.0\",\x0d\x0a        \"clsx\": 
\"^2.0.0\"\x0d\x0a      },\x0d\x0a      \"peerDependencies\": {\x0d\x0a        \"react\": \"^16.8.0 || ^17.0.0-rc.1 || 
^18.0.0 || ^19.0.0-rc.1\",\x0d\x0a        \"react-dom\": \"^16.8.0 || ^17.0.0-rc.1 || ^18.0.0 || 
^19.0.0-rc.1\"\x0d\x0a      }\x0d\x0a    },\x0d\x0a    \"node_modules/@react-aria/interactions\": {\x0d\x0a      
\"version\": \"3.25.4\",\x0d\x0a      \"license\": \"Apache-2.0\",\x0d\x0a      \"dependencies\": {\x0d\x0a        
\"@react-aria/ssr\": \"^3.9.10\",\x0d\x0a        \"@react-aria/utils\": \"^3.30.0\",\x0d\x0a        
\"@react-stately/flags\": \"^3.1.2\",\x0d\x0a        \"@react-types/shared\": \"^3.31.0\",\x0d\x0a        
\"@swc/helpers\": \"^0.5.0\"\x0d\x0a      },\x0d\x0a      \"peerDependencies\": {\x0d\x0a        \"react\": \"^16.8.0 
|| ^17.0.0-rc.1 || ^18.0.0 || ^19.0.0-rc.1\",\x0d\x0a        \"react-dom\": \"^16.8.0 || ^17.0.0-rc.1 || ^18.0.0 || 
^19.0.0-rc.1\"\x0d\x0a      }\x0d\x0a    },\x0d\x0a    \"node_modules/@react-aria/ssr\": {\x0d\x0a      \"version\": 
\"3.9.10\",\x0d\x0a      \"license\": \"Apache-2.0\",\x0d\x0a      \"dependencies\": {\x0d\x0a        
\"@swc/helpers\": \"^0.5.0\"\x0d\x0a      },\x0d\x0a      \"engines\": {\x0d\x0a        \"node\": \">= 12\"\x0d\x0a    
  },\x0d\x0a      \"peerDependencies\": {\x0d\x0a        \"react\": \"^16.8.0 || ^17.0.0-rc.1 || ^18.0.0 || 
^19.0.0-rc.1\"\x0d\x0a      }\x0d\x0a    },\x0d\x0a    \"node_modules/@react-aria/utils\": {\x0d\x0a      \"version\": 
\"3.30.0\",\x0d\x0a      \"license\": \"Apache-2.0\",\x0d\x0a      \"dependencies\": {\x0d\x0a        
\"@react-aria/ssr\": \"^3.9.10\",\x0d\x0a        \"@react-stately/flags\": \"^3.1.2\",\x0d\x0a        
\"@react-stately/utils\": \"^3.10.8\",\x0d\x0a        \"@react-types/shared\": \"^3.31.0\",\x0d\x0a        
\"@swc/helpers\": \"^0.5.0\",\x0d\x0a        \"clsx\": \"^2.0.0\"\x0d\x0a      },\x0d\x0a      \"peerDependencies\": 
{\x0d\x0a        \"react\": \"^16.8.0 || ^17.0.0-rc.1 || ^18.0.0 || ^19.0.0-rc.1\",\x0d\x0a        \"react-dom\": 
\"^16.8.0 || ^17.0.0-rc.1 || ^18.0.0 || ^19.0.0-rc.1\"\x0d\x0a      }\x0d\x0a    },\x0d\x0a    
\"node_modules/@react-email/render\": {\x0d\x0a      \"version\": \"1.1.2\",\x0d\x0a      \"license\": 
\"MIT\",\x0d\x0a      \"dependencies\": {\x0d\x0a        \"html-to-text\": \"^9.0.5\",\x0d\x0a        \"prettier\": 
\"^3.5.3\",\x0d\x0a        \"react-promise-suspense\": \"^0.3.4\"\x0d\x0a      },\x0d\x0a      \"engines\": {\x0d\x0a  
      \"node\": \">=18.0.0\"\x0d\x0a      },\x0d\x0a      \"peerDependencies\": {\x0d\x0a        \"react\": \"^18.0 || 
^19.0 || ^19.0.0-rc\",\x0d\x0a        \"react-dom\": \"^18.0 || ^19.0 || ^19.0.0-rc\"\x0d\x0a      }\x0d\x0a    
},\x0d\x0a    \"node_modules/@react-stately/flags\": {\x0d\x0a      \"version\": \"3.1.2\",\x0d\x0a      \"license\": 
\"Apache-2.0\",\x0d\x0a      \"dependencies\": {\x0d\x0a        \"@swc/helpers\": \"^0.5.0\"\x0d\x0a      }\x0d\x0a    
},\x0d\x0a    \"node_modules/@react-stately/utils\": {\x0d\x0a      \"version\": \"3.10.8\",\x0d\x0a      \"license\": 
\"Apache-2.0\",\x0d\x0a      \"dependencies\": {\x0d\x0a        \"@swc/helpers\": \"^0.5.0\"\x0d\x0a      },\x0d\x0a   
   \"peerDependencies\": {\x0d\x0a        \"react\": \"^16.8.0 || ^17.0.0-rc.1 || ^18.0.0 || ^19.0.0-rc.1\"\x0d\x0a    
  }\x0d\x0a    },\x0d\x0a    \"node_modules/@react-types/shared\": {\x0d\x0a      \"version\": \"3.31.0\",\x0d\x0a     
 \"license\": \"Apache-2.0\",\x0d\x0a      \"peerDependencies\": {\x0d\x0a        \"react\": \"^16.8.0 || ^17.0.0-rc.1 
|| ^18.0.0 || ^19.0.0-rc.1\"\x0d\x0a      }\x0d\x0a    },\x0d\x0a    \"node_modules/@rtsao/scc\": {\x0d\x0a      
\"version\": \"1.1.0\",\x0d\x0a      \"dev\": true,\x0d\x0a      \"license\": \"MIT\"\x0d\x0a    },\x0d\x0a    
\"node_modules/@rushstack/eslint-patch\": {\x0d\x0a      \"version\": \"1.12.0\",\x0d\x0a      \"dev\": true,\x0d\x0a  
    \"license\": \"MIT\"\x0d\x0a    },\x0d\x0a    \"node_modules/@selderee/plugin-htmlparser2\": {\x0d\x0a      
\"version\": \"0.11.0\",\x0d\x0a      \"license\": \"MIT\",\x0d\x0a      \"dependencies\": {\x0d\x0a        
\"domhandler\": \"^5.0.3\",\x0d\x0a        \"selderee\": \"^0.11.0\"\x0d\x0a      },\x0d\x0a      \"funding\": 
{\x0d\x0a        \"url\": \"https://ko-fi.com/killymxi\"\x0d\x0a      }\x0d\x0a    },\x0d\x0a    
\"node_modules/@swc/helpers\": {\x0d\x0a      \"version\": \"0.5.17\",\x0d\x0a      \"license\": 
\"Apache-2.0\",\x0d\x0a      \"dependencies\": {\x0d\x0a        \"tslib\": \"^2.8.0\"\x0d\x0a      }\x0d\x0a    
},\x0d\x0a    \"node_modules/@tanstack/react-virtual\": {\x0d\x0a      \"version\": \"3.13.12\",\x0d\x0a      
\"license\": \"MIT\",\x0d\x0a      \"dependencies\": {\x0d\x0a        \"@tanstack/virtual-core\": \"3.13.12\"\x0d\x0a  
    },\x0d\x0a      \"funding\": {\x0d\x0a        \"type\": \"github\",\x0d\x0a        \"url\": 
\"https://github.com/sponsors/tannerlinsley\"\x0d\x0a      },\x0d\x0a      \"peerDependencies\": {\x0d\x0a        
\"react\": \"^16.8.0 || ^17.0.0 || ^18.0.0 || ^19.0.0\",\x0d\x0a        \"react-dom\": \"^16.8.0 || ^17.0.0 || ^18.0.0 
|| ^19.0.0\"\x0d\x0a      }\x0d\x0a    },\x0d\x0a    \"node_modules/@tanstack/virtual-core\": {\x0d\x0a      
\"version\": \"3.13.12\",\x0d\x0a      \"license\": \"MIT\",\x0d\x0a      \"funding\": {\x0d\x0a        \"type\": 
\"github\",\x0d\x0a        \"url\": \"https://github.com/sponsors/tannerlinsley\"\x0d\x0a      }\x0d\x0a    },\x0d\x0a 
   \"node_modules/@tybys/wasm-util\": {\x0d\x0a      \"version\": \"0.10.1\",\x0d\x0a      \"resolved\": 
\"https://registry.npmjs.org/@tybys/wasm-util/-/wasm-util-0.10.1.tgz\",\x0d\x0a      \"integrity\": 
\"sha512-9tTaPJLSiejZKx+Bmog4uSubteqTvFrVrURwkmHixBo0G4seD0zUxp98E1DzUBJxLQ3NPwXrGKDiVjwx/DpPsg==\",\x0d\x0a      
\"dev\": true,\x0d\x0a      \"license\": \"MIT\",\x0d\x0a      \"optional\": true,\x0d\x0a      \"dependencies\": 
{\x0d\x0a        \"tslib\": \"^2.4.0\"\x0d\x0a      }\x0d\x0a    },\x0d\x0a    \"node_modules/@types/chart.js\": 
{\x0d\x0a      \"version\": \"2.9.41\",\x0d\x0a      \"dev\": true,\x0d\x0a      \"license\": \"MIT\",\x0d\x0a      
\"dependencies\": {\x0d\x0a        \"moment\": \"^2.10.2\"\x0d\x0a      }\x0d\x0a    },\x0d\x0a    
\"node_modules/@types/debug\": {\x0d\x0a      \"version\": \"4.1.12\",\x0d\x0a      \"license\": \"MIT\",\x0d\x0a      
\"dependencies\": {\x0d\x0a        \"@types/ms\": \"*\"\x0d\x0a      }\x0d\x0a    },\x0d\x0a    
\"node_modules/@types/dlv\": {\x0d\x0a      \"version\": \"1.1.5\",\x0d\x0a      \"resolved\": 
\"https://registry.npmjs.org/@types/dlv/-/dlv-1.1.5.tgz\",\x0d\x0a      \"integrity\": 
\"sha512-JHOWNfiWepAhfwlSw17kiWrWrk6od2dEQgHltJw9AS0JPFoLZJBge5+Dnil2NfdjAvJ/+vGSX60/BRW20PpUXw==\",\x0d\x0a      
\"license\": \"MIT\",\x0d\x0a      \"peer\": true\x0d\x0a    },\x0d\x0a    \"node_modules/@types/estree\": {\x0d\x0a   
   \"version\": \"1.0.8\",\x0d\x0a      \"license\": \"MIT\"\x0d\x0a    },\x0d\x0a    
\"node_modules/@types/estree-jsx\": {\x0d\x0a      \"version\": \"1.0.5\",\x0d\x0a      \"license\": \"MIT\",\x0d\x0a  
    \"dependencies\": {\x0d\x0a        \"@types/estree\": \"*\"\x0d\x0a      }\x0d\x0a    },\x0d\x0a    
\"node_modules/@types/hast\": {\x0d\x0a      \"version\": \"3.0.4\",\x0d\x0a      \"license\": \"MIT\",\x0d\x0a      
\"dependencies\": {\x0d\x0a        \"@types/unist\": \"*\"\x0d\x0a      }\x0d\x0a    },\x0d\x0a    
\"node_modules/@types/json-schema\": {\x0d\x0a      \"version\": \"7.0.15\",\x0d\x0a      \"dev\": true,\x0d\x0a      
\"license\": \"MIT\"\x0d\x0a    },\x0d\x0a    \"node_modules/@types/json5\": {\x0d\x0a      \"version\": 
\"0.0.29\",\x0d\x0a      \"dev\": true,\x0d\x0a      \"license\": \"MIT\"\x0d\x0a    },\x0d\x0a    
\"node_modules/@types/mdast\": {\x0d\x0a      \"version\": \"4.0.4\",\x0d\x0a      \"license\": \"MIT\",\x0d\x0a      
\"dependencies\": {\x0d\x0a        \"@types/unist\": \"*\"\x0d\x0a      }\x0d\x0a    },\x0d\x0a    
\"node_modules/@types/ms\": {\x0d\x0a      \"version\": \"2.1.0\",\x0d\x0a      \"license\": \"MIT\"\x0d\x0a    
},\x0d\x0a    \"node_modules/@types/node\": {\x0d\x0a      \"version\": \"24.1.0\",\x0d\x0a      \"license\": 
\"MIT\",\x0d\x0a      \"dependencies\": {\x0d\x0a        \"undici-types\": \"~7.8.0\"\x0d\x0a      }\x0d\x0a    
},\x0d\x0a    \"node_modules/@types/node-fetch\": {\x0d\x0a      \"version\": \"2.6.12\",\x0d\x0a      \"license\": 
\"MIT\",\x0d\x0a      \"dependencies\": {\x0d\x0a        \"@types/node\": \"*\",\x0d\x0a        \"form-data\": 
\"^4.0.0\"\x0d\x0a      }\x0d\x0a    },\x0d\x0a    \"node_modules/@types/nodemailer\": {\x0d\x0a      \"version\": 
\"6.4.17\",\x0d\x0a      \"dev\": true,\x0d\x0a      \"license\": \"MIT\",\x0d\x0a      \"dependencies\": {\x0d\x0a    
    \"@types/node\": \"*\"\x0d\x0a      }\x0d\x0a    },\x0d\x0a    \"node_modules/@types/parse-json\": {\x0d\x0a      
\"version\": \"4.0.2\",\x0d\x0a      \"license\": \"MIT\"\x0d\x0a    },\x0d\x0a    \"node_modules/@types/prop-types\": 
{\x0d\x0a      \"version\": \"15.7.15\",\x0d\x0a      \"license\": \"MIT\"\x0d\x0a    },\x0d\x0a    
\"node_modules/@types/react\": {\x0d\x0a      \"version\": \"19.1.8\",\x0d\x0a      \"license\": \"MIT\",\x0d\x0a      
\"peer\": true,\x0d\x0a      \"dependencies\": {\x0d\x0a        \"csstype\": \"^3.0.2\"\x0d\x0a      }\x0d\x0a    
},\x0d\x0a    \"node_modules/@types/react-dom\": {\x0d\x0a      \"version\": \"19.1.6\",\x0d\x0a      \"dev\": 
true,\x0d\x0a      \"license\": \"MIT\",\x0d\x0a      \"peerDependencies\": {\x0d\x0a        \"@types/react\": 
\"^19.0.0\"\x0d\x0a      }\x0d\x0a    },\x0d\x0a    \"node_modules/@types/react-dropzone\": {\x0d\x0a      
\"version\": \"4.2.2\",\x0d\x0a      \"license\": \"MIT\",\x0d\x0a      \"dependencies\": {\x0d\x0a        
\"@types/react\": \"*\"\x0d\x0a      }\x0d\x0a    },\x0d\x0a    \"node_modules/@types/react-transition-group\": 
{\x0d\x0a      \"version\": \"4.4.12\",\x0d\x0a      \"license\": \"MIT\",\x0d\x0a      \"peerDependencies\": 
{\x0d\x0a        \"@types/react\": \"*\"\x0d\x0a      }\x0d\x0a    },\x0d\x0a    \"node_modules/@types/retry\": 
{\x0d\x0a      \"version\": \"0.12.0\",\x0d\x0a      \"license\": \"MIT\"\x0d\x0a    },\x0d\x0a    
\"node_modules/@types/unist\": {\x0d\x0a      \"version\": \"3.0.3\",\x0d\x0a      \"license\": \"MIT\"\x0d\x0a    
},\x0d\x0a    \"node_modules/@types/uuid\": {\x0d\x0a      \"version\": \"10.0.0\",\x0d\x0a      \"license\": 
\"MIT\"\x0d\x0a    },\x0d\x0a    \"node_modules/@typescript-eslint/eslint-plugin\": {\x0d\x0a      \"version\": 
\"8.38.0\",\x0d\x0a      \"dev\": true,\x0d\x0a      \"license\": \"MIT\",\x0d\x0a      \"dependencies\": {\x0d\x0a    
    \"@eslint-community/regexpp\": \"^4.10.0\",\x0d\x0a        \"@typescript-eslint/scope-manager\": 
\"8.38.0\",\x0d\x0a        \"@typescript-eslint/type-utils\": \"8.38.0\",\x0d\x0a        \"@typescript-eslint/utils\": 
\"8.38.0\",\x0d\x0a        \"@typescript-eslint/visitor-keys\": \"8.38.0\",\x0d\x0a        \"graphemer\": 
\"^1.4.0\",\x0d\x0a        \"ignore\": \"^7.0.0\",\x0d\x0a        \"natural-compare\": \"^1.4.0\",\x0d\x0a        
\"ts-api-utils\": \"^2.1.0\"\x0d\x0a      },\x0d\x0a      \"engines\": {\x0d\x0a        \"node\": \"^18.18.0 || 
^20.9.0 || >=21.1.0\"\x0d\x0a      },\x0d\x0a      \"funding\": {\x0d\x0a        \"type\": \"opencollective\",\x0d\x0a 
       \"url\": \"https://opencollective.com/typescript-eslint\"\x0d\x0a      },\x0d\x0a      \"peerDependencies\": 
{\x0d\x0a        \"@typescript-eslint/parser\": \"^8.38.0\",\x0d\x0a        \"eslint\": \"^8.57.0 || ^9.0.0\",\x0d\x0a 
       \"typescript\": \">=4.8.4 <5.9.0\"\x0d\x0a      }\x0d\x0a    },\x0d\x0a    
\"node_modules/@typescript-eslint/eslint-plugin/node_modules/ignore\": {\x0d\x0a      \"version\": \"7.0.5\",\x0d\x0a  
    \"dev\": true,\x0d\x0a      \"license\": \"MIT\",\x0d\x0a      \"engines\": {\x0d\x0a        \"node\": \">= 
4\"\x0d\x0a      }\x0d\x0a    },\x0d\x0a    \"node_modules/@typescript-eslint/parser\": {\x0d\x0a      \"version\": 
\"8.38.0\",\x0d\x0a      \"dev\": true,\x0d\x0a      \"license\": \"MIT\",\x0d\x0a      \"peer\": true,\x0d\x0a      
\"dependencies\": {\x0d\x0a        \"@typescript-eslint/scope-manager\": \"8.38.0\",\x0d\x0a        
\"@typescript-eslint/types\": \"8.38.0\",\x0d\x0a        \"@typescript-eslint/typescript-estree\": \"8.38.0\",\x0d\x0a 
       \"@typescript-eslint/visitor-keys\": \"8.38.0\",\x0d\x0a        \"debug\": \"^4.3.4\"\x0d\x0a      },\x0d\x0a   
   \"engines\": {\x0d\x0a        \"node\": \"^18.18.0 || ^20.9.0 || >=21.1.0\"\x0d\x0a      },\x0d\x0a      
\"funding\": {\x0d\x0a        \"type\": \"opencollective\",\x0d\x0a        \"url\": 
\"https://opencollective.com/typescript-eslint\"\x0d\x0a      },\x0d\x0a      \"peerDependencies\": {\x0d\x0a        
\"eslint\": \"^8.57.0 || ^9.0.0\",\x0d\x0a        \"typescript\": \">=4.8.4 <5.9.0\"\x0d\x0a      }\x0d\x0a    
},\x0d\x0a    \"node_modules/@typescript-eslint/project-service\": {\x0d\x0a      \"version\": \"8.38.0\",\x0d\x0a     
 \"dev\": true,\x0d\x0a      \"license\": \"MIT\",\x0d\x0a      \"dependencies\": {\x0d\x0a        
\"@typescript-eslint/tsconfig-utils\": \"^8.38.0\",\x0d\x0a        \"@typescript-eslint/types\": \"^8.38.0\",\x0d\x0a  
      \"debug\": \"^4.3.4\"\x0d\x0a      },\x0d\x0a      \"engines\": {\x0d\x0a        \"node\": \"^18.18.0 || ^20.9.0 
|| >=21.1.0\"\x0d\x0a      },\x0d\x0a      \"funding\": {\x0d\x0a        \"type\": \"opencollective\",\x0d\x0a        
\"url\": \"https://opencollective.com/typescript-eslint\"\x0d\x0a      },\x0d\x0a      \"peerDependencies\": {\x0d\x0a 
       \"typescript\": \">=4.8.4 <5.9.0\"\x0d\x0a      }\x0d\x0a    },\x0d\x0a    
\"node_modules/@typescript-eslint/scope-manager\": {\x0d\x0a      \"version\": \"8.38.0\",\x0d\x0a      \"dev\": 
true,\x0d\x0a      \"license\": \"MIT\",\x0d\x0a      \"dependencies\": {\x0d\x0a        \"@typescript-eslint/types\": 
\"8.38.0\",\x0d\x0a        \"@typescript-eslint/visitor-keys\": \"8.38.0\"\x0d\x0a      },\x0d\x0a      \"engines\": 
{\x0d\x0a        \"node\": \"^18.18.0 || ^20.9.0 || >=21.1.0\"\x0d\x0a      },\x0d\x0a      \"funding\": {\x0d\x0a     
   \"type\": \"opencollective\",\x0d\x0a        \"url\": \"https://opencollective.com/typescript-eslint\"\x0d\x0a      
}\x0d\x0a    },\x0d\x0a    \"node_modules/@typescript-eslint/tsconfig-utils\": {\x0d\x0a      \"version\": 
\"8.38.0\",\x0d\x0a      \"dev\": true,\x0d\x0a      \"license\": \"MIT\",\x0d\x0a      \"engines\": {\x0d\x0a        
\"node\": \"^18.18.0 || ^20.9.0 || >=21.1.0\"\x0d\x0a      },\x0d\x0a      \"funding\": {\x0d\x0a        \"type\": 
\"opencollective\",\x0d\x0a        \"url\": \"https://opencollective.com/typescript-eslint\"\x0d\x0a      },\x0d\x0a   
   \"peerDependencies\": {\x0d\x0a        \"typescript\": \">=4.8.4 <5.9.0\"\x0d\x0a      }\x0d\x0a    },\x0d\x0a    
\"node_modules/@typescript-eslint/type-utils\": {\x0d\x0a      \"version\": \"8.38.0\",\x0d\x0a      \"dev\": 
true,\x0d\x0a      \"license\": \"MIT\",\x0d\x0a      \"dependencies\": {\x0d\x0a        \"@typescript-eslint/types\": 
\"8.38.0\",\x0d\x0a        \"@typescript-eslint/typescript-estree\": \"8.38.0\",\x0d\x0a        
\"@typescript-eslint/utils\": \"8.38.0\",\x0d\x0a        \"debug\": \"^4.3.4\",\x0d\x0a        \"ts-api-utils\": 
\"^2.1.0\"\x0d\x0a      },\x0d\x0a      \"engines\": {\x0d\x0a        \"node\": \"^18.18.0 || ^20.9.0 || 
>=21.1.0\"\x0d\x0a      },\x0d\x0a      \"funding\": {\x0d\x0a        \"type\": \"opencollective\",\x0d\x0a        
\"url\": \"https://opencollective.com/typescript-eslint\"\x0d\x0a      },\x0d\x0a      \"peerDependencies\": {\x0d\x0a 
       \"eslint\": \"^8.57.0 || ^9.0.0\",\x0d\x0a        \"typescript\": \">=4.8.4 <5.9.0\"\x0d\x0a      }\x0d\x0a    
},\x0d\x0a    \"node_modules/@typescript-eslint/types\": {\x0d\x0a      \"version\": \"8.38.0\",\x0d\x0a      \"dev\": 
true,\x0d\x0a      \"license\": \"MIT\",\x0d\x0a      \"engines\": {\x0d\x0a        \"node\": \"^18.18.0 || ^20.9.0 || 
>=21.1.0\"\x0d\x0a      },\x0d\x0a      \"funding\": {\x0d\x0a        \"type\": \"opencollective\",\x0d\x0a        
\"url\": \"https://opencollective.com/typescript-eslint\"\x0d\x0a      }\x0d\x0a    },\x0d\x0a    
\"node_modules/@typescript-eslint/typescript-estree\": {\x0d\x0a      \"version\": \"8.38.0\",\x0d\x0a      \"dev\": 
true,\x0d\x0a      \"license\": \"MIT\",\x0d\x0a      \"dependencies\": {\x0d\x0a        
\"@typescript-eslint/project-service\": \"8.38.0\",\x0d\x0a        \"@typescript-eslint/tsconfig-utils\": 
\"8.38.0\",\x0d\x0a        \"@typescript-eslint/types\": \"8.38.0\",\x0d\x0a        
\"@typescript-eslint/visitor-keys\": \"8.38.0\",\x0d\x0a        \"debug\": \"^4.3.4\",\x0d\x0a        \"fast-glob\": 
\"^3.3.2\",\x0d\x0a        \"is-glob\": \"^4.0.3\",\x0d\x0a        \"minimatch\": \"^9.0.4\",\x0d\x0a        
\"semver\": \"^7.6.0\",\x0d\x0a        \"ts-api-utils\": \"^2.1.0\"\x0d\x0a      },\x0d\x0a      \"engines\": 
{\x0d\x0a        \"node\": \"^18.18.0 || ^20.9.0 || >=21.1.0\"\x0d\x0a      },\x0d\x0a      \"funding\": {\x0d\x0a     
   \"type\": \"opencollective\",\x0d\x0a        \"url\": \"https://opencollective.com/typescript-eslint\"\x0d\x0a      
},\x0d\x0a      \"peerDependencies\": {\x0d\x0a        \"typescript\": \">=4.8.4 <5.9.0\"\x0d\x0a      }\x0d\x0a    
},\x0d\x0a    \"node_modules/@typescript-eslint/typescript-estree/node_modules/brace-expansion\": {\x0d\x0a      
\"version\": \"2.0.2\",\x0d\x0a      \"dev\": true,\x0d\x0a      \"license\": \"MIT\",\x0d\x0a      \"dependencies\": 
{\x0d\x0a        \"balanced-match\": \"^1.0.0\"\x0d\x0a      }\x0d\x0a    },\x0d\x0a    
\"node_modules/@typescript-eslint/typescript-estree/node_modules/minimatch\": {\x0d\x0a      \"version\": 
\"9.0.5\",\x0d\x0a      \"dev\": true,\x0d\x0a      \"license\": \"ISC\",\x0d\x0a      \"dependencies\": {\x0d\x0a     
   \"brace-expansion\": \"^2.0.1\"\x0d\x0a      },\x0d\x0a      \"engines\": {\x0d\x0a        \"node\": \">=16 || 14 
>=14.17\"\x0d\x0a      },\x0d\x0a      \"funding\": {\x0d\x0a        \"url\": 
\"https://github.com/sponsors/isaacs\"\x0d\x0a      }\x0d\x0a    },\x0d\x0a    
\"node_modules/@typescript-eslint/utils\": {\x0d\x0a      \"version\": \"8.38.0\",\x0d\x0a      \"dev\": true,\x0d\x0a 
     \"license\": \"MIT\",\x0d\x0a      \"dependencies\": {\x0d\x0a        \"@eslint-community/eslint-utils\": 
\"^4.7.0\",\x0d\x0a        \"@typescript-eslint/scope-manager\": \"8.38.0\",\x0d\x0a        
\"@typescript-eslint/types\": \"8.38.0\",\x0d\x0a        \"@typescript-eslint/typescript-estree\": \"8.38.0\"\x0d\x0a  
    },\x0d\x0a      \"engines\": {\x0d\x0a        \"node\": \"^18.18.0 || ^20.9.0 || >=21.1.0\"\x0d\x0a      
},\x0d\x0a      \"funding\": {\x0d\x0a        \"type\": \"opencollective\",\x0d\x0a        \"url\": 
\"https://opencollective.com/typescript-eslint\"\x0d\x0a      },\x0d\x0a      \"peerDependencies\": {\x0d\x0a        
\"eslint\": \"^8.57.0 || ^9.0.0\",\x0d\x0a        \"typescript\": \">=4.8.4 <5.9.0\"\x0d\x0a      }\x0d\x0a    
},\x0d\x0a    \"node_modules/@typescript-eslint/visitor-keys\": {\x0d\x0a      \"version\": \"8.38.0\",\x0d\x0a      
\"dev\": true,\x0d\x0a      \"license\": \"MIT\",\x0d\x0a      \"dependencies\": {\x0d\x0a        
\"@typescript-eslint/types\": \"8.38.0\",\x0d\x0a        \"eslint-visitor-keys\": \"^4.2.1\"\x0d\x0a      },\x0d\x0a   
   \"engines\": {\x0d\x0a        \"node\": \"^18.18.0 || ^20.9.0 || >=21.1.0\"\x0d\x0a      },\x0d\x0a      
\"funding\": {\x0d\x0a        \"type\": \"opencollective\",\x0d\x0a        \"url\": 
\"https://opencollective.com/typescript-eslint\"\x0d\x0a      }\x0d\x0a    },\x0d\x0a    
\"node_modules/@ungap/structured-clone\": {\x0d\x0a      \"version\": \"1.3.0\",\x0d\x0a      \"license\": 
\"ISC\"\x0d\x0a    },\x0d\x0a    \"node_modules/@unrs/resolver-binding-android-arm-eabi\": {\x0d\x0a      \"version\": 
\"1.11.1\",\x0d\x0a      \"resolved\": \"https://registry.npmjs.org/@unrs/resolver-binding-android-arm-eabi/-/resolver-
binding-android-arm-eabi-1.11.1.tgz\",\x0d\x0a      \"integrity\": 
\"sha512-ppLRUgHVaGRWUx0R0Ut06Mjo9gBaBkg3v/8AxusGLhsIotbBLuRk51rAzqLC8gq6NyyAojEXglNjzf6R948DNw==\",\x0d\x0a      
\"cpu\": [\x0d\x0a        \"arm\"\x0d\x0a      ],\x0d\x0a      \"dev\": true,\x0d\x0a      \"license\": 
\"MIT\",\x0d\x0a      \"optional\": true,\x0d\x0a      \"os\": [\x0d\x0a        \"android\"\x0d\x0a      ]\x0d\x0a    
},\x0d\x0a    \"node_modules/@unrs/resolver-binding-android-arm64\": {\x0d\x0a      \"version\": \"1.11.1\",\x0d\x0a   
   \"resolved\": \"https://registry.npmjs.org/@unrs/resolver-binding-android-arm64/-/resolver-binding-android-arm64-1.1
1.1.tgz\",\x0d\x0a      \"integrity\": 
\"sha512-lCxkVtb4wp1v+EoN+HjIG9cIIzPkX5OtM03pQYkG+U5O/wL53LC4QbIeazgiKqluGeVEeBlZahHalCaBvU1a2g==\",\x0d\x0a      
\"cpu\": [\x0d\x0a        \"arm64\"\x0d\x0a      ],\x0d\x0a      \"dev\": true,\x0d\x0a      \"license\": 
\"MIT\",\x0d\x0a      \"optional\": true,\x0d\x0a      \"os\": [\x0d\x0a        \"android\"\x0d\x0a      ]\x0d\x0a    
},\x0d\x0a    \"node_modules/@unrs/resolver-binding-darwin-arm64\": {\x0d\x0a      \"version\": \"1.11.1\",\x0d\x0a    
  \"resolved\": 
\"https://registry.npmjs.org/@unrs/resolver-binding-darwin-arm64/-/resolver-binding-darwin-arm64-1.11.1.tgz\",\x0d\x0a 
     \"integrity\": 
\"sha512-gPVA1UjRu1Y/IsB/dQEsp2V1pm44Of6+LWvbLc9SDk1c2KhhDRDBUkQCYVWe6f26uJb3fOK8saWMgtX8IrMk3g==\",\x0d\x0a      
\"cpu\": [\x0d\x0a        \"arm64\"\x0d\x0a      ],\x0d\x0a      \"dev\": true,\x0d\x0a      \"license\": 
\"MIT\",\x0d\x0a      \"optional\": true,\x0d\x0a      \"os\": [\x0d\x0a        \"darwin\"\x0d\x0a      ]\x0d\x0a    
},\x0d\x0a    \"node_modules/@unrs/resolver-binding-darwin-x64\": {\x0d\x0a      \"version\": \"1.11.1\",\x0d\x0a      
\"resolved\": 
\"https://registry.npmjs.org/@unrs/resolver-binding-darwin-x64/-/resolver-binding-darwin-x64-1.11.1.tgz\",\x0d\x0a     
 \"integrity\": 
\"sha512-cFzP7rWKd3lZaCsDze07QX1SC24lO8mPty9vdP+YVa3MGdVgPmFc59317b2ioXtgCMKGiCLxJ4HQs62oz6GfRQ==\",\x0d\x0a      
\"cpu\": [\x0d\x0a        \"x64\"\x0d\x0a      ],\x0d\x0a      \"dev\": true,\x0d\x0a      \"license\": 
\"MIT\",\x0d\x0a      \"optional\": true,\x0d\x0a      \"os\": [\x0d\x0a        \"darwin\"\x0d\x0a      ]\x0d\x0a    
},\x0d\x0a    \"node_modules/@unrs/resolver-binding-freebsd-x64\": {\x0d\x0a      \"version\": \"1.11.1\",\x0d\x0a     
 \"resolved\": 
\"https://registry.npmjs.org/@unrs/resolver-binding-freebsd-x64/-/resolver-binding-freebsd-x64-1.11.1.tgz\",\x0d\x0a   
   \"integrity\": 
\"sha512-fqtGgak3zX4DCB6PFpsH5+Kmt/8CIi4Bry4rb1ho6Av2QHTREM+47y282Uqiu3ZRF5IQioJQ5qWRV6jduA+iGw==\",\x0d\x0a      
\"cpu\": [\x0d\x0a        \"x64\"\x0d\x0a      ],\x0d\x0a      \"dev\": true,\x0d\x0a      \"license\": 
\"MIT\",\x0d\x0a      \"optional\": true,\x0d\x0a      \"os\": [\x0d\x0a        \"freebsd\"\x0d\x0a      ]\x0d\x0a    
},\x0d\x0a    \"node_modules/@unrs/resolver-binding-linux-arm-gnueabihf\": {\x0d\x0a      \"version\": 
\"1.11.1\",\x0d\x0a      \"resolved\": \"https://registry.npmjs.org/@unrs/resolver-binding-linux-arm-gnueabihf/-/resolv
er-binding-linux-arm-gnueabihf-1.11.1.tgz\",\x0d\x0a      \"integrity\": 
\"sha512-u92mvlcYtp9MRKmP+ZvMmtPN34+/3lMHlyMj7wXJDeXxuM0Vgzz0+PPJNsro1m3IZPYChIkn944wW8TYgGKFHw==\",\x0d\x0a      
\"cpu\": [\x0d\x0a        \"arm\"\x0d\x0a      ],\x0d\x0a      \"dev\": true,\x0d\x0a      \"license\": 
\"MIT\",\x0d\x0a      \"optional\": true,\x0d\x0a      \"os\": [\x0d\x0a        \"linux\"\x0d\x0a      ]\x0d\x0a    
},\x0d\x0a    \"node_modules/@unrs/resolver-binding-linux-arm-musleabihf\": {\x0d\x0a      \"version\": 
\"1.11.1\",\x0d\x0a      \"resolved\": \"https://registry.npmjs.org/@unrs/resolver-binding-linux-arm-musleabihf/-/resol
ver-binding-linux-arm-musleabihf-1.11.1.tgz\",\x0d\x0a      \"integrity\": 
\"sha512-cINaoY2z7LVCrfHkIcmvj7osTOtm6VVT16b5oQdS4beibX2SYBwgYLmqhBjA1t51CarSaBuX5YNsWLjsqfW5Cw==\",\x0d\x0a      
\"cpu\": [\x0d\x0a        \"arm\"\x0d\x0a      ],\x0d\x0a      \"dev\": true,\x0d\x0a      \"license\": 
\"MIT\",\x0d\x0a      \"optional\": true,\x0d\x0a      \"os\": [\x0d\x0a        \"linux\"\x0d\x0a      ]\x0d\x0a    
},\x0d\x0a    \"node_modules/@unrs/resolver-binding-linux-arm64-gnu\": {\x0d\x0a      \"version\": \"1.11.1\",\x0d\x0a 
     \"resolved\": \"https://registry.npmjs.org/@unrs/resolver-binding-linux-arm64-gnu/-/resolver-binding-linux-arm64-g
nu-1.11.1.tgz\",\x0d\x0a      \"integrity\": 
\"sha512-34gw7PjDGB9JgePJEmhEqBhWvCiiWCuXsL9hYphDF7crW7UgI05gyBAi6MF58uGcMOiOqSJ2ybEeCvHcq0BCmQ==\",\x0d\x0a      
\"cpu\": [\x0d\x0a        \"arm64\"\x0d\x0a      ],\x0d\x0a      \"dev\": true,\x0d\x0a      \"license\": 
\"MIT\",\x0d\x0a      \"optional\": true,\x0d\x0a      \"os\": [\x0d\x0a        \"linux\"\x0d\x0a      ]\x0d\x0a    
},\x0d\x0a    \"node_modules/@unrs/resolver-binding-linux-arm64-musl\": {\x0d\x0a      \"version\": 
\"1.11.1\",\x0d\x0a      \"resolved\": \"https://registry.npmjs.org/@unrs/resolver-binding-linux-arm64-musl/-/resolver-
binding-linux-arm64-musl-1.11.1.tgz\",\x0d\x0a      \"integrity\": 
\"sha512-RyMIx6Uf53hhOtJDIamSbTskA99sPHS96wxVE/bJtePJJtpdKGXO1wY90oRdXuYOGOTuqjT8ACccMc4K6QmT3w==\",\x0d\x0a      
\"cpu\": [\x0d\x0a        \"arm64\"\x0d\x0a      ],\x0d\x0a      \"dev\": true,\x0d\x0a      \"license\": 
\"MIT\",\x0d\x0a      \"optional\": true,\x0d\x0a      \"os\": [\x0d\x0a        \"linux\"\x0d\x0a      ]\x0d\x0a    
},\x0d\x0a    \"node_modules/@unrs/resolver-binding-linux-ppc64-gnu\": {\x0d\x0a      \"version\": \"1.11.1\",\x0d\x0a 
     \"resolved\": \"https://registry.npmjs.org/@unrs/resolver-binding-linux-ppc64-gnu/-/resolver-binding-linux-ppc64-g
nu-1.11.1.tgz\",\x0d\x0a      \"integrity\": 
\"sha512-D8Vae74A4/a+mZH0FbOkFJL9DSK2R6TFPC9M+jCWYia/q2einCubX10pecpDiTmkJVUH+y8K3BZClycD8nCShA==\",\x0d\x0a      
\"cpu\": [\x0d\x0a        \"ppc64\"\x0d\x0a      ],\x0d\x0a      \"dev\": true,\x0d\x0a      \"license\": 
\"MIT\",\x0d\x0a      \"optional\": true,\x0d\x0a      \"os\": [\x0d\x0a        \"linux\"\x0d\x0a      ]\x0d\x0a    
},\x0d\x0a    \"node_modules/@unrs/resolver-binding-linux-riscv64-gnu\": {\x0d\x0a      \"version\": 
\"1.11.1\",\x0d\x0a      \"resolved\": \"https://registry.npmjs.org/@unrs/resolver-binding-linux-riscv64-gnu/-/resolver
-binding-linux-riscv64-gnu-1.11.1.tgz\",\x0d\x0a      \"integrity\": 
\"sha512-frxL4OrzOWVVsOc96+V3aqTIQl1O2TjgExV4EKgRY09AJ9leZpEg8Ak9phadbuX0BA4k8U5qtvMSQQGGmaJqcQ==\",\x0d\x0a      
\"cpu\": [\x0d\x0a        \"riscv64\"\x0d\x0a      ],\x0d\x0a      \"dev\": true,\x0d\x0a      \"license\": 
\"MIT\",\x0d\x0a      \"optional\": true,\x0d\x0a      \"os\": [\x0d\x0a        \"linux\"\x0d\x0a      ]\x0d\x0a    
},\x0d\x0a    \"node_modules/@unrs/resolver-binding-linux-riscv64-musl\": {\x0d\x0a      \"version\": 
\"1.11.1\",\x0d\x0a      \"resolved\": \"https://registry.npmjs.org/@unrs/resolver-binding-linux-riscv64-musl/-/resolve
r-binding-linux-riscv64-musl-1.11.1.tgz\",\x0d\x0a      \"integrity\": 
\"sha512-mJ5vuDaIZ+l/acv01sHoXfpnyrNKOk/3aDoEdLO/Xtn9HuZlDD6jKxHlkN8ZhWyLJsRBxfv9GYM2utQ1SChKew==\",\x0d\x0a      
\"cpu\": [\x0d\x0a        \"riscv64\"\x0d\x0a      ],\x0d\x0a      \"dev\": true,\x0d\x0a      \"license\": 
\"MIT\",\x0d\x0a      \"optional\": true,\x0d\x0a      \"os\": [\x0d\x0a        \"linux\"\x0d\x0a      ]\x0d\x0a    
},\x0d\x0a    \"node_modules/@unrs/resolver-binding-linux-s390x-gnu\": {\x0d\x0a      \"version\": \"1.11.1\",\x0d\x0a 
     \"resolved\": \"https://registry.npmjs.org/@unrs/resolver-binding-linux-s390x-gnu/-/resolver-binding-linux-s390x-g
nu-1.11.1.tgz\",\x0d\x0a      \"integrity\": 
\"sha512-kELo8ebBVtb9sA7rMe1Cph4QHreByhaZ2QEADd9NzIQsYNQpt9UkM9iqr2lhGr5afh885d/cB5QeTXSbZHTYPg==\",\x0d\x0a      
\"cpu\": [\x0d\x0a        \"s390x\"\x0d\x0a      ],\x0d\x0a      \"dev\": true,\x0d\x0a      \"license\": 
\"MIT\",\x0d\x0a      \"optional\": true,\x0d\x0a      \"os\": [\x0d\x0a        \"linux\"\x0d\x0a      ]\x0d\x0a    
},\x0d\x0a    \"node_modules/@unrs/resolver-binding-linux-x64-gnu\": {\x0d\x0a      \"version\": \"1.11.1\",\x0d\x0a   
   \"resolved\": \"https://registry.npmjs.org/@unrs/resolver-binding-linux-x64-gnu/-/resolver-binding-linux-x64-gnu-1.1
1.1.tgz\",\x0d\x0a      \"integrity\": 
\"sha512-C3ZAHugKgovV5YvAMsxhq0gtXuwESUKc5MhEtjBpLoHPLYM+iuwSj3lflFwK3DPm68660rZ7G8BMcwSro7hD5w==\",\x0d\x0a      
\"cpu\": [\x0d\x0a        \"x64\"\x0d\x0a      ],\x0d\x0a      \"dev\": true,\x0d\x0a      \"license\": 
\"MIT\",\x0d\x0a      \"optional\": true,\x0d\x0a      \"os\": [\x0d\x0a        \"linux\"\x0d\x0a      ]\x0d\x0a    
},\x0d\x0a    \"node_modules/@unrs/resolver-binding-linux-x64-musl\": {\x0d\x0a      \"version\": \"1.11.1\",\x0d\x0a  
    \"resolved\": \"https://registry.npmjs.org/@unrs/resolver-binding-linux-x64-musl/-/resolver-binding-linux-x64-musl-
1.11.1.tgz\",\x0d\x0a      \"integrity\": 
\"sha512-rV0YSoyhK2nZ4vEswT/QwqzqQXw5I6CjoaYMOX0TqBlWhojUf8P94mvI7nuJTeaCkkds3QE4+zS8Ko+GdXuZtA==\",\x0d\x0a      
\"cpu\": [\x0d\x0a        \"x64\"\x0d\x0a      ],\x0d\x0a      \"dev\": true,\x0d\x0a      \"license\": 
\"MIT\",\x0d\x0a      \"optional\": true,\x0d\x0a      \"os\": [\x0d\x0a        \"linux\"\x0d\x0a      ]\x0d\x0a    
},\x0d\x0a    \"node_modules/@unrs/resolver-binding-wasm32-wasi\": {\x0d\x0a      \"version\": \"1.11.1\",\x0d\x0a     
 \"resolved\": 
\"https://registry.npmjs.org/@unrs/resolver-binding-wasm32-wasi/-/resolver-binding-wasm32-wasi-1.11.1.tgz\",\x0d\x0a   
   \"integrity\": 
\"sha512-5u4RkfxJm+Ng7IWgkzi3qrFOvLvQYnPBmjmZQ8+szTK/b31fQCnleNl1GgEt7nIsZRIf5PLhPwT0WM+q45x/UQ==\",\x0d\x0a      
\"cpu\": [\x0d\x0a        \"wasm32\"\x0d\x0a      ],\x0d\x0a      \"dev\": true,\x0d\x0a      \"license\": 
\"MIT\",\x0d\x0a      \"optional\": true,\x0d\x0a      \"dependencies\": {\x0d\x0a        \"@napi-rs/wasm-runtime\": 
\"^0.2.11\"\x0d\x0a      },\x0d\x0a      \"engines\": {\x0d\x0a        \"node\": \">=14.0.0\"\x0d\x0a      }\x0d\x0a   
 },\x0d\x0a    \"node_modules/@unrs/resolver-binding-win32-arm64-msvc\": {\x0d\x0a      \"version\": 
\"1.11.1\",\x0d\x0a      \"resolved\": \"https://registry.npmjs.org/@unrs/resolver-binding-win32-arm64-msvc/-/resolver-
binding-win32-arm64-msvc-1.11.1.tgz\",\x0d\x0a      \"integrity\": 
\"sha512-nRcz5Il4ln0kMhfL8S3hLkxI85BXs3o8EYoattsJNdsX4YUU89iOkVn7g0VHSRxFuVMdM4Q1jEpIId1Ihim/Uw==\",\x0d\x0a      
\"cpu\": [\x0d\x0a        \"arm64\"\x0d\x0a      ],\x0d\x0a      \"dev\": true,\x0d\x0a      \"license\": 
\"MIT\",\x0d\x0a      \"optional\": true,\x0d\x0a      \"os\": [\x0d\x0a        \"win32\"\x0d\x0a      ]\x0d\x0a    
},\x0d\x0a    \"node_modules/@unrs/resolver-binding-win32-ia32-msvc\": {\x0d\x0a      \"version\": \"1.11.1\",\x0d\x0a 
     \"resolved\": \"https://registry.npmjs.org/@unrs/resolver-binding-win32-ia32-msvc/-/resolver-binding-win32-ia32-ms
vc-1.11.1.tgz\",\x0d\x0a      \"integrity\": 
\"sha512-DCEI6t5i1NmAZp6pFonpD5m7i6aFrpofcp4LA2i8IIq60Jyo28hamKBxNrZcyOwVOZkgsRp9O2sXWBWP8MnvIQ==\",\x0d\x0a      
\"cpu\": [\x0d\x0a        \"ia32\"\x0d\x0a      ],\x0d\x0a      \"dev\": true,\x0d\x0a      \"license\": 
\"MIT\",\x0d\x0a      \"optional\": true,\x0d\x0a      \"os\": [\x0d\x0a        \"win32\"\x0d\x0a      ]\x0d\x0a    
},\x0d\x0a    \"node_modules/@unrs/resolver-binding-win32-x64-msvc\": {\x0d\x0a      \"version\": \"1.11.1\",\x0d\x0a  
    \"cpu\": [\x0d\x0a        \"x64\"\x0d\x0a      ],\x0d\x0a      \"dev\": true,\x0d\x0a      \"license\": 
\"MIT\",\x0d\x0a      \"optional\": true,\x0d\x0a      \"os\": [\x0d\x0a        \"win32\"\x0d\x0a      ]\x0d\x0a    
},\x0d\x0a    \"node_modules/abort-controller\": {\x0d\x0a      \"version\": \"3.0.0\",\x0d\x0a      \"license\": 
\"MIT\",\x0d\x0a      \"dependencies\": {\x0d\x0a        \"event-target-shim\": \"^5.0.0\"\x0d\x0a      },\x0d\x0a     
 \"engines\": {\x0d\x0a        \"node\": \">=6.5\"\x0d\x0a      }\x0d\x0a    },\x0d\x0a    \"node_modules/acorn\": 
{\x0d\x0a      \"version\": \"8.15.0\",\x0d\x0a      \"dev\": true,\x0d\x0a      \"license\": \"MIT\",\x0d\x0a      
\"peer\": true,\x0d\x0a      \"bin\": {\x0d\x0a        \"acorn\": \"bin/acorn\"\x0d\x0a      },\x0d\x0a      
\"engines\": {\x0d\x0a        \"node\": \">=0.4.0\"\x0d\x0a      }\x0d\x0a    },\x0d\x0a    
\"node_modules/acorn-jsx\": {\x0d\x0a      \"version\": \"5.3.2\",\x0d\x0a      \"dev\": true,\x0d\x0a      
\"license\": \"MIT\",\x0d\x0a      \"peerDependencies\": {\x0d\x0a        \"acorn\": \"^6.0.0 || ^7.0.0 || 
^8.0.0\"\x0d\x0a      }\x0d\x0a    },\x0d\x0a    \"node_modules/agentkeepalive\": {\x0d\x0a      \"version\": 
\"4.6.0\",\x0d\x0a      \"license\": \"MIT\",\x0d\x0a      \"dependencies\": {\x0d\x0a        \"humanize-ms\": 
\"^1.2.1\"\x0d\x0a      },\x0d\x0a      \"engines\": {\x0d\x0a        \"node\": \">= 8.0.0\"\x0d\x0a      }\x0d\x0a    
},\x0d\x0a    \"node_modules/ajv\": {\x0d\x0a      \"version\": \"6.12.6\",\x0d\x0a      \"dev\": true,\x0d\x0a      
\"license\": \"MIT\",\x0d\x0a      \"dependencies\": {\x0d\x0a        \"fast-deep-equal\": \"^3.1.1\",\x0d\x0a        
\"fast-json-stable-stringify\": \"^2.0.0\",\x0d\x0a        \"json-schema-traverse\": \"^0.4.1\",\x0d\x0a        
\"uri-js\": \"^4.2.2\"\x0d\x0a      },\x0d\x0a      \"funding\": {\x0d\x0a        \"type\": \"github\",\x0d\x0a        
\"url\": \"https://github.com/sponsors/epoberezkin\"\x0d\x0a      }\x0d\x0a    },\x0d\x0a    
\"node_modules/analytics\": {\x0d\x0a      \"version\": \"0.8.16\",\x0d\x0a      \"funding\": [\x0d\x0a        
{\x0d\x0a          \"type\": \"GitHub Sponsors\",\x0d\x0a          \"url\": 
\"https://github.com/sponsors/davidwells\"\x0d\x0a        }\x0d\x0a      ],\x0d\x0a      \"license\": \"MIT\",\x0d\x0a 
     \"dependencies\": {\x0d\x0a        \"@analytics/core\": \"^0.12.17\",\x0d\x0a        
\"@analytics/storage-utils\": \"^0.4.2\"\x0d\x0a      }\x0d\x0a    },\x0d\x0a    \"node_modules/analytics-utils\": 
{\x0d\x0a      \"version\": \"1.0.14\",\x0d\x0a      \"license\": \"MIT\",\x0d\x0a      \"dependencies\": {\x0d\x0a    
    \"@analytics/type-utils\": \"^0.6.2\",\x0d\x0a        \"dlv\": \"^1.1.3\"\x0d\x0a      },\x0d\x0a      
\"peerDependencies\": {\x0d\x0a        \"@types/dlv\": \"^1.0.0\"\x0d\x0a      }\x0d\x0a    },\x0d\x0a    
\"node_modules/ansi-regex\": {\x0d\x0a      \"version\": \"5.0.1\",\x0d\x0a      \"license\": \"MIT\",\x0d\x0a      
\"engines\": {\x0d\x0a        \"node\": \">=8\"\x0d\x0a      }\x0d\x0a    },\x0d\x0a    \"node_modules/ansi-styles\": 
{\x0d\x0a      \"version\": \"4.3.0\",\x0d\x0a      \"license\": \"MIT\",\x0d\x0a      \"dependencies\": {\x0d\x0a     
   \"color-convert\": \"^2.0.1\"\x0d\x0a      },\x0d\x0a      \"engines\": {\x0d\x0a        \"node\": \">=8\"\x0d\x0a  
    },\x0d\x0a      \"funding\": {\x0d\x0a        \"url\": \"https://github.com/chalk/ansi-styles?sponsor=1\"\x0d\x0a  
    }\x0d\x0a    },\x0d\x0a    \"node_modules/any-promise\": {\x0d\x0a      \"version\": \"1.3.0\",\x0d\x0a      
\"dev\": true,\x0d\x0a      \"license\": \"MIT\"\x0d\x0a    },\x0d\x0a    \"node_modules/anymatch\": {\x0d\x0a      
\"version\": \"3.1.3\",\x0d\x0a      \"dev\": true,\x0d\x0a      \"license\": \"ISC\",\x0d\x0a      \"dependencies\": 
{\x0d\x0a        \"normalize-path\": \"^3.0.0\",\x0d\x0a        \"picomatch\": \"^2.0.4\"\x0d\x0a      },\x0d\x0a      
\"engines\": {\x0d\x0a        \"node\": \">= 8\"\x0d\x0a      }\x0d\x0a    },\x0d\x0a    \"node_modules/arg\": 
{\x0d\x0a      \"version\": \"5.0.2\",\x0d\x0a      \"dev\": true,\x0d\x0a      \"license\": \"MIT\"\x0d\x0a    
},\x0d\x0a    \"node_modules/argparse\": {\x0d\x0a      \"version\": \"2.0.1\",\x0d\x0a      \"dev\": true,\x0d\x0a    
  \"license\": \"Python-2.0\"\x0d\x0a    },\x0d\x0a    \"node_modules/aria-query\": {\x0d\x0a      \"version\": 
\"5.3.2\",\x0d\x0a      \"dev\": true,\x0d\x0a      \"license\": \"Apache-2.0\",\x0d\x0a      \"engines\": {\x0d\x0a   
     \"node\": \">= 0.4\"\x0d\x0a      }\x0d\x0a    },\x0d\x0a    \"node_modules/array-buffer-byte-length\": {\x0d\x0a 
     \"version\": \"1.0.2\",\x0d\x0a      \"dev\": true,\x0d\x0a      \"license\": \"MIT\",\x0d\x0a      
\"dependencies\": {\x0d\x0a        \"call-bound\": \"^1.0.3\",\x0d\x0a        \"is-array-buffer\": \"^3.0.5\"\x0d\x0a  
    },\x0d\x0a      \"engines\": {\x0d\x0a        \"node\": \">= 0.4\"\x0d\x0a      },\x0d\x0a      \"funding\": 
{\x0d\x0a        \"url\": \"https://github.com/sponsors/ljharb\"\x0d\x0a      }\x0d\x0a    },\x0d\x0a    
\"node_modules/array-includes\": {\x0d\x0a      \"version\": \"3.1.9\",\x0d\x0a      \"dev\": true,\x0d\x0a      
\"license\": \"MIT\",\x0d\x0a      \"dependencies\": {\x0d\x0a        \"call-bind\": \"^1.0.8\",\x0d\x0a        
\"call-bound\": \"^1.0.4\",\x0d\x0a        \"define-properties\": \"^1.2.1\",\x0d\x0a        \"es-abstract\": 
\"^1.24.0\",\x0d\x0a        \"es-object-atoms\": \"^1.1.1\",\x0d\x0a        \"get-intrinsic\": \"^1.3.0\",\x0d\x0a     
   \"is-string\": \"^1.1.1\",\x0d\x0a        \"math-intrinsics\": \"^1.1.0\"\x0d\x0a      },\x0d\x0a      \"engines\": 
{\x0d\x0a        \"node\": \">= 0.4\"\x0d\x0a      },\x0d\x0a      \"funding\": {\x0d\x0a        \"url\": 
\"https://github.com/sponsors/ljharb\"\x0d\x0a      }\x0d\x0a    },\x0d\x0a    
\"node_modules/array.prototype.findlast\": {\x0d\x0a      \"version\": \"1.2.5\",\x0d\x0a      \"dev\": true,\x0d\x0a  
    \"license\": \"MIT\",\x0d\x0a      \"dependencies\": {\x0d\x0a        \"call-bind\": \"^1.0.7\",\x0d\x0a        
\"define-properties\": \"^1.2.1\",\x0d\x0a        \"es-abstract\": \"^1.23.2\",\x0d\x0a        \"es-errors\": 
\"^1.3.0\",\x0d\x0a        \"es-object-atoms\": \"^1.0.0\",\x0d\x0a        \"es-shim-unscopables\": \"^1.0.2\"\x0d\x0a 
     },\x0d\x0a      \"engines\": {\x0d\x0a        \"node\": \">= 0.4\"\x0d\x0a      },\x0d\x0a      \"funding\": 
{\x0d\x0a        \"url\": \"https://github.com/sponsors/ljharb\"\x0d\x0a      }\x0d\x0a    },\x0d\x0a    
\"node_modules/array.prototype.findlastindex\": {\x0d\x0a      \"version\": \"1.2.6\",\x0d\x0a      \"dev\": 
true,\x0d\x0a      \"license\": \"MIT\",\x0d\x0a      \"dependencies\": {\x0d\x0a        \"call-bind\": 
\"^1.0.8\",\x0d\x0a        \"call-bound\": \"^1.0.4\",\x0d\x0a        \"define-properties\": \"^1.2.1\",\x0d\x0a       
 \"es-abstract\": \"^1.23.9\",\x0d\x0a        \"es-errors\": \"^1.3.0\",\x0d\x0a        \"es-object-atoms\": 
\"^1.1.1\",\x0d\x0a        \"es-shim-unscopables\": \"^1.1.0\"\x0d\x0a      },\x0d\x0a      \"engines\": {\x0d\x0a     
   \"node\": \">= 0.4\"\x0d\x0a      },\x0d\x0a      \"funding\": {\x0d\x0a        \"url\": 
\"https://github.com/sponsors/ljharb\"\x0d\x0a      }\x0d\x0a    },\x0d\x0a    \"node_modules/array.prototype.flat\": 
{\x0d\x0a      \"version\": \"1.3.3\",\x0d\x0a      \"dev\": true,\x0d\x0a      \"license\": \"MIT\",\x0d\x0a      
\"dependencies\": {\x0d\x0a        \"call-bind\": \"^1.0.8\",\x0d\x0a        \"define-properties\": 
\"^1.2.1\",\x0d\x0a        \"es-abstract\": \"^1.23.5\",\x0d\x0a        \"es-shim-unscopables\": \"^1.0.2\"\x0d\x0a    
  },\x0d\x0a      \"engines\": {\x0d\x0a        \"node\": \">= 0.4\"\x0d\x0a      },\x0d\x0a      \"funding\": 
{\x0d\x0a        \"url\": \"https://github.com/sponsors/ljharb\"\x0d\x0a      }\x0d\x0a    },\x0d\x0a    
\"node_modules/array.prototype.flatmap\": {\x0d\x0a      \"version\": \"1.3.3\",\x0d\x0a      \"dev\": true,\x0d\x0a   
   \"license\": \"MIT\",\x0d\x0a      \"dependencies\": {\x0d\x0a        \"call-bind\": \"^1.0.8\",\x0d\x0a        
\"define-properties\": \"^1.2.1\",\x0d\x0a        \"es-abstract\": \"^1.23.5\",\x0d\x0a        
\"es-shim-unscopables\": \"^1.0.2\"\x0d\x0a      },\x0d\x0a      \"engines\": {\x0d\x0a        \"node\": \">= 
0.4\"\x0d\x0a      },\x0d\x0a      \"funding\": {\x0d\x0a        \"url\": 
\"https://github.com/sponsors/ljharb\"\x0d\x0a      }\x0d\x0a    },\x0d\x0a    
\"node_modules/array.prototype.tosorted\": {\x0d\x0a      \"version\": \"1.1.4\",\x0d\x0a      \"dev\": true,\x0d\x0a  
    \"license\": \"MIT\",\x0d\x0a      \"dependencies\": {\x0d\x0a        \"call-bind\": \"^1.0.7\",\x0d\x0a        
\"define-properties\": \"^1.2.1\",\x0d\x0a        \"es-abstract\": \"^1.23.3\",\x0d\x0a        \"es-errors\": 
\"^1.3.0\",\x0d\x0a        \"es-shim-unscopables\": \"^1.0.2\"\x0d\x0a      },\x0d\x0a      \"engines\": {\x0d\x0a     
   \"node\": \">= 0.4\"\x0d\x0a      }\x0d\x0a    },\x0d\x0a    \"node_modules/arraybuffer.prototype.slice\": 
{\x0d\x0a      \"version\": \"1.0.4\",\x0d\x0a      \"dev\": true,\x0d\x0a      \"license\": \"MIT\",\x0d\x0a      
\"dependencies\": {\x0d\x0a        \"array-buffer-byte-length\": \"^1.0.1\",\x0d\x0a        \"call-bind\": 
\"^1.0.8\",\x0d\x0a        \"define-properties\": \"^1.2.1\",\x0d\x0a        \"es-abstract\": \"^1.23.5\",\x0d\x0a     
   \"es-errors\": \"^1.3.0\",\x0d\x0a        \"get-intrinsic\": \"^1.2.6\",\x0d\x0a        \"is-array-buffer\": 
\"^3.0.4\"\x0d\x0a      },\x0d\x0a      \"engines\": {\x0d\x0a        \"node\": \">= 0.4\"\x0d\x0a      },\x0d\x0a     
 \"funding\": {\x0d\x0a        \"url\": \"https://github.com/sponsors/ljharb\"\x0d\x0a      }\x0d\x0a    },\x0d\x0a    
\"node_modules/ast-types-flow\": {\x0d\x0a      \"version\": \"0.0.8\",\x0d\x0a      \"dev\": true,\x0d\x0a      
\"license\": \"MIT\"\x0d\x0a    },\x0d\x0a    \"node_modules/async-function\": {\x0d\x0a      \"version\": 
\"1.0.0\",\x0d\x0a      \"dev\": true,\x0d\x0a      \"license\": \"MIT\",\x0d\x0a      \"engines\": {\x0d\x0a        
\"node\": \">= 0.4\"\x0d\x0a      }\x0d\x0a    },\x0d\x0a    \"node_modules/asynckit\": {\x0d\x0a      \"version\": 
\"0.4.0\",\x0d\x0a      \"license\": \"MIT\"\x0d\x0a    },\x0d\x0a    \"node_modules/attr-accept\": {\x0d\x0a      
\"version\": \"2.2.5\",\x0d\x0a      \"license\": \"MIT\",\x0d\x0a      \"engines\": {\x0d\x0a        \"node\": 
\">=4\"\x0d\x0a      }\x0d\x0a    },\x0d\x0a    \"node_modules/available-typed-arrays\": {\x0d\x0a      \"version\": 
\"1.0.7\",\x0d\x0a      \"dev\": true,\x0d\x0a      \"license\": \"MIT\",\x0d\x0a      \"dependencies\": {\x0d\x0a     
   \"possible-typed-array-names\": \"^1.0.0\"\x0d\x0a      },\x0d\x0a      \"engines\": {\x0d\x0a        \"node\": 
\">= 0.4\"\x0d\x0a      },\x0d\x0a      \"funding\": {\x0d\x0a        \"url\": 
\"https://github.com/sponsors/ljharb\"\x0d\x0a      }\x0d\x0a    },\x0d\x0a    \"node_modules/axe-core\": {\x0d\x0a    
  \"version\": \"4.10.3\",\x0d\x0a      \"dev\": true,\x0d\x0a      \"license\": \"MPL-2.0\",\x0d\x0a      
\"engines\": {\x0d\x0a        \"node\": \">=4\"\x0d\x0a      }\x0d\x0a    },\x0d\x0a    \"node_modules/axios\": 
{\x0d\x0a      \"version\": \"1.12.2\",\x0d\x0a      \"resolved\": 
\"https://registry.npmjs.org/axios/-/axios-1.12.2.tgz\",\x0d\x0a      \"integrity\": 
\"sha512-vMJzPewAlRyOgxV2dU0Cuz2O8zzzx9VYtbJOaBgXFeLc4IV/Eg50n4LowmehOOR61S8ZMpc2K5Sa7g6A4jfkUw==\",\x0d\x0a      
\"license\": \"MIT\",\x0d\x0a      \"dependencies\": {\x0d\x0a        \"follow-redirects\": \"^1.15.6\",\x0d\x0a       
 \"form-data\": \"^4.0.4\",\x0d\x0a        \"proxy-from-env\": \"^1.1.0\"\x0d\x0a      }\x0d\x0a    },\x0d\x0a    
\"node_modules/axobject-query\": {\x0d\x0a      \"version\": \"4.1.0\",\x0d\x0a      \"dev\": true,\x0d\x0a      
\"license\": \"Apache-2.0\",\x0d\x0a      \"engines\": {\x0d\x0a        \"node\": \">= 0.4\"\x0d\x0a      }\x0d\x0a    
},\x0d\x0a    \"node_modules/babel-plugin-macros\": {\x0d\x0a      \"version\": \"3.1.0\",\x0d\x0a      \"license\": 
\"MIT\",\x0d\x0a      \"dependencies\": {\x0d\x0a        \"@babel/runtime\": \"^7.12.5\",\x0d\x0a        
\"cosmiconfig\": \"^7.0.0\",\x0d\x0a        \"resolve\": \"^1.19.0\"\x0d\x0a      },\x0d\x0a      \"engines\": 
{\x0d\x0a        \"node\": \">=10\",\x0d\x0a        \"npm\": \">=6\"\x0d\x0a      }\x0d\x0a    },\x0d\x0a    
\"node_modules/bail\": {\x0d\x0a      \"version\": \"2.0.2\",\x0d\x0a      \"license\": \"MIT\",\x0d\x0a      
\"funding\": {\x0d\x0a        \"type\": \"github\",\x0d\x0a        \"url\": 
\"https://github.com/sponsors/wooorm\"\x0d\x0a      }\x0d\x0a    },\x0d\x0a    \"node_modules/balanced-match\": 
{\x0d\x0a      \"version\": \"1.0.2\",\x0d\x0a      \"dev\": true,\x0d\x0a      \"license\": \"MIT\"\x0d\x0a    
},\x0d\x0a    \"node_modules/base64-arraybuffer\": {\x0d\x0a      \"version\": \"1.0.2\",\x0d\x0a      \"license\": 
\"MIT\",\x0d\x0a      \"engines\": {\x0d\x0a        \"node\": \">= 0.6.0\"\x0d\x0a      }\x0d\x0a    },\x0d\x0a    
\"node_modules/base64-js\": {\x0d\x0a      \"version\": \"1.5.1\",\x0d\x0a      \"funding\": [\x0d\x0a        
{\x0d\x0a          \"type\": \"github\",\x0d\x0a          \"url\": \"https://github.com/sponsors/feross\"\x0d\x0a      
  },\x0d\x0a        {\x0d\x0a          \"type\": \"patreon\",\x0d\x0a          \"url\": 
\"https://www.patreon.com/feross\"\x0d\x0a        },\x0d\x0a        {\x0d\x0a          \"type\": 
\"consulting\",\x0d\x0a          \"url\": \"https://feross.org/support\"\x0d\x0a        }\x0d\x0a      ],\x0d\x0a      
\"license\": \"MIT\"\x0d\x0a    },\x0d\x0a    \"node_modules/binary-extensions\": {\x0d\x0a      \"version\": 
\"2.3.0\",\x0d\x0a      \"dev\": true,\x0d\x0a      \"license\": \"MIT\",\x0d\x0a      \"engines\": {\x0d\x0a        
\"node\": \">=8\"\x0d\x0a      },\x0d\x0a      \"funding\": {\x0d\x0a        \"url\": 
\"https://github.com/sponsors/sindresorhus\"\x0d\x0a      }\x0d\x0a    },\x0d\x0a    \"node_modules/brace-expansion\": 
{\x0d\x0a      \"version\": \"1.1.12\",\x0d\x0a      \"dev\": true,\x0d\x0a      \"license\": \"MIT\",\x0d\x0a      
\"dependencies\": {\x0d\x0a        \"balanced-match\": \"^1.0.0\",\x0d\x0a        \"concat-map\": \"0.0.1\"\x0d\x0a    
  }\x0d\x0a    },\x0d\x0a    \"node_modules/braces\": {\x0d\x0a      \"version\": \"3.0.3\",\x0d\x0a      \"dev\": 
true,\x0d\x0a      \"license\": \"MIT\",\x0d\x0a      \"dependencies\": {\x0d\x0a        \"fill-range\": 
\"^7.1.1\"\x0d\x0a      },\x0d\x0a      \"engines\": {\x0d\x0a        \"node\": \">=8\"\x0d\x0a      }\x0d\x0a    
},\x0d\x0a    \"node_modules/browser-image-compression\": {\x0d\x0a      \"version\": \"2.0.2\",\x0d\x0a      
\"license\": \"MIT\",\x0d\x0a      \"dependencies\": {\x0d\x0a        \"uzip\": \"0.20201231.0\"\x0d\x0a      
}\x0d\x0a    },\x0d\x0a    \"node_modules/call-bind\": {\x0d\x0a      \"version\": \"1.0.8\",\x0d\x0a      \"dev\": 
true,\x0d\x0a      \"license\": \"MIT\",\x0d\x0a      \"dependencies\": {\x0d\x0a        \"call-bind-apply-helpers\": 
\"^1.0.0\",\x0d\x0a        \"es-define-property\": \"^1.0.0\",\x0d\x0a        \"get-intrinsic\": \"^1.2.4\",\x0d\x0a   
     \"set-function-length\": \"^1.2.2\"\x0d\x0a      },\x0d\x0a      \"engines\": {\x0d\x0a        \"node\": \">= 
0.4\"\x0d\x0a      },\x0d\x0a      \"funding\": {\x0d\x0a        \"url\": 
\"https://github.com/sponsors/ljharb\"\x0d\x0a      }\x0d\x0a    },\x0d\x0a    
\"node_modules/call-bind-apply-helpers\": {\x0d\x0a      \"version\": \"1.0.2\",\x0d\x0a      \"license\": 
\"MIT\",\x0d\x0a      \"dependencies\": {\x0d\x0a        \"es-errors\": \"^1.3.0\",\x0d\x0a        \"function-bind\": 
\"^1.1.2\"\x0d\x0a      },\x0d\x0a      \"engines\": {\x0d\x0a        \"node\": \">= 0.4\"\x0d\x0a      }\x0d\x0a    
},\x0d\x0a    \"node_modules/call-bound\": {\x0d\x0a      \"version\": \"1.0.4\",\x0d\x0a      \"dev\": true,\x0d\x0a  
    \"license\": \"MIT\",\x0d\x0a      \"dependencies\": {\x0d\x0a        \"call-bind-apply-helpers\": 
\"^1.0.2\",\x0d\x0a        \"get-intrinsic\": \"^1.3.0\"\x0d\x0a      },\x0d\x0a      \"engines\": {\x0d\x0a        
\"node\": \">= 0.4\"\x0d\x0a      },\x0d\x0a      \"funding\": {\x0d\x0a        \"url\": 
\"https://github.com/sponsors/ljharb\"\x0d\x0a      }\x0d\x0a    },\x0d\x0a    \"node_modules/callsites\": {\x0d\x0a   
   \"version\": \"3.1.0\",\x0d\x0a      \"license\": \"MIT\",\x0d\x0a      \"engines\": {\x0d\x0a        \"node\": 
\">=6\"\x0d\x0a      }\x0d\x0a    },\x0d\x0a    \"node_modules/camelcase\": {\x0d\x0a      \"version\": 
\"6.3.0\",\x0d\x0a      \"license\": \"MIT\",\x0d\x0a      \"engines\": {\x0d\x0a        \"node\": \">=10\"\x0d\x0a    
  },\x0d\x0a      \"funding\": {\x0d\x0a        \"url\": \"https://github.com/sponsors/sindresorhus\"\x0d\x0a      
}\x0d\x0a    },\x0d\x0a    \"node_modules/camelcase-css\": {\x0d\x0a      \"version\": \"2.0.1\",\x0d\x0a      
\"dev\": true,\x0d\x0a      \"license\": \"MIT\",\x0d\x0a      \"engines\": {\x0d\x0a        \"node\": \">= 
6\"\x0d\x0a      }\x0d\x0a    },\x0d\x0a    \"node_modules/caniuse-lite\": {\x0d\x0a      \"version\": 
\"1.0.30001727\",\x0d\x0a      \"funding\": [\x0d\x0a        {\x0d\x0a          \"type\": \"opencollective\",\x0d\x0a  
        \"url\": \"https://opencollective.com/browserslist\"\x0d\x0a        },\x0d\x0a        {\x0d\x0a          
\"type\": \"tidelift\",\x0d\x0a          \"url\": \"https://tidelift.com/funding/github/npm/caniuse-lite\"\x0d\x0a     
   },\x0d\x0a        {\x0d\x0a          \"type\": \"github\",\x0d\x0a          \"url\": 
\"https://github.com/sponsors/ai\"\x0d\x0a        }\x0d\x0a      ],\x0d\x0a      \"license\": \"CC-BY-4.0\"\x0d\x0a    
},\x0d\x0a    \"node_modules/canvas-confetti\": {\x0d\x0a      \"version\": \"1.9.3\",\x0d\x0a      \"license\": 
\"ISC\",\x0d\x0a      \"funding\": {\x0d\x0a        \"type\": \"donate\",\x0d\x0a        \"url\": 
\"https://www.paypal.me/kirilvatev\"\x0d\x0a      }\x0d\x0a    },\x0d\x0a    \"node_modules/ccount\": {\x0d\x0a      
\"version\": \"2.0.1\",\x0d\x0a      \"license\": \"MIT\",\x0d\x0a      \"funding\": {\x0d\x0a        \"type\": 
\"github\",\x0d\x0a        \"url\": \"https://github.com/sponsors/wooorm\"\x0d\x0a      }\x0d\x0a    },\x0d\x0a    
\"node_modules/chalk\": {\x0d\x0a      \"version\": \"4.1.2\",\x0d\x0a      \"license\": \"MIT\",\x0d\x0a      
\"dependencies\": {\x0d\x0a        \"ansi-styles\": \"^4.1.0\",\x0d\x0a        \"supports-color\": \"^7.1.0\"\x0d\x0a  
    },\x0d\x0a      \"engines\": {\x0d\x0a        \"node\": \">=10\"\x0d\x0a      },\x0d\x0a      \"funding\": 
{\x0d\x0a        \"url\": \"https://github.com/chalk/chalk?sponsor=1\"\x0d\x0a      }\x0d\x0a    },\x0d\x0a    
\"node_modules/character-entities\": {\x0d\x0a      \"version\": \"2.0.2\",\x0d\x0a      \"license\": \"MIT\",\x0d\x0a 
     \"funding\": {\x0d\x0a        \"type\": \"github\",\x0d\x0a        \"url\": 
\"https://github.com/sponsors/wooorm\"\x0d\x0a      }\x0d\x0a    },\x0d\x0a    
\"node_modules/character-entities-html4\": {\x0d\x0a      \"version\": \"2.1.0\",\x0d\x0a      \"license\": 
\"MIT\",\x0d\x0a      \"funding\": {\x0d\x0a        \"type\": \"github\",\x0d\x0a        \"url\": 
\"https://github.com/sponsors/wooorm\"\x0d\x0a      }\x0d\x0a    },\x0d\x0a    
\"node_modules/character-entities-legacy\": {\x0d\x0a      \"version\": \"3.0.0\",\x0d\x0a      \"license\": 
\"MIT\",\x0d\x0a      \"funding\": {\x0d\x0a        \"type\": \"github\",\x0d\x0a        \"url\": 
\"https://github.com/sponsors/wooorm\"\x0d\x0a      }\x0d\x0a    },\x0d\x0a    
\"node_modules/character-reference-invalid\": {\x0d\x0a      \"version\": \"2.0.1\",\x0d\x0a      \"license\": 
\"MIT\",\x0d\x0a      \"funding\": {\x0d\x0a        \"type\": \"github\",\x0d\x0a        \"url\": 
\"https://github.com/sponsors/wooorm\"\x0d\x0a      }\x0d\x0a    },\x0d\x0a    \"node_modules/chart.js\": {\x0d\x0a    
  \"version\": \"4.5.0\",\x0d\x0a      \"license\": \"MIT\",\x0d\x0a      \"peer\": true,\x0d\x0a      
\"dependencies\": {\x0d\x0a        \"@kurkle/color\": \"^0.3.0\"\x0d\x0a      },\x0d\x0a      \"engines\": {\x0d\x0a   
     \"pnpm\": \">=8\"\x0d\x0a      }\x0d\x0a    },\x0d\x0a    \"node_modules/chartjs-plugin-datalabels\": {\x0d\x0a   
   \"version\": \"2.2.0\",\x0d\x0a      \"license\": \"MIT\",\x0d\x0a      \"peerDependencies\": {\x0d\x0a        
\"chart.js\": \">=3.0.0\"\x0d\x0a      }\x0d\x0a    },\x0d\x0a    \"node_modules/chokidar\": {\x0d\x0a      
\"version\": \"4.0.3\",\x0d\x0a      \"license\": \"MIT\",\x0d\x0a      \"dependencies\": {\x0d\x0a        
\"readdirp\": \"^4.0.1\"\x0d\x0a      },\x0d\x0a      \"engines\": {\x0d\x0a        \"node\": \">= 14.16.0\"\x0d\x0a   
   },\x0d\x0a      \"funding\": {\x0d\x0a        \"url\": \"https://paulmillr.com/funding/\"\x0d\x0a      }\x0d\x0a    
},\x0d\x0a    \"node_modules/client-only\": {\x0d\x0a      \"version\": \"0.0.1\",\x0d\x0a      \"license\": 
\"MIT\"\x0d\x0a    },\x0d\x0a    \"node_modules/cliui\": {\x0d\x0a      \"version\": \"8.0.1\",\x0d\x0a      
\"license\": \"ISC\",\x0d\x0a      \"dependencies\": {\x0d\x0a        \"string-width\": \"^4.2.0\",\x0d\x0a        
\"strip-ansi\": \"^6.0.1\",\x0d\x0a        \"wrap-ansi\": \"^7.0.0\"\x0d\x0a      },\x0d\x0a      \"engines\": 
{\x0d\x0a        \"node\": \">=12\"\x0d\x0a      }\x0d\x0a    },\x0d\x0a    \"node_modules/clsx\": {\x0d\x0a      
\"version\": \"2.1.1\",\x0d\x0a      \"license\": \"MIT\",\x0d\x0a      \"engines\": {\x0d\x0a        \"node\": 
\">=6\"\x0d\x0a      }\x0d\x0a    },\x0d\x0a    \"node_modules/color\": {\x0d\x0a      \"version\": \"4.2.3\",\x0d\x0a 
     \"license\": \"MIT\",\x0d\x0a      \"optional\": true,\x0d\x0a      \"dependencies\": {\x0d\x0a        
\"color-convert\": \"^2.0.1\",\x0d\x0a        \"color-string\": \"^1.9.0\"\x0d\x0a      },\x0d\x0a      \"engines\": 
{\x0d\x0a        \"node\": \">=12.5.0\"\x0d\x0a      }\x0d\x0a    },\x0d\x0a    \"node_modules/color-convert\": 
{\x0d\x0a      \"version\": \"2.0.1\",\x0d\x0a      \"license\": \"MIT\",\x0d\x0a      \"dependencies\": {\x0d\x0a     
   \"color-name\": \"~1.1.4\"\x0d\x0a      },\x0d\x0a      \"engines\": {\x0d\x0a        \"node\": \">=7.0.0\"\x0d\x0a 
     }\x0d\x0a    },\x0d\x0a    \"node_modules/color-name\": {\x0d\x0a      \"version\": \"1.1.4\",\x0d\x0a      
\"license\": \"MIT\"\x0d\x0a    },\x0d\x0a    \"node_modules/color-string\": {\x0d\x0a      \"version\": 
\"1.9.1\",\x0d\x0a      \"license\": \"MIT\",\x0d\x0a      \"optional\": true,\x0d\x0a      \"dependencies\": 
{\x0d\x0a        \"color-name\": \"^1.0.0\",\x0d\x0a        \"simple-swizzle\": \"^0.2.2\"\x0d\x0a      }\x0d\x0a    
},\x0d\x0a    \"node_modules/combined-stream\": {\x0d\x0a      \"version\": \"1.0.8\",\x0d\x0a      \"license\": 
\"MIT\",\x0d\x0a      \"dependencies\": {\x0d\x0a        \"delayed-stream\": \"~1.0.0\"\x0d\x0a      },\x0d\x0a      
\"engines\": {\x0d\x0a        \"node\": \">= 0.8\"\x0d\x0a      }\x0d\x0a    },\x0d\x0a    
\"node_modules/comma-separated-tokens\": {\x0d\x0a      \"version\": \"2.0.3\",\x0d\x0a      \"license\": 
\"MIT\",\x0d\x0a      \"funding\": {\x0d\x0a        \"type\": \"github\",\x0d\x0a        \"url\": 
\"https://github.com/sponsors/wooorm\"\x0d\x0a      }\x0d\x0a    },\x0d\x0a    \"node_modules/commander\": {\x0d\x0a   
   \"version\": \"4.1.1\",\x0d\x0a      \"dev\": true,\x0d\x0a      \"license\": \"MIT\",\x0d\x0a      \"engines\": 
{\x0d\x0a        \"node\": \">= 6\"\x0d\x0a      }\x0d\x0a    },\x0d\x0a    \"node_modules/concat-map\": {\x0d\x0a     
 \"version\": \"0.0.1\",\x0d\x0a      \"dev\": true,\x0d\x0a      \"license\": \"MIT\"\x0d\x0a    },\x0d\x0a    
\"node_modules/console-table-printer\": {\x0d\x0a      \"version\": \"2.14.6\",\x0d\x0a      \"license\": 
\"MIT\",\x0d\x0a      \"dependencies\": {\x0d\x0a        \"simple-wcswidth\": \"^1.0.1\"\x0d\x0a      }\x0d\x0a    
},\x0d\x0a    \"node_modules/convert-source-map\": {\x0d\x0a      \"version\": \"1.9.0\",\x0d\x0a      \"license\": 
\"MIT\"\x0d\x0a    },\x0d\x0a    \"node_modules/cosmiconfig\": {\x0d\x0a      \"version\": \"7.1.0\",\x0d\x0a      
\"license\": \"MIT\",\x0d\x0a      \"dependencies\": {\x0d\x0a        \"@types/parse-json\": \"^4.0.0\",\x0d\x0a       
 \"import-fresh\": \"^3.2.1\",\x0d\x0a        \"parse-json\": \"^5.0.0\",\x0d\x0a        \"path-type\": 
\"^4.0.0\",\x0d\x0a        \"yaml\": \"^1.10.0\"\x0d\x0a      },\x0d\x0a      \"engines\": {\x0d\x0a        \"node\": 
\">=10\"\x0d\x0a      }\x0d\x0a    },\x0d\x0a    \"node_modules/cosmiconfig/node_modules/yaml\": {\x0d\x0a      
\"version\": \"1.10.2\",\x0d\x0a      \"license\": \"ISC\",\x0d\x0a      \"engines\": {\x0d\x0a        \"node\": \">= 
6\"\x0d\x0a      }\x0d\x0a    },\x0d\x0a    \"node_modules/cross-spawn\": {\x0d\x0a      \"version\": 
\"7.0.6\",\x0d\x0a      \"dev\": true,\x0d\x0a      \"license\": \"MIT\",\x0d\x0a      \"dependencies\": {\x0d\x0a     
   \"path-key\": \"^3.1.0\",\x0d\x0a        \"shebang-command\": \"^2.0.0\",\x0d\x0a        \"which\": 
\"^2.0.1\"\x0d\x0a      },\x0d\x0a      \"engines\": {\x0d\x0a        \"node\": \">= 8\"\x0d\x0a      }\x0d\x0a    
},\x0d\x0a    \"node_modules/css-line-break\": {\x0d\x0a      \"version\": \"2.1.0\",\x0d\x0a      \"license\": 
\"MIT\",\x0d\x0a      \"dependencies\": {\x0d\x0a        \"utrie\": \"^1.0.2\"\x0d\x0a      }\x0d\x0a    },\x0d\x0a    
\"node_modules/cssesc\": {\x0d\x0a      \"version\": \"3.0.0\",\x0d\x0a      \"dev\": true,\x0d\x0a      \"license\": 
\"MIT\",\x0d\x0a      \"bin\": {\x0d\x0a        \"cssesc\": \"bin/cssesc\"\x0d\x0a      },\x0d\x0a      \"engines\": 
{\x0d\x0a        \"node\": \">=4\"\x0d\x0a      }\x0d\x0a    },\x0d\x0a    \"node_modules/csstype\": {\x0d\x0a      
\"version\": \"3.1.3\",\x0d\x0a      \"license\": \"MIT\",\x0d\x0a      \"peer\": true\x0d\x0a    },\x0d\x0a    
\"node_modules/damerau-levenshtein\": {\x0d\x0a      \"version\": \"1.0.8\",\x0d\x0a      \"dev\": true,\x0d\x0a      
\"license\": \"BSD-2-Clause\"\x0d\x0a    },\x0d\x0a    \"node_modules/data-view-buffer\": {\x0d\x0a      \"version\": 
\"1.0.2\",\x0d\x0a      \"dev\": true,\x0d\x0a      \"license\": \"MIT\",\x0d\x0a      \"dependencies\": {\x0d\x0a     
   \"call-bound\": \"^1.0.3\",\x0d\x0a        \"es-errors\": \"^1.3.0\",\x0d\x0a        \"is-data-view\": 
\"^1.0.2\"\x0d\x0a      },\x0d\x0a      \"engines\": {\x0d\x0a        \"node\": \">= 0.4\"\x0d\x0a      },\x0d\x0a     
 \"funding\": {\x0d\x0a        \"url\": \"https://github.com/sponsors/ljharb\"\x0d\x0a      }\x0d\x0a    },\x0d\x0a    
\"node_modules/data-view-byte-length\": {\x0d\x0a      \"version\": \"1.0.2\",\x0d\x0a      \"dev\": true,\x0d\x0a     
 \"license\": \"MIT\",\x0d\x0a      \"dependencies\": {\x0d\x0a        \"call-bound\": \"^1.0.3\",\x0d\x0a        
\"es-errors\": \"^1.3.0\",\x0d\x0a        \"is-data-view\": \"^1.0.2\"\x0d\x0a      },\x0d\x0a      \"engines\": 
{\x0d\x0a        \"node\": \">= 0.4\"\x0d\x0a      },\x0d\x0a      \"funding\": {\x0d\x0a        \"url\": 
\"https://github.com/sponsors/inspect-js\"\x0d\x0a      }\x0d\x0a    },\x0d\x0a    
\"node_modules/data-view-byte-offset\": {\x0d\x0a      \"version\": \"1.0.1\",\x0d\x0a      \"dev\": true,\x0d\x0a     
 \"license\": \"MIT\",\x0d\x0a      \"dependencies\": {\x0d\x0a        \"call-bound\": \"^1.0.2\",\x0d\x0a        
\"es-errors\": \"^1.3.0\",\x0d\x0a        \"is-data-view\": \"^1.0.1\"\x0d\x0a      },\x0d\x0a      \"engines\": 
{\x0d\x0a        \"node\": \">= 0.4\"\x0d\x0a      },\x0d\x0a      \"funding\": {\x0d\x0a        \"url\": 
\"https://github.com/sponsors/ljharb\"\x0d\x0a      }\x0d\x0a    },\x0d\x0a    \"node_modules/date-fns\": {\x0d\x0a    
  \"version\": \"4.1.0\",\x0d\x0a      \"license\": \"MIT\",\x0d\x0a      \"funding\": {\x0d\x0a        \"type\": 
\"github\",\x0d\x0a        \"url\": \"https://github.com/sponsors/kossnocorp\"\x0d\x0a      }\x0d\x0a    },\x0d\x0a    
\"node_modules/debug\": {\x0d\x0a      \"version\": \"4.4.1\",\x0d\x0a      \"license\": \"MIT\",\x0d\x0a      
\"dependencies\": {\x0d\x0a        \"ms\": \"^2.1.3\"\x0d\x0a      },\x0d\x0a      \"engines\": {\x0d\x0a        
\"node\": \">=6.0\"\x0d\x0a      },\x0d\x0a      \"peerDependenciesMeta\": {\x0d\x0a        \"supports-color\": 
{\x0d\x0a          \"optional\": true\x0d\x0a        }\x0d\x0a      }\x0d\x0a    },\x0d\x0a    
\"node_modules/decamelize\": {\x0d\x0a      \"version\": \"1.2.0\",\x0d\x0a      \"license\": \"MIT\",\x0d\x0a      
\"engines\": {\x0d\x0a        \"node\": \">=0.10.0\"\x0d\x0a      }\x0d\x0a    },\x0d\x0a    
\"node_modules/decode-named-character-reference\": {\x0d\x0a      \"version\": \"1.2.0\",\x0d\x0a      \"license\": 
\"MIT\",\x0d\x0a      \"dependencies\": {\x0d\x0a        \"character-entities\": \"^2.0.0\"\x0d\x0a      },\x0d\x0a    
  \"funding\": {\x0d\x0a        \"type\": \"github\",\x0d\x0a        \"url\": 
\"https://github.com/sponsors/wooorm\"\x0d\x0a      }\x0d\x0a    },\x0d\x0a    \"node_modules/deep-is\": {\x0d\x0a     
 \"version\": \"0.1.4\",\x0d\x0a      \"dev\": true,\x0d\x0a      \"license\": \"MIT\"\x0d\x0a    },\x0d\x0a    
\"node_modules/deepmerge\": {\x0d\x0a      \"version\": \"4.3.1\",\x0d\x0a      \"license\": \"MIT\",\x0d\x0a      
\"engines\": {\x0d\x0a        \"node\": \">=0.10.0\"\x0d\x0a      }\x0d\x0a    },\x0d\x0a    
\"node_modules/define-data-property\": {\x0d\x0a      \"version\": \"1.1.4\",\x0d\x0a      \"dev\": true,\x0d\x0a      
\"license\": \"MIT\",\x0d\x0a      \"dependencies\": {\x0d\x0a        \"es-define-property\": \"^1.0.0\",\x0d\x0a      
  \"es-errors\": \"^1.3.0\",\x0d\x0a        \"gopd\": \"^1.0.1\"\x0d\x0a      },\x0d\x0a      \"engines\": {\x0d\x0a   
     \"node\": \">= 0.4\"\x0d\x0a      },\x0d\x0a      \"funding\": {\x0d\x0a        \"url\": 
\"https://github.com/sponsors/ljharb\"\x0d\x0a      }\x0d\x0a    },\x0d\x0a    \"node_modules/define-properties\": 
{\x0d\x0a      \"version\": \"1.2.1\",\x0d\x0a      \"dev\": true,\x0d\x0a      \"license\": \"MIT\",\x0d\x0a      
\"dependencies\": {\x0d\x0a        \"define-data-property\": \"^1.0.1\",\x0d\x0a        \"has-property-descriptors\": 
\"^1.0.0\",\x0d\x0a        \"object-keys\": \"^1.1.1\"\x0d\x0a      },\x0d\x0a      \"engines\": {\x0d\x0a        
\"node\": \">= 0.4\"\x0d\x0a      },\x0d\x0a      \"funding\": {\x0d\x0a        \"url\": 
\"https://github.com/sponsors/ljharb\"\x0d\x0a      }\x0d\x0a    },\x0d\x0a    \"node_modules/delayed-stream\": 
{\x0d\x0a      \"version\": \"1.0.0\",\x0d\x0a      \"license\": \"MIT\",\x0d\x0a      \"engines\": {\x0d\x0a        
\"node\": \">=0.4.0\"\x0d\x0a      }\x0d\x0a    },\x0d\x0a    \"node_modules/dequal\": {\x0d\x0a      \"version\": 
\"2.0.3\",\x0d\x0a      \"license\": \"MIT\",\x0d\x0a      \"engines\": {\x0d\x0a        \"node\": \">=6\"\x0d\x0a     
 }\x0d\x0a    },\x0d\x0a    \"node_modules/detect-libc\": {\x0d\x0a      \"version\": \"2.0.4\",\x0d\x0a      
\"license\": \"Apache-2.0\",\x0d\x0a      \"optional\": true,\x0d\x0a      \"engines\": {\x0d\x0a        \"node\": 
\">=8\"\x0d\x0a      }\x0d\x0a    },\x0d\x0a    \"node_modules/devlop\": {\x0d\x0a      \"version\": 
\"1.1.0\",\x0d\x0a      \"license\": \"MIT\",\x0d\x0a      \"dependencies\": {\x0d\x0a        \"dequal\": 
\"^2.0.0\"\x0d\x0a      },\x0d\x0a      \"funding\": {\x0d\x0a        \"type\": \"github\",\x0d\x0a        \"url\": 
\"https://github.com/sponsors/wooorm\"\x0d\x0a      }\x0d\x0a    },\x0d\x0a    \"node_modules/didyoumean\": {\x0d\x0a  
    \"version\": \"1.2.2\",\x0d\x0a      \"dev\": true,\x0d\x0a      \"license\": \"Apache-2.0\"\x0d\x0a    },\x0d\x0a 
   \"node_modules/dlv\": {\x0d\x0a      \"version\": \"1.1.3\",\x0d\x0a      \"license\": \"MIT\"\x0d\x0a    
},\x0d\x0a    \"node_modules/doctrine\": {\x0d\x0a      \"version\": \"2.1.0\",\x0d\x0a      \"dev\": true,\x0d\x0a    
  \"license\": \"Apache-2.0\",\x0d\x0a      \"dependencies\": {\x0d\x0a        \"esutils\": \"^2.0.2\"\x0d\x0a      
},\x0d\x0a      \"engines\": {\x0d\x0a        \"node\": \">=0.10.0\"\x0d\x0a      }\x0d\x0a    },\x0d\x0a    
\"node_modules/dom-helpers\": {\x0d\x0a      \"version\": \"5.2.1\",\x0d\x0a      \"license\": \"MIT\",\x0d\x0a      
\"dependencies\": {\x0d\x0a        \"@babel/runtime\": \"^7.8.7\",\x0d\x0a        \"csstype\": \"^3.0.2\"\x0d\x0a      
}\x0d\x0a    },\x0d\x0a    \"node_modules/dom-serializer\": {\x0d\x0a      \"version\": \"2.0.0\",\x0d\x0a      
\"license\": \"MIT\",\x0d\x0a      \"dependencies\": {\x0d\x0a        \"domelementtype\": \"^2.3.0\",\x0d\x0a        
\"domhandler\": \"^5.0.2\",\x0d\x0a        \"entities\": \"^4.2.0\"\x0d\x0a      },\x0d\x0a      \"funding\": 
{\x0d\x0a        \"url\": \"https://github.com/cheeriojs/dom-serializer?sponsor=1\"\x0d\x0a      }\x0d\x0a    
},\x0d\x0a    \"node_modules/domelementtype\": {\x0d\x0a      \"version\": \"2.3.0\",\x0d\x0a      \"funding\": 
[\x0d\x0a        {\x0d\x0a          \"type\": \"github\",\x0d\x0a          \"url\": 
\"https://github.com/sponsors/fb55\"\x0d\x0a        }\x0d\x0a      ],\x0d\x0a      \"license\": 
\"BSD-2-Clause\"\x0d\x0a    },\x0d\x0a    \"node_modules/domhandler\": {\x0d\x0a      \"version\": \"5.0.3\",\x0d\x0a  
    \"license\": \"BSD-2-Clause\",\x0d\x0a      \"dependencies\": {\x0d\x0a        \"domelementtype\": 
\"^2.3.0\"\x0d\x0a      },\x0d\x0a      \"engines\": {\x0d\x0a        \"node\": \">= 4\"\x0d\x0a      },\x0d\x0a      
\"funding\": {\x0d\x0a        \"url\": \"https://github.com/fb55/domhandler?sponsor=1\"\x0d\x0a      }\x0d\x0a    
},\x0d\x0a    \"node_modules/domutils\": {\x0d\x0a      \"version\": \"3.2.2\",\x0d\x0a      \"license\": 
\"BSD-2-Clause\",\x0d\x0a      \"dependencies\": {\x0d\x0a        \"dom-serializer\": \"^2.0.0\",\x0d\x0a        
\"domelementtype\": \"^2.3.0\",\x0d\x0a        \"domhandler\": \"^5.0.3\"\x0d\x0a      },\x0d\x0a      \"funding\": 
{\x0d\x0a        \"url\": \"https://github.com/fb55/domutils?sponsor=1\"\x0d\x0a      }\x0d\x0a    },\x0d\x0a    
\"node_modules/dunder-proto\": {\x0d\x0a      \"version\": \"1.0.1\",\x0d\x0a      \"license\": \"MIT\",\x0d\x0a      
\"dependencies\": {\x0d\x0a        \"call-bind-apply-helpers\": \"^1.0.1\",\x0d\x0a        \"es-errors\": 
\"^1.3.0\",\x0d\x0a        \"gopd\": \"^1.2.0\"\x0d\x0a      },\x0d\x0a      \"engines\": {\x0d\x0a        \"node\": 
\">= 0.4\"\x0d\x0a      }\x0d\x0a    },\x0d\x0a    \"node_modules/eastasianwidth\": {\x0d\x0a      \"version\": 
\"0.2.0\",\x0d\x0a      \"dev\": true,\x0d\x0a      \"license\": \"MIT\"\x0d\x0a    },\x0d\x0a    
\"node_modules/email-validator\": {\x0d\x0a      \"version\": \"2.0.4\",\x0d\x0a      \"engines\": {\x0d\x0a        
\"node\": \">4.0\"\x0d\x0a      }\x0d\x0a    },\x0d\x0a    \"node_modules/emoji-picker-react\": {\x0d\x0a      
\"version\": \"4.13.2\",\x0d\x0a      \"license\": \"MIT\",\x0d\x0a      \"dependencies\": {\x0d\x0a        
\"flairup\": \"1.0.0\"\x0d\x0a      },\x0d\x0a      \"engines\": {\x0d\x0a        \"node\": \">=10\"\x0d\x0a      
},\x0d\x0a      \"peerDependencies\": {\x0d\x0a        \"react\": \">=16\"\x0d\x0a      }\x0d\x0a    },\x0d\x0a    
\"node_modules/emoji-regex\": {\x0d\x0a      \"version\": \"8.0.0\",\x0d\x0a      \"license\": \"MIT\"\x0d\x0a    
},\x0d\x0a    \"node_modules/entities\": {\x0d\x0a      \"version\": \"4.5.0\",\x0d\x0a      \"license\": 
\"BSD-2-Clause\",\x0d\x0a      \"engines\": {\x0d\x0a        \"node\": \">=0.12\"\x0d\x0a      },\x0d\x0a      
\"funding\": {\x0d\x0a        \"url\": \"https://github.com/fb55/entities?sponsor=1\"\x0d\x0a      }\x0d\x0a    
},\x0d\x0a    \"node_modules/error-ex\": {\x0d\x0a      \"version\": \"1.3.2\",\x0d\x0a      \"license\": 
\"MIT\",\x0d\x0a      \"dependencies\": {\x0d\x0a        \"is-arrayish\": \"^0.2.1\"\x0d\x0a      }\x0d\x0a    
},\x0d\x0a    \"node_modules/error-ex/node_modules/is-arrayish\": {\x0d\x0a      \"version\": \"0.2.1\",\x0d\x0a      
\"license\": \"MIT\"\x0d\x0a    },\x0d\x0a    \"node_modules/es-abstract\": {\x0d\x0a      \"version\": 
\"1.24.0\",\x0d\x0a      \"dev\": true,\x0d\x0a      \"license\": \"MIT\",\x0d\x0a      \"dependencies\": {\x0d\x0a    
    \"array-buffer-byte-length\": \"^1.0.2\",\x0d\x0a        \"arraybuffer.prototype.slice\": \"^1.0.4\",\x0d\x0a      
  \"available-typed-arrays\": \"^1.0.7\",\x0d\x0a        \"call-bind\": \"^1.0.8\",\x0d\x0a        \"call-bound\": 
\"^1.0.4\",\x0d\x0a        \"data-view-buffer\": \"^1.0.2\",\x0d\x0a        \"data-view-byte-length\": 
\"^1.0.2\",\x0d\x0a        \"data-view-byte-offset\": \"^1.0.1\",\x0d\x0a        \"es-define-property\": 
\"^1.0.1\",\x0d\x0a        \"es-errors\": \"^1.3.0\",\x0d\x0a        \"es-object-atoms\": \"^1.1.1\",\x0d\x0a        
\"es-set-tostringtag\": \"^2.1.0\",\x0d\x0a        \"es-to-primitive\": \"^1.3.0\",\x0d\x0a        
\"function.prototype.name\": \"^1.1.8\",\x0d\x0a        \"get-intrinsic\": \"^1.3.0\",\x0d\x0a        \"get-proto\": 
\"^1.0.1\",\x0d\x0a        \"get-symbol-description\": \"^1.1.0\",\x0d\x0a        \"globalthis\": \"^1.0.4\",\x0d\x0a  
      \"gopd\": \"^1.2.0\",\x0d\x0a        \"has-property-descriptors\": \"^1.0.2\",\x0d\x0a        \"has-proto\": 
\"^1.2.0\",\x0d\x0a        \"has-symbols\": \"^1.1.0\",\x0d\x0a        \"hasown\": \"^2.0.2\",\x0d\x0a        
\"internal-slot\": \"^1.1.0\",\x0d\x0a        \"is-array-buffer\": \"^3.0.5\",\x0d\x0a        \"is-callable\": 
\"^1.2.7\",\x0d\x0a        \"is-data-view\": \"^1.0.2\",\x0d\x0a        \"is-negative-zero\": \"^2.0.3\",\x0d\x0a      
  \"is-regex\": \"^1.2.1\",\x0d\x0a        \"is-set\": \"^2.0.3\",\x0d\x0a        \"is-shared-array-buffer\": 
\"^1.0.4\",\x0d\x0a        \"is-string\": \"^1.1.1\",\x0d\x0a        \"is-typed-array\": \"^1.1.15\",\x0d\x0a        
\"is-weakref\": \"^1.1.1\",\x0d\x0a        \"math-intrinsics\": \"^1.1.0\",\x0d\x0a        \"object-inspect\": 
\"^1.13.4\",\x0d\x0a        \"object-keys\": \"^1.1.1\",\x0d\x0a        \"object.assign\": \"^4.1.7\",\x0d\x0a        
\"own-keys\": \"^1.0.1\",\x0d\x0a        \"regexp.prototype.flags\": \"^1.5.4\",\x0d\x0a        \"safe-array-concat\": 
\"^1.1.3\",\x0d\x0a        \"safe-push-apply\": \"^1.0.0\",\x0d\x0a        \"safe-regex-test\": \"^1.1.0\",\x0d\x0a    
    \"set-proto\": \"^1.0.0\",\x0d\x0a        \"stop-iteration-iterator\": \"^1.1.0\",\x0d\x0a        
\"string.prototype.trim\": \"^1.2.10\",\x0d\x0a        \"string.prototype.trimend\": \"^1.0.9\",\x0d\x0a        
\"string.prototype.trimstart\": \"^1.0.8\",\x0d\x0a        \"typed-array-buffer\": \"^1.0.3\",\x0d\x0a        
\"typed-array-byte-length\": \"^1.0.3\",\x0d\x0a        \"typed-array-byte-offset\": \"^1.0.4\",\x0d\x0a        
\"typed-array-length\": \"^1.0.7\",\x0d\x0a        \"unbox-primitive\": \"^1.1.0\",\x0d\x0a        
\"which-typed-array\": \"^1.1.19\"\x0d\x0a      },\x0d\x0a      \"engines\": {\x0d\x0a        \"node\": \">= 
0.4\"\x0d\x0a      },\x0d\x0a      \"funding\": {\x0d\x0a        \"url\": 
\"https://github.com/sponsors/ljharb\"\x0d\x0a      }\x0d\x0a    },\x0d\x0a    \"node_modules/es-define-property\": 
{\x0d\x0a      \"version\": \"1.0.1\",\x0d\x0a      \"license\": \"MIT\",\x0d\x0a      \"engines\": {\x0d\x0a        
\"node\": \">= 0.4\"\x0d\x0a      }\x0d\x0a    },\x0d\x0a    \"node_modules/es-errors\": {\x0d\x0a      \"version\": 
\"1.3.0\",\x0d\x0a      \"license\": \"MIT\",\x0d\x0a      \"engines\": {\x0d\x0a        \"node\": \">= 0.4\"\x0d\x0a  
    }\x0d\x0a    },\x0d\x0a    \"node_modules/es-iterator-helpers\": {\x0d\x0a      \"version\": \"1.2.1\",\x0d\x0a    
  \"dev\": true,\x0d\x0a      \"license\": \"MIT\",\x0d\x0a      \"dependencies\": {\x0d\x0a        \"call-bind\": 
\"^1.0.8\",\x0d\x0a        \"call-bound\": \"^1.0.3\",\x0d\x0a        \"define-properties\": \"^1.2.1\",\x0d\x0a       
 \"es-abstract\": \"^1.23.6\",\x0d\x0a        \"es-errors\": \"^1.3.0\",\x0d\x0a        \"es-set-tostringtag\": 
\"^2.0.3\",\x0d\x0a        \"function-bind\": \"^1.1.2\",\x0d\x0a        \"get-intrinsic\": \"^1.2.6\",\x0d\x0a        
\"globalthis\": \"^1.0.4\",\x0d\x0a        \"gopd\": \"^1.2.0\",\x0d\x0a        \"has-property-descriptors\": 
\"^1.0.2\",\x0d\x0a        \"has-proto\": \"^1.2.0\",\x0d\x0a        \"has-symbols\": \"^1.1.0\",\x0d\x0a        
\"internal-slot\": \"^1.1.0\",\x0d\x0a        \"iterator.prototype\": \"^1.1.4\",\x0d\x0a        
\"safe-array-concat\": \"^1.1.3\"\x0d\x0a      },\x0d\x0a      \"engines\": {\x0d\x0a        \"node\": \">= 
0.4\"\x0d\x0a      }\x0d\x0a    },\x0d\x0a    \"node_modules/es-object-atoms\": {\x0d\x0a      \"version\": 
\"1.1.1\",\x0d\x0a      \"license\": \"MIT\",\x0d\x0a      \"dependencies\": {\x0d\x0a        \"es-errors\": 
\"^1.3.0\"\x0d\x0a      },\x0d\x0a      \"engines\": {\x0d\x0a        \"node\": \">= 0.4\"\x0d\x0a      }\x0d\x0a    
},\x0d\x0a    \"node_modules/es-set-tostringtag\": {\x0d\x0a      \"version\": \"2.1.0\",\x0d\x0a      \"license\": 
\"MIT\",\x0d\x0a      \"dependencies\": {\x0d\x0a        \"es-errors\": \"^1.3.0\",\x0d\x0a        \"get-intrinsic\": 
\"^1.2.6\",\x0d\x0a        \"has-tostringtag\": \"^1.0.2\",\x0d\x0a        \"hasown\": \"^2.0.2\"\x0d\x0a      
},\x0d\x0a      \"engines\": {\x0d\x0a        \"node\": \">= 0.4\"\x0d\x0a      }\x0d\x0a    },\x0d\x0a    
\"node_modules/es-shim-unscopables\": {\x0d\x0a      \"version\": \"1.1.0\",\x0d\x0a      \"dev\": true,\x0d\x0a      
\"license\": \"MIT\",\x0d\x0a      \"dependencies\": {\x0d\x0a        \"hasown\": \"^2.0.2\"\x0d\x0a      },\x0d\x0a   
   \"engines\": {\x0d\x0a        \"node\": \">= 0.4\"\x0d\x0a      }\x0d\x0a    },\x0d\x0a    
\"node_modules/es-to-primitive\": {\x0d\x0a      \"version\": \"1.3.0\",\x0d\x0a      \"dev\": true,\x0d\x0a      
\"license\": \"MIT\",\x0d\x0a      \"dependencies\": {\x0d\x0a        \"is-callable\": \"^1.2.7\",\x0d\x0a        
\"is-date-object\": \"^1.0.5\",\x0d\x0a        \"is-symbol\": \"^1.0.4\"\x0d\x0a      },\x0d\x0a      \"engines\": 
{\x0d\x0a        \"node\": \">= 0.4\"\x0d\x0a      },\x0d\x0a      \"funding\": {\x0d\x0a        \"url\": 
\"https://github.com/sponsors/ljharb\"\x0d\x0a      }\x0d\x0a    },\x0d\x0a    \"node_modules/escalade\": {\x0d\x0a    
  \"version\": \"3.2.0\",\x0d\x0a      \"license\": \"MIT\",\x0d\x0a      \"engines\": {\x0d\x0a        \"node\": 
\">=6\"\x0d\x0a      }\x0d\x0a    },\x0d\x0a    \"node_modules/escape-string-regexp\": {\x0d\x0a      \"version\": 
\"4.0.0\",\x0d\x0a      \"license\": \"MIT\",\x0d\x0a      \"engines\": {\x0d\x0a        \"node\": \">=10\"\x0d\x0a    
  },\x0d\x0a      \"funding\": {\x0d\x0a        \"url\": \"https://github.com/sponsors/sindresorhus\"\x0d\x0a      
}\x0d\x0a    },\x0d\x0a    \"node_modules/eslint\": {\x0d\x0a      \"version\": \"9.31.0\",\x0d\x0a      \"dev\": 
true,\x0d\x0a      \"license\": \"MIT\",\x0d\x0a      \"peer\": true,\x0d\x0a      \"dependencies\": {\x0d\x0a        
\"@eslint-community/eslint-utils\": \"^4.2.0\",\x0d\x0a        \"@eslint-community/regexpp\": \"^4.12.1\",\x0d\x0a     
   \"@eslint/config-array\": \"^0.21.0\",\x0d\x0a        \"@eslint/config-helpers\": \"^0.3.0\",\x0d\x0a        
\"@eslint/core\": \"^0.15.0\",\x0d\x0a        \"@eslint/eslintrc\": \"^3.3.1\",\x0d\x0a        \"@eslint/js\": 
\"9.31.0\",\x0d\x0a        \"@eslint/plugin-kit\": \"^0.3.1\",\x0d\x0a        \"@humanfs/node\": \"^0.16.6\",\x0d\x0a  
      \"@humanwhocodes/module-importer\": \"^1.0.1\",\x0d\x0a        \"@humanwhocodes/retry\": \"^0.4.2\",\x0d\x0a     
   \"@types/estree\": \"^1.0.6\",\x0d\x0a        \"@types/json-schema\": \"^7.0.15\",\x0d\x0a        \"ajv\": 
\"^6.12.4\",\x0d\x0a        \"chalk\": \"^4.0.0\",\x0d\x0a        \"cross-spawn\": \"^7.0.6\",\x0d\x0a        
\"debug\": \"^4.3.2\",\x0d\x0a        \"escape-string-regexp\": \"^4.0.0\",\x0d\x0a        \"eslint-scope\": 
\"^8.4.0\",\x0d\x0a        \"eslint-visitor-keys\": \"^4.2.1\",\x0d\x0a        \"espree\": \"^10.4.0\",\x0d\x0a        
\"esquery\": \"^1.5.0\",\x0d\x0a        \"esutils\": \"^2.0.2\",\x0d\x0a        \"fast-deep-equal\": 
\"^3.1.3\",\x0d\x0a        \"file-entry-cache\": \"^8.0.0\",\x0d\x0a        \"find-up\": \"^5.0.0\",\x0d\x0a        
\"glob-parent\": \"^6.0.2\",\x0d\x0a        \"ignore\": \"^5.2.0\",\x0d\x0a        \"imurmurhash\": 
\"^0.1.4\",\x0d\x0a        \"is-glob\": \"^4.0.0\",\x0d\x0a        \"json-stable-stringify-without-jsonify\": 
\"^1.0.1\",\x0d\x0a        \"lodash.merge\": \"^4.6.2\",\x0d\x0a        \"minimatch\": \"^3.1.2\",\x0d\x0a        
\"natural-compare\": \"^1.4.0\",\x0d\x0a        \"optionator\": \"^0.9.3\"\x0d\x0a      },\x0d\x0a      \"bin\": 
{\x0d\x0a        \"eslint\": \"bin/eslint.js\"\x0d\x0a      },\x0d\x0a      \"engines\": {\x0d\x0a        \"node\": 
\"^18.18.0 || ^20.9.0 || >=21.1.0\"\x0d\x0a      },\x0d\x0a      \"funding\": {\x0d\x0a        \"url\": 
\"https://eslint.org/donate\"\x0d\x0a      },\x0d\x0a      \"peerDependencies\": {\x0d\x0a        \"jiti\": 
\"*\"\x0d\x0a      },\x0d\x0a      \"peerDependenciesMeta\": {\x0d\x0a        \"jiti\": {\x0d\x0a          
\"optional\": true\x0d\x0a        }\x0d\x0a      }\x0d\x0a    },\x0d\x0a    \"node_modules/eslint-config-next\": 
{\x0d\x0a      \"version\": \"15.1.6\",\x0d\x0a      \"dev\": true,\x0d\x0a      \"license\": \"MIT\",\x0d\x0a      
\"dependencies\": {\x0d\x0a        \"@next/eslint-plugin-next\": \"15.1.6\",\x0d\x0a        
\"@rushstack/eslint-patch\": \"^1.10.3\",\x0d\x0a        \"@typescript-eslint/eslint-plugin\": \"^5.4.2 || ^6.0.0 || 
^7.0.0 || ^8.0.0\",\x0d\x0a        \"@typescript-eslint/parser\": \"^5.4.2 || ^6.0.0 || ^7.0.0 || ^8.0.0\",\x0d\x0a    
    \"eslint-import-resolver-node\": \"^0.3.6\",\x0d\x0a        \"eslint-import-resolver-typescript\": 
\"^3.5.2\",\x0d\x0a        \"eslint-plugin-import\": \"^2.31.0\",\x0d\x0a        \"eslint-plugin-jsx-a11y\": 
\"^6.10.0\",\x0d\x0a        \"eslint-plugin-react\": \"^7.37.0\",\x0d\x0a        \"eslint-plugin-react-hooks\": 
\"^5.0.0\"\x0d\x0a      },\x0d\x0a      \"peerDependencies\": {\x0d\x0a        \"eslint\": \"^7.23.0 || ^8.0.0 || 
^9.0.0\",\x0d\x0a        \"typescript\": \">=3.3.1\"\x0d\x0a      },\x0d\x0a      \"peerDependenciesMeta\": {\x0d\x0a  
      \"typescript\": {\x0d\x0a          \"optional\": true\x0d\x0a        }\x0d\x0a      }\x0d\x0a    },\x0d\x0a    
\"node_modules/eslint-import-resolver-node\": {\x0d\x0a      \"version\": \"0.3.9\",\x0d\x0a      \"dev\": 
true,\x0d\x0a      \"license\": \"MIT\",\x0d\x0a      \"dependencies\": {\x0d\x0a        \"debug\": 
\"^3.2.7\",\x0d\x0a        \"is-core-module\": \"^2.13.0\",\x0d\x0a        \"resolve\": \"^1.22.4\"\x0d\x0a      
}\x0d\x0a    },\x0d\x0a    \"node_modules/eslint-import-resolver-node/node_modules/debug\": {\x0d\x0a      
\"version\": \"3.2.7\",\x0d\x0a      \"dev\": true,\x0d\x0a      \"license\": \"MIT\",\x0d\x0a      \"dependencies\": 
{\x0d\x0a        \"ms\": \"^2.1.1\"\x0d\x0a      }\x0d\x0a    },\x0d\x0a    
\"node_modules/eslint-import-resolver-typescript\": {\x0d\x0a      \"version\": \"3.10.1\",\x0d\x0a      \"dev\": 
true,\x0d\x0a      \"license\": \"ISC\",\x0d\x0a      \"dependencies\": {\x0d\x0a        \"@nolyfill/is-core-module\": 
\"1.0.39\",\x0d\x0a        \"debug\": \"^4.4.0\",\x0d\x0a        \"get-tsconfig\": \"^4.10.0\",\x0d\x0a        
\"is-bun-module\": \"^2.0.0\",\x0d\x0a        \"stable-hash\": \"^0.0.5\",\x0d\x0a        \"tinyglobby\": 
\"^0.2.13\",\x0d\x0a        \"unrs-resolver\": \"^1.6.2\"\x0d\x0a      },\x0d\x0a      \"engines\": {\x0d\x0a        
\"node\": \"^14.18.0 || >=16.0.0\"\x0d\x0a      },\x0d\x0a      \"funding\": {\x0d\x0a        \"url\": 
\"https://opencollective.com/eslint-import-resolver-typescript\"\x0d\x0a      },\x0d\x0a      \"peerDependencies\": 
{\x0d\x0a        \"eslint\": \"*\",\x0d\x0a        \"eslint-plugin-import\": \"*\",\x0d\x0a        
\"eslint-plugin-import-x\": \"*\"\x0d\x0a      },\x0d\x0a      \"peerDependenciesMeta\": {\x0d\x0a        
\"eslint-plugin-import\": {\x0d\x0a          \"optional\": true\x0d\x0a        },\x0d\x0a        
\"eslint-plugin-import-x\": {\x0d\x0a          \"optional\": true\x0d\x0a        }\x0d\x0a      }\x0d\x0a    
},\x0d\x0a    \"node_modules/eslint-module-utils\": {\x0d\x0a      \"version\": \"2.12.1\",\x0d\x0a      \"dev\": 
true,\x0d\x0a      \"license\": \"MIT\",\x0d\x0a      \"dependencies\": {\x0d\x0a        \"debug\": \"^3.2.7\"\x0d\x0a 
     },\x0d\x0a      \"engines\": {\x0d\x0a        \"node\": \">=4\"\x0d\x0a      },\x0d\x0a      
\"peerDependenciesMeta\": {\x0d\x0a        \"eslint\": {\x0d\x0a          \"optional\": true\x0d\x0a        }\x0d\x0a  
    }\x0d\x0a    },\x0d\x0a    \"node_modules/eslint-module-utils/node_modules/debug\": {\x0d\x0a      \"version\": 
\"3.2.7\",\x0d\x0a      \"dev\": true,\x0d\x0a      \"license\": \"MIT\",\x0d\x0a      \"dependencies\": {\x0d\x0a     
   \"ms\": \"^2.1.1\"\x0d\x0a      }\x0d\x0a    },\x0d\x0a    \"node_modules/eslint-plugin-import\": {\x0d\x0a      
\"version\": \"2.32.0\",\x0d\x0a      \"dev\": true,\x0d\x0a      \"license\": \"MIT\",\x0d\x0a      \"peer\": 
true,\x0d\x0a      \"dependencies\": {\x0d\x0a        \"@rtsao/scc\": \"^1.1.0\",\x0d\x0a        \"array-includes\": 
\"^3.1.9\",\x0d\x0a        \"array.prototype.findlastindex\": \"^1.2.6\",\x0d\x0a        \"array.prototype.flat\": 
\"^1.3.3\",\x0d\x0a        \"array.prototype.flatmap\": \"^1.3.3\",\x0d\x0a        \"debug\": \"^3.2.7\",\x0d\x0a      
  \"doctrine\": \"^2.1.0\",\x0d\x0a        \"eslint-import-resolver-node\": \"^0.3.9\",\x0d\x0a        
\"eslint-module-utils\": \"^2.12.1\",\x0d\x0a        \"hasown\": \"^2.0.2\",\x0d\x0a        \"is-core-module\": 
\"^2.16.1\",\x0d\x0a        \"is-glob\": \"^4.0.3\",\x0d\x0a        \"minimatch\": \"^3.1.2\",\x0d\x0a        
\"object.fromentries\": \"^2.0.8\",\x0d\x0a        \"object.groupby\": \"^1.0.3\",\x0d\x0a        \"object.values\": 
\"^1.2.1\",\x0d\x0a        \"semver\": \"^6.3.1\",\x0d\x0a        \"string.prototype.trimend\": \"^1.0.9\",\x0d\x0a    
    \"tsconfig-paths\": \"^3.15.0\"\x0d\x0a      },\x0d\x0a      \"engines\": {\x0d\x0a        \"node\": 
\">=4\"\x0d\x0a      },\x0d\x0a      \"peerDependencies\": {\x0d\x0a        \"eslint\": \"^2 || ^3 || ^4 || ^5 || ^6 
|| ^7.2.0 || ^8 || ^9\"\x0d\x0a      }\x0d\x0a    },\x0d\x0a    
\"node_modules/eslint-plugin-import/node_modules/debug\": {\x0d\x0a      \"version\": \"3.2.7\",\x0d\x0a      \"dev\": 
true,\x0d\x0a      \"license\": \"MIT\",\x0d\x0a      \"dependencies\": {\x0d\x0a        \"ms\": \"^2.1.1\"\x0d\x0a    
  }\x0d\x0a    },\x0d\x0a    \"node_modules/eslint-plugin-import/node_modules/semver\": {\x0d\x0a      \"version\": 
\"6.3.1\",\x0d\x0a      \"dev\": true,\x0d\x0a      \"license\": \"ISC\",\x0d\x0a      \"bin\": {\x0d\x0a        
\"semver\": \"bin/semver.js\"\x0d\x0a      }\x0d\x0a    },\x0d\x0a    \"node_modules/eslint-plugin-jsx-a11y\": 
{\x0d\x0a      \"version\": \"6.10.2\",\x0d\x0a      \"dev\": true,\x0d\x0a      \"license\": \"MIT\",\x0d\x0a      
\"dependencies\": {\x0d\x0a        \"aria-query\": \"^5.3.2\",\x0d\x0a        \"array-includes\": \"^3.1.8\",\x0d\x0a  
      \"array.prototype.flatmap\": \"^1.3.2\",\x0d\x0a        \"ast-types-flow\": \"^0.0.8\",\x0d\x0a        
\"axe-core\": \"^4.10.0\",\x0d\x0a        \"axobject-query\": \"^4.1.0\",\x0d\x0a        \"damerau-levenshtein\": 
\"^1.0.8\",\x0d\x0a        \"emoji-regex\": \"^9.2.2\",\x0d\x0a        \"hasown\": \"^2.0.2\",\x0d\x0a        
\"jsx-ast-utils\": \"^3.3.5\",\x0d\x0a        \"language-tags\": \"^1.0.9\",\x0d\x0a        \"minimatch\": 
\"^3.1.2\",\x0d\x0a        \"object.fromentries\": \"^2.0.8\",\x0d\x0a        \"safe-regex-test\": \"^1.0.3\",\x0d\x0a 
       \"string.prototype.includes\": \"^2.0.1\"\x0d\x0a      },\x0d\x0a      \"engines\": {\x0d\x0a        \"node\": 
\">=4.0\"\x0d\x0a      },\x0d\x0a      \"peerDependencies\": {\x0d\x0a        \"eslint\": \"^3 || ^4 || ^5 || ^6 || ^7 
|| ^8 || ^9\"\x0d\x0a      }\x0d\x0a    },\x0d\x0a    
\"node_modules/eslint-plugin-jsx-a11y/node_modules/emoji-regex\": {\x0d\x0a      \"version\": \"9.2.2\",\x0d\x0a      
\"dev\": true,\x0d\x0a      \"license\": \"MIT\"\x0d\x0a    },\x0d\x0a    \"node_modules/eslint-plugin-react\": 
{\x0d\x0a      \"version\": \"7.37.5\",\x0d\x0a      \"dev\": true,\x0d\x0a      \"license\": \"MIT\",\x0d\x0a      
\"dependencies\": {\x0d\x0a        \"array-includes\": \"^3.1.8\",\x0d\x0a        \"array.prototype.findlast\": 
\"^1.2.5\",\x0d\x0a        \"array.prototype.flatmap\": \"^1.3.3\",\x0d\x0a        \"array.prototype.tosorted\": 
\"^1.1.4\",\x0d\x0a        \"doctrine\": \"^2.1.0\",\x0d\x0a        \"es-iterator-helpers\": \"^1.2.1\",\x0d\x0a       
 \"estraverse\": \"^5.3.0\",\x0d\x0a        \"hasown\": \"^2.0.2\",\x0d\x0a        \"jsx-ast-utils\": \"^2.4.1 || 
^3.0.0\",\x0d\x0a        \"minimatch\": \"^3.1.2\",\x0d\x0a        \"object.entries\": \"^1.1.9\",\x0d\x0a        
\"object.fromentries\": \"^2.0.8\",\x0d\x0a        \"object.values\": \"^1.2.1\",\x0d\x0a        \"prop-types\": 
\"^15.8.1\",\x0d\x0a        \"resolve\": \"^2.0.0-next.5\",\x0d\x0a        \"semver\": \"^6.3.1\",\x0d\x0a        
\"string.prototype.matchall\": \"^4.0.12\",\x0d\x0a        \"string.prototype.repeat\": \"^1.0.0\"\x0d\x0a      
},\x0d\x0a      \"engines\": {\x0d\x0a        \"node\": \">=4\"\x0d\x0a      },\x0d\x0a      \"peerDependencies\": 
{\x0d\x0a        \"eslint\": \"^3 || ^4 || ^5 || ^6 || ^7 || ^8 || ^9.7\"\x0d\x0a      }\x0d\x0a    },\x0d\x0a    
\"node_modules/eslint-plugin-react-hooks\": {\x0d\x0a      \"version\": \"5.2.0\",\x0d\x0a      \"dev\": true,\x0d\x0a 
     \"license\": \"MIT\",\x0d\x0a      \"engines\": {\x0d\x0a        \"node\": \">=10\"\x0d\x0a      },\x0d\x0a      
\"peerDependencies\": {\x0d\x0a        \"eslint\": \"^3.0.0 || ^4.0.0 || ^5.0.0 || ^6.0.0 || ^7.0.0 || ^8.0.0-0 || 
^9.0.0\"\x0d\x0a      }\x0d\x0a    },\x0d\x0a    \"node_modules/eslint-plugin-react/node_modules/resolve\": {\x0d\x0a  
    \"version\": \"2.0.0-next.5\",\x0d\x0a      \"dev\": true,\x0d\x0a      \"license\": \"MIT\",\x0d\x0a      
\"dependencies\": {\x0d\x0a        \"is-core-module\": \"^2.13.0\",\x0d\x0a        \"path-parse\": \"^1.0.7\",\x0d\x0a 
       \"supports-preserve-symlinks-flag\": \"^1.0.0\"\x0d\x0a      },\x0d\x0a      \"bin\": {\x0d\x0a        
\"resolve\": \"bin/resolve\"\x0d\x0a      },\x0d\x0a      \"funding\": {\x0d\x0a        \"url\": 
\"https://github.com/sponsors/ljharb\"\x0d\x0a      }\x0d\x0a    },\x0d\x0a    
\"node_modules/eslint-plugin-react/node_modules/semver\": {\x0d\x0a      \"version\": \"6.3.1\",\x0d\x0a      \"dev\": 
true,\x0d\x0a      \"license\": \"ISC\",\x0d\x0a      \"bin\": {\x0d\x0a        \"semver\": \"bin/semver.js\"\x0d\x0a  
    }\x0d\x0a    },\x0d\x0a    \"node_modules/eslint-scope\": {\x0d\x0a      \"version\": \"8.4.0\",\x0d\x0a      
\"dev\": true,\x0d\x0a      \"license\": \"BSD-2-Clause\",\x0d\x0a      \"dependencies\": {\x0d\x0a        
\"esrecurse\": \"^4.3.0\",\x0d\x0a        \"estraverse\": \"^5.2.0\"\x0d\x0a      },\x0d\x0a      \"engines\": 
{\x0d\x0a        \"node\": \"^18.18.0 || ^20.9.0 || >=21.1.0\"\x0d\x0a      },\x0d\x0a      \"funding\": {\x0d\x0a     
   \"url\": \"https://opencollective.com/eslint\"\x0d\x0a      }\x0d\x0a    },\x0d\x0a    
\"node_modules/eslint-visitor-keys\": {\x0d\x0a      \"version\": \"4.2.1\",\x0d\x0a      \"dev\": true,\x0d\x0a      
\"license\": \"Apache-2.0\",\x0d\x0a      \"engines\": {\x0d\x0a        \"node\": \"^18.18.0 || ^20.9.0 || 
>=21.1.0\"\x0d\x0a      },\x0d\x0a      \"funding\": {\x0d\x0a        \"url\": 
\"https://opencollective.com/eslint\"\x0d\x0a      }\x0d\x0a    },\x0d\x0a    
\"node_modules/eslint/node_modules/glob-parent\": {\x0d\x0a      \"version\": \"6.0.2\",\x0d\x0a      \"dev\": 
true,\x0d\x0a      \"license\": \"ISC\",\x0d\x0a      \"dependencies\": {\x0d\x0a        \"is-glob\": 
\"^4.0.3\"\x0d\x0a      },\x0d\x0a      \"engines\": {\x0d\x0a        \"node\": \">=10.13.0\"\x0d\x0a      }\x0d\x0a   
 },\x0d\x0a    \"node_modules/espree\": {\x0d\x0a      \"version\": \"10.4.0\",\x0d\x0a      \"dev\": true,\x0d\x0a    
  \"license\": \"BSD-2-Clause\",\x0d\x0a      \"dependencies\": {\x0d\x0a        \"acorn\": \"^8.15.0\",\x0d\x0a       
 \"acorn-jsx\": \"^5.3.2\",\x0d\x0a        \"eslint-visitor-keys\": \"^4.2.1\"\x0d\x0a      },\x0d\x0a      
\"engines\": {\x0d\x0a        \"node\": \"^18.18.0 || ^20.9.0 || >=21.1.0\"\x0d\x0a      },\x0d\x0a      \"funding\": 
{\x0d\x0a        \"url\": \"https://opencollective.com/eslint\"\x0d\x0a      }\x0d\x0a    },\x0d\x0a    
\"node_modules/esquery\": {\x0d\x0a      \"version\": \"1.6.0\",\x0d\x0a      \"dev\": true,\x0d\x0a      \"license\": 
\"BSD-3-Clause\",\x0d\x0a      \"dependencies\": {\x0d\x0a        \"estraverse\": \"^5.1.0\"\x0d\x0a      },\x0d\x0a   
   \"engines\": {\x0d\x0a        \"node\": \">=0.10\"\x0d\x0a      }\x0d\x0a    },\x0d\x0a    
\"node_modules/esrecurse\": {\x0d\x0a      \"version\": \"4.3.0\",\x0d\x0a      \"dev\": true,\x0d\x0a      
\"license\": \"BSD-2-Clause\",\x0d\x0a      \"dependencies\": {\x0d\x0a        \"estraverse\": \"^5.2.0\"\x0d\x0a      
},\x0d\x0a      \"engines\": {\x0d\x0a        \"node\": \">=4.0\"\x0d\x0a      }\x0d\x0a    },\x0d\x0a    
\"node_modules/estraverse\": {\x0d\x0a      \"version\": \"5.3.0\",\x0d\x0a      \"dev\": true,\x0d\x0a      
\"license\": \"BSD-2-Clause\",\x0d\x0a      \"engines\": {\x0d\x0a        \"node\": \">=4.0\"\x0d\x0a      }\x0d\x0a   
 },\x0d\x0a    \"node_modules/estree-util-is-identifier-name\": {\x0d\x0a      \"version\": \"3.0.0\",\x0d\x0a      
\"license\": \"MIT\",\x0d\x0a      \"funding\": {\x0d\x0a        \"type\": \"opencollective\",\x0d\x0a        \"url\": 
\"https://opencollective.com/unified\"\x0d\x0a      }\x0d\x0a    },\x0d\x0a    \"node_modules/esutils\": {\x0d\x0a     
 \"version\": \"2.0.3\",\x0d\x0a      \"dev\": true,\x0d\x0a      \"license\": \"BSD-2-Clause\",\x0d\x0a      
\"engines\": {\x0d\x0a        \"node\": \">=0.10.0\"\x0d\x0a      }\x0d\x0a    },\x0d\x0a    
\"node_modules/event-target-shim\": {\x0d\x0a      \"version\": \"5.0.1\",\x0d\x0a      \"license\": \"MIT\",\x0d\x0a  
    \"engines\": {\x0d\x0a        \"node\": \">=6\"\x0d\x0a      }\x0d\x0a    },\x0d\x0a    
\"node_modules/eventemitter3\": {\x0d\x0a      \"version\": \"4.0.7\",\x0d\x0a      \"license\": \"MIT\"\x0d\x0a    
},\x0d\x0a    \"node_modules/extend\": {\x0d\x0a      \"version\": \"3.0.2\",\x0d\x0a      \"license\": 
\"MIT\"\x0d\x0a    },\x0d\x0a    \"node_modules/fast-deep-equal\": {\x0d\x0a      \"version\": \"3.1.3\",\x0d\x0a      
\"dev\": true,\x0d\x0a      \"license\": \"MIT\"\x0d\x0a    },\x0d\x0a    \"node_modules/fast-glob\": {\x0d\x0a      
\"version\": \"3.3.3\",\x0d\x0a      \"dev\": true,\x0d\x0a      \"license\": \"MIT\",\x0d\x0a      \"dependencies\": 
{\x0d\x0a        \"@nodelib/fs.stat\": \"^2.0.2\",\x0d\x0a        \"@nodelib/fs.walk\": \"^1.2.3\",\x0d\x0a        
\"glob-parent\": \"^5.1.2\",\x0d\x0a        \"merge2\": \"^1.3.0\",\x0d\x0a        \"micromatch\": \"^4.0.8\"\x0d\x0a  
    },\x0d\x0a      \"engines\": {\x0d\x0a        \"node\": \">=8.6.0\"\x0d\x0a      }\x0d\x0a    },\x0d\x0a    
\"node_modules/fast-json-stable-stringify\": {\x0d\x0a      \"version\": \"2.1.0\",\x0d\x0a      \"dev\": 
true,\x0d\x0a      \"license\": \"MIT\"\x0d\x0a    },\x0d\x0a    \"node_modules/fast-levenshtein\": {\x0d\x0a      
\"version\": \"2.0.6\",\x0d\x0a      \"dev\": true,\x0d\x0a      \"license\": \"MIT\"\x0d\x0a    },\x0d\x0a    
\"node_modules/fastq\": {\x0d\x0a      \"version\": \"1.19.1\",\x0d\x0a      \"dev\": true,\x0d\x0a      \"license\": 
\"ISC\",\x0d\x0a      \"dependencies\": {\x0d\x0a        \"reusify\": \"^1.0.4\"\x0d\x0a      }\x0d\x0a    },\x0d\x0a  
  \"node_modules/faye-websocket\": {\x0d\x0a      \"version\": \"0.11.4\",\x0d\x0a      \"license\": 
\"Apache-2.0\",\x0d\x0a      \"dependencies\": {\x0d\x0a        \"websocket-driver\": \">=0.5.1\"\x0d\x0a      
},\x0d\x0a      \"engines\": {\x0d\x0a        \"node\": \">=0.8.0\"\x0d\x0a      }\x0d\x0a    },\x0d\x0a    
\"node_modules/file-entry-cache\": {\x0d\x0a      \"version\": \"8.0.0\",\x0d\x0a      \"dev\": true,\x0d\x0a      
\"license\": \"MIT\",\x0d\x0a      \"dependencies\": {\x0d\x0a        \"flat-cache\": \"^4.0.0\"\x0d\x0a      
},\x0d\x0a      \"engines\": {\x0d\x0a        \"node\": \">=16.0.0\"\x0d\x0a      }\x0d\x0a    },\x0d\x0a    
\"node_modules/file-selector\": {\x0d\x0a      \"version\": \"2.1.2\",\x0d\x0a      \"license\": \"MIT\",\x0d\x0a      
\"dependencies\": {\x0d\x0a        \"tslib\": \"^2.7.0\"\x0d\x0a      },\x0d\x0a      \"engines\": {\x0d\x0a        
\"node\": \">= 12\"\x0d\x0a      }\x0d\x0a    },\x0d\x0a    \"node_modules/fill-range\": {\x0d\x0a      \"version\": 
\"7.1.1\",\x0d\x0a      \"dev\": true,\x0d\x0a      \"license\": \"MIT\",\x0d\x0a      \"dependencies\": {\x0d\x0a     
   \"to-regex-range\": \"^5.0.1\"\x0d\x0a      },\x0d\x0a      \"engines\": {\x0d\x0a        \"node\": \">=8\"\x0d\x0a 
     }\x0d\x0a    },\x0d\x0a    \"node_modules/find-root\": {\x0d\x0a      \"version\": \"1.1.0\",\x0d\x0a      
\"license\": \"MIT\"\x0d\x0a    },\x0d\x0a    \"node_modules/find-up\": {\x0d\x0a      \"version\": \"5.0.0\",\x0d\x0a 
     \"dev\": true,\x0d\x0a      \"license\": \"MIT\",\x0d\x0a      \"dependencies\": {\x0d\x0a        
\"locate-path\": \"^6.0.0\",\x0d\x0a        \"path-exists\": \"^4.0.0\"\x0d\x0a      },\x0d\x0a      \"engines\": 
{\x0d\x0a        \"node\": \">=10\"\x0d\x0a      },\x0d\x0a      \"funding\": {\x0d\x0a        \"url\": 
\"https://github.com/sponsors/sindresorhus\"\x0d\x0a      }\x0d\x0a    },\x0d\x0a    \"node_modules/firebase\": 
{\x0d\x0a      \"version\": \"11.10.0\",\x0d\x0a      \"license\": \"Apache-2.0\",\x0d\x0a      \"dependencies\": 
{\x0d\x0a        \"@firebase/ai\": \"1.4.1\",\x0d\x0a        \"@firebase/analytics\": \"0.10.17\",\x0d\x0a        
\"@firebase/analytics-compat\": \"0.2.23\",\x0d\x0a        \"@firebase/app\": \"0.13.2\",\x0d\x0a        
\"@firebase/app-check\": \"0.10.1\",\x0d\x0a        \"@firebase/app-check-compat\": \"0.3.26\",\x0d\x0a        
\"@firebase/app-compat\": \"0.4.2\",\x0d\x0a        \"@firebase/app-types\": \"0.9.3\",\x0d\x0a        
\"@firebase/auth\": \"1.10.8\",\x0d\x0a        \"@firebase/auth-compat\": \"0.5.28\",\x0d\x0a        
\"@firebase/data-connect\": \"0.3.10\",\x0d\x0a        \"@firebase/database\": \"1.0.20\",\x0d\x0a        
\"@firebase/database-compat\": \"2.0.11\",\x0d\x0a        \"@firebase/firestore\": \"4.8.0\",\x0d\x0a        
\"@firebase/firestore-compat\": \"0.3.53\",\x0d\x0a        \"@firebase/functions\": \"0.12.9\",\x0d\x0a        
\"@firebase/functions-compat\": \"0.3.26\",\x0d\x0a        \"@firebase/installations\": \"0.6.18\",\x0d\x0a        
\"@firebase/installations-compat\": \"0.2.18\",\x0d\x0a        \"@firebase/messaging\": \"0.12.22\",\x0d\x0a        
\"@firebase/messaging-compat\": \"0.2.22\",\x0d\x0a        \"@firebase/performance\": \"0.7.7\",\x0d\x0a        
\"@firebase/performance-compat\": \"0.2.20\",\x0d\x0a        \"@firebase/remote-config\": \"0.6.5\",\x0d\x0a        
\"@firebase/remote-config-compat\": \"0.2.18\",\x0d\x0a        \"@firebase/storage\": \"0.13.14\",\x0d\x0a        
\"@firebase/storage-compat\": \"0.3.24\",\x0d\x0a        \"@firebase/util\": \"1.12.1\"\x0d\x0a      }\x0d\x0a    
},\x0d\x0a    \"node_modules/firebase/node_modules/@firebase/analytics\": {\x0d\x0a      \"version\": 
\"0.10.17\",\x0d\x0a      \"license\": \"Apache-2.0\",\x0d\x0a      \"dependencies\": {\x0d\x0a        
\"@firebase/component\": \"0.6.18\",\x0d\x0a        \"@firebase/installations\": \"0.6.18\",\x0d\x0a        
\"@firebase/logger\": \"0.4.4\",\x0d\x0a        \"@firebase/util\": \"1.12.1\",\x0d\x0a        \"tslib\": 
\"^2.1.0\"\x0d\x0a      },\x0d\x0a      \"peerDependencies\": {\x0d\x0a        \"@firebase/app\": \"0.x\"\x0d\x0a      
}\x0d\x0a    },\x0d\x0a    \"node_modules/firebase/node_modules/@firebase/auth\": {\x0d\x0a      \"version\": 
\"1.10.8\",\x0d\x0a      \"license\": \"Apache-2.0\",\x0d\x0a      \"dependencies\": {\x0d\x0a        
\"@firebase/component\": \"0.6.18\",\x0d\x0a        \"@firebase/logger\": \"0.4.4\",\x0d\x0a        
\"@firebase/util\": \"1.12.1\",\x0d\x0a        \"tslib\": \"^2.1.0\"\x0d\x0a      },\x0d\x0a      \"engines\": 
{\x0d\x0a        \"node\": \">=18.0.0\"\x0d\x0a      },\x0d\x0a      \"peerDependencies\": {\x0d\x0a        
\"@firebase/app\": \"0.x\",\x0d\x0a        \"@react-native-async-storage/async-storage\": \"^1.18.1\"\x0d\x0a      
},\x0d\x0a      \"peerDependenciesMeta\": {\x0d\x0a        \"@react-native-async-storage/async-storage\": {\x0d\x0a    
      \"optional\": true\x0d\x0a        }\x0d\x0a      }\x0d\x0a    },\x0d\x0a    \"node_modules/flairup\": {\x0d\x0a  
    \"version\": \"1.0.0\",\x0d\x0a      \"license\": \"MIT\"\x0d\x0a    },\x0d\x0a    \"node_modules/flat-cache\": 
{\x0d\x0a      \"version\": \"4.0.1\",\x0d\x0a      \"dev\": true,\x0d\x0a      \"license\": \"MIT\",\x0d\x0a      
\"dependencies\": {\x0d\x0a        \"flatted\": \"^3.2.9\",\x0d\x0a        \"keyv\": \"^4.5.4\"\x0d\x0a      
},\x0d\x0a      \"engines\": {\x0d\x0a        \"node\": \">=16\"\x0d\x0a      }\x0d\x0a    },\x0d\x0a    
\"node_modules/flatted\": {\x0d\x0a      \"version\": \"3.3.3\",\x0d\x0a      \"dev\": true,\x0d\x0a      \"license\": 
\"ISC\"\x0d\x0a    },\x0d\x0a    \"node_modules/follow-redirects\": {\x0d\x0a      \"version\": \"1.15.9\",\x0d\x0a    
  \"funding\": [\x0d\x0a        {\x0d\x0a          \"type\": \"individual\",\x0d\x0a          \"url\": 
\"https://github.com/sponsors/RubenVerborgh\"\x0d\x0a        }\x0d\x0a      ],\x0d\x0a      \"license\": 
\"MIT\",\x0d\x0a      \"engines\": {\x0d\x0a        \"node\": \">=4.0\"\x0d\x0a      },\x0d\x0a      
\"peerDependenciesMeta\": {\x0d\x0a        \"debug\": {\x0d\x0a          \"optional\": true\x0d\x0a        }\x0d\x0a   
   }\x0d\x0a    },\x0d\x0a    \"node_modules/for-each\": {\x0d\x0a      \"version\": \"0.3.5\",\x0d\x0a      \"dev\": 
true,\x0d\x0a      \"license\": \"MIT\",\x0d\x0a      \"dependencies\": {\x0d\x0a        \"is-callable\": 
\"^1.2.7\"\x0d\x0a      },\x0d\x0a      \"engines\": {\x0d\x0a        \"node\": \">= 0.4\"\x0d\x0a      },\x0d\x0a     
 \"funding\": {\x0d\x0a        \"url\": \"https://github.com/sponsors/ljharb\"\x0d\x0a      }\x0d\x0a    },\x0d\x0a    
\"node_modules/foreground-child\": {\x0d\x0a      \"version\": \"3.3.1\",\x0d\x0a      \"dev\": true,\x0d\x0a      
\"license\": \"ISC\",\x0d\x0a      \"dependencies\": {\x0d\x0a        \"cross-spawn\": \"^7.0.6\",\x0d\x0a        
\"signal-exit\": \"^4.0.1\"\x0d\x0a      },\x0d\x0a      \"engines\": {\x0d\x0a        \"node\": \">=14\"\x0d\x0a      
},\x0d\x0a      \"funding\": {\x0d\x0a        \"url\": \"https://github.com/sponsors/isaacs\"\x0d\x0a      }\x0d\x0a   
 },\x0d\x0a    \"node_modules/form-data\": {\x0d\x0a      \"version\": \"4.0.4\",\x0d\x0a      \"license\": 
\"MIT\",\x0d\x0a      \"dependencies\": {\x0d\x0a        \"asynckit\": \"^0.4.0\",\x0d\x0a        \"combined-stream\": 
\"^1.0.8\",\x0d\x0a        \"es-set-tostringtag\": \"^2.1.0\",\x0d\x0a        \"hasown\": \"^2.0.2\",\x0d\x0a        
\"mime-types\": \"^2.1.12\"\x0d\x0a      },\x0d\x0a      \"engines\": {\x0d\x0a        \"node\": \">= 6\"\x0d\x0a      
}\x0d\x0a    },\x0d\x0a    \"node_modules/form-data-encoder\": {\x0d\x0a      \"version\": \"1.7.2\",\x0d\x0a      
\"license\": \"MIT\"\x0d\x0a    },\x0d\x0a    \"node_modules/formdata-node\": {\x0d\x0a      \"version\": 
\"4.4.1\",\x0d\x0a      \"license\": \"MIT\",\x0d\x0a      \"dependencies\": {\x0d\x0a        \"node-domexception\": 
\"1.0.0\",\x0d\x0a        \"web-streams-polyfill\": \"4.0.0-beta.3\"\x0d\x0a      },\x0d\x0a      \"engines\": 
{\x0d\x0a        \"node\": \">= 12.20\"\x0d\x0a      }\x0d\x0a    },\x0d\x0a    \"node_modules/framer-motion\": 
{\x0d\x0a      \"version\": \"12.23.9\",\x0d\x0a      \"license\": \"MIT\",\x0d\x0a      \"dependencies\": {\x0d\x0a   
     \"motion-dom\": \"^12.23.9\",\x0d\x0a        \"motion-utils\": \"^12.23.6\",\x0d\x0a        \"tslib\": 
\"^2.4.0\"\x0d\x0a      },\x0d\x0a      \"peerDependencies\": {\x0d\x0a        \"@emotion/is-prop-valid\": 
\"*\",\x0d\x0a        \"react\": \"^18.0.0 || ^19.0.0\",\x0d\x0a        \"react-dom\": \"^18.0.0 || ^19.0.0\"\x0d\x0a  
    },\x0d\x0a      \"peerDependenciesMeta\": {\x0d\x0a        \"@emotion/is-prop-valid\": {\x0d\x0a          
\"optional\": true\x0d\x0a        },\x0d\x0a        \"react\": {\x0d\x0a          \"optional\": true\x0d\x0a        
},\x0d\x0a        \"react-dom\": {\x0d\x0a          \"optional\": true\x0d\x0a        }\x0d\x0a      }\x0d\x0a    
},\x0d\x0a    \"node_modules/fsevents\": {\x0d\x0a      \"version\": \"2.3.3\",\x0d\x0a      \"resolved\": 
\"https://registry.npmjs.org/fsevents/-/fsevents-2.3.3.tgz\",\x0d\x0a      \"integrity\": 
\"sha512-5xoDfX+fL7faATnagmWPpbFtwh/R77WmMMqqHGS65C3vvB0YHrgF+B1YmZ3441tMj5n63k0212XNoJwzlhffQw==\",\x0d\x0a      
\"dev\": true,\x0d\x0a      \"hasInstallScript\": true,\x0d\x0a      \"license\": \"MIT\",\x0d\x0a      \"optional\": 
true,\x0d\x0a      \"os\": [\x0d\x0a        \"darwin\"\x0d\x0a      ],\x0d\x0a      \"engines\": {\x0d\x0a        
\"node\": \"^8.16.0 || ^10.6.0 || >=11.0.0\"\x0d\x0a      }\x0d\x0a    },\x0d\x0a    \"node_modules/function-bind\": 
{\x0d\x0a      \"version\": \"1.1.2\",\x0d\x0a      \"license\": \"MIT\",\x0d\x0a      \"funding\": {\x0d\x0a        
\"url\": \"https://github.com/sponsors/ljharb\"\x0d\x0a      }\x0d\x0a    },\x0d\x0a    
\"node_modules/function.prototype.name\": {\x0d\x0a      \"version\": \"1.1.8\",\x0d\x0a      \"dev\": true,\x0d\x0a   
   \"license\": \"MIT\",\x0d\x0a      \"dependencies\": {\x0d\x0a        \"call-bind\": \"^1.0.8\",\x0d\x0a        
\"call-bound\": \"^1.0.3\",\x0d\x0a        \"define-properties\": \"^1.2.1\",\x0d\x0a        \"functions-have-names\": 
\"^1.2.3\",\x0d\x0a        \"hasown\": \"^2.0.2\",\x0d\x0a        \"is-callable\": \"^1.2.7\"\x0d\x0a      },\x0d\x0a  
    \"engines\": {\x0d\x0a        \"node\": \">= 0.4\"\x0d\x0a      },\x0d\x0a      \"funding\": {\x0d\x0a        
\"url\": \"https://github.com/sponsors/ljharb\"\x0d\x0a      }\x0d\x0a    },\x0d\x0a    
\"node_modules/functions-have-names\": {\x0d\x0a      \"version\": \"1.2.3\",\x0d\x0a      \"dev\": true,\x0d\x0a      
\"license\": \"MIT\",\x0d\x0a      \"funding\": {\x0d\x0a        \"url\": 
\"https://github.com/sponsors/ljharb\"\x0d\x0a      }\x0d\x0a    },\x0d\x0a    \"node_modules/get-caller-file\": 
{\x0d\x0a      \"version\": \"2.0.5\",\x0d\x0a      \"license\": \"ISC\",\x0d\x0a      \"engines\": {\x0d\x0a        
\"node\": \"6.* || 8.* || >= 10.*\"\x0d\x0a      }\x0d\x0a    },\x0d\x0a    \"node_modules/get-intrinsic\": {\x0d\x0a  
    \"version\": \"1.3.0\",\x0d\x0a      \"license\": \"MIT\",\x0d\x0a      \"dependencies\": {\x0d\x0a        
\"call-bind-apply-helpers\": \"^1.0.2\",\x0d\x0a        \"es-define-property\": \"^1.0.1\",\x0d\x0a        
\"es-errors\": \"^1.3.0\",\x0d\x0a        \"es-object-atoms\": \"^1.1.1\",\x0d\x0a        \"function-bind\": 
\"^1.1.2\",\x0d\x0a        \"get-proto\": \"^1.0.1\",\x0d\x0a        \"gopd\": \"^1.2.0\",\x0d\x0a        
\"has-symbols\": \"^1.1.0\",\x0d\x0a        \"hasown\": \"^2.0.2\",\x0d\x0a        \"math-intrinsics\": 
\"^1.1.0\"\x0d\x0a      },\x0d\x0a      \"engines\": {\x0d\x0a        \"node\": \">= 0.4\"\x0d\x0a      },\x0d\x0a     
 \"funding\": {\x0d\x0a        \"url\": \"https://github.com/sponsors/ljharb\"\x0d\x0a      }\x0d\x0a    },\x0d\x0a    
\"node_modules/get-proto\": {\x0d\x0a      \"version\": \"1.0.1\",\x0d\x0a      \"license\": \"MIT\",\x0d\x0a      
\"dependencies\": {\x0d\x0a        \"dunder-proto\": \"^1.0.1\",\x0d\x0a        \"es-object-atoms\": 
\"^1.0.0\"\x0d\x0a      },\x0d\x0a      \"engines\": {\x0d\x0a        \"node\": \">= 0.4\"\x0d\x0a      }\x0d\x0a    
},\x0d\x0a    \"node_modules/get-symbol-description\": {\x0d\x0a      \"version\": \"1.1.0\",\x0d\x0a      \"dev\": 
true,\x0d\x0a      \"license\": \"MIT\",\x0d\x0a      \"dependencies\": {\x0d\x0a        \"call-bound\": 
\"^1.0.3\",\x0d\x0a        \"es-errors\": \"^1.3.0\",\x0d\x0a        \"get-intrinsic\": \"^1.2.6\"\x0d\x0a      
},\x0d\x0a      \"engines\": {\x0d\x0a        \"node\": \">= 0.4\"\x0d\x0a      },\x0d\x0a      \"funding\": {\x0d\x0a 
       \"url\": \"https://github.com/sponsors/ljharb\"\x0d\x0a      }\x0d\x0a    },\x0d\x0a    
\"node_modules/get-tsconfig\": {\x0d\x0a      \"version\": \"4.10.1\",\x0d\x0a      \"dev\": true,\x0d\x0a      
\"license\": \"MIT\",\x0d\x0a      \"dependencies\": {\x0d\x0a        \"resolve-pkg-maps\": \"^1.0.0\"\x0d\x0a      
},\x0d\x0a      \"funding\": {\x0d\x0a        \"url\": 
\"https://github.com/privatenumber/get-tsconfig?sponsor=1\"\x0d\x0a      }\x0d\x0a    },\x0d\x0a    
\"node_modules/glob\": {\x0d\x0a      \"version\": \"10.5.0\",\x0d\x0a      \"resolved\": 
\"https://registry.npmjs.org/glob/-/glob-10.5.0.tgz\",\x0d\x0a      \"integrity\": 
\"sha512-DfXN8DfhJ7NH3Oe7cFmu3NCu1wKbkReJ8TorzSAFbSKrlNaQSKfIzqYqVY8zlbs2NLBbWpRiU52GX2PbaBVNkg==\",\x0d\x0a      
\"dev\": true,\x0d\x0a      \"license\": \"ISC\",\x0d\x0a      \"dependencies\": {\x0d\x0a        
\"foreground-child\": \"^3.1.0\",\x0d\x0a        \"jackspeak\": \"^3.1.2\",\x0d\x0a        \"minimatch\": 
\"^9.0.4\",\x0d\x0a        \"minipass\": \"^7.1.2\",\x0d\x0a        \"package-json-from-dist\": \"^1.0.0\",\x0d\x0a    
    \"path-scurry\": \"^1.11.1\"\x0d\x0a      },\x0d\x0a      \"bin\": {\x0d\x0a        \"glob\": 
\"dist/esm/bin.mjs\"\x0d\x0a      },\x0d\x0a      \"funding\": {\x0d\x0a        \"url\": 
\"https://github.com/sponsors/isaacs\"\x0d\x0a      }\x0d\x0a    },\x0d\x0a    \"node_modules/glob-parent\": {\x0d\x0a 
     \"version\": \"5.1.2\",\x0d\x0a      \"dev\": true,\x0d\x0a      \"license\": \"ISC\",\x0d\x0a      
\"dependencies\": {\x0d\x0a        \"is-glob\": \"^4.0.1\"\x0d\x0a      },\x0d\x0a      \"engines\": {\x0d\x0a        
\"node\": \">= 6\"\x0d\x0a      }\x0d\x0a    },\x0d\x0a    \"node_modules/glob/node_modules/brace-expansion\": 
{\x0d\x0a      \"version\": \"2.0.2\",\x0d\x0a      \"dev\": true,\x0d\x0a      \"license\": \"MIT\",\x0d\x0a      
\"dependencies\": {\x0d\x0a        \"balanced-match\": \"^1.0.0\"\x0d\x0a      }\x0d\x0a    },\x0d\x0a    
\"node_modules/glob/node_modules/minimatch\": {\x0d\x0a      \"version\": \"9.0.5\",\x0d\x0a      \"dev\": 
true,\x0d\x0a      \"license\": \"ISC\",\x0d\x0a      \"dependencies\": {\x0d\x0a        \"brace-expansion\": 
\"^2.0.1\"\x0d\x0a      },\x0d\x0a      \"engines\": {\x0d\x0a        \"node\": \">=16 || 14 >=14.17\"\x0d\x0a      
},\x0d\x0a      \"funding\": {\x0d\x0a        \"url\": \"https://github.com/sponsors/isaacs\"\x0d\x0a      }\x0d\x0a   
 },\x0d\x0a    \"node_modules/globals\": {\x0d\x0a      \"version\": \"14.0.0\",\x0d\x0a      \"dev\": true,\x0d\x0a   
   \"license\": \"MIT\",\x0d\x0a      \"engines\": {\x0d\x0a        \"node\": \">=18\"\x0d\x0a      },\x0d\x0a      
\"funding\": {\x0d\x0a        \"url\": \"https://github.com/sponsors/sindresorhus\"\x0d\x0a      }\x0d\x0a    
},\x0d\x0a    \"node_modules/globalthis\": {\x0d\x0a      \"version\": \"1.0.4\",\x0d\x0a      \"dev\": true,\x0d\x0a  
    \"license\": \"MIT\",\x0d\x0a      \"dependencies\": {\x0d\x0a        \"define-properties\": \"^1.2.1\",\x0d\x0a   
     \"gopd\": \"^1.0.1\"\x0d\x0a      },\x0d\x0a      \"engines\": {\x0d\x0a        \"node\": \">= 0.4\"\x0d\x0a      
},\x0d\x0a      \"funding\": {\x0d\x0a        \"url\": \"https://github.com/sponsors/ljharb\"\x0d\x0a      }\x0d\x0a   
 },\x0d\x0a    \"node_modules/goober\": {\x0d\x0a      \"version\": \"2.1.16\",\x0d\x0a      \"license\": 
\"MIT\",\x0d\x0a      \"peerDependencies\": {\x0d\x0a        \"csstype\": \"^3.0.10\"\x0d\x0a      }\x0d\x0a    
},\x0d\x0a    \"node_modules/gopd\": {\x0d\x0a      \"version\": \"1.2.0\",\x0d\x0a      \"license\": \"MIT\",\x0d\x0a 
     \"engines\": {\x0d\x0a        \"node\": \">= 0.4\"\x0d\x0a      },\x0d\x0a      \"funding\": {\x0d\x0a        
\"url\": \"https://github.com/sponsors/ljharb\"\x0d\x0a      }\x0d\x0a    },\x0d\x0a    \"node_modules/graphemer\": 
{\x0d\x0a      \"version\": \"1.4.0\",\x0d\x0a      \"dev\": true,\x0d\x0a      \"license\": \"MIT\"\x0d\x0a    
},\x0d\x0a    \"node_modules/has-bigints\": {\x0d\x0a      \"version\": \"1.1.0\",\x0d\x0a      \"dev\": true,\x0d\x0a 
     \"license\": \"MIT\",\x0d\x0a      \"engines\": {\x0d\x0a        \"node\": \">= 0.4\"\x0d\x0a      },\x0d\x0a     
 \"funding\": {\x0d\x0a        \"url\": \"https://github.com/sponsors/ljharb\"\x0d\x0a      }\x0d\x0a    },\x0d\x0a    
\"node_modules/has-flag\": {\x0d\x0a      \"version\": \"4.0.0\",\x0d\x0a      \"license\": \"MIT\",\x0d\x0a      
\"engines\": {\x0d\x0a        \"node\": \">=8\"\x0d\x0a      }\x0d\x0a    },\x0d\x0a    
\"node_modules/has-property-descriptors\": {\x0d\x0a      \"version\": \"1.0.2\",\x0d\x0a      \"dev\": true,\x0d\x0a  
    \"license\": \"MIT\",\x0d\x0a      \"dependencies\": {\x0d\x0a        \"es-define-property\": \"^1.0.0\"\x0d\x0a   
   },\x0d\x0a      \"funding\": {\x0d\x0a        \"url\": \"https://github.com/sponsors/ljharb\"\x0d\x0a      
}\x0d\x0a    },\x0d\x0a    \"node_modules/has-proto\": {\x0d\x0a      \"version\": \"1.2.0\",\x0d\x0a      \"dev\": 
true,\x0d\x0a      \"license\": \"MIT\",\x0d\x0a      \"dependencies\": {\x0d\x0a        \"dunder-proto\": 
\"^1.0.0\"\x0d\x0a      },\x0d\x0a      \"engines\": {\x0d\x0a        \"node\": \">= 0.4\"\x0d\x0a      },\x0d\x0a     
 \"funding\": {\x0d\x0a        \"url\": \"https://github.com/sponsors/ljharb\"\x0d\x0a      }\x0d\x0a    },\x0d\x0a    
\"node_modules/has-symbols\": {\x0d\x0a      \"version\": \"1.1.0\",\x0d\x0a      \"license\": \"MIT\",\x0d\x0a      
\"engines\": {\x0d\x0a        \"node\": \">= 0.4\"\x0d\x0a      },\x0d\x0a      \"funding\": {\x0d\x0a        \"url\": 
\"https://github.com/sponsors/ljharb\"\x0d\x0a      }\x0d\x0a    },\x0d\x0a    \"node_modules/has-tostringtag\": 
{\x0d\x0a      \"version\": \"1.0.2\",\x0d\x0a      \"license\": \"MIT\",\x0d\x0a      \"dependencies\": {\x0d\x0a     
   \"has-symbols\": \"^1.0.3\"\x0d\x0a      },\x0d\x0a      \"engines\": {\x0d\x0a        \"node\": \">= 0.4\"\x0d\x0a 
     },\x0d\x0a      \"funding\": {\x0d\x0a        \"url\": \"https://github.com/sponsors/ljharb\"\x0d\x0a      
}\x0d\x0a    },\x0d\x0a    \"node_modules/hasown\": {\x0d\x0a      \"version\": \"2.0.2\",\x0d\x0a      \"license\": 
\"MIT\",\x0d\x0a      \"dependencies\": {\x0d\x0a        \"function-bind\": \"^1.1.2\"\x0d\x0a      },\x0d\x0a      
\"engines\": {\x0d\x0a        \"node\": \">= 0.4\"\x0d\x0a      }\x0d\x0a    },\x0d\x0a    
\"node_modules/hast-util-to-jsx-runtime\": {\x0d\x0a      \"version\": \"2.3.6\",\x0d\x0a      \"license\": 
\"MIT\",\x0d\x0a      \"dependencies\": {\x0d\x0a        \"@types/estree\": \"^1.0.0\",\x0d\x0a        
\"@types/hast\": \"^3.0.0\",\x0d\x0a        \"@types/unist\": \"^3.0.0\",\x0d\x0a        \"comma-separated-tokens\": 
\"^2.0.0\",\x0d\x0a        \"devlop\": \"^1.0.0\",\x0d\x0a        \"estree-util-is-identifier-name\": 
\"^3.0.0\",\x0d\x0a        \"hast-util-whitespace\": \"^3.0.0\",\x0d\x0a        \"mdast-util-mdx-expression\": 
\"^2.0.0\",\x0d\x0a        \"mdast-util-mdx-jsx\": \"^3.0.0\",\x0d\x0a        \"mdast-util-mdxjs-esm\": 
\"^2.0.0\",\x0d\x0a        \"property-information\": \"^7.0.0\",\x0d\x0a        \"space-separated-tokens\": 
\"^2.0.0\",\x0d\x0a        \"style-to-js\": \"^1.0.0\",\x0d\x0a        \"unist-util-position\": \"^5.0.0\",\x0d\x0a    
    \"vfile-message\": \"^4.0.0\"\x0d\x0a      },\x0d\x0a      \"funding\": {\x0d\x0a        \"type\": 
\"opencollective\",\x0d\x0a        \"url\": \"https://opencollective.com/unified\"\x0d\x0a      }\x0d\x0a    
},\x0d\x0a    \"node_modules/hast-util-whitespace\": {\x0d\x0a      \"version\": \"3.0.0\",\x0d\x0a      \"license\": 
\"MIT\",\x0d\x0a      \"dependencies\": {\x0d\x0a        \"@types/hast\": \"^3.0.0\"\x0d\x0a      },\x0d\x0a      
\"funding\": {\x0d\x0a        \"type\": \"opencollective\",\x0d\x0a        \"url\": 
\"https://opencollective.com/unified\"\x0d\x0a      }\x0d\x0a    },\x0d\x0a    
\"node_modules/hoist-non-react-statics\": {\x0d\x0a      \"version\": \"3.3.2\",\x0d\x0a      \"license\": 
\"BSD-3-Clause\",\x0d\x0a      \"dependencies\": {\x0d\x0a        \"react-is\": \"^16.7.0\"\x0d\x0a      }\x0d\x0a    
},\x0d\x0a    \"node_modules/html-to-text\": {\x0d\x0a      \"version\": \"9.0.5\",\x0d\x0a      \"license\": 
\"MIT\",\x0d\x0a      \"dependencies\": {\x0d\x0a        \"@selderee/plugin-htmlparser2\": \"^0.11.0\",\x0d\x0a        
\"deepmerge\": \"^4.3.1\",\x0d\x0a        \"dom-serializer\": \"^2.0.0\",\x0d\x0a        \"htmlparser2\": 
\"^8.0.2\",\x0d\x0a        \"selderee\": \"^0.11.0\"\x0d\x0a      },\x0d\x0a      \"engines\": {\x0d\x0a        
\"node\": \">=14\"\x0d\x0a      }\x0d\x0a    },\x0d\x0a    \"node_modules/html-url-attributes\": {\x0d\x0a      
\"version\": \"3.0.1\",\x0d\x0a      \"license\": \"MIT\",\x0d\x0a      \"funding\": {\x0d\x0a        \"type\": 
\"opencollective\",\x0d\x0a        \"url\": \"https://opencollective.com/unified\"\x0d\x0a      }\x0d\x0a    
},\x0d\x0a    \"node_modules/html2canvas\": {\x0d\x0a      \"version\": \"1.4.1\",\x0d\x0a      \"license\": 
\"MIT\",\x0d\x0a      \"dependencies\": {\x0d\x0a        \"css-line-break\": \"^2.1.0\",\x0d\x0a        
\"text-segmentation\": \"^1.0.3\"\x0d\x0a      },\x0d\x0a      \"engines\": {\x0d\x0a        \"node\": 
\">=8.0.0\"\x0d\x0a      }\x0d\x0a    },\x0d\x0a    \"node_modules/htmlparser2\": {\x0d\x0a      \"version\": 
\"8.0.2\",\x0d\x0a      \"funding\": [\x0d\x0a        \"https://github.com/fb55/htmlparser2?sponsor=1\",\x0d\x0a       
 {\x0d\x0a          \"type\": \"github\",\x0d\x0a          \"url\": \"https://github.com/sponsors/fb55\"\x0d\x0a       
 }\x0d\x0a      ],\x0d\x0a      \"license\": \"MIT\",\x0d\x0a      \"dependencies\": {\x0d\x0a        
\"domelementtype\": \"^2.3.0\",\x0d\x0a        \"domhandler\": \"^5.0.3\",\x0d\x0a        \"domutils\": 
\"^3.0.1\",\x0d\x0a        \"entities\": \"^4.4.0\"\x0d\x0a      }\x0d\x0a    },\x0d\x0a    
\"node_modules/http-parser-js\": {\x0d\x0a      \"version\": \"0.5.10\",\x0d\x0a      \"license\": \"MIT\"\x0d\x0a    
},\x0d\x0a    \"node_modules/humanize-ms\": {\x0d\x0a      \"version\": \"1.2.1\",\x0d\x0a      \"license\": 
\"MIT\",\x0d\x0a      \"dependencies\": {\x0d\x0a        \"ms\": \"^2.0.0\"\x0d\x0a      }\x0d\x0a    },\x0d\x0a    
\"node_modules/idb\": {\x0d\x0a      \"version\": \"7.1.1\",\x0d\x0a      \"license\": \"ISC\"\x0d\x0a    },\x0d\x0a   
 \"node_modules/ignore\": {\x0d\x0a      \"version\": \"5.3.2\",\x0d\x0a      \"dev\": true,\x0d\x0a      \"license\": 
\"MIT\",\x0d\x0a      \"engines\": {\x0d\x0a        \"node\": \">= 4\"\x0d\x0a      }\x0d\x0a    },\x0d\x0a    
\"node_modules/import-fresh\": {\x0d\x0a      \"version\": \"3.3.1\",\x0d\x0a      \"license\": \"MIT\",\x0d\x0a      
\"dependencies\": {\x0d\x0a        \"parent-module\": \"^1.0.0\",\x0d\x0a        \"resolve-from\": \"^4.0.0\"\x0d\x0a  
    },\x0d\x0a      \"engines\": {\x0d\x0a        \"node\": \">=6\"\x0d\x0a      },\x0d\x0a      \"funding\": 
{\x0d\x0a        \"url\": \"https://github.com/sponsors/sindresorhus\"\x0d\x0a      }\x0d\x0a    },\x0d\x0a    
\"node_modules/imurmurhash\": {\x0d\x0a      \"version\": \"0.1.4\",\x0d\x0a      \"dev\": true,\x0d\x0a      
\"license\": \"MIT\",\x0d\x0a      \"engines\": {\x0d\x0a        \"node\": \">=0.8.19\"\x0d\x0a      }\x0d\x0a    
},\x0d\x0a    \"node_modules/inline-style-parser\": {\x0d\x0a      \"version\": \"0.2.4\",\x0d\x0a      \"license\": 
\"MIT\"\x0d\x0a    },\x0d\x0a    \"node_modules/internal-slot\": {\x0d\x0a      \"version\": \"1.1.0\",\x0d\x0a      
\"dev\": true,\x0d\x0a      \"license\": \"MIT\",\x0d\x0a      \"dependencies\": {\x0d\x0a        \"es-errors\": 
\"^1.3.0\",\x0d\x0a        \"hasown\": \"^2.0.2\",\x0d\x0a        \"side-channel\": \"^1.1.0\"\x0d\x0a      },\x0d\x0a 
     \"engines\": {\x0d\x0a        \"node\": \">= 0.4\"\x0d\x0a      }\x0d\x0a    },\x0d\x0a    
\"node_modules/is-alphabetical\": {\x0d\x0a      \"version\": \"2.0.1\",\x0d\x0a      \"license\": \"MIT\",\x0d\x0a    
  \"funding\": {\x0d\x0a        \"type\": \"github\",\x0d\x0a        \"url\": 
\"https://github.com/sponsors/wooorm\"\x0d\x0a      }\x0d\x0a    },\x0d\x0a    \"node_modules/is-alphanumerical\": 
{\x0d\x0a      \"version\": \"2.0.1\",\x0d\x0a      \"license\": \"MIT\",\x0d\x0a      \"dependencies\": {\x0d\x0a     
   \"is-alphabetical\": \"^2.0.0\",\x0d\x0a        \"is-decimal\": \"^2.0.0\"\x0d\x0a      },\x0d\x0a      
\"funding\": {\x0d\x0a        \"type\": \"github\",\x0d\x0a        \"url\": 
\"https://github.com/sponsors/wooorm\"\x0d\x0a      }\x0d\x0a    },\x0d\x0a    \"node_modules/is-array-buffer\": 
{\x0d\x0a      \"version\": \"3.0.5\",\x0d\x0a      \"dev\": true,\x0d\x0a      \"license\": \"MIT\",\x0d\x0a      
\"dependencies\": {\x0d\x0a        \"call-bind\": \"^1.0.8\",\x0d\x0a        \"call-bound\": \"^1.0.3\",\x0d\x0a       
 \"get-intrinsic\": \"^1.2.6\"\x0d\x0a      },\x0d\x0a      \"engines\": {\x0d\x0a        \"node\": \">= 0.4\"\x0d\x0a 
     },\x0d\x0a      \"funding\": {\x0d\x0a        \"url\": \"https://github.com/sponsors/ljharb\"\x0d\x0a      
}\x0d\x0a    },\x0d\x0a    \"node_modules/is-arrayish\": {\x0d\x0a      \"version\": \"0.3.2\",\x0d\x0a      
\"license\": \"MIT\",\x0d\x0a      \"optional\": true\x0d\x0a    },\x0d\x0a    \"node_modules/is-async-function\": 
{\x0d\x0a      \"version\": \"2.1.1\",\x0d\x0a      \"dev\": true,\x0d\x0a      \"license\": \"MIT\",\x0d\x0a      
\"dependencies\": {\x0d\x0a        \"async-function\": \"^1.0.0\",\x0d\x0a        \"call-bound\": \"^1.0.3\",\x0d\x0a  
      \"get-proto\": \"^1.0.1\",\x0d\x0a        \"has-tostringtag\": \"^1.0.2\",\x0d\x0a        \"safe-regex-test\": 
\"^1.1.0\"\x0d\x0a      },\x0d\x0a      \"engines\": {\x0d\x0a        \"node\": \">= 0.4\"\x0d\x0a      },\x0d\x0a     
 \"funding\": {\x0d\x0a        \"url\": \"https://github.com/sponsors/ljharb\"\x0d\x0a      }\x0d\x0a    },\x0d\x0a    
\"node_modules/is-bigint\": {\x0d\x0a      \"version\": \"1.1.0\",\x0d\x0a      \"dev\": true,\x0d\x0a      
\"license\": \"MIT\",\x0d\x0a      \"dependencies\": {\x0d\x0a        \"has-bigints\": \"^1.0.2\"\x0d\x0a      
},\x0d\x0a      \"engines\": {\x0d\x0a        \"node\": \">= 0.4\"\x0d\x0a      },\x0d\x0a      \"funding\": {\x0d\x0a 
       \"url\": \"https://github.com/sponsors/ljharb\"\x0d\x0a      }\x0d\x0a    },\x0d\x0a    
\"node_modules/is-binary-path\": {\x0d\x0a      \"version\": \"2.1.0\",\x0d\x0a      \"dev\": true,\x0d\x0a      
\"license\": \"MIT\",\x0d\x0a      \"dependencies\": {\x0d\x0a        \"binary-extensions\": \"^2.0.0\"\x0d\x0a      
},\x0d\x0a      \"engines\": {\x0d\x0a        \"node\": \">=8\"\x0d\x0a      }\x0d\x0a    },\x0d\x0a    
\"node_modules/is-boolean-object\": {\x0d\x0a      \"version\": \"1.2.2\",\x0d\x0a      \"dev\": true,\x0d\x0a      
\"license\": \"MIT\",\x0d\x0a      \"dependencies\": {\x0d\x0a        \"call-bound\": \"^1.0.3\",\x0d\x0a        
\"has-tostringtag\": \"^1.0.2\"\x0d\x0a      },\x0d\x0a      \"engines\": {\x0d\x0a        \"node\": \">= 
0.4\"\x0d\x0a      },\x0d\x0a      \"funding\": {\x0d\x0a        \"url\": 
\"https://github.com/sponsors/ljharb\"\x0d\x0a      }\x0d\x0a    },\x0d\x0a    \"node_modules/is-bun-module\": 
{\x0d\x0a      \"version\": \"2.0.0\",\x0d\x0a      \"dev\": true,\x0d\x0a      \"license\": \"MIT\",\x0d\x0a      
\"dependencies\": {\x0d\x0a        \"semver\": \"^7.7.1\"\x0d\x0a      }\x0d\x0a    },\x0d\x0a    
\"node_modules/is-callable\": {\x0d\x0a      \"version\": \"1.2.7\",\x0d\x0a      \"dev\": true,\x0d\x0a      
\"license\": \"MIT\",\x0d\x0a      \"engines\": {\x0d\x0a        \"node\": \">= 0.4\"\x0d\x0a      },\x0d\x0a      
\"funding\": {\x0d\x0a        \"url\": \"https://github.com/sponsors/ljharb\"\x0d\x0a      }\x0d\x0a    },\x0d\x0a    
\"node_modules/is-core-module\": {\x0d\x0a      \"version\": \"2.16.1\",\x0d\x0a      \"license\": \"MIT\",\x0d\x0a    
  \"dependencies\": {\x0d\x0a        \"hasown\": \"^2.0.2\"\x0d\x0a      },\x0d\x0a      \"engines\": {\x0d\x0a        
\"node\": \">= 0.4\"\x0d\x0a      },\x0d\x0a      \"funding\": {\x0d\x0a        \"url\": 
\"https://github.com/sponsors/ljharb\"\x0d\x0a      }\x0d\x0a    },\x0d\x0a    \"node_modules/is-data-view\": 
{\x0d\x0a      \"version\": \"1.0.2\",\x0d\x0a      \"dev\": true,\x0d\x0a      \"license\": \"MIT\",\x0d\x0a      
\"dependencies\": {\x0d\x0a        \"call-bound\": \"^1.0.2\",\x0d\x0a        \"get-intrinsic\": \"^1.2.6\",\x0d\x0a   
     \"is-typed-array\": \"^1.1.13\"\x0d\x0a      },\x0d\x0a      \"engines\": {\x0d\x0a        \"node\": \">= 
0.4\"\x0d\x0a      },\x0d\x0a      \"funding\": {\x0d\x0a        \"url\": 
\"https://github.com/sponsors/ljharb\"\x0d\x0a      }\x0d\x0a    },\x0d\x0a    \"node_modules/is-date-object\": 
{\x0d\x0a      \"version\": \"1.1.0\",\x0d\x0a      \"dev\": true,\x0d\x0a      \"license\": \"MIT\",\x0d\x0a      
\"dependencies\": {\x0d\x0a        \"call-bound\": \"^1.0.2\",\x0d\x0a        \"has-tostringtag\": \"^1.0.2\"\x0d\x0a  
    },\x0d\x0a      \"engines\": {\x0d\x0a        \"node\": \">= 0.4\"\x0d\x0a      },\x0d\x0a      \"funding\": 
{\x0d\x0a        \"url\": \"https://github.com/sponsors/ljharb\"\x0d\x0a      }\x0d\x0a    },\x0d\x0a    
\"node_modules/is-decimal\": {\x0d\x0a      \"version\": \"2.0.1\",\x0d\x0a      \"license\": \"MIT\",\x0d\x0a      
\"funding\": {\x0d\x0a        \"type\": \"github\",\x0d\x0a        \"url\": 
\"https://github.com/sponsors/wooorm\"\x0d\x0a      }\x0d\x0a    },\x0d\x0a    \"node_modules/is-extglob\": {\x0d\x0a  
    \"version\": \"2.1.1\",\x0d\x0a      \"dev\": true,\x0d\x0a      \"license\": \"MIT\",\x0d\x0a      \"engines\": 
{\x0d\x0a        \"node\": \">=0.10.0\"\x0d\x0a      }\x0d\x0a    },\x0d\x0a    
\"node_modules/is-finalizationregistry\": {\x0d\x0a      \"version\": \"1.1.1\",\x0d\x0a      \"dev\": true,\x0d\x0a   
   \"license\": \"MIT\",\x0d\x0a      \"dependencies\": {\x0d\x0a        \"call-bound\": \"^1.0.3\"\x0d\x0a      
},\x0d\x0a      \"engines\": {\x0d\x0a        \"node\": \">= 0.4\"\x0d\x0a      },\x0d\x0a      \"funding\": {\x0d\x0a 
       \"url\": \"https://github.com/sponsors/ljharb\"\x0d\x0a      }\x0d\x0a    },\x0d\x0a    
\"node_modules/is-fullwidth-code-point\": {\x0d\x0a      \"version\": \"3.0.0\",\x0d\x0a      \"license\": 
\"MIT\",\x0d\x0a      \"engines\": {\x0d\x0a        \"node\": \">=8\"\x0d\x0a      }\x0d\x0a    },\x0d\x0a    
\"node_modules/is-generator-function\": {\x0d\x0a      \"version\": \"1.1.0\",\x0d\x0a      \"dev\": true,\x0d\x0a     
 \"license\": \"MIT\",\x0d\x0a      \"dependencies\": {\x0d\x0a        \"call-bound\": \"^1.0.3\",\x0d\x0a        
\"get-proto\": \"^1.0.0\",\x0d\x0a        \"has-tostringtag\": \"^1.0.2\",\x0d\x0a        \"safe-regex-test\": 
\"^1.1.0\"\x0d\x0a      },\x0d\x0a      \"engines\": {\x0d\x0a        \"node\": \">= 0.4\"\x0d\x0a      },\x0d\x0a     
 \"funding\": {\x0d\x0a        \"url\": \"https://github.com/sponsors/ljharb\"\x0d\x0a      }\x0d\x0a    },\x0d\x0a    
\"node_modules/is-glob\": {\x0d\x0a      \"version\": \"4.0.3\",\x0d\x0a      \"dev\": true,\x0d\x0a      \"license\": 
\"MIT\",\x0d\x0a      \"dependencies\": {\x0d\x0a        \"is-extglob\": \"^2.1.1\"\x0d\x0a      },\x0d\x0a      
\"engines\": {\x0d\x0a        \"node\": \">=0.10.0\"\x0d\x0a      }\x0d\x0a    },\x0d\x0a    
\"node_modules/is-hexadecimal\": {\x0d\x0a      \"version\": \"2.0.1\",\x0d\x0a      \"license\": \"MIT\",\x0d\x0a     
 \"funding\": {\x0d\x0a        \"type\": \"github\",\x0d\x0a        \"url\": 
\"https://github.com/sponsors/wooorm\"\x0d\x0a      }\x0d\x0a    },\x0d\x0a    \"node_modules/is-map\": {\x0d\x0a      
\"version\": \"2.0.3\",\x0d\x0a      \"dev\": true,\x0d\x0a      \"license\": \"MIT\",\x0d\x0a      \"engines\": 
{\x0d\x0a        \"node\": \">= 0.4\"\x0d\x0a      },\x0d\x0a      \"funding\": {\x0d\x0a        \"url\": 
\"https://github.com/sponsors/ljharb\"\x0d\x0a      }\x0d\x0a    },\x0d\x0a    \"node_modules/is-negative-zero\": 
{\x0d\x0a      \"version\": \"2.0.3\",\x0d\x0a      \"dev\": true,\x0d\x0a      \"license\": \"MIT\",\x0d\x0a      
\"engines\": {\x0d\x0a        \"node\": \">= 0.4\"\x0d\x0a      },\x0d\x0a      \"funding\": {\x0d\x0a        \"url\": 
\"https://github.com/sponsors/ljharb\"\x0d\x0a      }\x0d\x0a    },\x0d\x0a    \"node_modules/is-number\": {\x0d\x0a   
   \"version\": \"7.0.0\",\x0d\x0a      \"dev\": true,\x0d\x0a      \"license\": \"MIT\",\x0d\x0a      \"engines\": 
{\x0d\x0a        \"node\": \">=0.12.0\"\x0d\x0a      }\x0d\x0a    },\x0d\x0a    \"node_modules/is-number-object\": 
{\x0d\x0a      \"version\": \"1.1.1\",\x0d\x0a      \"dev\": true,\x0d\x0a      \"license\": \"MIT\",\x0d\x0a      
\"dependencies\": {\x0d\x0a        \"call-bound\": \"^1.0.3\",\x0d\x0a        \"has-tostringtag\": \"^1.0.2\"\x0d\x0a  
    },\x0d\x0a      \"engines\": {\x0d\x0a        \"node\": \">= 0.4\"\x0d\x0a      },\x0d\x0a      \"funding\": 
{\x0d\x0a        \"url\": \"https://github.com/sponsors/ljharb\"\x0d\x0a      }\x0d\x0a    },\x0d\x0a    
\"node_modules/is-plain-obj\": {\x0d\x0a      \"version\": \"4.1.0\",\x0d\x0a      \"license\": \"MIT\",\x0d\x0a      
\"engines\": {\x0d\x0a        \"node\": \">=12\"\x0d\x0a      },\x0d\x0a      \"funding\": {\x0d\x0a        \"url\": 
\"https://github.com/sponsors/sindresorhus\"\x0d\x0a      }\x0d\x0a    },\x0d\x0a    \"node_modules/is-regex\": 
{\x0d\x0a      \"version\": \"1.2.1\",\x0d\x0a      \"dev\": true,\x0d\x0a      \"license\": \"MIT\",\x0d\x0a      
\"dependencies\": {\x0d\x0a        \"call-bound\": \"^1.0.2\",\x0d\x0a        \"gopd\": \"^1.2.0\",\x0d\x0a        
\"has-tostringtag\": \"^1.0.2\",\x0d\x0a        \"hasown\": \"^2.0.2\"\x0d\x0a      },\x0d\x0a      \"engines\": 
{\x0d\x0a        \"node\": \">= 0.4\"\x0d\x0a      },\x0d\x0a      \"funding\": {\x0d\x0a        \"url\": 
\"https://github.com/sponsors/ljharb\"\x0d\x0a      }\x0d\x0a    },\x0d\x0a    \"node_modules/is-set\": {\x0d\x0a      
\"version\": \"2.0.3\",\x0d\x0a      \"dev\": true,\x0d\x0a      \"license\": \"MIT\",\x0d\x0a      \"engines\": 
{\x0d\x0a        \"node\": \">= 0.4\"\x0d\x0a      },\x0d\x0a      \"funding\": {\x0d\x0a        \"url\": 
\"https://github.com/sponsors/ljharb\"\x0d\x0a      }\x0d\x0a    },\x0d\x0a    
\"node_modules/is-shared-array-buffer\": {\x0d\x0a      \"version\": \"1.0.4\",\x0d\x0a      \"dev\": true,\x0d\x0a    
  \"license\": \"MIT\",\x0d\x0a      \"dependencies\": {\x0d\x0a        \"call-bound\": \"^1.0.3\"\x0d\x0a      
},\x0d\x0a      \"engines\": {\x0d\x0a        \"node\": \">= 0.4\"\x0d\x0a      },\x0d\x0a      \"funding\": {\x0d\x0a 
       \"url\": \"https://github.com/sponsors/ljharb\"\x0d\x0a      }\x0d\x0a    },\x0d\x0a    
\"node_modules/is-string\": {\x0d\x0a      \"version\": \"1.1.1\",\x0d\x0a      \"dev\": true,\x0d\x0a      
\"license\": \"MIT\",\x0d\x0a      \"dependencies\": {\x0d\x0a        \"call-bound\": \"^1.0.3\",\x0d\x0a        
\"has-tostringtag\": \"^1.0.2\"\x0d\x0a      },\x0d\x0a      \"engines\": {\x0d\x0a        \"node\": \">= 
0.4\"\x0d\x0a      },\x0d\x0a      \"funding\": {\x0d\x0a        \"url\": 
\"https://github.com/sponsors/ljharb\"\x0d\x0a      }\x0d\x0a    },\x0d\x0a    \"node_modules/is-symbol\": {\x0d\x0a   
   \"version\": \"1.1.1\",\x0d\x0a      \"dev\": true,\x0d\x0a      \"license\": \"MIT\",\x0d\x0a      
\"dependencies\": {\x0d\x0a        \"call-bound\": \"^1.0.2\",\x0d\x0a        \"has-symbols\": \"^1.1.0\",\x0d\x0a     
   \"safe-regex-test\": \"^1.1.0\"\x0d\x0a      },\x0d\x0a      \"engines\": {\x0d\x0a        \"node\": \">= 
0.4\"\x0d\x0a      },\x0d\x0a      \"funding\": {\x0d\x0a        \"url\": 
\"https://github.com/sponsors/ljharb\"\x0d\x0a      }\x0d\x0a    },\x0d\x0a    \"node_modules/is-typed-array\": 
{\x0d\x0a      \"version\": \"1.1.15\",\x0d\x0a      \"dev\": true,\x0d\x0a      \"license\": \"MIT\",\x0d\x0a      
\"dependencies\": {\x0d\x0a        \"which-typed-array\": \"^1.1.16\"\x0d\x0a      },\x0d\x0a      \"engines\": 
{\x0d\x0a        \"node\": \">= 0.4\"\x0d\x0a      },\x0d\x0a      \"funding\": {\x0d\x0a        \"url\": 
\"https://github.com/sponsors/ljharb\"\x0d\x0a      }\x0d\x0a    },\x0d\x0a    \"node_modules/is-weakmap\": {\x0d\x0a  
    \"version\": \"2.0.2\",\x0d\x0a      \"dev\": true,\x0d\x0a      \"license\": \"MIT\",\x0d\x0a      \"engines\": 
{\x0d\x0a        \"node\": \">= 0.4\"\x0d\x0a      },\x0d\x0a      \"funding\": {\x0d\x0a        \"url\": 
\"https://github.com/sponsors/ljharb\"\x0d\x0a      }\x0d\x0a    },\x0d\x0a    \"node_modules/is-weakref\": {\x0d\x0a  
    \"version\": \"1.1.1\",\x0d\x0a      \"dev\": true,\x0d\x0a      \"license\": \"MIT\",\x0d\x0a      
\"dependencies\": {\x0d\x0a        \"call-bound\": \"^1.0.3\"\x0d\x0a      },\x0d\x0a      \"engines\": {\x0d\x0a      
  \"node\": \">= 0.4\"\x0d\x0a      },\x0d\x0a      \"funding\": {\x0d\x0a        \"url\": 
\"https://github.com/sponsors/ljharb\"\x0d\x0a      }\x0d\x0a    },\x0d\x0a    \"node_modules/is-weakset\": {\x0d\x0a  
    \"version\": \"2.0.4\",\x0d\x0a      \"dev\": true,\x0d\x0a      \"license\": \"MIT\",\x0d\x0a      
\"dependencies\": {\x0d\x0a        \"call-bound\": \"^1.0.3\",\x0d\x0a        \"get-intrinsic\": \"^1.2.6\"\x0d\x0a    
  },\x0d\x0a      \"engines\": {\x0d\x0a        \"node\": \">= 0.4\"\x0d\x0a      },\x0d\x0a      \"funding\": 
{\x0d\x0a        \"url\": \"https://github.com/sponsors/ljharb\"\x0d\x0a      }\x0d\x0a    },\x0d\x0a    
\"node_modules/isarray\": {\x0d\x0a      \"version\": \"2.0.5\",\x0d\x0a      \"dev\": true,\x0d\x0a      \"license\": 
\"MIT\"\x0d\x0a    },\x0d\x0a    \"node_modules/isexe\": {\x0d\x0a      \"version\": \"2.0.0\",\x0d\x0a      \"dev\": 
true,\x0d\x0a      \"license\": \"ISC\"\x0d\x0a    },\x0d\x0a    \"node_modules/iterator.prototype\": {\x0d\x0a      
\"version\": \"1.1.5\",\x0d\x0a      \"dev\": true,\x0d\x0a      \"license\": \"MIT\",\x0d\x0a      \"dependencies\": 
{\x0d\x0a        \"define-data-property\": \"^1.1.4\",\x0d\x0a        \"es-object-atoms\": \"^1.0.0\",\x0d\x0a        
\"get-intrinsic\": \"^1.2.6\",\x0d\x0a        \"get-proto\": \"^1.0.0\",\x0d\x0a        \"has-symbols\": 
\"^1.1.0\",\x0d\x0a        \"set-function-name\": \"^2.0.2\"\x0d\x0a      },\x0d\x0a      \"engines\": {\x0d\x0a       
 \"node\": \">= 0.4\"\x0d\x0a      }\x0d\x0a    },\x0d\x0a    \"node_modules/jackspeak\": {\x0d\x0a      \"version\": 
\"3.4.3\",\x0d\x0a      \"dev\": true,\x0d\x0a      \"license\": \"BlueOak-1.0.0\",\x0d\x0a      \"dependencies\": 
{\x0d\x0a        \"@isaacs/cliui\": \"^8.0.2\"\x0d\x0a      },\x0d\x0a      \"funding\": {\x0d\x0a        \"url\": 
\"https://github.com/sponsors/isaacs\"\x0d\x0a      },\x0d\x0a      \"optionalDependencies\": {\x0d\x0a        
\"@pkgjs/parseargs\": \"^0.11.0\"\x0d\x0a      }\x0d\x0a    },\x0d\x0a    \"node_modules/jiti\": {\x0d\x0a      
\"version\": \"1.21.7\",\x0d\x0a      \"dev\": true,\x0d\x0a      \"license\": \"MIT\",\x0d\x0a      \"peer\": 
true,\x0d\x0a      \"bin\": {\x0d\x0a        \"jiti\": \"bin/jiti.js\"\x0d\x0a      }\x0d\x0a    },\x0d\x0a    
\"node_modules/js-tiktoken\": {\x0d\x0a      \"version\": \"1.0.20\",\x0d\x0a      \"license\": \"MIT\",\x0d\x0a      
\"dependencies\": {\x0d\x0a        \"base64-js\": \"^1.5.1\"\x0d\x0a      }\x0d\x0a    },\x0d\x0a    
\"node_modules/js-tokens\": {\x0d\x0a      \"version\": \"4.0.0\",\x0d\x0a      \"license\": \"MIT\"\x0d\x0a    
},\x0d\x0a    \"node_modules/js-yaml\": {\x0d\x0a      \"version\": \"4.1.1\",\x0d\x0a      \"resolved\": 
\"https://registry.npmjs.org/js-yaml/-/js-yaml-4.1.1.tgz\",\x0d\x0a      \"integrity\": 
\"sha512-qQKT4zQxXl8lLwBtHMWwaTcGfFOZviOJet3Oy/xmGk2gZH677CJM9EvtfdSkgWcATZhj/55JZ0rmy3myCT5lsA==\",\x0d\x0a      
\"dev\": true,\x0d\x0a      \"license\": \"MIT\",\x0d\x0a      \"dependencies\": {\x0d\x0a        \"argparse\": 
\"^2.0.1\"\x0d\x0a      },\x0d\x0a      \"bin\": {\x0d\x0a        \"js-yaml\": \"bin/js-yaml.js\"\x0d\x0a      
}\x0d\x0a    },\x0d\x0a    \"node_modules/jsesc\": {\x0d\x0a      \"version\": \"3.1.0\",\x0d\x0a      \"license\": 
\"MIT\",\x0d\x0a      \"bin\": {\x0d\x0a        \"jsesc\": \"bin/jsesc\"\x0d\x0a      },\x0d\x0a      \"engines\": 
{\x0d\x0a        \"node\": \">=6\"\x0d\x0a      }\x0d\x0a    },\x0d\x0a    \"node_modules/json-buffer\": {\x0d\x0a     
 \"version\": \"3.0.1\",\x0d\x0a      \"dev\": true,\x0d\x0a      \"license\": \"MIT\"\x0d\x0a    },\x0d\x0a    
\"node_modules/json-parse-even-better-errors\": {\x0d\x0a      \"version\": \"2.3.1\",\x0d\x0a      \"license\": 
\"MIT\"\x0d\x0a    },\x0d\x0a    \"node_modules/json-schema-traverse\": {\x0d\x0a      \"version\": \"0.4.1\",\x0d\x0a 
     \"dev\": true,\x0d\x0a      \"license\": \"MIT\"\x0d\x0a    },\x0d\x0a    
\"node_modules/json-stable-stringify-without-jsonify\": {\x0d\x0a      \"version\": \"1.0.1\",\x0d\x0a      \"dev\": 
true,\x0d\x0a      \"license\": \"MIT\"\x0d\x0a    },\x0d\x0a    \"node_modules/json5\": {\x0d\x0a      \"version\": 
\"1.0.2\",\x0d\x0a      \"dev\": true,\x0d\x0a      \"license\": \"MIT\",\x0d\x0a      \"dependencies\": {\x0d\x0a     
   \"minimist\": \"^1.2.0\"\x0d\x0a      },\x0d\x0a      \"bin\": {\x0d\x0a        \"json5\": \"lib/cli.js\"\x0d\x0a   
   }\x0d\x0a    },\x0d\x0a    \"node_modules/jsx-ast-utils\": {\x0d\x0a      \"version\": \"3.3.5\",\x0d\x0a      
\"dev\": true,\x0d\x0a      \"license\": \"MIT\",\x0d\x0a      \"dependencies\": {\x0d\x0a        \"array-includes\": 
\"^3.1.6\",\x0d\x0a        \"array.prototype.flat\": \"^1.3.1\",\x0d\x0a        \"object.assign\": \"^4.1.4\",\x0d\x0a 
       \"object.values\": \"^1.1.6\"\x0d\x0a      },\x0d\x0a      \"engines\": {\x0d\x0a        \"node\": 
\">=4.0\"\x0d\x0a      }\x0d\x0a    },\x0d\x0a    \"node_modules/keyv\": {\x0d\x0a      \"version\": 
\"4.5.4\",\x0d\x0a      \"dev\": true,\x0d\x0a      \"license\": \"MIT\",\x0d\x0a      \"dependencies\": {\x0d\x0a     
   \"json-buffer\": \"3.0.1\"\x0d\x0a      }\x0d\x0a    },\x0d\x0a    \"node_modules/langfuse\": {\x0d\x0a      
\"version\": \"3.38.6\",\x0d\x0a      \"resolved\": 
\"https://registry.npmjs.org/langfuse/-/langfuse-3.38.6.tgz\",\x0d\x0a      \"integrity\": 
\"sha512-mtwfsNGIYvObRh+NYNGlJQJDiBN+Wr3Hnr++wN25mxuOpSTdXX+JQqVCyAqGL5GD2TAXRZ7COsN42Vmp9krYmg==\",\x0d\x0a      
\"license\": \"MIT\",\x0d\x0a      \"dependencies\": {\x0d\x0a        \"langfuse-core\": \"^3.38.6\"\x0d\x0a      
},\x0d\x0a      \"engines\": {\x0d\x0a        \"node\": \">=18\"\x0d\x0a      }\x0d\x0a    },\x0d\x0a    
\"node_modules/langfuse-core\": {\x0d\x0a      \"version\": \"3.38.6\",\x0d\x0a      \"resolved\": 
\"https://registry.npmjs.org/langfuse-core/-/langfuse-core-3.38.6.tgz\",\x0d\x0a      \"integrity\": 
\"sha512-EcZXa+DK9FJdi1I30+u19eKjuBJ04du6j2Nybk19KKCuraLczg/ppkTQcGvc4QOk//OAi3qUHrajUuV74RXsBQ==\",\x0d\x0a      
\"license\": \"MIT\",\x0d\x0a      \"dependencies\": {\x0d\x0a        \"mustache\": \"^4.2.0\"\x0d\x0a      },\x0d\x0a 
     \"engines\": {\x0d\x0a        \"node\": \">=18\"\x0d\x0a      }\x0d\x0a    },\x0d\x0a    
\"node_modules/langsmith\": {\x0d\x0a      \"version\": \"0.3.79\",\x0d\x0a      \"resolved\": 
\"https://registry.npmjs.org/langsmith/-/langsmith-0.3.79.tgz\",\x0d\x0a      \"integrity\": 
\"sha512-j5uiAsyy90zxlxaMuGjb7EdcL51Yx61SpKfDOI1nMPBbemGju+lf47he4e59Hp5K63CY8XWgFP42WeZ+zuIU4Q==\",\x0d\x0a      
\"license\": \"MIT\",\x0d\x0a      \"dependencies\": {\x0d\x0a        \"@types/uuid\": \"^10.0.0\",\x0d\x0a        
\"chalk\": \"^4.1.2\",\x0d\x0a        \"console-table-printer\": \"^2.12.1\",\x0d\x0a        \"p-queue\": 
\"^6.6.2\",\x0d\x0a        \"p-retry\": \"4\",\x0d\x0a        \"semver\": \"^7.6.3\",\x0d\x0a        \"uuid\": 
\"^10.0.0\"\x0d\x0a      },\x0d\x0a      \"peerDependencies\": {\x0d\x0a        \"@opentelemetry/api\": \"*\",\x0d\x0a 
       \"@opentelemetry/exporter-trace-otlp-proto\": \"*\",\x0d\x0a        \"@opentelemetry/sdk-trace-base\": 
\"*\",\x0d\x0a        \"openai\": \"*\"\x0d\x0a      },\x0d\x0a      \"peerDependenciesMeta\": {\x0d\x0a        
\"@opentelemetry/api\": {\x0d\x0a          \"optional\": true\x0d\x0a        },\x0d\x0a        
\"@opentelemetry/exporter-trace-otlp-proto\": {\x0d\x0a          \"optional\": true\x0d\x0a        },\x0d\x0a        
\"@opentelemetry/sdk-trace-base\": {\x0d\x0a          \"optional\": true\x0d\x0a        },\x0d\x0a        \"openai\": 
{\x0d\x0a          \"optional\": true\x0d\x0a        }\x0d\x0a      }\x0d\x0a    },\x0d\x0a    
\"node_modules/langsmith/node_modules/uuid\": {\x0d\x0a      \"version\": \"10.0.0\",\x0d\x0a      \"funding\": 
[\x0d\x0a        \"https://github.com/sponsors/broofa\",\x0d\x0a        \"https://github.com/sponsors/ctavan\"\x0d\x0a 
     ],\x0d\x0a      \"license\": \"MIT\",\x0d\x0a      \"bin\": {\x0d\x0a        \"uuid\": \"dist/bin/uuid\"\x0d\x0a  
    }\x0d\x0a    },\x0d\x0a    \"node_modules/language-subtag-registry\": {\x0d\x0a      \"version\": 
\"0.3.23\",\x0d\x0a      \"dev\": true,\x0d\x0a      \"license\": \"CC0-1.0\"\x0d\x0a    },\x0d\x0a    
\"node_modules/language-tags\": {\x0d\x0a      \"version\": \"1.0.9\",\x0d\x0a      \"dev\": true,\x0d\x0a      
\"license\": \"MIT\",\x0d\x0a      \"dependencies\": {\x0d\x0a        \"language-subtag-registry\": 
\"^0.3.20\"\x0d\x0a      },\x0d\x0a      \"engines\": {\x0d\x0a        \"node\": \">=0.10\"\x0d\x0a      }\x0d\x0a    
},\x0d\x0a    \"node_modules/leac\": {\x0d\x0a      \"version\": \"0.6.0\",\x0d\x0a      \"license\": \"MIT\",\x0d\x0a 
     \"funding\": {\x0d\x0a        \"url\": \"https://ko-fi.com/killymxi\"\x0d\x0a      }\x0d\x0a    },\x0d\x0a    
\"node_modules/levn\": {\x0d\x0a      \"version\": \"0.4.1\",\x0d\x0a      \"dev\": true,\x0d\x0a      \"license\": 
\"MIT\",\x0d\x0a      \"dependencies\": {\x0d\x0a        \"prelude-ls\": \"^1.2.1\",\x0d\x0a        \"type-check\": 
\"~0.4.0\"\x0d\x0a      },\x0d\x0a      \"engines\": {\x0d\x0a        \"node\": \">= 0.8.0\"\x0d\x0a      }\x0d\x0a    
},\x0d\x0a    \"node_modules/lilconfig\": {\x0d\x0a      \"version\": \"3.1.3\",\x0d\x0a      \"dev\": true,\x0d\x0a   
   \"license\": \"MIT\",\x0d\x0a      \"engines\": {\x0d\x0a        \"node\": \">=14\"\x0d\x0a      },\x0d\x0a      
\"funding\": {\x0d\x0a        \"url\": \"https://github.com/sponsors/antonk52\"\x0d\x0a      }\x0d\x0a    },\x0d\x0a   
 \"node_modules/lines-and-columns\": {\x0d\x0a      \"version\": \"1.2.4\",\x0d\x0a      \"license\": \"MIT\"\x0d\x0a  
  },\x0d\x0a    \"node_modules/locate-path\": {\x0d\x0a      \"version\": \"6.0.0\",\x0d\x0a      \"dev\": 
true,\x0d\x0a      \"license\": \"MIT\",\x0d\x0a      \"dependencies\": {\x0d\x0a        \"p-locate\": 
\"^5.0.0\"\x0d\x0a      },\x0d\x0a      \"engines\": {\x0d\x0a        \"node\": \">=10\"\x0d\x0a      },\x0d\x0a      
\"funding\": {\x0d\x0a        \"url\": \"https://github.com/sponsors/sindresorhus\"\x0d\x0a      }\x0d\x0a    
},\x0d\x0a    \"node_modules/lodash.camelcase\": {\x0d\x0a      \"version\": \"4.3.0\",\x0d\x0a      \"license\": 
\"MIT\"\x0d\x0a    },\x0d\x0a    \"node_modules/lodash.merge\": {\x0d\x0a      \"version\": \"4.6.2\",\x0d\x0a      
\"dev\": true,\x0d\x0a      \"license\": \"MIT\"\x0d\x0a    },\x0d\x0a    \"node_modules/long\": {\x0d\x0a      
\"version\": \"5.3.2\",\x0d\x0a      \"license\": \"Apache-2.0\"\x0d\x0a    },\x0d\x0a    
\"node_modules/longest-streak\": {\x0d\x0a      \"version\": \"3.1.0\",\x0d\x0a      \"license\": \"MIT\",\x0d\x0a     
 \"funding\": {\x0d\x0a        \"type\": \"github\",\x0d\x0a        \"url\": 
\"https://github.com/sponsors/wooorm\"\x0d\x0a      }\x0d\x0a    },\x0d\x0a    \"node_modules/loose-envify\": 
{\x0d\x0a      \"version\": \"1.4.0\",\x0d\x0a      \"license\": \"MIT\",\x0d\x0a      \"dependencies\": {\x0d\x0a     
   \"js-tokens\": \"^3.0.0 || ^4.0.0\"\x0d\x0a      },\x0d\x0a      \"bin\": {\x0d\x0a        \"loose-envify\": 
\"cli.js\"\x0d\x0a      }\x0d\x0a    },\x0d\x0a    \"node_modules/lru-cache\": {\x0d\x0a      \"version\": 
\"10.4.3\",\x0d\x0a      \"dev\": true,\x0d\x0a      \"license\": \"ISC\"\x0d\x0a    },\x0d\x0a    
\"node_modules/lucide-react\": {\x0d\x0a      \"version\": \"0.511.0\",\x0d\x0a      \"license\": \"ISC\",\x0d\x0a     
 \"peerDependencies\": {\x0d\x0a        \"react\": \"^16.5.1 || ^17.0.0 || ^18.0.0 || ^19.0.0\"\x0d\x0a      }\x0d\x0a 
   },\x0d\x0a    \"node_modules/math-intrinsics\": {\x0d\x0a      \"version\": \"1.1.0\",\x0d\x0a      \"license\": 
\"MIT\",\x0d\x0a      \"engines\": {\x0d\x0a        \"node\": \">= 0.4\"\x0d\x0a      }\x0d\x0a    },\x0d\x0a    
\"node_modules/mdast-util-from-markdown\": {\x0d\x0a      \"version\": \"2.0.2\",\x0d\x0a      \"license\": 
\"MIT\",\x0d\x0a      \"dependencies\": {\x0d\x0a        \"@types/mdast\": \"^4.0.0\",\x0d\x0a        
\"@types/unist\": \"^3.0.0\",\x0d\x0a        \"decode-named-character-reference\": \"^1.0.0\",\x0d\x0a        
\"devlop\": \"^1.0.0\",\x0d\x0a        \"mdast-util-to-string\": \"^4.0.0\",\x0d\x0a        \"micromark\": 
\"^4.0.0\",\x0d\x0a        \"micromark-util-decode-numeric-character-reference\": \"^2.0.0\",\x0d\x0a        
\"micromark-util-decode-string\": \"^2.0.0\",\x0d\x0a        \"micromark-util-normalize-identifier\": 
\"^2.0.0\",\x0d\x0a        \"micromark-util-symbol\": \"^2.0.0\",\x0d\x0a        \"micromark-util-types\": 
\"^2.0.0\",\x0d\x0a        \"unist-util-stringify-position\": \"^4.0.0\"\x0d\x0a      },\x0d\x0a      \"funding\": 
{\x0d\x0a        \"type\": \"opencollective\",\x0d\x0a        \"url\": \"https://opencollective.com/unified\"\x0d\x0a  
    }\x0d\x0a    },\x0d\x0a    \"node_modules/mdast-util-mdx-expression\": {\x0d\x0a      \"version\": 
\"2.0.1\",\x0d\x0a      \"license\": \"MIT\",\x0d\x0a      \"dependencies\": {\x0d\x0a        \"@types/estree-jsx\": 
\"^1.0.0\",\x0d\x0a        \"@types/hast\": \"^3.0.0\",\x0d\x0a        \"@types/mdast\": \"^4.0.0\",\x0d\x0a        
\"devlop\": \"^1.0.0\",\x0d\x0a        \"mdast-util-from-markdown\": \"^2.0.0\",\x0d\x0a        
\"mdast-util-to-markdown\": \"^2.0.0\"\x0d\x0a      },\x0d\x0a      \"funding\": {\x0d\x0a        \"type\": 
\"opencollective\",\x0d\x0a        \"url\": \"https://opencollective.com/unified\"\x0d\x0a      }\x0d\x0a    
},\x0d\x0a    \"node_modules/mdast-util-mdx-jsx\": {\x0d\x0a      \"version\": \"3.2.0\",\x0d\x0a      \"license\": 
\"MIT\",\x0d\x0a      \"dependencies\": {\x0d\x0a        \"@types/estree-jsx\": \"^1.0.0\",\x0d\x0a        
\"@types/hast\": \"^3.0.0\",\x0d\x0a        \"@types/mdast\": \"^4.0.0\",\x0d\x0a        \"@types/unist\": 
\"^3.0.0\",\x0d\x0a        \"ccount\": \"^2.0.0\",\x0d\x0a        \"devlop\": \"^1.1.0\",\x0d\x0a        
\"mdast-util-from-markdown\": \"^2.0.0\",\x0d\x0a        \"mdast-util-to-markdown\": \"^2.0.0\",\x0d\x0a        
\"parse-entities\": \"^4.0.0\",\x0d\x0a        \"stringify-entities\": \"^4.0.0\",\x0d\x0a        
\"unist-util-stringify-position\": \"^4.0.0\",\x0d\x0a        \"vfile-message\": \"^4.0.0\"\x0d\x0a      },\x0d\x0a    
  \"funding\": {\x0d\x0a        \"type\": \"opencollective\",\x0d\x0a        \"url\": 
\"https://opencollective.com/unified\"\x0d\x0a      }\x0d\x0a    },\x0d\x0a    \"node_modules/mdast-util-mdxjs-esm\": 
{\x0d\x0a      \"version\": \"2.0.1\",\x0d\x0a      \"license\": \"MIT\",\x0d\x0a      \"dependencies\": {\x0d\x0a     
   \"@types/estree-jsx\": \"^1.0.0\",\x0d\x0a        \"@types/hast\": \"^3.0.0\",\x0d\x0a        \"@types/mdast\": 
\"^4.0.0\",\x0d\x0a        \"devlop\": \"^1.0.0\",\x0d\x0a        \"mdast-util-from-markdown\": \"^2.0.0\",\x0d\x0a    
    \"mdast-util-to-markdown\": \"^2.0.0\"\x0d\x0a      },\x0d\x0a      \"funding\": {\x0d\x0a        \"type\": 
\"opencollective\",\x0d\x0a        \"url\": \"https://opencollective.com/unified\"\x0d\x0a      }\x0d\x0a    
},\x0d\x0a    \"node_modules/mdast-util-phrasing\": {\x0d\x0a      \"version\": \"4.1.0\",\x0d\x0a      \"license\": 
\"MIT\",\x0d\x0a      \"dependencies\": {\x0d\x0a        \"@types/mdast\": \"^4.0.0\",\x0d\x0a        
\"unist-util-is\": \"^6.0.0\"\x0d\x0a      },\x0d\x0a      \"funding\": {\x0d\x0a        \"type\": 
\"opencollective\",\x0d\x0a        \"url\": \"https://opencollective.com/unified\"\x0d\x0a      }\x0d\x0a    
},\x0d\x0a    \"node_modules/mdast-util-to-hast\": {\x0d\x0a      \"version\": \"13.2.1\",\x0d\x0a      \"resolved\": 
\"https://registry.npmjs.org/mdast-util-to-hast/-/mdast-util-to-hast-13.2.1.tgz\",\x0d\x0a      \"integrity\": 
\"sha512-cctsq2wp5vTsLIcaymblUriiTcZd0CwWtCbLvrOzYCDZoWyMNV8sZ7krj09FSnsiJi3WVsHLM4k6Dq/yaPyCXA==\",\x0d\x0a      
\"license\": \"MIT\",\x0d\x0a      \"dependencies\": {\x0d\x0a        \"@types/hast\": \"^3.0.0\",\x0d\x0a        
\"@types/mdast\": \"^4.0.0\",\x0d\x0a        \"@ungap/structured-clone\": \"^1.0.0\",\x0d\x0a        \"devlop\": 
\"^1.0.0\",\x0d\x0a        \"micromark-util-sanitize-uri\": \"^2.0.0\",\x0d\x0a        \"trim-lines\": 
\"^3.0.0\",\x0d\x0a        \"unist-util-position\": \"^5.0.0\",\x0d\x0a        \"unist-util-visit\": 
\"^5.0.0\",\x0d\x0a        \"vfile\": \"^6.0.0\"\x0d\x0a      },\x0d\x0a      \"funding\": {\x0d\x0a        \"type\": 
\"opencollective\",\x0d\x0a        \"url\": \"https://opencollective.com/unified\"\x0d\x0a      }\x0d\x0a    
},\x0d\x0a    \"node_modules/mdast-util-to-markdown\": {\x0d\x0a      \"version\": \"2.1.2\",\x0d\x0a      
\"license\": \"MIT\",\x0d\x0a      \"dependencies\": {\x0d\x0a        \"@types/mdast\": \"^4.0.0\",\x0d\x0a        
\"@types/unist\": \"^3.0.0\",\x0d\x0a        \"longest-streak\": \"^3.0.0\",\x0d\x0a        \"mdast-util-phrasing\": 
\"^4.0.0\",\x0d\x0a        \"mdast-util-to-string\": \"^4.0.0\",\x0d\x0a        \"micromark-util-classify-character\": 
\"^2.0.0\",\x0d\x0a        \"micromark-util-decode-string\": \"^2.0.0\",\x0d\x0a        \"unist-util-visit\": 
\"^5.0.0\",\x0d\x0a        \"zwitch\": \"^2.0.0\"\x0d\x0a      },\x0d\x0a      \"funding\": {\x0d\x0a        \"type\": 
\"opencollective\",\x0d\x0a        \"url\": \"https://opencollective.com/unified\"\x0d\x0a      }\x0d\x0a    
},\x0d\x0a    \"node_modules/mdast-util-to-string\": {\x0d\x0a      \"version\": \"4.0.0\",\x0d\x0a      \"license\": 
\"MIT\",\x0d\x0a      \"dependencies\": {\x0d\x0a        \"@types/mdast\": \"^4.0.0\"\x0d\x0a      },\x0d\x0a      
\"funding\": {\x0d\x0a        \"type\": \"opencollective\",\x0d\x0a        \"url\": 
\"https://opencollective.com/unified\"\x0d\x0a      }\x0d\x0a    },\x0d\x0a    \"node_modules/merge2\": {\x0d\x0a      
\"version\": \"1.4.1\",\x0d\x0a      \"dev\": true,\x0d\x0a      \"license\": \"MIT\",\x0d\x0a      \"engines\": 
{\x0d\x0a        \"node\": \">= 8\"\x0d\x0a      }\x0d\x0a    },\x0d\x0a    \"node_modules/micromark\": {\x0d\x0a      
\"version\": \"4.0.2\",\x0d\x0a      \"funding\": [\x0d\x0a        {\x0d\x0a          \"type\": \"GitHub 
Sponsors\",\x0d\x0a          \"url\": \"https://github.com/sponsors/unifiedjs\"\x0d\x0a        },\x0d\x0a        
{\x0d\x0a          \"type\": \"OpenCollective\",\x0d\x0a          \"url\": 
\"https://opencollective.com/unified\"\x0d\x0a        }\x0d\x0a      ],\x0d\x0a      \"license\": \"MIT\",\x0d\x0a     
 \"dependencies\": {\x0d\x0a        \"@types/debug\": \"^4.0.0\",\x0d\x0a        \"debug\": \"^4.0.0\",\x0d\x0a        
\"decode-named-character-reference\": \"^1.0.0\",\x0d\x0a        \"devlop\": \"^1.0.0\",\x0d\x0a        
\"micromark-core-commonmark\": \"^2.0.0\",\x0d\x0a        \"micromark-factory-space\": \"^2.0.0\",\x0d\x0a        
\"micromark-util-character\": \"^2.0.0\",\x0d\x0a        \"micromark-util-chunked\": \"^2.0.0\",\x0d\x0a        
\"micromark-util-combine-extensions\": \"^2.0.0\",\x0d\x0a        
\"micromark-util-decode-numeric-character-reference\": \"^2.0.0\",\x0d\x0a        \"micromark-util-encode\": 
\"^2.0.0\",\x0d\x0a        \"micromark-util-normalize-identifier\": \"^2.0.0\",\x0d\x0a        
\"micromark-util-resolve-all\": \"^2.0.0\",\x0d\x0a        \"micromark-util-sanitize-uri\": \"^2.0.0\",\x0d\x0a        
\"micromark-util-subtokenize\": \"^2.0.0\",\x0d\x0a        \"micromark-util-symbol\": \"^2.0.0\",\x0d\x0a        
\"micromark-util-types\": \"^2.0.0\"\x0d\x0a      }\x0d\x0a    },\x0d\x0a    
\"node_modules/micromark-core-commonmark\": {\x0d\x0a      \"version\": \"2.0.3\",\x0d\x0a      \"funding\": [\x0d\x0a 
       {\x0d\x0a          \"type\": \"GitHub Sponsors\",\x0d\x0a          \"url\": 
\"https://github.com/sponsors/unifiedjs\"\x0d\x0a        },\x0d\x0a        {\x0d\x0a          \"type\": 
\"OpenCollective\",\x0d\x0a          \"url\": \"https://opencollective.com/unified\"\x0d\x0a        }\x0d\x0a      
],\x0d\x0a      \"license\": \"MIT\",\x0d\x0a      \"dependencies\": {\x0d\x0a        
\"decode-named-character-reference\": \"^1.0.0\",\x0d\x0a        \"devlop\": \"^1.0.0\",\x0d\x0a        
\"micromark-factory-destination\": \"^2.0.0\",\x0d\x0a        \"micromark-factory-label\": \"^2.0.0\",\x0d\x0a        
\"micromark-factory-space\": \"^2.0.0\",\x0d\x0a        \"micromark-factory-title\": \"^2.0.0\",\x0d\x0a        
\"micromark-factory-whitespace\": \"^2.0.0\",\x0d\x0a        \"micromark-util-character\": \"^2.0.0\",\x0d\x0a        
\"micromark-util-chunked\": \"^2.0.0\",\x0d\x0a        \"micromark-util-classify-character\": \"^2.0.0\",\x0d\x0a      
  \"micromark-util-html-tag-name\": \"^2.0.0\",\x0d\x0a        \"micromark-util-normalize-identifier\": 
\"^2.0.0\",\x0d\x0a        \"micromark-util-resolve-all\": \"^2.0.0\",\x0d\x0a        \"micromark-util-subtokenize\": 
\"^2.0.0\",\x0d\x0a        \"micromark-util-symbol\": \"^2.0.0\",\x0d\x0a        \"micromark-util-types\": 
\"^2.0.0\"\x0d\x0a      }\x0d\x0a    },\x0d\x0a    \"node_modules/micromark-factory-destination\": {\x0d\x0a      
\"version\": \"2.0.1\",\x0d\x0a      \"funding\": [\x0d\x0a        {\x0d\x0a          \"type\": \"GitHub 
Sponsors\",\x0d\x0a          \"url\": \"https://github.com/sponsors/unifiedjs\"\x0d\x0a        },\x0d\x0a        
{\x0d\x0a          \"type\": \"OpenCollective\",\x0d\x0a          \"url\": 
\"https://opencollective.com/unified\"\x0d\x0a        }\x0d\x0a      ],\x0d\x0a      \"license\": \"MIT\",\x0d\x0a     
 \"dependencies\": {\x0d\x0a        \"micromark-util-character\": \"^2.0.0\",\x0d\x0a        
\"micromark-util-symbol\": \"^2.0.0\",\x0d\x0a        \"micromark-util-types\": \"^2.0.0\"\x0d\x0a      }\x0d\x0a    
},\x0d\x0a    \"node_modules/micromark-factory-label\": {\x0d\x0a      \"version\": \"2.0.1\",\x0d\x0a      
\"funding\": [\x0d\x0a        {\x0d\x0a          \"type\": \"GitHub Sponsors\",\x0d\x0a          \"url\": 
\"https://github.com/sponsors/unifiedjs\"\x0d\x0a        },\x0d\x0a        {\x0d\x0a          \"type\": 
\"OpenCollective\",\x0d\x0a          \"url\": \"https://opencollective.com/unified\"\x0d\x0a        }\x0d\x0a      
],\x0d\x0a      \"license\": \"MIT\",\x0d\x0a      \"dependencies\": {\x0d\x0a        \"devlop\": \"^1.0.0\",\x0d\x0a  
      \"micromark-util-character\": \"^2.0.0\",\x0d\x0a        \"micromark-util-symbol\": \"^2.0.0\",\x0d\x0a        
\"micromark-util-types\": \"^2.0.0\"\x0d\x0a      }\x0d\x0a    },\x0d\x0a    \"node_modules/micromark-factory-space\": 
{\x0d\x0a      \"version\": \"2.0.1\",\x0d\x0a      \"funding\": [\x0d\x0a        {\x0d\x0a          \"type\": 
\"GitHub Sponsors\",\x0d\x0a          \"url\": \"https://github.com/sponsors/unifiedjs\"\x0d\x0a        },\x0d\x0a     
   {\x0d\x0a          \"type\": \"OpenCollective\",\x0d\x0a          \"url\": 
\"https://opencollective.com/unified\"\x0d\x0a        }\x0d\x0a      ],\x0d\x0a      \"license\": \"MIT\",\x0d\x0a     
 \"dependencies\": {\x0d\x0a        \"micromark-util-character\": \"^2.0.0\",\x0d\x0a        \"micromark-util-types\": 
\"^2.0.0\"\x0d\x0a      }\x0d\x0a    },\x0d\x0a    \"node_modules/micromark-factory-title\": {\x0d\x0a      
\"version\": \"2.0.1\",\x0d\x0a      \"funding\": [\x0d\x0a        {\x0d\x0a          \"type\": \"GitHub 
Sponsors\",\x0d\x0a          \"url\": \"https://github.com/sponsors/unifiedjs\"\x0d\x0a        },\x0d\x0a        
{\x0d\x0a          \"type\": \"OpenCollective\",\x0d\x0a          \"url\": 
\"https://opencollective.com/unified\"\x0d\x0a        }\x0d\x0a      ],\x0d\x0a      \"license\": \"MIT\",\x0d\x0a     
 \"dependencies\": {\x0d\x0a        \"micromark-factory-space\": \"^2.0.0\",\x0d\x0a        
\"micromark-util-character\": \"^2.0.0\",\x0d\x0a        \"micromark-util-symbol\": \"^2.0.0\",\x0d\x0a        
\"micromark-util-types\": \"^2.0.0\"\x0d\x0a      }\x0d\x0a    },\x0d\x0a    
\"node_modules/micromark-factory-whitespace\": {\x0d\x0a      \"version\": \"2.0.1\",\x0d\x0a      \"funding\": 
[\x0d\x0a        {\x0d\x0a          \"type\": \"GitHub Sponsors\",\x0d\x0a          \"url\": 
\"https://github.com/sponsors/unifiedjs\"\x0d\x0a        },\x0d\x0a        {\x0d\x0a          \"type\": 
\"OpenCollective\",\x0d\x0a          \"url\": \"https://opencollective.com/unified\"\x0d\x0a        }\x0d\x0a      
],\x0d\x0a      \"license\": \"MIT\",\x0d\x0a      \"dependencies\": {\x0d\x0a        \"micromark-factory-space\": 
\"^2.0.0\",\x0d\x0a        \"micromark-util-character\": \"^2.0.0\",\x0d\x0a        \"micromark-util-symbol\": 
\"^2.0.0\",\x0d\x0a        \"micromark-util-types\": \"^2.0.0\"\x0d\x0a      }\x0d\x0a    },\x0d\x0a    
\"node_modules/micromark-util-character\": {\x0d\x0a      \"version\": \"2.1.1\",\x0d\x0a      \"funding\": [\x0d\x0a  
      {\x0d\x0a          \"type\": \"GitHub Sponsors\",\x0d\x0a          \"url\": 
\"https://github.com/sponsors/unifiedjs\"\x0d\x0a        },\x0d\x0a        {\x0d\x0a          \"type\": 
\"OpenCollective\",\x0d\x0a          \"url\": \"https://opencollective.com/unified\"\x0d\x0a        }\x0d\x0a      
],\x0d\x0a      \"license\": \"MIT\",\x0d\x0a      \"dependencies\": {\x0d\x0a        \"micromark-util-symbol\": 
\"^2.0.0\",\x0d\x0a        \"micromark-util-types\": \"^2.0.0\"\x0d\x0a      }\x0d\x0a    },\x0d\x0a    
\"node_modules/micromark-util-chunked\": {\x0d\x0a      \"version\": \"2.0.1\",\x0d\x0a      \"funding\": [\x0d\x0a    
    {\x0d\x0a          \"type\": \"GitHub Sponsors\",\x0d\x0a          \"url\": 
\"https://github.com/sponsors/unifiedjs\"\x0d\x0a        },\x0d\x0a        {\x0d\x0a          \"type\": 
\"OpenCollective\",\x0d\x0a          \"url\": \"https://opencollective.com/unified\"\x0d\x0a        }\x0d\x0a      
],\x0d\x0a      \"license\": \"MIT\",\x0d\x0a      \"dependencies\": {\x0d\x0a        \"micromark-util-symbol\": 
\"^2.0.0\"\x0d\x0a      }\x0d\x0a    },\x0d\x0a    \"node_modules/micromark-util-classify-character\": {\x0d\x0a      
\"version\": \"2.0.1\",\x0d\x0a      \"funding\": [\x0d\x0a        {\x0d\x0a          \"type\": \"GitHub 
Sponsors\",\x0d\x0a          \"url\": \"https://github.com/sponsors/unifiedjs\"\x0d\x0a        },\x0d\x0a        
{\x0d\x0a          \"type\": \"OpenCollective\",\x0d\x0a          \"url\": 
\"https://opencollective.com/unified\"\x0d\x0a        }\x0d\x0a      ],\x0d\x0a      \"license\": \"MIT\",\x0d\x0a     
 \"dependencies\": {\x0d\x0a        \"micromark-util-character\": \"^2.0.0\",\x0d\x0a        
\"micromark-util-symbol\": \"^2.0.0\",\x0d\x0a        \"micromark-util-types\": \"^2.0.0\"\x0d\x0a      }\x0d\x0a    
},\x0d\x0a    \"node_modules/micromark-util-combine-extensions\": {\x0d\x0a      \"version\": \"2.0.1\",\x0d\x0a      
\"funding\": [\x0d\x0a        {\x0d\x0a          \"type\": \"GitHub Sponsors\",\x0d\x0a          \"url\": 
\"https://github.com/sponsors/unifiedjs\"\x0d\x0a        },\x0d\x0a        {\x0d\x0a          \"type\": 
\"OpenCollective\",\x0d\x0a          \"url\": \"https://opencollective.com/unified\"\x0d\x0a        }\x0d\x0a      
],\x0d\x0a      \"license\": \"MIT\",\x0d\x0a      \"dependencies\": {\x0d\x0a        \"micromark-util-chunked\": 
\"^2.0.0\",\x0d\x0a        \"micromark-util-types\": \"^2.0.0\"\x0d\x0a      }\x0d\x0a    },\x0d\x0a    
\"node_modules/micromark-util-decode-numeric-character-reference\": {\x0d\x0a      \"version\": \"2.0.2\",\x0d\x0a     
 \"funding\": [\x0d\x0a        {\x0d\x0a          \"type\": \"GitHub Sponsors\",\x0d\x0a          \"url\": 
\"https://github.com/sponsors/unifiedjs\"\x0d\x0a        },\x0d\x0a        {\x0d\x0a          \"type\": 
\"OpenCollective\",\x0d\x0a          \"url\": \"https://opencollective.com/unified\"\x0d\x0a        }\x0d\x0a      
],\x0d\x0a      \"license\": \"MIT\",\x0d\x0a      \"dependencies\": {\x0d\x0a        \"micromark-util-symbol\": 
\"^2.0.0\"\x0d\x0a      }\x0d\x0a    },\x0d\x0a    \"node_modules/micromark-util-decode-string\": {\x0d\x0a      
\"version\": \"2.0.1\",\x0d\x0a      \"funding\": [\x0d\x0a        {\x0d\x0a          \"type\": \"GitHub 
Sponsors\",\x0d\x0a          \"url\": \"https://github.com/sponsors/unifiedjs\"\x0d\x0a        },\x0d\x0a        
{\x0d\x0a          \"type\": \"OpenCollective\",\x0d\x0a          \"url\": 
\"https://opencollective.com/unified\"\x0d\x0a        }\x0d\x0a      ],\x0d\x0a      \"license\": \"MIT\",\x0d\x0a     
 \"dependencies\": {\x0d\x0a        \"decode-named-character-reference\": \"^1.0.0\",\x0d\x0a        
\"micromark-util-character\": \"^2.0.0\",\x0d\x0a        \"micromark-util-decode-numeric-character-reference\": 
\"^2.0.0\",\x0d\x0a        \"micromark-util-symbol\": \"^2.0.0\"\x0d\x0a      }\x0d\x0a    },\x0d\x0a    
\"node_modules/micromark-util-encode\": {\x0d\x0a      \"version\": \"2.0.1\",\x0d\x0a      \"funding\": [\x0d\x0a     
   {\x0d\x0a          \"type\": \"GitHub Sponsors\",\x0d\x0a          \"url\": 
\"https://github.com/sponsors/unifiedjs\"\x0d\x0a        },\x0d\x0a        {\x0d\x0a          \"type\": 
\"OpenCollective\",\x0d\x0a          \"url\": \"https://opencollective.com/unified\"\x0d\x0a        }\x0d\x0a      
],\x0d\x0a      \"license\": \"MIT\"\x0d\x0a    },\x0d\x0a    \"node_modules/micromark-util-html-tag-name\": {\x0d\x0a 
     \"version\": \"2.0.1\",\x0d\x0a      \"funding\": [\x0d\x0a        {\x0d\x0a          \"type\": \"GitHub 
Sponsors\",\x0d\x0a          \"url\": \"https://github.com/sponsors/unifiedjs\"\x0d\x0a        },\x0d\x0a        
{\x0d\x0a          \"type\": \"OpenCollective\",\x0d\x0a          \"url\": 
\"https://opencollective.com/unified\"\x0d\x0a        }\x0d\x0a      ],\x0d\x0a      \"license\": \"MIT\"\x0d\x0a    
},\x0d\x0a    \"node_modules/micromark-util-normalize-identifier\": {\x0d\x0a      \"version\": \"2.0.1\",\x0d\x0a     
 \"funding\": [\x0d\x0a        {\x0d\x0a          \"type\": \"GitHub Sponsors\",\x0d\x0a          \"url\": 
\"https://github.com/sponsors/unifiedjs\"\x0d\x0a        },\x0d\x0a        {\x0d\x0a          \"type\": 
\"OpenCollective\",\x0d\x0a          \"url\": \"https://opencollective.com/unified\"\x0d\x0a        }\x0d\x0a      
],\x0d\x0a      \"license\": \"MIT\",\x0d\x0a      \"dependencies\": {\x0d\x0a        \"micromark-util-symbol\": 
\"^2.0.0\"\x0d\x0a      }\x0d\x0a    },\x0d\x0a    \"node_modules/micromark-util-resolve-all\": {\x0d\x0a      
\"version\": \"2.0.1\",\x0d\x0a      \"funding\": [\x0d\x0a        {\x0d\x0a          \"type\": \"GitHub 
Sponsors\",\x0d\x0a          \"url\": \"https://github.com/sponsors/unifiedjs\"\x0d\x0a        },\x0d\x0a        
{\x0d\x0a          \"type\": \"OpenCollective\",\x0d\x0a          \"url\": 
\"https://opencollective.com/unified\"\x0d\x0a        }\x0d\x0a      ],\x0d\x0a      \"license\": \"MIT\",\x0d\x0a     
 \"dependencies\": {\x0d\x0a        \"micromark-util-types\": \"^2.0.0\"\x0d\x0a      }\x0d\x0a    },\x0d\x0a    
\"node_modules/micromark-util-sanitize-uri\": {\x0d\x0a      \"version\": \"2.0.1\",\x0d\x0a      \"funding\": 
[\x0d\x0a        {\x0d\x0a          \"type\": \"GitHub Sponsors\",\x0d\x0a          \"url\": 
\"https://github.com/sponsors/unifiedjs\"\x0d\x0a        },\x0d\x0a        {\x0d\x0a          \"type\": 
\"OpenCollective\",\x0d\x0a          \"url\": \"https://opencollective.com/unified\"\x0d\x0a        }\x0d\x0a      
],\x0d\x0a      \"license\": \"MIT\",\x0d\x0a      \"dependencies\": {\x0d\x0a        \"micromark-util-character\": 
\"^2.0.0\",\x0d\x0a        \"micromark-util-encode\": \"^2.0.0\",\x0d\x0a        \"micromark-util-symbol\": 
\"^2.0.0\"\x0d\x0a      }\x0d\x0a    },\x0d\x0a    \"node_modules/micromark-util-subtokenize\": {\x0d\x0a      
\"version\": \"2.1.0\",\x0d\x0a      \"funding\": [\x0d\x0a        {\x0d\x0a          \"type\": \"GitHub 
Sponsors\",\x0d\x0a          \"url\": \"https://github.com/sponsors/unifiedjs\"\x0d\x0a        },\x0d\x0a        
{\x0d\x0a          \"type\": \"OpenCollective\",\x0d\x0a          \"url\": 
\"https://opencollective.com/unified\"\x0d\x0a        }\x0d\x0a      ],\x0d\x0a      \"license\": \"MIT\",\x0d\x0a     
 \"dependencies\": {\x0d\x0a        \"devlop\": \"^1.0.0\",\x0d\x0a        \"micromark-util-chunked\": 
\"^2.0.0\",\x0d\x0a        \"micromark-util-symbol\": \"^2.0.0\",\x0d\x0a        \"micromark-util-types\": 
\"^2.0.0\"\x0d\x0a      }\x0d\x0a    },\x0d\x0a    \"node_modules/micromark-util-symbol\": {\x0d\x0a      \"version\": 
\"2.0.1\",\x0d\x0a      \"funding\": [\x0d\x0a        {\x0d\x0a          \"type\": \"GitHub Sponsors\",\x0d\x0a        
  \"url\": \"https://github.com/sponsors/unifiedjs\"\x0d\x0a        },\x0d\x0a        {\x0d\x0a          \"type\": 
\"OpenCollective\",\x0d\x0a          \"url\": \"https://opencollective.com/unified\"\x0d\x0a        }\x0d\x0a      
],\x0d\x0a      \"license\": \"MIT\"\x0d\x0a    },\x0d\x0a    \"node_modules/micromark-util-types\": {\x0d\x0a      
\"version\": \"2.0.2\",\x0d\x0a      \"funding\": [\x0d\x0a        {\x0d\x0a          \"type\": \"GitHub 
Sponsors\",\x0d\x0a          \"url\": \"https://github.com/sponsors/unifiedjs\"\x0d\x0a        },\x0d\x0a        
{\x0d\x0a          \"type\": \"OpenCollective\",\x0d\x0a          \"url\": 
\"https://opencollective.com/unified\"\x0d\x0a        }\x0d\x0a      ],\x0d\x0a      \"license\": \"MIT\"\x0d\x0a    
},\x0d\x0a    \"node_modules/micromatch\": {\x0d\x0a      \"version\": \"4.0.8\",\x0d\x0a      \"dev\": true,\x0d\x0a  
    \"license\": \"MIT\",\x0d\x0a      \"dependencies\": {\x0d\x0a        \"braces\": \"^3.0.3\",\x0d\x0a        
\"picomatch\": \"^2.3.1\"\x0d\x0a      },\x0d\x0a      \"engines\": {\x0d\x0a        \"node\": \">=8.6\"\x0d\x0a      
}\x0d\x0a    },\x0d\x0a    \"node_modules/mime-db\": {\x0d\x0a      \"version\": \"1.52.0\",\x0d\x0a      \"license\": 
\"MIT\",\x0d\x0a      \"engines\": {\x0d\x0a        \"node\": \">= 0.6\"\x0d\x0a      }\x0d\x0a    },\x0d\x0a    
\"node_modules/mime-types\": {\x0d\x0a      \"version\": \"2.1.35\",\x0d\x0a      \"license\": \"MIT\",\x0d\x0a      
\"dependencies\": {\x0d\x0a        \"mime-db\": \"1.52.0\"\x0d\x0a      },\x0d\x0a      \"engines\": {\x0d\x0a        
\"node\": \">= 0.6\"\x0d\x0a      }\x0d\x0a    },\x0d\x0a    \"node_modules/minimatch\": {\x0d\x0a      \"version\": 
\"3.1.2\",\x0d\x0a      \"dev\": true,\x0d\x0a      \"license\": \"ISC\",\x0d\x0a      \"dependencies\": {\x0d\x0a     
   \"brace-expansion\": \"^1.1.7\"\x0d\x0a      },\x0d\x0a      \"engines\": {\x0d\x0a        \"node\": \"*\"\x0d\x0a  
    }\x0d\x0a    },\x0d\x0a    \"node_modules/minimist\": {\x0d\x0a      \"version\": \"1.2.8\",\x0d\x0a      \"dev\": 
true,\x0d\x0a      \"license\": \"MIT\",\x0d\x0a      \"funding\": {\x0d\x0a        \"url\": 
\"https://github.com/sponsors/ljharb\"\x0d\x0a      }\x0d\x0a    },\x0d\x0a    \"node_modules/minipass\": {\x0d\x0a    
  \"version\": \"7.1.2\",\x0d\x0a      \"dev\": true,\x0d\x0a      \"license\": \"ISC\",\x0d\x0a      \"engines\": 
{\x0d\x0a        \"node\": \">=16 || 14 >=14.17\"\x0d\x0a      }\x0d\x0a    },\x0d\x0a    \"node_modules/moment\": 
{\x0d\x0a      \"version\": \"2.30.1\",\x0d\x0a      \"dev\": true,\x0d\x0a      \"license\": \"MIT\",\x0d\x0a      
\"engines\": {\x0d\x0a        \"node\": \"*\"\x0d\x0a      }\x0d\x0a    },\x0d\x0a    \"node_modules/motion-dom\": 
{\x0d\x0a      \"version\": \"12.23.9\",\x0d\x0a      \"license\": \"MIT\",\x0d\x0a      \"dependencies\": {\x0d\x0a   
     \"motion-utils\": \"^12.23.6\"\x0d\x0a      }\x0d\x0a    },\x0d\x0a    \"node_modules/motion-utils\": {\x0d\x0a   
   \"version\": \"12.23.6\",\x0d\x0a      \"license\": \"MIT\"\x0d\x0a    },\x0d\x0a    \"node_modules/ms\": {\x0d\x0a 
     \"version\": \"2.1.3\",\x0d\x0a      \"license\": \"MIT\"\x0d\x0a    },\x0d\x0a    \"node_modules/mustache\": 
{\x0d\x0a      \"version\": \"4.2.0\",\x0d\x0a      \"license\": \"MIT\",\x0d\x0a      \"bin\": {\x0d\x0a        
\"mustache\": \"bin/mustache\"\x0d\x0a      }\x0d\x0a    },\x0d\x0a    \"node_modules/mz\": {\x0d\x0a      
\"version\": \"2.7.0\",\x0d\x0a      \"dev\": true,\x0d\x0a      \"license\": \"MIT\",\x0d\x0a      \"dependencies\": 
{\x0d\x0a        \"any-promise\": \"^1.0.0\",\x0d\x0a        \"object-assign\": \"^4.0.1\",\x0d\x0a        
\"thenify-all\": \"^1.0.0\"\x0d\x0a      }\x0d\x0a    },\x0d\x0a    \"node_modules/nanoid\": {\x0d\x0a      
\"version\": \"3.3.11\",\x0d\x0a      \"funding\": [\x0d\x0a        {\x0d\x0a          \"type\": \"github\",\x0d\x0a   
       \"url\": \"https://github.com/sponsors/ai\"\x0d\x0a        }\x0d\x0a      ],\x0d\x0a      \"license\": 
\"MIT\",\x0d\x0a      \"bin\": {\x0d\x0a        \"nanoid\": \"bin/nanoid.cjs\"\x0d\x0a      },\x0d\x0a      
\"engines\": {\x0d\x0a        \"node\": \"^10 || ^12 || ^13.7 || ^14 || >=15.0.1\"\x0d\x0a      }\x0d\x0a    
},\x0d\x0a    \"node_modules/napi-postinstall\": {\x0d\x0a      \"version\": \"0.3.2\",\x0d\x0a      \"dev\": 
true,\x0d\x0a      \"license\": \"MIT\",\x0d\x0a      \"bin\": {\x0d\x0a        \"napi-postinstall\": 
\"lib/cli.js\"\x0d\x0a      },\x0d\x0a      \"engines\": {\x0d\x0a        \"node\": \"^12.20.0 || ^14.18.0 || 
>=16.0.0\"\x0d\x0a      },\x0d\x0a      \"funding\": {\x0d\x0a        \"url\": 
\"https://opencollective.com/napi-postinstall\"\x0d\x0a      }\x0d\x0a    },\x0d\x0a    
\"node_modules/natural-compare\": {\x0d\x0a      \"version\": \"1.4.0\",\x0d\x0a      \"dev\": true,\x0d\x0a      
\"license\": \"MIT\"\x0d\x0a    },\x0d\x0a    \"node_modules/next\": {\x0d\x0a      \"version\": \"15.5.9\",\x0d\x0a   
   \"resolved\": \"https://registry.npmjs.org/next/-/next-15.5.9.tgz\",\x0d\x0a      \"integrity\": 
\"sha512-agNLK89seZEtC5zUHwtut0+tNrc0Xw4FT/Dg+B/VLEo9pAcS9rtTKpek3V6kVcVwsB2YlqMaHdfZL4eLEVYuCg==\",\x0d\x0a      
\"license\": \"MIT\",\x0d\x0a      \"peer\": true,\x0d\x0a      \"dependencies\": {\x0d\x0a        \"@next/env\": 
\"15.5.9\",\x0d\x0a        \"@swc/helpers\": \"0.5.15\",\x0d\x0a        \"caniuse-lite\": \"^1.0.30001579\",\x0d\x0a   
     \"postcss\": \"8.4.31\",\x0d\x0a        \"styled-jsx\": \"5.1.6\"\x0d\x0a      },\x0d\x0a      \"bin\": {\x0d\x0a 
       \"next\": \"dist/bin/next\"\x0d\x0a      },\x0d\x0a      \"engines\": {\x0d\x0a        \"node\": \"^18.18.0 || 
^19.8.0 || >= 20.0.0\"\x0d\x0a      },\x0d\x0a      \"optionalDependencies\": {\x0d\x0a        
\"@next/swc-darwin-arm64\": \"15.5.7\",\x0d\x0a        \"@next/swc-darwin-x64\": \"15.5.7\",\x0d\x0a        
\"@next/swc-linux-arm64-gnu\": \"15.5.7\",\x0d\x0a        \"@next/swc-linux-arm64-musl\": \"15.5.7\",\x0d\x0a        
\"@next/swc-linux-x64-gnu\": \"15.5.7\",\x0d\x0a        \"@next/swc-linux-x64-musl\": \"15.5.7\",\x0d\x0a        
\"@next/swc-win32-arm64-msvc\": \"15.5.7\",\x0d\x0a        \"@next/swc-win32-x64-msvc\": \"15.5.7\",\x0d\x0a        
\"sharp\": \"^0.34.3\"\x0d\x0a      },\x0d\x0a      \"peerDependencies\": {\x0d\x0a        \"@opentelemetry/api\": 
\"^1.1.0\",\x0d\x0a        \"@playwright/test\": \"^1.51.1\",\x0d\x0a        \"babel-plugin-react-compiler\": 
\"*\",\x0d\x0a        \"react\": \"^18.2.0 || 19.0.0-rc-de68d2f4-20241204 || ^19.0.0\",\x0d\x0a        \"react-dom\": 
\"^18.2.0 || 19.0.0-rc-de68d2f4-20241204 || ^19.0.0\",\x0d\x0a        \"sass\": \"^1.3.0\"\x0d\x0a      },\x0d\x0a     
 \"peerDependenciesMeta\": {\x0d\x0a        \"@opentelemetry/api\": {\x0d\x0a          \"optional\": true\x0d\x0a      
  },\x0d\x0a        \"@playwright/test\": {\x0d\x0a          \"optional\": true\x0d\x0a        },\x0d\x0a        
\"babel-plugin-react-compiler\": {\x0d\x0a          \"optional\": true\x0d\x0a        },\x0d\x0a        \"sass\": 
{\x0d\x0a          \"optional\": true\x0d\x0a        }\x0d\x0a      }\x0d\x0a    },\x0d\x0a    
\"node_modules/next-themes\": {\x0d\x0a      \"version\": \"0.4.6\",\x0d\x0a      \"license\": \"MIT\",\x0d\x0a      
\"peerDependencies\": {\x0d\x0a        \"react\": \"^16.8 || ^17 || ^18 || ^19 || ^19.0.0-rc\",\x0d\x0a        
\"react-dom\": \"^16.8 || ^17 || ^18 || ^19 || ^19.0.0-rc\"\x0d\x0a      }\x0d\x0a    },\x0d\x0a    
\"node_modules/next/node_modules/@swc/helpers\": {\x0d\x0a      \"version\": \"0.5.15\",\x0d\x0a      \"license\": 
\"Apache-2.0\",\x0d\x0a      \"dependencies\": {\x0d\x0a        \"tslib\": \"^2.8.0\"\x0d\x0a      }\x0d\x0a    
},\x0d\x0a    \"node_modules/next/node_modules/postcss\": {\x0d\x0a      \"version\": \"8.4.31\",\x0d\x0a      
\"funding\": [\x0d\x0a        {\x0d\x0a          \"type\": \"opencollective\",\x0d\x0a          \"url\": 
\"https://opencollective.com/postcss/\"\x0d\x0a        },\x0d\x0a        {\x0d\x0a          \"type\": 
\"tidelift\",\x0d\x0a          \"url\": \"https://tidelift.com/funding/github/npm/postcss\"\x0d\x0a        },\x0d\x0a  
      {\x0d\x0a          \"type\": \"github\",\x0d\x0a          \"url\": \"https://github.com/sponsors/ai\"\x0d\x0a    
    }\x0d\x0a      ],\x0d\x0a      \"license\": \"MIT\",\x0d\x0a      \"dependencies\": {\x0d\x0a        \"nanoid\": 
\"^3.3.6\",\x0d\x0a        \"picocolors\": \"^1.0.0\",\x0d\x0a        \"source-map-js\": \"^1.0.2\"\x0d\x0a      
},\x0d\x0a      \"engines\": {\x0d\x0a        \"node\": \"^10 || ^12 || >=14\"\x0d\x0a      }\x0d\x0a    },\x0d\x0a    
\"node_modules/node-domexception\": {\x0d\x0a      \"version\": \"1.0.0\",\x0d\x0a      \"funding\": [\x0d\x0a        
{\x0d\x0a          \"type\": \"github\",\x0d\x0a          \"url\": 
\"https://github.com/sponsors/jimmywarting\"\x0d\x0a        },\x0d\x0a        {\x0d\x0a          \"type\": 
\"github\",\x0d\x0a          \"url\": \"https://paypal.me/jimmywarting\"\x0d\x0a        }\x0d\x0a      ],\x0d\x0a      
\"license\": \"MIT\",\x0d\x0a      \"engines\": {\x0d\x0a        \"node\": \">=10.5.0\"\x0d\x0a      }\x0d\x0a    
},\x0d\x0a    \"node_modules/node-fetch\": {\x0d\x0a      \"version\": \"2.7.0\",\x0d\x0a      \"license\": 
\"MIT\",\x0d\x0a      \"dependencies\": {\x0d\x0a        \"whatwg-url\": \"^5.0.0\"\x0d\x0a      },\x0d\x0a      
\"engines\": {\x0d\x0a        \"node\": \"4.x || >=6.0.0\"\x0d\x0a      },\x0d\x0a      \"peerDependencies\": 
{\x0d\x0a        \"encoding\": \"^0.1.0\"\x0d\x0a      },\x0d\x0a      \"peerDependenciesMeta\": {\x0d\x0a        
\"encoding\": {\x0d\x0a          \"optional\": true\x0d\x0a        }\x0d\x0a      }\x0d\x0a    },\x0d\x0a    
\"node_modules/nodemailer\": {\x0d\x0a      \"version\": \"7.0.11\",\x0d\x0a      \"resolved\": 
\"https://registry.npmjs.org/nodemailer/-/nodemailer-7.0.11.tgz\",\x0d\x0a      \"integrity\": 
\"sha512-gnXhNRE0FNhD7wPSCGhdNh46Hs6nm+uTyg+Kq0cZukNQiYdnCsoQjodNP9BQVG9XrcK/v6/MgpAPBUFyzh9pvw==\",\x0d\x0a      
\"license\": \"MIT-0\",\x0d\x0a      \"engines\": {\x0d\x0a        \"node\": \">=6.0.0\"\x0d\x0a      }\x0d\x0a    
},\x0d\x0a    \"node_modules/normalize-path\": {\x0d\x0a      \"version\": \"3.0.0\",\x0d\x0a      \"dev\": 
true,\x0d\x0a      \"license\": \"MIT\",\x0d\x0a      \"engines\": {\x0d\x0a        \"node\": \">=0.10.0\"\x0d\x0a     
 }\x0d\x0a    },\x0d\x0a    \"node_modules/object-assign\": {\x0d\x0a      \"version\": \"4.1.1\",\x0d\x0a      
\"license\": \"MIT\",\x0d\x0a      \"engines\": {\x0d\x0a        \"node\": \">=0.10.0\"\x0d\x0a      }\x0d\x0a    
},\x0d\x0a    \"node_modules/object-hash\": {\x0d\x0a      \"version\": \"3.0.0\",\x0d\x0a      \"dev\": true,\x0d\x0a 
     \"license\": \"MIT\",\x0d\x0a      \"engines\": {\x0d\x0a        \"node\": \">= 6\"\x0d\x0a      }\x0d\x0a    
},\x0d\x0a    \"node_modules/object-inspect\": {\x0d\x0a      \"version\": \"1.13.4\",\x0d\x0a      \"dev\": 
true,\x0d\x0a      \"license\": \"MIT\",\x0d\x0a      \"engines\": {\x0d\x0a        \"node\": \">= 0.4\"\x0d\x0a      
},\x0d\x0a      \"funding\": {\x0d\x0a        \"url\": \"https://github.com/sponsors/ljharb\"\x0d\x0a      }\x0d\x0a   
 },\x0d\x0a    \"node_modules/object-keys\": {\x0d\x0a      \"version\": \"1.1.1\",\x0d\x0a      \"dev\": 
true,\x0d\x0a      \"license\": \"MIT\",\x0d\x0a      \"engines\": {\x0d\x0a        \"node\": \">= 0.4\"\x0d\x0a      
}\x0d\x0a    },\x0d\x0a    \"node_modules/object.assign\": {\x0d\x0a      \"version\": \"4.1.7\",\x0d\x0a      
\"dev\": true,\x0d\x0a      \"license\": \"MIT\",\x0d\x0a      \"dependencies\": {\x0d\x0a        \"call-bind\": 
\"^1.0.8\",\x0d\x0a        \"call-bound\": \"^1.0.3\",\x0d\x0a        \"define-properties\": \"^1.2.1\",\x0d\x0a       
 \"es-object-atoms\": \"^1.0.0\",\x0d\x0a        \"has-symbols\": \"^1.1.0\",\x0d\x0a        \"object-keys\": 
\"^1.1.1\"\x0d\x0a      },\x0d\x0a      \"engines\": {\x0d\x0a        \"node\": \">= 0.4\"\x0d\x0a      },\x0d\x0a     
 \"funding\": {\x0d\x0a        \"url\": \"https://github.com/sponsors/ljharb\"\x0d\x0a      }\x0d\x0a    },\x0d\x0a    
\"node_modules/object.entries\": {\x0d\x0a      \"version\": \"1.1.9\",\x0d\x0a      \"dev\": true,\x0d\x0a      
\"license\": \"MIT\",\x0d\x0a      \"dependencies\": {\x0d\x0a        \"call-bind\": \"^1.0.8\",\x0d\x0a        
\"call-bound\": \"^1.0.4\",\x0d\x0a        \"define-properties\": \"^1.2.1\",\x0d\x0a        \"es-object-atoms\": 
\"^1.1.1\"\x0d\x0a      },\x0d\x0a      \"engines\": {\x0d\x0a        \"node\": \">= 0.4\"\x0d\x0a      }\x0d\x0a    
},\x0d\x0a    \"node_modules/object.fromentries\": {\x0d\x0a      \"version\": \"2.0.8\",\x0d\x0a      \"dev\": 
true,\x0d\x0a      \"license\": \"MIT\",\x0d\x0a      \"dependencies\": {\x0d\x0a        \"call-bind\": 
\"^1.0.7\",\x0d\x0a        \"define-properties\": \"^1.2.1\",\x0d\x0a        \"es-abstract\": \"^1.23.2\",\x0d\x0a     
   \"es-object-atoms\": \"^1.0.0\"\x0d\x0a      },\x0d\x0a      \"engines\": {\x0d\x0a        \"node\": \">= 
0.4\"\x0d\x0a      },\x0d\x0a      \"funding\": {\x0d\x0a        \"url\": 
\"https://github.com/sponsors/ljharb\"\x0d\x0a      }\x0d\x0a    },\x0d\x0a    \"node_modules/object.groupby\": 
{\x0d\x0a      \"version\": \"1.0.3\",\x0d\x0a      \"dev\": true,\x0d\x0a      \"license\": \"MIT\",\x0d\x0a      
\"dependencies\": {\x0d\x0a        \"call-bind\": \"^1.0.7\",\x0d\x0a        \"define-properties\": 
\"^1.2.1\",\x0d\x0a        \"es-abstract\": \"^1.23.2\"\x0d\x0a      },\x0d\x0a      \"engines\": {\x0d\x0a        
\"node\": \">= 0.4\"\x0d\x0a      }\x0d\x0a    },\x0d\x0a    \"node_modules/object.values\": {\x0d\x0a      
\"version\": \"1.2.1\",\x0d\x0a      \"dev\": true,\x0d\x0a      \"license\": \"MIT\",\x0d\x0a      \"dependencies\": 
{\x0d\x0a        \"call-bind\": \"^1.0.8\",\x0d\x0a        \"call-bound\": \"^1.0.3\",\x0d\x0a        
\"define-properties\": \"^1.2.1\",\x0d\x0a        \"es-object-atoms\": \"^1.0.0\"\x0d\x0a      },\x0d\x0a      
\"engines\": {\x0d\x0a        \"node\": \">= 0.4\"\x0d\x0a      },\x0d\x0a      \"funding\": {\x0d\x0a        \"url\": 
\"https://github.com/sponsors/ljharb\"\x0d\x0a      }\x0d\x0a    },\x0d\x0a    \"node_modules/openai\": {\x0d\x0a      
\"version\": \"4.104.0\",\x0d\x0a      \"license\": \"Apache-2.0\",\x0d\x0a      \"peer\": true,\x0d\x0a      
\"dependencies\": {\x0d\x0a        \"@types/node\": \"^18.11.18\",\x0d\x0a        \"@types/node-fetch\": 
\"^2.6.4\",\x0d\x0a        \"abort-controller\": \"^3.0.0\",\x0d\x0a        \"agentkeepalive\": \"^4.2.1\",\x0d\x0a    
    \"form-data-encoder\": \"1.7.2\",\x0d\x0a        \"formdata-node\": \"^4.3.2\",\x0d\x0a        \"node-fetch\": 
\"^2.6.7\"\x0d\x0a      },\x0d\x0a      \"bin\": {\x0d\x0a        \"openai\": \"bin/cli\"\x0d\x0a      },\x0d\x0a      
\"peerDependencies\": {\x0d\x0a        \"ws\": \"^8.18.0\",\x0d\x0a        \"zod\": \"^3.23.8\"\x0d\x0a      
},\x0d\x0a      \"peerDependenciesMeta\": {\x0d\x0a        \"ws\": {\x0d\x0a          \"optional\": true\x0d\x0a       
 },\x0d\x0a        \"zod\": {\x0d\x0a          \"optional\": true\x0d\x0a        }\x0d\x0a      }\x0d\x0a    
},\x0d\x0a    \"node_modules/openai/node_modules/@types/node\": {\x0d\x0a      \"version\": \"18.19.120\",\x0d\x0a     
 \"license\": \"MIT\",\x0d\x0a      \"dependencies\": {\x0d\x0a        \"undici-types\": \"~5.26.4\"\x0d\x0a      
}\x0d\x0a    },\x0d\x0a    \"node_modules/openai/node_modules/undici-types\": {\x0d\x0a      \"version\": 
\"5.26.5\",\x0d\x0a      \"license\": \"MIT\"\x0d\x0a    },\x0d\x0a    \"node_modules/optionator\": {\x0d\x0a      
\"version\": \"0.9.4\",\x0d\x0a      \"dev\": true,\x0d\x0a      \"license\": \"MIT\",\x0d\x0a      \"dependencies\": 
{\x0d\x0a        \"deep-is\": \"^0.1.3\",\x0d\x0a        \"fast-levenshtein\": \"^2.0.6\",\x0d\x0a        \"levn\": 
\"^0.4.1\",\x0d\x0a        \"prelude-ls\": \"^1.2.1\",\x0d\x0a        \"type-check\": \"^0.4.0\",\x0d\x0a        
\"word-wrap\": \"^1.2.5\"\x0d\x0a      },\x0d\x0a      \"engines\": {\x0d\x0a        \"node\": \">= 0.8.0\"\x0d\x0a    
  }\x0d\x0a    },\x0d\x0a    \"node_modules/own-keys\": {\x0d\x0a      \"version\": \"1.0.1\",\x0d\x0a      \"dev\": 
true,\x0d\x0a      \"license\": \"MIT\",\x0d\x0a      \"dependencies\": {\x0d\x0a        \"get-intrinsic\": 
\"^1.2.6\",\x0d\x0a        \"object-keys\": \"^1.1.1\",\x0d\x0a        \"safe-push-apply\": \"^1.0.0\"\x0d\x0a      
},\x0d\x0a      \"engines\": {\x0d\x0a        \"node\": \">= 0.4\"\x0d\x0a      },\x0d\x0a      \"funding\": {\x0d\x0a 
       \"url\": \"https://github.com/sponsors/ljharb\"\x0d\x0a      }\x0d\x0a    },\x0d\x0a    
\"node_modules/p-finally\": {\x0d\x0a      \"version\": \"1.0.0\",\x0d\x0a      \"license\": \"MIT\",\x0d\x0a      
\"engines\": {\x0d\x0a        \"node\": \">=4\"\x0d\x0a      }\x0d\x0a    },\x0d\x0a    \"node_modules/p-limit\": 
{\x0d\x0a      \"version\": \"3.1.0\",\x0d\x0a      \"dev\": true,\x0d\x0a      \"license\": \"MIT\",\x0d\x0a      
\"dependencies\": {\x0d\x0a        \"yocto-queue\": \"^0.1.0\"\x0d\x0a      },\x0d\x0a      \"engines\": {\x0d\x0a     
   \"node\": \">=10\"\x0d\x0a      },\x0d\x0a      \"funding\": {\x0d\x0a        \"url\": 
\"https://github.com/sponsors/sindresorhus\"\x0d\x0a      }\x0d\x0a    },\x0d\x0a    \"node_modules/p-locate\": 
{\x0d\x0a      \"version\": \"5.0.0\",\x0d\x0a      \"dev\": true,\x0d\x0a      \"license\": \"MIT\",\x0d\x0a      
\"dependencies\": {\x0d\x0a        \"p-limit\": \"^3.0.2\"\x0d\x0a      },\x0d\x0a      \"engines\": {\x0d\x0a        
\"node\": \">=10\"\x0d\x0a      },\x0d\x0a      \"funding\": {\x0d\x0a        \"url\": 
\"https://github.com/sponsors/sindresorhus\"\x0d\x0a      }\x0d\x0a    },\x0d\x0a    \"node_modules/p-queue\": 
{\x0d\x0a      \"version\": \"6.6.2\",\x0d\x0a      \"license\": \"MIT\",\x0d\x0a      \"dependencies\": {\x0d\x0a     
   \"eventemitter3\": \"^4.0.4\",\x0d\x0a        \"p-timeout\": \"^3.2.0\"\x0d\x0a      },\x0d\x0a      \"engines\": 
{\x0d\x0a        \"node\": \">=8\"\x0d\x0a      },\x0d\x0a      \"funding\": {\x0d\x0a        \"url\": 
\"https://github.com/sponsors/sindresorhus\"\x0d\x0a      }\x0d\x0a    },\x0d\x0a    \"node_modules/p-retry\": 
{\x0d\x0a      \"version\": \"4.6.2\",\x0d\x0a      \"license\": \"MIT\",\x0d\x0a      \"dependencies\": {\x0d\x0a     
   \"@types/retry\": \"0.12.0\",\x0d\x0a        \"retry\": \"^0.13.1\"\x0d\x0a      },\x0d\x0a      \"engines\": 
{\x0d\x0a        \"node\": \">=8\"\x0d\x0a      }\x0d\x0a    },\x0d\x0a    \"node_modules/p-timeout\": {\x0d\x0a      
\"version\": \"3.2.0\",\x0d\x0a      \"license\": \"MIT\",\x0d\x0a      \"dependencies\": {\x0d\x0a        
\"p-finally\": \"^1.0.0\"\x0d\x0a      },\x0d\x0a      \"engines\": {\x0d\x0a        \"node\": \">=8\"\x0d\x0a      
}\x0d\x0a    },\x0d\x0a    \"node_modules/package-json-from-dist\": {\x0d\x0a      \"version\": \"1.0.1\",\x0d\x0a     
 \"dev\": true,\x0d\x0a      \"license\": \"BlueOak-1.0.0\"\x0d\x0a    },\x0d\x0a    \"node_modules/parent-module\": 
{\x0d\x0a      \"version\": \"1.0.1\",\x0d\x0a      \"license\": \"MIT\",\x0d\x0a      \"dependencies\": {\x0d\x0a     
   \"callsites\": \"^3.0.0\"\x0d\x0a      },\x0d\x0a      \"engines\": {\x0d\x0a        \"node\": \">=6\"\x0d\x0a      
}\x0d\x0a    },\x0d\x0a    \"node_modules/parse-entities\": {\x0d\x0a      \"version\": \"4.0.2\",\x0d\x0a      
\"license\": \"MIT\",\x0d\x0a      \"dependencies\": {\x0d\x0a        \"@types/unist\": \"^2.0.0\",\x0d\x0a        
\"character-entities-legacy\": \"^3.0.0\",\x0d\x0a        \"character-reference-invalid\": \"^2.0.0\",\x0d\x0a        
\"decode-named-character-reference\": \"^1.0.0\",\x0d\x0a        \"is-alphanumerical\": \"^2.0.0\",\x0d\x0a        
\"is-decimal\": \"^2.0.0\",\x0d\x0a        \"is-hexadecimal\": \"^2.0.0\"\x0d\x0a      },\x0d\x0a      \"funding\": 
{\x0d\x0a        \"type\": \"github\",\x0d\x0a        \"url\": \"https://github.com/sponsors/wooorm\"\x0d\x0a      
}\x0d\x0a    },\x0d\x0a    \"node_modules/parse-entities/node_modules/@types/unist\": {\x0d\x0a      \"version\": 
\"2.0.11\",\x0d\x0a      \"license\": \"MIT\"\x0d\x0a    },\x0d\x0a    \"node_modules/parse-json\": {\x0d\x0a      
\"version\": \"5.2.0\",\x0d\x0a      \"license\": \"MIT\",\x0d\x0a      \"dependencies\": {\x0d\x0a        
\"@babel/code-frame\": \"^7.0.0\",\x0d\x0a        \"error-ex\": \"^1.3.1\",\x0d\x0a        
\"json-parse-even-better-errors\": \"^2.3.0\",\x0d\x0a        \"lines-and-columns\": \"^1.1.6\"\x0d\x0a      
},\x0d\x0a      \"engines\": {\x0d\x0a        \"node\": \">=8\"\x0d\x0a      },\x0d\x0a      \"funding\": {\x0d\x0a    
    \"url\": \"https://github.com/sponsors/sindresorhus\"\x0d\x0a      }\x0d\x0a    },\x0d\x0a    
\"node_modules/parseley\": {\x0d\x0a      \"version\": \"0.12.1\",\x0d\x0a      \"license\": \"MIT\",\x0d\x0a      
\"dependencies\": {\x0d\x0a        \"leac\": \"^0.6.0\",\x0d\x0a        \"peberminta\": \"^0.9.0\"\x0d\x0a      
},\x0d\x0a      \"funding\": {\x0d\x0a        \"url\": \"https://ko-fi.com/killymxi\"\x0d\x0a      }\x0d\x0a    
},\x0d\x0a    \"node_modules/path-exists\": {\x0d\x0a      \"version\": \"4.0.0\",\x0d\x0a      \"dev\": true,\x0d\x0a 
     \"license\": \"MIT\",\x0d\x0a      \"engines\": {\x0d\x0a        \"node\": \">=8\"\x0d\x0a      }\x0d\x0a    
},\x0d\x0a    \"node_modules/path-key\": {\x0d\x0a      \"version\": \"3.1.1\",\x0d\x0a      \"dev\": true,\x0d\x0a    
  \"license\": \"MIT\",\x0d\x0a      \"engines\": {\x0d\x0a        \"node\": \">=8\"\x0d\x0a      }\x0d\x0a    
},\x0d\x0a    \"node_modules/path-parse\": {\x0d\x0a      \"version\": \"1.0.7\",\x0d\x0a      \"license\": 
\"MIT\"\x0d\x0a    },\x0d\x0a    \"node_modules/path-scurry\": {\x0d\x0a      \"version\": \"1.11.1\",\x0d\x0a      
\"dev\": true,\x0d\x0a      \"license\": \"BlueOak-1.0.0\",\x0d\x0a      \"dependencies\": {\x0d\x0a        
\"lru-cache\": \"^10.2.0\",\x0d\x0a        \"minipass\": \"^5.0.0 || ^6.0.2 || ^7.0.0\"\x0d\x0a      },\x0d\x0a      
\"engines\": {\x0d\x0a        \"node\": \">=16 || 14 >=14.18\"\x0d\x0a      },\x0d\x0a      \"funding\": {\x0d\x0a     
   \"url\": \"https://github.com/sponsors/isaacs\"\x0d\x0a      }\x0d\x0a    },\x0d\x0a    \"node_modules/path-type\": 
{\x0d\x0a      \"version\": \"4.0.0\",\x0d\x0a      \"license\": \"MIT\",\x0d\x0a      \"engines\": {\x0d\x0a        
\"node\": \">=8\"\x0d\x0a      }\x0d\x0a    },\x0d\x0a    \"node_modules/peberminta\": {\x0d\x0a      \"version\": 
\"0.9.0\",\x0d\x0a      \"license\": \"MIT\",\x0d\x0a      \"funding\": {\x0d\x0a        \"url\": 
\"https://ko-fi.com/killymxi\"\x0d\x0a      }\x0d\x0a    },\x0d\x0a    \"node_modules/picocolors\": {\x0d\x0a      
\"version\": \"1.1.1\",\x0d\x0a      \"license\": \"ISC\"\x0d\x0a    },\x0d\x0a    \"node_modules/picomatch\": 
{\x0d\x0a      \"version\": \"2.3.1\",\x0d\x0a      \"dev\": true,\x0d\x0a      \"license\": \"MIT\",\x0d\x0a      
\"engines\": {\x0d\x0a        \"node\": \">=8.6\"\x0d\x0a      },\x0d\x0a      \"funding\": {\x0d\x0a        \"url\": 
\"https://github.com/sponsors/jonschlinkert\"\x0d\x0a      }\x0d\x0a    },\x0d\x0a    \"node_modules/pify\": {\x0d\x0a 
     \"version\": \"2.3.0\",\x0d\x0a      \"dev\": true,\x0d\x0a      \"license\": \"MIT\",\x0d\x0a      \"engines\": 
{\x0d\x0a        \"node\": \">=0.10.0\"\x0d\x0a      }\x0d\x0a    },\x0d\x0a    \"node_modules/pirates\": {\x0d\x0a    
  \"version\": \"4.0.7\",\x0d\x0a      \"dev\": true,\x0d\x0a      \"license\": \"MIT\",\x0d\x0a      \"engines\": 
{\x0d\x0a        \"node\": \">= 6\"\x0d\x0a      }\x0d\x0a    },\x0d\x0a    
\"node_modules/possible-typed-array-names\": {\x0d\x0a      \"version\": \"1.1.0\",\x0d\x0a      \"dev\": 
true,\x0d\x0a      \"license\": \"MIT\",\x0d\x0a      \"engines\": {\x0d\x0a        \"node\": \">= 0.4\"\x0d\x0a      
}\x0d\x0a    },\x0d\x0a    \"node_modules/postcss\": {\x0d\x0a      \"version\": \"8.5.6\",\x0d\x0a      \"dev\": 
true,\x0d\x0a      \"funding\": [\x0d\x0a        {\x0d\x0a          \"type\": \"opencollective\",\x0d\x0a          
\"url\": \"https://opencollective.com/postcss/\"\x0d\x0a        },\x0d\x0a        {\x0d\x0a          \"type\": 
\"tidelift\",\x0d\x0a          \"url\": \"https://tidelift.com/funding/github/npm/postcss\"\x0d\x0a        },\x0d\x0a  
      {\x0d\x0a          \"type\": \"github\",\x0d\x0a          \"url\": \"https://github.com/sponsors/ai\"\x0d\x0a    
    }\x0d\x0a      ],\x0d\x0a      \"license\": \"MIT\",\x0d\x0a      \"peer\": true,\x0d\x0a      \"dependencies\": 
{\x0d\x0a        \"nanoid\": \"^3.3.11\",\x0d\x0a        \"picocolors\": \"^1.1.1\",\x0d\x0a        \"source-map-js\": 
\"^1.2.1\"\x0d\x0a      },\x0d\x0a      \"engines\": {\x0d\x0a        \"node\": \"^10 || ^12 || >=14\"\x0d\x0a      
}\x0d\x0a    },\x0d\x0a    \"node_modules/postcss-import\": {\x0d\x0a      \"version\": \"15.1.0\",\x0d\x0a      
\"dev\": true,\x0d\x0a      \"license\": \"MIT\",\x0d\x0a      \"dependencies\": {\x0d\x0a        
\"postcss-value-parser\": \"^4.0.0\",\x0d\x0a        \"read-cache\": \"^1.0.0\",\x0d\x0a        \"resolve\": 
\"^1.1.7\"\x0d\x0a      },\x0d\x0a      \"engines\": {\x0d\x0a        \"node\": \">=14.0.0\"\x0d\x0a      },\x0d\x0a   
   \"peerDependencies\": {\x0d\x0a        \"postcss\": \"^8.0.0\"\x0d\x0a      }\x0d\x0a    },\x0d\x0a    
\"node_modules/postcss-js\": {\x0d\x0a      \"version\": \"4.0.1\",\x0d\x0a      \"dev\": true,\x0d\x0a      
\"license\": \"MIT\",\x0d\x0a      \"dependencies\": {\x0d\x0a        \"camelcase-css\": \"^2.0.1\"\x0d\x0a      
},\x0d\x0a      \"engines\": {\x0d\x0a        \"node\": \"^12 || ^14 || >= 16\"\x0d\x0a      },\x0d\x0a      
\"funding\": {\x0d\x0a        \"type\": \"opencollective\",\x0d\x0a        \"url\": 
\"https://opencollective.com/postcss/\"\x0d\x0a      },\x0d\x0a      \"peerDependencies\": {\x0d\x0a        
\"postcss\": \"^8.4.21\"\x0d\x0a      }\x0d\x0a    },\x0d\x0a    \"node_modules/postcss-load-config\": {\x0d\x0a      
\"version\": \"4.0.2\",\x0d\x0a      \"dev\": true,\x0d\x0a      \"funding\": [\x0d\x0a        {\x0d\x0a          
\"type\": \"opencollective\",\x0d\x0a          \"url\": \"https://opencollective.com/postcss/\"\x0d\x0a        
},\x0d\x0a        {\x0d\x0a          \"type\": \"github\",\x0d\x0a          \"url\": 
\"https://github.com/sponsors/ai\"\x0d\x0a        }\x0d\x0a      ],\x0d\x0a      \"license\": \"MIT\",\x0d\x0a      
\"dependencies\": {\x0d\x0a        \"lilconfig\": \"^3.0.0\",\x0d\x0a        \"yaml\": \"^2.3.4\"\x0d\x0a      
},\x0d\x0a      \"engines\": {\x0d\x0a        \"node\": \">= 14\"\x0d\x0a      },\x0d\x0a      \"peerDependencies\": 
{\x0d\x0a        \"postcss\": \">=8.0.9\",\x0d\x0a        \"ts-node\": \">=9.0.0\"\x0d\x0a      },\x0d\x0a      
\"peerDependenciesMeta\": {\x0d\x0a        \"postcss\": {\x0d\x0a          \"optional\": true\x0d\x0a        
},\x0d\x0a        \"ts-node\": {\x0d\x0a          \"optional\": true\x0d\x0a        }\x0d\x0a      }\x0d\x0a    
},\x0d\x0a    \"node_modules/postcss-nested\": {\x0d\x0a      \"version\": \"6.2.0\",\x0d\x0a      \"dev\": 
true,\x0d\x0a      \"funding\": [\x0d\x0a        {\x0d\x0a          \"type\": \"opencollective\",\x0d\x0a          
\"url\": \"https://opencollective.com/postcss/\"\x0d\x0a        },\x0d\x0a        {\x0d\x0a          \"type\": 
\"github\",\x0d\x0a          \"url\": \"https://github.com/sponsors/ai\"\x0d\x0a        }\x0d\x0a      ],\x0d\x0a      
\"license\": \"MIT\",\x0d\x0a      \"dependencies\": {\x0d\x0a        \"postcss-selector-parser\": \"^6.1.1\"\x0d\x0a  
    },\x0d\x0a      \"engines\": {\x0d\x0a        \"node\": \">=12.0\"\x0d\x0a      },\x0d\x0a      
\"peerDependencies\": {\x0d\x0a        \"postcss\": \"^8.2.14\"\x0d\x0a      }\x0d\x0a    },\x0d\x0a    
\"node_modules/postcss-selector-parser\": {\x0d\x0a      \"version\": \"6.1.2\",\x0d\x0a      \"dev\": true,\x0d\x0a   
   \"license\": \"MIT\",\x0d\x0a      \"dependencies\": {\x0d\x0a        \"cssesc\": \"^3.0.0\",\x0d\x0a        
\"util-deprecate\": \"^1.0.2\"\x0d\x0a      },\x0d\x0a      \"engines\": {\x0d\x0a        \"node\": \">=4\"\x0d\x0a    
  }\x0d\x0a    },\x0d\x0a    \"node_modules/postcss-value-parser\": {\x0d\x0a      \"version\": \"4.2.0\",\x0d\x0a     
 \"dev\": true,\x0d\x0a      \"license\": \"MIT\"\x0d\x0a    },\x0d\x0a    \"node_modules/prelude-ls\": {\x0d\x0a      
\"version\": \"1.2.1\",\x0d\x0a      \"dev\": true,\x0d\x0a      \"license\": \"MIT\",\x0d\x0a      \"engines\": 
{\x0d\x0a        \"node\": \">= 0.8.0\"\x0d\x0a      }\x0d\x0a    },\x0d\x0a    \"node_modules/prettier\": {\x0d\x0a   
   \"version\": \"3.6.2\",\x0d\x0a      \"license\": \"MIT\",\x0d\x0a      \"bin\": {\x0d\x0a        \"prettier\": 
\"bin/prettier.cjs\"\x0d\x0a      },\x0d\x0a      \"engines\": {\x0d\x0a        \"node\": \">=14\"\x0d\x0a      
},\x0d\x0a      \"funding\": {\x0d\x0a        \"url\": \"https://github.com/prettier/prettier?sponsor=1\"\x0d\x0a      
}\x0d\x0a    },\x0d\x0a    \"node_modules/prop-types\": {\x0d\x0a      \"version\": \"15.8.1\",\x0d\x0a      
\"license\": \"MIT\",\x0d\x0a      \"dependencies\": {\x0d\x0a        \"loose-envify\": \"^1.4.0\",\x0d\x0a        
\"object-assign\": \"^4.1.1\",\x0d\x0a        \"react-is\": \"^16.13.1\"\x0d\x0a      }\x0d\x0a    },\x0d\x0a    
\"node_modules/property-information\": {\x0d\x0a      \"version\": \"7.1.0\",\x0d\x0a      \"license\": 
\"MIT\",\x0d\x0a      \"funding\": {\x0d\x0a        \"type\": \"github\",\x0d\x0a        \"url\": 
\"https://github.com/sponsors/wooorm\"\x0d\x0a      }\x0d\x0a    },\x0d\x0a    \"node_modules/protobufjs\": {\x0d\x0a  
    \"version\": \"7.5.3\",\x0d\x0a      \"hasInstallScript\": true,\x0d\x0a      \"license\": 
\"BSD-3-Clause\",\x0d\x0a      \"dependencies\": {\x0d\x0a        \"@protobufjs/aspromise\": \"^1.1.2\",\x0d\x0a       
 \"@protobufjs/base64\": \"^1.1.2\",\x0d\x0a        \"@protobufjs/codegen\": \"^2.0.4\",\x0d\x0a        
\"@protobufjs/eventemitter\": \"^1.1.0\",\x0d\x0a        \"@protobufjs/fetch\": \"^1.1.0\",\x0d\x0a        
\"@protobufjs/float\": \"^1.0.2\",\x0d\x0a        \"@protobufjs/inquire\": \"^1.1.0\",\x0d\x0a        
\"@protobufjs/path\": \"^1.1.2\",\x0d\x0a        \"@protobufjs/pool\": \"^1.1.0\",\x0d\x0a        
\"@protobufjs/utf8\": \"^1.1.0\",\x0d\x0a        \"@types/node\": \">=13.7.0\",\x0d\x0a        \"long\": 
\"^5.0.0\"\x0d\x0a      },\x0d\x0a      \"engines\": {\x0d\x0a        \"node\": \">=12.0.0\"\x0d\x0a      }\x0d\x0a    
},\x0d\x0a    \"node_modules/proxy-from-env\": {\x0d\x0a      \"version\": \"1.1.0\",\x0d\x0a      \"license\": 
\"MIT\"\x0d\x0a    },\x0d\x0a    \"node_modules/punycode\": {\x0d\x0a      \"version\": \"2.3.1\",\x0d\x0a      
\"dev\": true,\x0d\x0a      \"license\": \"MIT\",\x0d\x0a      \"engines\": {\x0d\x0a        \"node\": \">=6\"\x0d\x0a 
     }\x0d\x0a    },\x0d\x0a    \"node_modules/queue-microtask\": {\x0d\x0a      \"version\": \"1.2.3\",\x0d\x0a      
\"dev\": true,\x0d\x0a      \"funding\": [\x0d\x0a        {\x0d\x0a          \"type\": \"github\",\x0d\x0a          
\"url\": \"https://github.com/sponsors/feross\"\x0d\x0a        },\x0d\x0a        {\x0d\x0a          \"type\": 
\"patreon\",\x0d\x0a          \"url\": \"https://www.patreon.com/feross\"\x0d\x0a        },\x0d\x0a        {\x0d\x0a   
       \"type\": \"consulting\",\x0d\x0a          \"url\": \"https://feross.org/support\"\x0d\x0a        }\x0d\x0a     
 ],\x0d\x0a      \"license\": \"MIT\"\x0d\x0a    },\x0d\x0a    \"node_modules/razorpay\": {\x0d\x0a      \"version\": 
\"2.9.6\",\x0d\x0a      \"license\": \"MIT\",\x0d\x0a      \"dependencies\": {\x0d\x0a        \"axios\": 
\"^1.6.8\"\x0d\x0a      }\x0d\x0a    },\x0d\x0a    \"node_modules/react\": {\x0d\x0a      \"version\": 
\"19.1.0\",\x0d\x0a      \"license\": \"MIT\",\x0d\x0a      \"peer\": true,\x0d\x0a      \"engines\": {\x0d\x0a        
\"node\": \">=0.10.0\"\x0d\x0a      }\x0d\x0a    },\x0d\x0a    \"node_modules/react-chartjs-2\": {\x0d\x0a      
\"version\": \"5.3.0\",\x0d\x0a      \"license\": \"MIT\",\x0d\x0a      \"peerDependencies\": {\x0d\x0a        
\"chart.js\": \"^4.1.1\",\x0d\x0a        \"react\": \"^16.8.0 || ^17.0.0 || ^18.0.0 || ^19.0.0\"\x0d\x0a      
}\x0d\x0a    },\x0d\x0a    \"node_modules/react-dom\": {\x0d\x0a      \"version\": \"19.1.0\",\x0d\x0a      
\"license\": \"MIT\",\x0d\x0a      \"peer\": true,\x0d\x0a      \"dependencies\": {\x0d\x0a        \"scheduler\": 
\"^0.26.0\"\x0d\x0a      },\x0d\x0a      \"peerDependencies\": {\x0d\x0a        \"react\": \"^19.1.0\"\x0d\x0a      
}\x0d\x0a    },\x0d\x0a    \"node_modules/react-dropzone\": {\x0d\x0a      \"version\": \"14.3.8\",\x0d\x0a      
\"license\": \"MIT\",\x0d\x0a      \"dependencies\": {\x0d\x0a        \"attr-accept\": \"^2.2.4\",\x0d\x0a        
\"file-selector\": \"^2.1.0\",\x0d\x0a        \"prop-types\": \"^15.8.1\"\x0d\x0a      },\x0d\x0a      \"engines\": 
{\x0d\x0a        \"node\": \">= 10.13\"\x0d\x0a      },\x0d\x0a      \"peerDependencies\": {\x0d\x0a        \"react\": 
\">= 16.8 || 18.0.0\"\x0d\x0a      }\x0d\x0a    },\x0d\x0a    \"node_modules/react-hook-form\": {\x0d\x0a      
\"version\": \"7.61.1\",\x0d\x0a      \"license\": \"MIT\",\x0d\x0a      \"engines\": {\x0d\x0a        \"node\": 
\">=18.0.0\"\x0d\x0a      },\x0d\x0a      \"funding\": {\x0d\x0a        \"type\": \"opencollective\",\x0d\x0a        
\"url\": \"https://opencollective.com/react-hook-form\"\x0d\x0a      },\x0d\x0a      \"peerDependencies\": {\x0d\x0a   
     \"react\": \"^16.8.0 || ^17 || ^18 || ^19\"\x0d\x0a      }\x0d\x0a    },\x0d\x0a    
\"node_modules/react-hot-toast\": {\x0d\x0a      \"version\": \"2.5.2\",\x0d\x0a      \"license\": \"MIT\",\x0d\x0a    
  \"dependencies\": {\x0d\x0a        \"csstype\": \"^3.1.3\",\x0d\x0a        \"goober\": \"^2.1.16\"\x0d\x0a      
},\x0d\x0a      \"engines\": {\x0d\x0a        \"node\": \">=10\"\x0d\x0a      },\x0d\x0a      \"peerDependencies\": 
{\x0d\x0a        \"react\": \">=16\",\x0d\x0a        \"react-dom\": \">=16\"\x0d\x0a      }\x0d\x0a    },\x0d\x0a    
\"node_modules/react-is\": {\x0d\x0a      \"version\": \"16.13.1\",\x0d\x0a      \"license\": \"MIT\"\x0d\x0a    
},\x0d\x0a    \"node_modules/react-markdown\": {\x0d\x0a      \"version\": \"10.1.0\",\x0d\x0a      \"license\": 
\"MIT\",\x0d\x0a      \"dependencies\": {\x0d\x0a        \"@types/hast\": \"^3.0.0\",\x0d\x0a        \"@types/mdast\": 
\"^4.0.0\",\x0d\x0a        \"devlop\": \"^1.0.0\",\x0d\x0a        \"hast-util-to-jsx-runtime\": \"^2.0.0\",\x0d\x0a    
    \"html-url-attributes\": \"^3.0.0\",\x0d\x0a        \"mdast-util-to-hast\": \"^13.0.0\",\x0d\x0a        
\"remark-parse\": \"^11.0.0\",\x0d\x0a        \"remark-rehype\": \"^11.0.0\",\x0d\x0a        \"unified\": 
\"^11.0.0\",\x0d\x0a        \"unist-util-visit\": \"^5.0.0\",\x0d\x0a        \"vfile\": \"^6.0.0\"\x0d\x0a      
},\x0d\x0a      \"funding\": {\x0d\x0a        \"type\": \"opencollective\",\x0d\x0a        \"url\": 
\"https://opencollective.com/unified\"\x0d\x0a      },\x0d\x0a      \"peerDependencies\": {\x0d\x0a        
\"@types/react\": \">=18\",\x0d\x0a        \"react\": \">=18\"\x0d\x0a      }\x0d\x0a    },\x0d\x0a    
\"node_modules/react-promise-suspense\": {\x0d\x0a      \"version\": \"0.3.4\",\x0d\x0a      \"license\": 
\"MIT\",\x0d\x0a      \"dependencies\": {\x0d\x0a        \"fast-deep-equal\": \"^2.0.1\"\x0d\x0a      }\x0d\x0a    
},\x0d\x0a    \"node_modules/react-promise-suspense/node_modules/fast-deep-equal\": {\x0d\x0a      \"version\": 
\"2.0.1\",\x0d\x0a      \"license\": \"MIT\"\x0d\x0a    },\x0d\x0a    \"node_modules/react-toastify\": {\x0d\x0a      
\"version\": \"11.0.5\",\x0d\x0a      \"license\": \"MIT\",\x0d\x0a      \"dependencies\": {\x0d\x0a        \"clsx\": 
\"^2.1.1\"\x0d\x0a      },\x0d\x0a      \"peerDependencies\": {\x0d\x0a        \"react\": \"^18 || ^19\",\x0d\x0a      
  \"react-dom\": \"^18 || ^19\"\x0d\x0a      }\x0d\x0a    },\x0d\x0a    \"node_modules/react-transition-group\": 
{\x0d\x0a      \"version\": \"4.4.5\",\x0d\x0a      \"license\": \"BSD-3-Clause\",\x0d\x0a      \"dependencies\": 
{\x0d\x0a        \"@babel/runtime\": \"^7.5.5\",\x0d\x0a        \"dom-helpers\": \"^5.0.1\",\x0d\x0a        
\"loose-envify\": \"^1.4.0\",\x0d\x0a        \"prop-types\": \"^15.6.2\"\x0d\x0a      },\x0d\x0a      
\"peerDependencies\": {\x0d\x0a        \"react\": \">=16.6.0\",\x0d\x0a        \"react-dom\": \">=16.6.0\"\x0d\x0a     
 }\x0d\x0a    },\x0d\x0a    \"node_modules/read-cache\": {\x0d\x0a      \"version\": \"1.0.0\",\x0d\x0a      \"dev\": 
true,\x0d\x0a      \"license\": \"MIT\",\x0d\x0a      \"dependencies\": {\x0d\x0a        \"pify\": \"^2.3.0\"\x0d\x0a  
    }\x0d\x0a    },\x0d\x0a    \"node_modules/readdirp\": {\x0d\x0a      \"version\": \"4.1.2\",\x0d\x0a      
\"license\": \"MIT\",\x0d\x0a      \"engines\": {\x0d\x0a        \"node\": \">= 14.18.0\"\x0d\x0a      },\x0d\x0a      
\"funding\": {\x0d\x0a        \"type\": \"individual\",\x0d\x0a        \"url\": 
\"https://paulmillr.com/funding/\"\x0d\x0a      }\x0d\x0a    },\x0d\x0a    \"node_modules/reflect.getprototypeof\": 
{\x0d\x0a      \"version\": \"1.0.10\",\x0d\x0a      \"dev\": true,\x0d\x0a      \"license\": \"MIT\",\x0d\x0a      
\"dependencies\": {\x0d\x0a        \"call-bind\": \"^1.0.8\",\x0d\x0a        \"define-properties\": 
\"^1.2.1\",\x0d\x0a        \"es-abstract\": \"^1.23.9\",\x0d\x0a        \"es-errors\": \"^1.3.0\",\x0d\x0a        
\"es-object-atoms\": \"^1.0.0\",\x0d\x0a        \"get-intrinsic\": \"^1.2.7\",\x0d\x0a        \"get-proto\": 
\"^1.0.1\",\x0d\x0a        \"which-builtin-type\": \"^1.2.1\"\x0d\x0a      },\x0d\x0a      \"engines\": {\x0d\x0a      
  \"node\": \">= 0.4\"\x0d\x0a      },\x0d\x0a      \"funding\": {\x0d\x0a        \"url\": 
\"https://github.com/sponsors/ljharb\"\x0d\x0a      }\x0d\x0a    },\x0d\x0a    
\"node_modules/regexp.prototype.flags\": {\x0d\x0a      \"version\": \"1.5.4\",\x0d\x0a      \"dev\": true,\x0d\x0a    
  \"license\": \"MIT\",\x0d\x0a      \"dependencies\": {\x0d\x0a        \"call-bind\": \"^1.0.8\",\x0d\x0a        
\"define-properties\": \"^1.2.1\",\x0d\x0a        \"es-errors\": \"^1.3.0\",\x0d\x0a        \"get-proto\": 
\"^1.0.1\",\x0d\x0a        \"gopd\": \"^1.2.0\",\x0d\x0a        \"set-function-name\": \"^2.0.2\"\x0d\x0a      
},\x0d\x0a      \"engines\": {\x0d\x0a        \"node\": \">= 0.4\"\x0d\x0a      },\x0d\x0a      \"funding\": {\x0d\x0a 
       \"url\": \"https://github.com/sponsors/ljharb\"\x0d\x0a      }\x0d\x0a    },\x0d\x0a    
\"node_modules/remark-parse\": {\x0d\x0a      \"version\": \"11.0.0\",\x0d\x0a      \"license\": \"MIT\",\x0d\x0a      
\"dependencies\": {\x0d\x0a        \"@types/mdast\": \"^4.0.0\",\x0d\x0a        \"mdast-util-from-markdown\": 
\"^2.0.0\",\x0d\x0a        \"micromark-util-types\": \"^2.0.0\",\x0d\x0a        \"unified\": \"^11.0.0\"\x0d\x0a      
},\x0d\x0a      \"funding\": {\x0d\x0a        \"type\": \"opencollective\",\x0d\x0a        \"url\": 
\"https://opencollective.com/unified\"\x0d\x0a      }\x0d\x0a    },\x0d\x0a    \"node_modules/remark-rehype\": 
{\x0d\x0a      \"version\": \"11.1.2\",\x0d\x0a      \"license\": \"MIT\",\x0d\x0a      \"dependencies\": {\x0d\x0a    
    \"@types/hast\": \"^3.0.0\",\x0d\x0a        \"@types/mdast\": \"^4.0.0\",\x0d\x0a        \"mdast-util-to-hast\": 
\"^13.0.0\",\x0d\x0a        \"unified\": \"^11.0.0\",\x0d\x0a        \"vfile\": \"^6.0.0\"\x0d\x0a      },\x0d\x0a     
 \"funding\": {\x0d\x0a        \"type\": \"opencollective\",\x0d\x0a        \"url\": 
\"https://opencollective.com/unified\"\x0d\x0a      }\x0d\x0a    },\x0d\x0a    \"node_modules/require-directory\": 
{\x0d\x0a      \"version\": \"2.1.1\",\x0d\x0a      \"license\": \"MIT\",\x0d\x0a      \"engines\": {\x0d\x0a        
\"node\": \">=0.10.0\"\x0d\x0a      }\x0d\x0a    },\x0d\x0a    \"node_modules/resend\": {\x0d\x0a      \"version\": 
\"4.7.0\",\x0d\x0a      \"license\": \"MIT\",\x0d\x0a      \"dependencies\": {\x0d\x0a        \"@react-email/render\": 
\"1.1.2\"\x0d\x0a      },\x0d\x0a      \"engines\": {\x0d\x0a        \"node\": \">=18\"\x0d\x0a      }\x0d\x0a    
},\x0d\x0a    \"node_modules/resolve\": {\x0d\x0a      \"version\": \"1.22.10\",\x0d\x0a      \"license\": 
\"MIT\",\x0d\x0a      \"dependencies\": {\x0d\x0a        \"is-core-module\": \"^2.16.0\",\x0d\x0a        
\"path-parse\": \"^1.0.7\",\x0d\x0a        \"supports-preserve-symlinks-flag\": \"^1.0.0\"\x0d\x0a      },\x0d\x0a     
 \"bin\": {\x0d\x0a        \"resolve\": \"bin/resolve\"\x0d\x0a      },\x0d\x0a      \"engines\": {\x0d\x0a        
\"node\": \">= 0.4\"\x0d\x0a      },\x0d\x0a      \"funding\": {\x0d\x0a        \"url\": 
\"https://github.com/sponsors/ljharb\"\x0d\x0a      }\x0d\x0a    },\x0d\x0a    \"node_modules/resolve-from\": 
{\x0d\x0a      \"version\": \"4.0.0\",\x0d\x0a      \"license\": \"MIT\",\x0d\x0a      \"engines\": {\x0d\x0a        
\"node\": \">=4\"\x0d\x0a      }\x0d\x0a    },\x0d\x0a    \"node_modules/resolve-pkg-maps\": {\x0d\x0a      
\"version\": \"1.0.0\",\x0d\x0a      \"dev\": true,\x0d\x0a      \"license\": \"MIT\",\x0d\x0a      \"funding\": 
{\x0d\x0a        \"url\": \"https://github.com/privatenumber/resolve-pkg-maps?sponsor=1\"\x0d\x0a      }\x0d\x0a    
},\x0d\x0a    \"node_modules/retry\": {\x0d\x0a      \"version\": \"0.13.1\",\x0d\x0a      \"license\": 
\"MIT\",\x0d\x0a      \"engines\": {\x0d\x0a        \"node\": \">= 4\"\x0d\x0a      }\x0d\x0a    },\x0d\x0a    
\"node_modules/reusify\": {\x0d\x0a      \"version\": \"1.1.0\",\x0d\x0a      \"dev\": true,\x0d\x0a      \"license\": 
\"MIT\",\x0d\x0a      \"engines\": {\x0d\x0a        \"iojs\": \">=1.0.0\",\x0d\x0a        \"node\": 
\">=0.10.0\"\x0d\x0a      }\x0d\x0a    },\x0d\x0a    \"node_modules/run-parallel\": {\x0d\x0a      \"version\": 
\"1.2.0\",\x0d\x0a      \"dev\": true,\x0d\x0a      \"funding\": [\x0d\x0a        {\x0d\x0a          \"type\": 
\"github\",\x0d\x0a          \"url\": \"https://github.com/sponsors/feross\"\x0d\x0a        },\x0d\x0a        
{\x0d\x0a          \"type\": \"patreon\",\x0d\x0a          \"url\": \"https://www.patreon.com/feross\"\x0d\x0a        
},\x0d\x0a        {\x0d\x0a          \"type\": \"consulting\",\x0d\x0a          \"url\": 
\"https://feross.org/support\"\x0d\x0a        }\x0d\x0a      ],\x0d\x0a      \"license\": \"MIT\",\x0d\x0a      
\"dependencies\": {\x0d\x0a        \"queue-microtask\": \"^1.2.2\"\x0d\x0a      }\x0d\x0a    },\x0d\x0a    
\"node_modules/safe-array-concat\": {\x0d\x0a      \"version\": \"1.1.3\",\x0d\x0a      \"dev\": true,\x0d\x0a      
\"license\": \"MIT\",\x0d\x0a      \"dependencies\": {\x0d\x0a        \"call-bind\": \"^1.0.8\",\x0d\x0a        
\"call-bound\": \"^1.0.2\",\x0d\x0a        \"get-intrinsic\": \"^1.2.6\",\x0d\x0a        \"has-symbols\": 
\"^1.1.0\",\x0d\x0a        \"isarray\": \"^2.0.5\"\x0d\x0a      },\x0d\x0a      \"engines\": {\x0d\x0a        
\"node\": \">=0.4\"\x0d\x0a      },\x0d\x0a      \"funding\": {\x0d\x0a        \"url\": 
\"https://github.com/sponsors/ljharb\"\x0d\x0a      }\x0d\x0a    },\x0d\x0a    \"node_modules/safe-buffer\": {\x0d\x0a 
     \"version\": \"5.2.1\",\x0d\x0a      \"funding\": [\x0d\x0a        {\x0d\x0a          \"type\": 
\"github\",\x0d\x0a          \"url\": \"https://github.com/sponsors/feross\"\x0d\x0a        },\x0d\x0a        
{\x0d\x0a          \"type\": \"patreon\",\x0d\x0a          \"url\": \"https://www.patreon.com/feross\"\x0d\x0a        
},\x0d\x0a        {\x0d\x0a          \"type\": \"consulting\",\x0d\x0a          \"url\": 
\"https://feross.org/support\"\x0d\x0a        }\x0d\x0a      ],\x0d\x0a      \"license\": \"MIT\"\x0d\x0a    
},\x0d\x0a    \"node_modules/safe-push-apply\": {\x0d\x0a      \"version\": \"1.0.0\",\x0d\x0a      \"dev\": 
true,\x0d\x0a      \"license\": \"MIT\",\x0d\x0a      \"dependencies\": {\x0d\x0a        \"es-errors\": 
\"^1.3.0\",\x0d\x0a        \"isarray\": \"^2.0.5\"\x0d\x0a      },\x0d\x0a      \"engines\": {\x0d\x0a        
\"node\": \">= 0.4\"\x0d\x0a      },\x0d\x0a      \"funding\": {\x0d\x0a        \"url\": 
\"https://github.com/sponsors/ljharb\"\x0d\x0a      }\x0d\x0a    },\x0d\x0a    \"node_modules/safe-regex-test\": 
{\x0d\x0a      \"version\": \"1.1.0\",\x0d\x0a      \"dev\": true,\x0d\x0a      \"license\": \"MIT\",\x0d\x0a      
\"dependencies\": {\x0d\x0a        \"call-bound\": \"^1.0.2\",\x0d\x0a        \"es-errors\": \"^1.3.0\",\x0d\x0a       
 \"is-regex\": \"^1.2.1\"\x0d\x0a      },\x0d\x0a      \"engines\": {\x0d\x0a        \"node\": \">= 0.4\"\x0d\x0a      
},\x0d\x0a      \"funding\": {\x0d\x0a        \"url\": \"https://github.com/sponsors/ljharb\"\x0d\x0a      }\x0d\x0a   
 },\x0d\x0a    \"node_modules/scheduler\": {\x0d\x0a      \"version\": \"0.26.0\",\x0d\x0a      \"license\": 
\"MIT\"\x0d\x0a    },\x0d\x0a    \"node_modules/selderee\": {\x0d\x0a      \"version\": \"0.11.0\",\x0d\x0a      
\"license\": \"MIT\",\x0d\x0a      \"dependencies\": {\x0d\x0a        \"parseley\": \"^0.12.0\"\x0d\x0a      
},\x0d\x0a      \"funding\": {\x0d\x0a        \"url\": \"https://ko-fi.com/killymxi\"\x0d\x0a      }\x0d\x0a    
},\x0d\x0a    \"node_modules/semver\": {\x0d\x0a      \"version\": \"7.7.2\",\x0d\x0a      \"license\": 
\"ISC\",\x0d\x0a      \"bin\": {\x0d\x0a        \"semver\": \"bin/semver.js\"\x0d\x0a      },\x0d\x0a      
\"engines\": {\x0d\x0a        \"node\": \">=10\"\x0d\x0a      }\x0d\x0a    },\x0d\x0a    
\"node_modules/set-function-length\": {\x0d\x0a      \"version\": \"1.2.2\",\x0d\x0a      \"dev\": true,\x0d\x0a      
\"license\": \"MIT\",\x0d\x0a      \"dependencies\": {\x0d\x0a        \"define-data-property\": \"^1.1.4\",\x0d\x0a    
    \"es-errors\": \"^1.3.0\",\x0d\x0a        \"function-bind\": \"^1.1.2\",\x0d\x0a        \"get-intrinsic\": 
\"^1.2.4\",\x0d\x0a        \"gopd\": \"^1.0.1\",\x0d\x0a        \"has-property-descriptors\": \"^1.0.2\"\x0d\x0a      
},\x0d\x0a      \"engines\": {\x0d\x0a        \"node\": \">= 0.4\"\x0d\x0a      }\x0d\x0a    },\x0d\x0a    
\"node_modules/set-function-name\": {\x0d\x0a      \"version\": \"2.0.2\",\x0d\x0a      \"dev\": true,\x0d\x0a      
\"license\": \"MIT\",\x0d\x0a      \"dependencies\": {\x0d\x0a        \"define-data-property\": \"^1.1.4\",\x0d\x0a    
    \"es-errors\": \"^1.3.0\",\x0d\x0a        \"functions-have-names\": \"^1.2.3\",\x0d\x0a        
\"has-property-descriptors\": \"^1.0.2\"\x0d\x0a      },\x0d\x0a      \"engines\": {\x0d\x0a        \"node\": \">= 
0.4\"\x0d\x0a      }\x0d\x0a    },\x0d\x0a    \"node_modules/set-proto\": {\x0d\x0a      \"version\": 
\"1.0.0\",\x0d\x0a      \"dev\": true,\x0d\x0a      \"license\": \"MIT\",\x0d\x0a      \"dependencies\": {\x0d\x0a     
   \"dunder-proto\": \"^1.0.1\",\x0d\x0a        \"es-errors\": \"^1.3.0\",\x0d\x0a        \"es-object-atoms\": 
\"^1.0.0\"\x0d\x0a      },\x0d\x0a      \"engines\": {\x0d\x0a        \"node\": \">= 0.4\"\x0d\x0a      }\x0d\x0a    
},\x0d\x0a    \"node_modules/sharp\": {\x0d\x0a      \"version\": \"0.34.3\",\x0d\x0a      \"hasInstallScript\": 
true,\x0d\x0a      \"license\": \"Apache-2.0\",\x0d\x0a      \"optional\": true,\x0d\x0a      \"dependencies\": 
{\x0d\x0a        \"color\": \"^4.2.3\",\x0d\x0a        \"detect-libc\": \"^2.0.4\",\x0d\x0a        \"semver\": 
\"^7.7.2\"\x0d\x0a      },\x0d\x0a      \"engines\": {\x0d\x0a        \"node\": \"^18.17.0 || ^20.3.0 || 
>=21.0.0\"\x0d\x0a      },\x0d\x0a      \"funding\": {\x0d\x0a        \"url\": 
\"https://opencollective.com/libvips\"\x0d\x0a      },\x0d\x0a      \"optionalDependencies\": {\x0d\x0a        
\"@img/sharp-darwin-arm64\": \"0.34.3\",\x0d\x0a        \"@img/sharp-darwin-x64\": \"0.34.3\",\x0d\x0a        
\"@img/sharp-libvips-darwin-arm64\": \"1.2.0\",\x0d\x0a        \"@img/sharp-libvips-darwin-x64\": \"1.2.0\",\x0d\x0a   
     \"@img/sharp-libvips-linux-arm\": \"1.2.0\",\x0d\x0a        \"@img/sharp-libvips-linux-arm64\": 
\"1.2.0\",\x0d\x0a        \"@img/sharp-libvips-linux-ppc64\": \"1.2.0\",\x0d\x0a        
\"@img/sharp-libvips-linux-s390x\": \"1.2.0\",\x0d\x0a        \"@img/sharp-libvips-linux-x64\": \"1.2.0\",\x0d\x0a     
   \"@img/sharp-libvips-linuxmusl-arm64\": \"1.2.0\",\x0d\x0a        \"@img/sharp-libvips-linuxmusl-x64\": 
\"1.2.0\",\x0d\x0a        \"@img/sharp-linux-arm\": \"0.34.3\",\x0d\x0a        \"@img/sharp-linux-arm64\": 
\"0.34.3\",\x0d\x0a        \"@img/sharp-linux-ppc64\": \"0.34.3\",\x0d\x0a        \"@img/sharp-linux-s390x\": 
\"0.34.3\",\x0d\x0a        \"@img/sharp-linux-x64\": \"0.34.3\",\x0d\x0a        \"@img/sharp-linuxmusl-arm64\": 
\"0.34.3\",\x0d\x0a        \"@img/sharp-linuxmusl-x64\": \"0.34.3\",\x0d\x0a        \"@img/sharp-wasm32\": 
\"0.34.3\",\x0d\x0a        \"@img/sharp-win32-arm64\": \"0.34.3\",\x0d\x0a        \"@img/sharp-win32-ia32\": 
\"0.34.3\",\x0d\x0a        \"@img/sharp-win32-x64\": \"0.34.3\"\x0d\x0a      }\x0d\x0a    },\x0d\x0a    
\"node_modules/shebang-command\": {\x0d\x0a      \"version\": \"2.0.0\",\x0d\x0a      \"dev\": true,\x0d\x0a      
\"license\": \"MIT\",\x0d\x0a      \"dependencies\": {\x0d\x0a        \"shebang-regex\": \"^3.0.0\"\x0d\x0a      
},\x0d\x0a      \"engines\": {\x0d\x0a        \"node\": \">=8\"\x0d\x0a      }\x0d\x0a    },\x0d\x0a    
\"node_modules/shebang-regex\": {\x0d\x0a      \"version\": \"3.0.0\",\x0d\x0a      \"dev\": true,\x0d\x0a      
\"license\": \"MIT\",\x0d\x0a      \"engines\": {\x0d\x0a        \"node\": \">=8\"\x0d\x0a      }\x0d\x0a    
},\x0d\x0a    \"node_modules/side-channel\": {\x0d\x0a      \"version\": \"1.1.0\",\x0d\x0a      \"dev\": 
true,\x0d\x0a      \"license\": \"MIT\",\x0d\x0a      \"dependencies\": {\x0d\x0a        \"es-errors\": 
\"^1.3.0\",\x0d\x0a        \"object-inspect\": \"^1.13.3\",\x0d\x0a        \"side-channel-list\": \"^1.0.0\",\x0d\x0a  
      \"side-channel-map\": \"^1.0.1\",\x0d\x0a        \"side-channel-weakmap\": \"^1.0.2\"\x0d\x0a      },\x0d\x0a    
  \"engines\": {\x0d\x0a        \"node\": \">= 0.4\"\x0d\x0a      },\x0d\x0a      \"funding\": {\x0d\x0a        
\"url\": \"https://github.com/sponsors/ljharb\"\x0d\x0a      }\x0d\x0a    },\x0d\x0a    
\"node_modules/side-channel-list\": {\x0d\x0a      \"version\": \"1.0.0\",\x0d\x0a      \"dev\": true,\x0d\x0a      
\"license\": \"MIT\",\x0d\x0a      \"dependencies\": {\x0d\x0a        \"es-errors\": \"^1.3.0\",\x0d\x0a        
\"object-inspect\": \"^1.13.3\"\x0d\x0a      },\x0d\x0a      \"engines\": {\x0d\x0a        \"node\": \">= 
0.4\"\x0d\x0a      },\x0d\x0a      \"funding\": {\x0d\x0a        \"url\": 
\"https://github.com/sponsors/ljharb\"\x0d\x0a      }\x0d\x0a    },\x0d\x0a    \"node_modules/side-channel-map\": 
{\x0d\x0a      \"version\": \"1.0.1\",\x0d\x0a      \"dev\": true,\x0d\x0a      \"license\": \"MIT\",\x0d\x0a      
\"dependencies\": {\x0d\x0a        \"call-bound\": \"^1.0.2\",\x0d\x0a        \"es-errors\": \"^1.3.0\",\x0d\x0a       
 \"get-intrinsic\": \"^1.2.5\",\x0d\x0a        \"object-inspect\": \"^1.13.3\"\x0d\x0a      },\x0d\x0a      
\"engines\": {\x0d\x0a        \"node\": \">= 0.4\"\x0d\x0a      },\x0d\x0a      \"funding\": {\x0d\x0a        \"url\": 
\"https://github.com/sponsors/ljharb\"\x0d\x0a      }\x0d\x0a    },\x0d\x0a    \"node_modules/side-channel-weakmap\": 
{\x0d\x0a      \"version\": \"1.0.2\",\x0d\x0a      \"dev\": true,\x0d\x0a      \"license\": \"MIT\",\x0d\x0a      
\"dependencies\": {\x0d\x0a        \"call-bound\": \"^1.0.2\",\x0d\x0a        \"es-errors\": \"^1.3.0\",\x0d\x0a       
 \"get-intrinsic\": \"^1.2.5\",\x0d\x0a        \"object-inspect\": \"^1.13.3\",\x0d\x0a        \"side-channel-map\": 
\"^1.0.1\"\x0d\x0a      },\x0d\x0a      \"engines\": {\x0d\x0a        \"node\": \">= 0.4\"\x0d\x0a      },\x0d\x0a     
 \"funding\": {\x0d\x0a        \"url\": \"https://github.com/sponsors/ljharb\"\x0d\x0a      }\x0d\x0a    },\x0d\x0a    
\"node_modules/signal-exit\": {\x0d\x0a      \"version\": \"4.1.0\",\x0d\x0a      \"dev\": true,\x0d\x0a      
\"license\": \"ISC\",\x0d\x0a      \"engines\": {\x0d\x0a        \"node\": \">=14\"\x0d\x0a      },\x0d\x0a      
\"funding\": {\x0d\x0a        \"url\": \"https://github.com/sponsors/isaacs\"\x0d\x0a      }\x0d\x0a    },\x0d\x0a    
\"node_modules/simple-swizzle\": {\x0d\x0a      \"version\": \"0.2.2\",\x0d\x0a      \"license\": \"MIT\",\x0d\x0a     
 \"optional\": true,\x0d\x0a      \"dependencies\": {\x0d\x0a        \"is-arrayish\": \"^0.3.1\"\x0d\x0a      
}\x0d\x0a    },\x0d\x0a    \"node_modules/simple-wcswidth\": {\x0d\x0a      \"version\": \"1.1.2\",\x0d\x0a      
\"license\": \"MIT\"\x0d\x0a    },\x0d\x0a    \"node_modules/sonner\": {\x0d\x0a      \"version\": \"1.7.4\",\x0d\x0a  
    \"license\": \"MIT\",\x0d\x0a      \"peerDependencies\": {\x0d\x0a        \"react\": \"^18.0.0 || ^19.0.0 || 
^19.0.0-rc\",\x0d\x0a        \"react-dom\": \"^18.0.0 || ^19.0.0 || ^19.0.0-rc\"\x0d\x0a      }\x0d\x0a    },\x0d\x0a  
  \"node_modules/source-map\": {\x0d\x0a      \"version\": \"0.5.7\",\x0d\x0a      \"license\": 
\"BSD-3-Clause\",\x0d\x0a      \"engines\": {\x0d\x0a        \"node\": \">=0.10.0\"\x0d\x0a      }\x0d\x0a    
},\x0d\x0a    \"node_modules/source-map-js\": {\x0d\x0a      \"version\": \"1.2.1\",\x0d\x0a      \"license\": 
\"BSD-3-Clause\",\x0d\x0a      \"engines\": {\x0d\x0a        \"node\": \">=0.10.0\"\x0d\x0a      }\x0d\x0a    
},\x0d\x0a    \"node_modules/space-separated-tokens\": {\x0d\x0a      \"version\": \"2.0.2\",\x0d\x0a      
\"license\": \"MIT\",\x0d\x0a      \"funding\": {\x0d\x0a        \"type\": \"github\",\x0d\x0a        \"url\": 
\"https://github.com/sponsors/wooorm\"\x0d\x0a      }\x0d\x0a    },\x0d\x0a    \"node_modules/stable-hash\": {\x0d\x0a 
     \"version\": \"0.0.5\",\x0d\x0a      \"dev\": true,\x0d\x0a      \"license\": \"MIT\"\x0d\x0a    },\x0d\x0a    
\"node_modules/stop-iteration-iterator\": {\x0d\x0a      \"version\": \"1.1.0\",\x0d\x0a      \"dev\": true,\x0d\x0a   
   \"license\": \"MIT\",\x0d\x0a      \"dependencies\": {\x0d\x0a        \"es-errors\": \"^1.3.0\",\x0d\x0a        
\"internal-slot\": \"^1.1.0\"\x0d\x0a      },\x0d\x0a      \"engines\": {\x0d\x0a        \"node\": \">= 0.4\"\x0d\x0a  
    }\x0d\x0a    },\x0d\x0a    \"node_modules/string-width\": {\x0d\x0a      \"version\": \"4.2.3\",\x0d\x0a      
\"license\": \"MIT\",\x0d\x0a      \"dependencies\": {\x0d\x0a        \"emoji-regex\": \"^8.0.0\",\x0d\x0a        
\"is-fullwidth-code-point\": \"^3.0.0\",\x0d\x0a        \"strip-ansi\": \"^6.0.1\"\x0d\x0a      },\x0d\x0a      
\"engines\": {\x0d\x0a        \"node\": \">=8\"\x0d\x0a      }\x0d\x0a    },\x0d\x0a    
\"node_modules/string-width-cjs\": {\x0d\x0a      \"name\": \"string-width\",\x0d\x0a      \"version\": 
\"4.2.3\",\x0d\x0a      \"dev\": true,\x0d\x0a      \"license\": \"MIT\",\x0d\x0a      \"dependencies\": {\x0d\x0a     
   \"emoji-regex\": \"^8.0.0\",\x0d\x0a        \"is-fullwidth-code-point\": \"^3.0.0\",\x0d\x0a        \"strip-ansi\": 
\"^6.0.1\"\x0d\x0a      },\x0d\x0a      \"engines\": {\x0d\x0a        \"node\": \">=8\"\x0d\x0a      }\x0d\x0a    
},\x0d\x0a    \"node_modules/string.prototype.includes\": {\x0d\x0a      \"version\": \"2.0.1\",\x0d\x0a      \"dev\": 
true,\x0d\x0a      \"license\": \"MIT\",\x0d\x0a      \"dependencies\": {\x0d\x0a        \"call-bind\": 
\"^1.0.7\",\x0d\x0a        \"define-properties\": \"^1.2.1\",\x0d\x0a        \"es-abstract\": \"^1.23.3\"\x0d\x0a      
},\x0d\x0a      \"engines\": {\x0d\x0a        \"node\": \">= 0.4\"\x0d\x0a      }\x0d\x0a    },\x0d\x0a    
\"node_modules/string.prototype.matchall\": {\x0d\x0a      \"version\": \"4.0.12\",\x0d\x0a      \"dev\": 
true,\x0d\x0a      \"license\": \"MIT\",\x0d\x0a      \"dependencies\": {\x0d\x0a        \"call-bind\": 
\"^1.0.8\",\x0d\x0a        \"call-bound\": \"^1.0.3\",\x0d\x0a        \"define-properties\": \"^1.2.1\",\x0d\x0a       
 \"es-abstract\": \"^1.23.6\",\x0d\x0a        \"es-errors\": \"^1.3.0\",\x0d\x0a        \"es-object-atoms\": 
\"^1.0.0\",\x0d\x0a        \"get-intrinsic\": \"^1.2.6\",\x0d\x0a        \"gopd\": \"^1.2.0\",\x0d\x0a        
\"has-symbols\": \"^1.1.0\",\x0d\x0a        \"internal-slot\": \"^1.1.0\",\x0d\x0a        \"regexp.prototype.flags\": 
\"^1.5.3\",\x0d\x0a        \"set-function-name\": \"^2.0.2\",\x0d\x0a        \"side-channel\": \"^1.1.0\"\x0d\x0a      
},\x0d\x0a      \"engines\": {\x0d\x0a        \"node\": \">= 0.4\"\x0d\x0a      },\x0d\x0a      \"funding\": {\x0d\x0a 
       \"url\": \"https://github.com/sponsors/ljharb\"\x0d\x0a      }\x0d\x0a    },\x0d\x0a    
\"node_modules/string.prototype.repeat\": {\x0d\x0a      \"version\": \"1.0.0\",\x0d\x0a      \"dev\": true,\x0d\x0a   
   \"license\": \"MIT\",\x0d\x0a      \"dependencies\": {\x0d\x0a        \"define-properties\": \"^1.1.3\",\x0d\x0a    
    \"es-abstract\": \"^1.17.5\"\x0d\x0a      }\x0d\x0a    },\x0d\x0a    \"node_modules/string.prototype.trim\": 
{\x0d\x0a      \"version\": \"1.2.10\",\x0d\x0a      \"dev\": true,\x0d\x0a      \"license\": \"MIT\",\x0d\x0a      
\"dependencies\": {\x0d\x0a        \"call-bind\": \"^1.0.8\",\x0d\x0a        \"call-bound\": \"^1.0.2\",\x0d\x0a       
 \"define-data-property\": \"^1.1.4\",\x0d\x0a        \"define-properties\": \"^1.2.1\",\x0d\x0a        
\"es-abstract\": \"^1.23.5\",\x0d\x0a        \"es-object-atoms\": \"^1.0.0\",\x0d\x0a        
\"has-property-descriptors\": \"^1.0.2\"\x0d\x0a      },\x0d\x0a      \"engines\": {\x0d\x0a        \"node\": \">= 
0.4\"\x0d\x0a      },\x0d\x0a      \"funding\": {\x0d\x0a        \"url\": 
\"https://github.com/sponsors/ljharb\"\x0d\x0a      }\x0d\x0a    },\x0d\x0a    
\"node_modules/string.prototype.trimend\": {\x0d\x0a      \"version\": \"1.0.9\",\x0d\x0a      \"dev\": true,\x0d\x0a  
    \"license\": \"MIT\",\x0d\x0a      \"dependencies\": {\x0d\x0a        \"call-bind\": \"^1.0.8\",\x0d\x0a        
\"call-bound\": \"^1.0.2\",\x0d\x0a        \"define-properties\": \"^1.2.1\",\x0d\x0a        \"es-object-atoms\": 
\"^1.0.0\"\x0d\x0a      },\x0d\x0a      \"engines\": {\x0d\x0a        \"node\": \">= 0.4\"\x0d\x0a      },\x0d\x0a     
 \"funding\": {\x0d\x0a        \"url\": \"https://github.com/sponsors/ljharb\"\x0d\x0a      }\x0d\x0a    },\x0d\x0a    
\"node_modules/string.prototype.trimstart\": {\x0d\x0a      \"version\": \"1.0.8\",\x0d\x0a      \"dev\": 
true,\x0d\x0a      \"license\": \"MIT\",\x0d\x0a      \"dependencies\": {\x0d\x0a        \"call-bind\": 
\"^1.0.7\",\x0d\x0a        \"define-properties\": \"^1.2.1\",\x0d\x0a        \"es-object-atoms\": \"^1.0.0\"\x0d\x0a   
   },\x0d\x0a      \"engines\": {\x0d\x0a        \"node\": \">= 0.4\"\x0d\x0a      },\x0d\x0a      \"funding\": 
{\x0d\x0a        \"url\": \"https://github.com/sponsors/ljharb\"\x0d\x0a      }\x0d\x0a    },\x0d\x0a    
\"node_modules/stringify-entities\": {\x0d\x0a      \"version\": \"4.0.4\",\x0d\x0a      \"license\": \"MIT\",\x0d\x0a 
     \"dependencies\": {\x0d\x0a        \"character-entities-html4\": \"^2.0.0\",\x0d\x0a        
\"character-entities-legacy\": \"^3.0.0\"\x0d\x0a      },\x0d\x0a      \"funding\": {\x0d\x0a        \"type\": 
\"github\",\x0d\x0a        \"url\": \"https://github.com/sponsors/wooorm\"\x0d\x0a      }\x0d\x0a    },\x0d\x0a    
\"node_modules/strip-ansi\": {\x0d\x0a      \"version\": \"6.0.1\",\x0d\x0a      \"license\": \"MIT\",\x0d\x0a      
\"dependencies\": {\x0d\x0a        \"ansi-regex\": \"^5.0.1\"\x0d\x0a      },\x0d\x0a      \"engines\": {\x0d\x0a      
  \"node\": \">=8\"\x0d\x0a      }\x0d\x0a    },\x0d\x0a    \"node_modules/strip-ansi-cjs\": {\x0d\x0a      \"name\": 
\"strip-ansi\",\x0d\x0a      \"version\": \"6.0.1\",\x0d\x0a      \"dev\": true,\x0d\x0a      \"license\": 
\"MIT\",\x0d\x0a      \"dependencies\": {\x0d\x0a        \"ansi-regex\": \"^5.0.1\"\x0d\x0a      },\x0d\x0a      
\"engines\": {\x0d\x0a        \"node\": \">=8\"\x0d\x0a      }\x0d\x0a    },\x0d\x0a    \"node_modules/strip-bom\": 
{\x0d\x0a      \"version\": \"3.0.0\",\x0d\x0a      \"dev\": true,\x0d\x0a      \"license\": \"MIT\",\x0d\x0a      
\"engines\": {\x0d\x0a        \"node\": \">=4\"\x0d\x0a      }\x0d\x0a    },\x0d\x0a    
\"node_modules/strip-json-comments\": {\x0d\x0a      \"version\": \"3.1.1\",\x0d\x0a      \"dev\": true,\x0d\x0a      
\"license\": \"MIT\",\x0d\x0a      \"engines\": {\x0d\x0a        \"node\": \">=8\"\x0d\x0a      },\x0d\x0a      
\"funding\": {\x0d\x0a        \"url\": \"https://github.com/sponsors/sindresorhus\"\x0d\x0a      }\x0d\x0a    
},\x0d\x0a    \"node_modules/style-to-js\": {\x0d\x0a      \"version\": \"1.1.17\",\x0d\x0a      \"license\": 
\"MIT\",\x0d\x0a      \"dependencies\": {\x0d\x0a        \"style-to-object\": \"1.0.9\"\x0d\x0a      }\x0d\x0a    
},\x0d\x0a    \"node_modules/style-to-object\": {\x0d\x0a      \"version\": \"1.0.9\",\x0d\x0a      \"license\": 
\"MIT\",\x0d\x0a      \"dependencies\": {\x0d\x0a        \"inline-style-parser\": \"0.2.4\"\x0d\x0a      }\x0d\x0a    
},\x0d\x0a    \"node_modules/styled-jsx\": {\x0d\x0a      \"version\": \"5.1.6\",\x0d\x0a      \"license\": 
\"MIT\",\x0d\x0a      \"dependencies\": {\x0d\x0a        \"client-only\": \"0.0.1\"\x0d\x0a      },\x0d\x0a      
\"engines\": {\x0d\x0a        \"node\": \">= 12.0.0\"\x0d\x0a      },\x0d\x0a      \"peerDependencies\": {\x0d\x0a     
   \"react\": \">= 16.8.0 || 17.x.x || ^18.0.0-0 || ^19.0.0-0\"\x0d\x0a      },\x0d\x0a      \"peerDependenciesMeta\": 
{\x0d\x0a        \"@babel/core\": {\x0d\x0a          \"optional\": true\x0d\x0a        },\x0d\x0a        
\"babel-plugin-macros\": {\x0d\x0a          \"optional\": true\x0d\x0a        }\x0d\x0a      }\x0d\x0a    },\x0d\x0a   
 \"node_modules/stylis\": {\x0d\x0a      \"version\": \"4.2.0\",\x0d\x0a      \"license\": \"MIT\"\x0d\x0a    
},\x0d\x0a    \"node_modules/sucrase\": {\x0d\x0a      \"version\": \"3.35.0\",\x0d\x0a      \"dev\": true,\x0d\x0a    
  \"license\": \"MIT\",\x0d\x0a      \"dependencies\": {\x0d\x0a        \"@jridgewell/gen-mapping\": 
\"^0.3.2\",\x0d\x0a        \"commander\": \"^4.0.0\",\x0d\x0a        \"glob\": \"^10.3.10\",\x0d\x0a        
\"lines-and-columns\": \"^1.1.6\",\x0d\x0a        \"mz\": \"^2.7.0\",\x0d\x0a        \"pirates\": \"^4.0.1\",\x0d\x0a  
      \"ts-interface-checker\": \"^0.1.9\"\x0d\x0a      },\x0d\x0a      \"bin\": {\x0d\x0a        \"sucrase\": 
\"bin/sucrase\",\x0d\x0a        \"sucrase-node\": \"bin/sucrase-node\"\x0d\x0a      },\x0d\x0a      \"engines\": 
{\x0d\x0a        \"node\": \">=16 || 14 >=14.17\"\x0d\x0a      }\x0d\x0a    },\x0d\x0a    
\"node_modules/supports-color\": {\x0d\x0a      \"version\": \"7.2.0\",\x0d\x0a      \"license\": \"MIT\",\x0d\x0a     
 \"dependencies\": {\x0d\x0a        \"has-flag\": \"^4.0.0\"\x0d\x0a      },\x0d\x0a      \"engines\": {\x0d\x0a       
 \"node\": \">=8\"\x0d\x0a      }\x0d\x0a    },\x0d\x0a    \"node_modules/supports-preserve-symlinks-flag\": {\x0d\x0a 
     \"version\": \"1.0.0\",\x0d\x0a      \"license\": \"MIT\",\x0d\x0a      \"engines\": {\x0d\x0a        \"node\": 
\">= 0.4\"\x0d\x0a      },\x0d\x0a      \"funding\": {\x0d\x0a        \"url\": 
\"https://github.com/sponsors/ljharb\"\x0d\x0a      }\x0d\x0a    },\x0d\x0a    \"node_modules/tabbable\": {\x0d\x0a    
  \"version\": \"6.2.0\",\x0d\x0a      \"license\": \"MIT\"\x0d\x0a    },\x0d\x0a    \"node_modules/tailwindcss\": 
{\x0d\x0a      \"version\": \"3.4.17\",\x0d\x0a      \"dev\": true,\x0d\x0a      \"license\": \"MIT\",\x0d\x0a      
\"dependencies\": {\x0d\x0a        \"@alloc/quick-lru\": \"^5.2.0\",\x0d\x0a        \"arg\": \"^5.0.2\",\x0d\x0a       
 \"chokidar\": \"^3.6.0\",\x0d\x0a        \"didyoumean\": \"^1.2.2\",\x0d\x0a        \"dlv\": \"^1.1.3\",\x0d\x0a      
  \"fast-glob\": \"^3.3.2\",\x0d\x0a        \"glob-parent\": \"^6.0.2\",\x0d\x0a        \"is-glob\": 
\"^4.0.3\",\x0d\x0a        \"jiti\": \"^1.21.6\",\x0d\x0a        \"lilconfig\": \"^3.1.3\",\x0d\x0a        
\"micromatch\": \"^4.0.8\",\x0d\x0a        \"normalize-path\": \"^3.0.0\",\x0d\x0a        \"object-hash\": 
\"^3.0.0\",\x0d\x0a        \"picocolors\": \"^1.1.1\",\x0d\x0a        \"postcss\": \"^8.4.47\",\x0d\x0a        
\"postcss-import\": \"^15.1.0\",\x0d\x0a        \"postcss-js\": \"^4.0.1\",\x0d\x0a        \"postcss-load-config\": 
\"^4.0.2\",\x0d\x0a        \"postcss-nested\": \"^6.2.0\",\x0d\x0a        \"postcss-selector-parser\": 
\"^6.1.2\",\x0d\x0a        \"resolve\": \"^1.22.8\",\x0d\x0a        \"sucrase\": \"^3.35.0\"\x0d\x0a      },\x0d\x0a   
   \"bin\": {\x0d\x0a        \"tailwind\": \"lib/cli.js\",\x0d\x0a        \"tailwindcss\": \"lib/cli.js\"\x0d\x0a      
},\x0d\x0a      \"engines\": {\x0d\x0a        \"node\": \">=14.0.0\"\x0d\x0a      }\x0d\x0a    },\x0d\x0a    
\"node_modules/tailwindcss/node_modules/chokidar\": {\x0d\x0a      \"version\": \"3.6.0\",\x0d\x0a      \"dev\": 
true,\x0d\x0a      \"license\": \"MIT\",\x0d\x0a      \"dependencies\": {\x0d\x0a        \"anymatch\": 
\"~3.1.2\",\x0d\x0a        \"braces\": \"~3.0.2\",\x0d\x0a        \"glob-parent\": \"~5.1.2\",\x0d\x0a        
\"is-binary-path\": \"~2.1.0\",\x0d\x0a        \"is-glob\": \"~4.0.1\",\x0d\x0a        \"normalize-path\": 
\"~3.0.0\",\x0d\x0a        \"readdirp\": \"~3.6.0\"\x0d\x0a      },\x0d\x0a      \"engines\": {\x0d\x0a        
\"node\": \">= 8.10.0\"\x0d\x0a      },\x0d\x0a      \"funding\": {\x0d\x0a        \"url\": 
\"https://paulmillr.com/funding/\"\x0d\x0a      },\x0d\x0a      \"optionalDependencies\": {\x0d\x0a        
\"fsevents\": \"~2.3.2\"\x0d\x0a      }\x0d\x0a    },\x0d\x0a    
\"node_modules/tailwindcss/node_modules/chokidar/node_modules/glob-parent\": {\x0d\x0a      \"version\": 
\"5.1.2\",\x0d\x0a      \"dev\": true,\x0d\x0a      \"license\": \"ISC\",\x0d\x0a      \"dependencies\": {\x0d\x0a     
   \"is-glob\": \"^4.0.1\"\x0d\x0a      },\x0d\x0a      \"engines\": {\x0d\x0a        \"node\": \">= 6\"\x0d\x0a      
}\x0d\x0a    },\x0d\x0a    \"node_modules/tailwindcss/node_modules/glob-parent\": {\x0d\x0a      \"version\": 
\"6.0.2\",\x0d\x0a      \"dev\": true,\x0d\x0a      \"license\": \"ISC\",\x0d\x0a      \"dependencies\": {\x0d\x0a     
   \"is-glob\": \"^4.0.3\"\x0d\x0a      },\x0d\x0a      \"engines\": {\x0d\x0a        \"node\": \">=10.13.0\"\x0d\x0a  
    }\x0d\x0a    },\x0d\x0a    \"node_modules/tailwindcss/node_modules/readdirp\": {\x0d\x0a      \"version\": 
\"3.6.0\",\x0d\x0a      \"dev\": true,\x0d\x0a      \"license\": \"MIT\",\x0d\x0a      \"dependencies\": {\x0d\x0a     
   \"picomatch\": \"^2.2.1\"\x0d\x0a      },\x0d\x0a      \"engines\": {\x0d\x0a        \"node\": \">=8.10.0\"\x0d\x0a 
     }\x0d\x0a    },\x0d\x0a    \"node_modules/text-segmentation\": {\x0d\x0a      \"version\": \"1.0.3\",\x0d\x0a     
 \"license\": \"MIT\",\x0d\x0a      \"dependencies\": {\x0d\x0a        \"utrie\": \"^1.0.2\"\x0d\x0a      }\x0d\x0a    
},\x0d\x0a    \"node_modules/thenify\": {\x0d\x0a      \"version\": \"3.3.1\",\x0d\x0a      \"dev\": true,\x0d\x0a     
 \"license\": \"MIT\",\x0d\x0a      \"dependencies\": {\x0d\x0a        \"any-promise\": \"^1.0.0\"\x0d\x0a      
}\x0d\x0a    },\x0d\x0a    \"node_modules/thenify-all\": {\x0d\x0a      \"version\": \"1.6.0\",\x0d\x0a      \"dev\": 
true,\x0d\x0a      \"license\": \"MIT\",\x0d\x0a      \"dependencies\": {\x0d\x0a        \"thenify\": \">= 3.1.0 < 
4\"\x0d\x0a      },\x0d\x0a      \"engines\": {\x0d\x0a        \"node\": \">=0.8\"\x0d\x0a      }\x0d\x0a    
},\x0d\x0a    \"node_modules/third-party-capital\": {\x0d\x0a      \"version\": \"1.0.20\",\x0d\x0a      \"license\": 
\"ISC\"\x0d\x0a    },\x0d\x0a    \"node_modules/tinyglobby\": {\x0d\x0a      \"version\": \"0.2.14\",\x0d\x0a      
\"dev\": true,\x0d\x0a      \"license\": \"MIT\",\x0d\x0a      \"dependencies\": {\x0d\x0a        \"fdir\": 
\"^6.4.4\",\x0d\x0a        \"picomatch\": \"^4.0.2\"\x0d\x0a      },\x0d\x0a      \"engines\": {\x0d\x0a        
\"node\": \">=12.0.0\"\x0d\x0a      },\x0d\x0a      \"funding\": {\x0d\x0a        \"url\": 
\"https://github.com/sponsors/SuperchupuDev\"\x0d\x0a      }\x0d\x0a    },\x0d\x0a    
\"node_modules/tinyglobby/node_modules/fdir\": {\x0d\x0a      \"version\": \"6.4.6\",\x0d\x0a      \"dev\": 
true,\x0d\x0a      \"license\": \"MIT\",\x0d\x0a      \"peerDependencies\": {\x0d\x0a        \"picomatch\": \"^3 || 
^4\"\x0d\x0a      },\x0d\x0a      \"peerDependenciesMeta\": {\x0d\x0a        \"picomatch\": {\x0d\x0a          
\"optional\": true\x0d\x0a        }\x0d\x0a      }\x0d\x0a    },\x0d\x0a    
\"node_modules/tinyglobby/node_modules/picomatch\": {\x0d\x0a      \"version\": \"4.0.3\",\x0d\x0a      \"dev\": 
true,\x0d\x0a      \"license\": \"MIT\",\x0d\x0a      \"peer\": true,\x0d\x0a      \"engines\": {\x0d\x0a        
\"node\": \">=12\"\x0d\x0a      },\x0d\x0a      \"funding\": {\x0d\x0a        \"url\": 
\"https://github.com/sponsors/jonschlinkert\"\x0d\x0a      }\x0d\x0a    },\x0d\x0a    \"node_modules/to-regex-range\": 
{\x0d\x0a      \"version\": \"5.0.1\",\x0d\x0a      \"dev\": true,\x0d\x0a      \"license\": \"MIT\",\x0d\x0a      
\"dependencies\": {\x0d\x0a        \"is-number\": \"^7.0.0\"\x0d\x0a      },\x0d\x0a      \"engines\": {\x0d\x0a       
 \"node\": \">=8.0\"\x0d\x0a      }\x0d\x0a    },\x0d\x0a    \"node_modules/tr46\": {\x0d\x0a      \"version\": 
\"0.0.3\",\x0d\x0a      \"license\": \"MIT\"\x0d\x0a    },\x0d\x0a    \"node_modules/trim-lines\": {\x0d\x0a      
\"version\": \"3.0.1\",\x0d\x0a      \"license\": \"MIT\",\x0d\x0a      \"funding\": {\x0d\x0a        \"type\": 
\"github\",\x0d\x0a        \"url\": \"https://github.com/sponsors/wooorm\"\x0d\x0a      }\x0d\x0a    },\x0d\x0a    
\"node_modules/trough\": {\x0d\x0a      \"version\": \"2.2.0\",\x0d\x0a      \"license\": \"MIT\",\x0d\x0a      
\"funding\": {\x0d\x0a        \"type\": \"github\",\x0d\x0a        \"url\": 
\"https://github.com/sponsors/wooorm\"\x0d\x0a      }\x0d\x0a    },\x0d\x0a    \"node_modules/ts-api-utils\": 
{\x0d\x0a      \"version\": \"2.1.0\",\x0d\x0a      \"dev\": true,\x0d\x0a      \"license\": \"MIT\",\x0d\x0a      
\"engines\": {\x0d\x0a        \"node\": \">=18.12\"\x0d\x0a      },\x0d\x0a      \"peerDependencies\": {\x0d\x0a       
 \"typescript\": \">=4.8.4\"\x0d\x0a      }\x0d\x0a    },\x0d\x0a    \"node_modules/ts-interface-checker\": {\x0d\x0a  
    \"version\": \"0.1.13\",\x0d\x0a      \"dev\": true,\x0d\x0a      \"license\": \"Apache-2.0\"\x0d\x0a    
},\x0d\x0a    \"node_modules/tsconfig-paths\": {\x0d\x0a      \"version\": \"3.15.0\",\x0d\x0a      \"dev\": 
true,\x0d\x0a      \"license\": \"MIT\",\x0d\x0a      \"dependencies\": {\x0d\x0a        \"@types/json5\": 
\"^0.0.29\",\x0d\x0a        \"json5\": \"^1.0.2\",\x0d\x0a        \"minimist\": \"^1.2.6\",\x0d\x0a        
\"strip-bom\": \"^3.0.0\"\x0d\x0a      }\x0d\x0a    },\x0d\x0a    \"node_modules/tslib\": {\x0d\x0a      \"version\": 
\"2.8.1\",\x0d\x0a      \"license\": \"0BSD\"\x0d\x0a    },\x0d\x0a    \"node_modules/type-check\": {\x0d\x0a      
\"version\": \"0.4.0\",\x0d\x0a      \"dev\": true,\x0d\x0a      \"license\": \"MIT\",\x0d\x0a      \"dependencies\": 
{\x0d\x0a        \"prelude-ls\": \"^1.2.1\"\x0d\x0a      },\x0d\x0a      \"engines\": {\x0d\x0a        \"node\": \">= 
0.8.0\"\x0d\x0a      }\x0d\x0a    },\x0d\x0a    \"node_modules/typed-array-buffer\": {\x0d\x0a      \"version\": 
\"1.0.3\",\x0d\x0a      \"dev\": true,\x0d\x0a      \"license\": \"MIT\",\x0d\x0a      \"dependencies\": {\x0d\x0a     
   \"call-bound\": \"^1.0.3\",\x0d\x0a        \"es-errors\": \"^1.3.0\",\x0d\x0a        \"is-typed-array\": 
\"^1.1.14\"\x0d\x0a      },\x0d\x0a      \"engines\": {\x0d\x0a        \"node\": \">= 0.4\"\x0d\x0a      }\x0d\x0a    
},\x0d\x0a    \"node_modules/typed-array-byte-length\": {\x0d\x0a      \"version\": \"1.0.3\",\x0d\x0a      \"dev\": 
true,\x0d\x0a      \"license\": \"MIT\",\x0d\x0a      \"dependencies\": {\x0d\x0a        \"call-bind\": 
\"^1.0.8\",\x0d\x0a        \"for-each\": \"^0.3.3\",\x0d\x0a        \"gopd\": \"^1.2.0\",\x0d\x0a        
\"has-proto\": \"^1.2.0\",\x0d\x0a        \"is-typed-array\": \"^1.1.14\"\x0d\x0a      },\x0d\x0a      \"engines\": 
{\x0d\x0a        \"node\": \">= 0.4\"\x0d\x0a      },\x0d\x0a      \"funding\": {\x0d\x0a        \"url\": 
\"https://github.com/sponsors/ljharb\"\x0d\x0a      }\x0d\x0a    },\x0d\x0a    
\"node_modules/typed-array-byte-offset\": {\x0d\x0a      \"version\": \"1.0.4\",\x0d\x0a      \"dev\": true,\x0d\x0a   
   \"license\": \"MIT\",\x0d\x0a      \"dependencies\": {\x0d\x0a        \"available-typed-arrays\": 
\"^1.0.7\",\x0d\x0a        \"call-bind\": \"^1.0.8\",\x0d\x0a        \"for-each\": \"^0.3.3\",\x0d\x0a        
\"gopd\": \"^1.2.0\",\x0d\x0a        \"has-proto\": \"^1.2.0\",\x0d\x0a        \"is-typed-array\": 
\"^1.1.15\",\x0d\x0a        \"reflect.getprototypeof\": \"^1.0.9\"\x0d\x0a      },\x0d\x0a      \"engines\": {\x0d\x0a 
       \"node\": \">= 0.4\"\x0d\x0a      },\x0d\x0a      \"funding\": {\x0d\x0a        \"url\": 
\"https://github.com/sponsors/ljharb\"\x0d\x0a      }\x0d\x0a    },\x0d\x0a    \"node_modules/typed-array-length\": 
{\x0d\x0a      \"version\": \"1.0.7\",\x0d\x0a      \"dev\": true,\x0d\x0a      \"license\": \"MIT\",\x0d\x0a      
\"dependencies\": {\x0d\x0a        \"call-bind\": \"^1.0.7\",\x0d\x0a        \"for-each\": \"^0.3.3\",\x0d\x0a        
\"gopd\": \"^1.0.1\",\x0d\x0a        \"is-typed-array\": \"^1.1.13\",\x0d\x0a        \"possible-typed-array-names\": 
\"^1.0.0\",\x0d\x0a        \"reflect.getprototypeof\": \"^1.0.6\"\x0d\x0a      },\x0d\x0a      \"engines\": {\x0d\x0a  
      \"node\": \">= 0.4\"\x0d\x0a      },\x0d\x0a      \"funding\": {\x0d\x0a        \"url\": 
\"https://github.com/sponsors/ljharb\"\x0d\x0a      }\x0d\x0a    },\x0d\x0a    \"node_modules/typescript\": {\x0d\x0a  
    \"version\": \"5.8.3\",\x0d\x0a      \"dev\": true,\x0d\x0a      \"license\": \"Apache-2.0\",\x0d\x0a      
\"peer\": true,\x0d\x0a      \"bin\": {\x0d\x0a        \"tsc\": \"bin/tsc\",\x0d\x0a        \"tsserver\": 
\"bin/tsserver\"\x0d\x0a      },\x0d\x0a      \"engines\": {\x0d\x0a        \"node\": \">=14.17\"\x0d\x0a      
}\x0d\x0a    },\x0d\x0a    \"node_modules/unbox-primitive\": {\x0d\x0a      \"version\": \"1.1.0\",\x0d\x0a      
\"dev\": true,\x0d\x0a      \"license\": \"MIT\",\x0d\x0a      \"dependencies\": {\x0d\x0a        \"call-bound\": 
\"^1.0.3\",\x0d\x0a        \"has-bigints\": \"^1.0.2\",\x0d\x0a        \"has-symbols\": \"^1.1.0\",\x0d\x0a        
\"which-boxed-primitive\": \"^1.1.1\"\x0d\x0a      },\x0d\x0a      \"engines\": {\x0d\x0a        \"node\": \">= 
0.4\"\x0d\x0a      },\x0d\x0a      \"funding\": {\x0d\x0a        \"url\": 
\"https://github.com/sponsors/ljharb\"\x0d\x0a      }\x0d\x0a    },\x0d\x0a    \"node_modules/undici-types\": 
{\x0d\x0a      \"version\": \"7.8.0\",\x0d\x0a      \"license\": \"MIT\"\x0d\x0a    },\x0d\x0a    
\"node_modules/unified\": {\x0d\x0a      \"version\": \"11.0.5\",\x0d\x0a      \"license\": \"MIT\",\x0d\x0a      
\"dependencies\": {\x0d\x0a        \"@types/unist\": \"^3.0.0\",\x0d\x0a        \"bail\": \"^2.0.0\",\x0d\x0a        
\"devlop\": \"^1.0.0\",\x0d\x0a        \"extend\": \"^3.0.0\",\x0d\x0a        \"is-plain-obj\": \"^4.0.0\",\x0d\x0a    
    \"trough\": \"^2.0.0\",\x0d\x0a        \"vfile\": \"^6.0.0\"\x0d\x0a      },\x0d\x0a      \"funding\": {\x0d\x0a   
     \"type\": \"opencollective\",\x0d\x0a        \"url\": \"https://opencollective.com/unified\"\x0d\x0a      
}\x0d\x0a    },\x0d\x0a    \"node_modules/unist-util-is\": {\x0d\x0a      \"version\": \"6.0.0\",\x0d\x0a      
\"license\": \"MIT\",\x0d\x0a      \"dependencies\": {\x0d\x0a        \"@types/unist\": \"^3.0.0\"\x0d\x0a      
},\x0d\x0a      \"funding\": {\x0d\x0a        \"type\": \"opencollective\",\x0d\x0a        \"url\": 
\"https://opencollective.com/unified\"\x0d\x0a      }\x0d\x0a    },\x0d\x0a    \"node_modules/unist-util-position\": 
{\x0d\x0a      \"version\": \"5.0.0\",\x0d\x0a      \"license\": \"MIT\",\x0d\x0a      \"dependencies\": {\x0d\x0a     
   \"@types/unist\": \"^3.0.0\"\x0d\x0a      },\x0d\x0a      \"funding\": {\x0d\x0a        \"type\": 
\"opencollective\",\x0d\x0a        \"url\": \"https://opencollective.com/unified\"\x0d\x0a      }\x0d\x0a    
},\x0d\x0a    \"node_modules/unist-util-stringify-position\": {\x0d\x0a      \"version\": \"4.0.0\",\x0d\x0a      
\"license\": \"MIT\",\x0d\x0a      \"dependencies\": {\x0d\x0a        \"@types/unist\": \"^3.0.0\"\x0d\x0a      
},\x0d\x0a      \"funding\": {\x0d\x0a        \"type\": \"opencollective\",\x0d\x0a        \"url\": 
\"https://opencollective.com/unified\"\x0d\x0a      }\x0d\x0a    },\x0d\x0a    \"node_modules/unist-util-visit\": 
{\x0d\x0a      \"version\": \"5.0.0\",\x0d\x0a      \"license\": \"MIT\",\x0d\x0a      \"dependencies\": {\x0d\x0a     
   \"@types/unist\": \"^3.0.0\",\x0d\x0a        \"unist-util-is\": \"^6.0.0\",\x0d\x0a        
\"unist-util-visit-parents\": \"^6.0.0\"\x0d\x0a      },\x0d\x0a      \"funding\": {\x0d\x0a        \"type\": 
\"opencollective\",\x0d\x0a        \"url\": \"https://opencollective.com/unified\"\x0d\x0a      }\x0d\x0a    
},\x0d\x0a    \"node_modules/unist-util-visit-parents\": {\x0d\x0a      \"version\": \"6.0.1\",\x0d\x0a      
\"license\": \"MIT\",\x0d\x0a      \"dependencies\": {\x0d\x0a        \"@types/unist\": \"^3.0.0\",\x0d\x0a        
\"unist-util-is\": \"^6.0.0\"\x0d\x0a      },\x0d\x0a      \"funding\": {\x0d\x0a        \"type\": 
\"opencollective\",\x0d\x0a        \"url\": \"https://opencollective.com/unified\"\x0d\x0a      }\x0d\x0a    
},\x0d\x0a    \"node_modules/unrs-resolver\": {\x0d\x0a      \"version\": \"1.11.1\",\x0d\x0a      \"dev\": 
true,\x0d\x0a      \"hasInstallScript\": true,\x0d\x0a      \"license\": \"MIT\",\x0d\x0a      \"dependencies\": 
{\x0d\x0a        \"napi-postinstall\": \"^0.3.0\"\x0d\x0a      },\x0d\x0a      \"funding\": {\x0d\x0a        \"url\": 
\"https://opencollective.com/unrs-resolver\"\x0d\x0a      },\x0d\x0a      \"optionalDependencies\": {\x0d\x0a        
\"@unrs/resolver-binding-android-arm-eabi\": \"1.11.1\",\x0d\x0a        \"@unrs/resolver-binding-android-arm64\": 
\"1.11.1\",\x0d\x0a        \"@unrs/resolver-binding-darwin-arm64\": \"1.11.1\",\x0d\x0a        
\"@unrs/resolver-binding-darwin-x64\": \"1.11.1\",\x0d\x0a        \"@unrs/resolver-binding-freebsd-x64\": 
\"1.11.1\",\x0d\x0a        \"@unrs/resolver-binding-linux-arm-gnueabihf\": \"1.11.1\",\x0d\x0a        
\"@unrs/resolver-binding-linux-arm-musleabihf\": \"1.11.1\",\x0d\x0a        
\"@unrs/resolver-binding-linux-arm64-gnu\": \"1.11.1\",\x0d\x0a        \"@unrs/resolver-binding-linux-arm64-musl\": 
\"1.11.1\",\x0d\x0a        \"@unrs/resolver-binding-linux-ppc64-gnu\": \"1.11.1\",\x0d\x0a        
\"@unrs/resolver-binding-linux-riscv64-gnu\": \"1.11.1\",\x0d\x0a        
\"@unrs/resolver-binding-linux-riscv64-musl\": \"1.11.1\",\x0d\x0a        \"@unrs/resolver-binding-linux-s390x-gnu\": 
\"1.11.1\",\x0d\x0a        \"@unrs/resolver-binding-linux-x64-gnu\": \"1.11.1\",\x0d\x0a        
\"@unrs/resolver-binding-linux-x64-musl\": \"1.11.1\",\x0d\x0a        \"@unrs/resolver-binding-wasm32-wasi\": 
\"1.11.1\",\x0d\x0a        \"@unrs/resolver-binding-win32-arm64-msvc\": \"1.11.1\",\x0d\x0a        
\"@unrs/resolver-binding-win32-ia32-msvc\": \"1.11.1\",\x0d\x0a        \"@unrs/resolver-binding-win32-x64-msvc\": 
\"1.11.1\"\x0d\x0a      }\x0d\x0a    },\x0d\x0a    \"node_modules/uri-js\": {\x0d\x0a      \"version\": 
\"4.4.1\",\x0d\x0a      \"dev\": true,\x0d\x0a      \"license\": \"BSD-2-Clause\",\x0d\x0a      \"dependencies\": 
{\x0d\x0a        \"punycode\": \"^2.1.0\"\x0d\x0a      }\x0d\x0a    },\x0d\x0a    \"node_modules/use-debounce\": 
{\x0d\x0a      \"version\": \"10.0.5\",\x0d\x0a      \"license\": \"MIT\",\x0d\x0a      \"engines\": {\x0d\x0a        
\"node\": \">= 16.0.0\"\x0d\x0a      },\x0d\x0a      \"peerDependencies\": {\x0d\x0a        \"react\": \"*\"\x0d\x0a   
   }\x0d\x0a    },\x0d\x0a    \"node_modules/use-sync-external-store\": {\x0d\x0a      \"version\": \"1.5.0\",\x0d\x0a 
     \"license\": \"MIT\",\x0d\x0a      \"peerDependencies\": {\x0d\x0a        \"react\": \"^16.8.0 || ^17.0.0 || 
^18.0.0 || ^19.0.0\"\x0d\x0a      }\x0d\x0a    },\x0d\x0a    \"node_modules/util-deprecate\": {\x0d\x0a      
\"version\": \"1.0.2\",\x0d\x0a      \"dev\": true,\x0d\x0a      \"license\": \"MIT\"\x0d\x0a    },\x0d\x0a    
\"node_modules/utrie\": {\x0d\x0a      \"version\": \"1.0.2\",\x0d\x0a      \"license\": \"MIT\",\x0d\x0a      
\"dependencies\": {\x0d\x0a        \"base64-arraybuffer\": \"^1.0.2\"\x0d\x0a      }\x0d\x0a    },\x0d\x0a    
\"node_modules/uuid\": {\x0d\x0a      \"version\": \"11.1.0\",\x0d\x0a      \"funding\": [\x0d\x0a        
\"https://github.com/sponsors/broofa\",\x0d\x0a        \"https://github.com/sponsors/ctavan\"\x0d\x0a      ],\x0d\x0a  
    \"license\": \"MIT\",\x0d\x0a      \"bin\": {\x0d\x0a        \"uuid\": \"dist/esm/bin/uuid\"\x0d\x0a      
}\x0d\x0a    },\x0d\x0a    \"node_modules/uzip\": {\x0d\x0a      \"version\": \"0.20201231.0\",\x0d\x0a      
\"license\": \"MIT\"\x0d\x0a    },\x0d\x0a    \"node_modules/vfile\": {\x0d\x0a      \"version\": \"6.0.3\",\x0d\x0a   
   \"license\": \"MIT\",\x0d\x0a      \"dependencies\": {\x0d\x0a        \"@types/unist\": \"^3.0.0\",\x0d\x0a        
\"vfile-message\": \"^4.0.0\"\x0d\x0a      },\x0d\x0a      \"funding\": {\x0d\x0a        \"type\": 
\"opencollective\",\x0d\x0a        \"url\": \"https://opencollective.com/unified\"\x0d\x0a      }\x0d\x0a    
},\x0d\x0a    \"node_modules/vfile-message\": {\x0d\x0a      \"version\": \"4.0.2\",\x0d\x0a      \"license\": 
\"MIT\",\x0d\x0a      \"dependencies\": {\x0d\x0a        \"@types/unist\": \"^3.0.0\",\x0d\x0a        
\"unist-util-stringify-position\": \"^4.0.0\"\x0d\x0a      },\x0d\x0a      \"funding\": {\x0d\x0a        \"type\": 
\"opencollective\",\x0d\x0a        \"url\": \"https://opencollective.com/unified\"\x0d\x0a      }\x0d\x0a    
},\x0d\x0a    \"node_modules/web-streams-polyfill\": {\x0d\x0a      \"version\": \"4.0.0-beta.3\",\x0d\x0a      
\"license\": \"MIT\",\x0d\x0a      \"engines\": {\x0d\x0a        \"node\": \">= 14\"\x0d\x0a      }\x0d\x0a    
},\x0d\x0a    \"node_modules/web-vitals\": {\x0d\x0a      \"version\": \"4.2.4\",\x0d\x0a      \"license\": 
\"Apache-2.0\"\x0d\x0a    },\x0d\x0a    \"node_modules/webidl-conversions\": {\x0d\x0a      \"version\": 
\"3.0.1\",\x0d\x0a      \"license\": \"BSD-2-Clause\"\x0d\x0a    },\x0d\x0a    \"node_modules/websocket-driver\": 
{\x0d\x0a      \"version\": \"0.7.4\",\x0d\x0a      \"license\": \"Apache-2.0\",\x0d\x0a      \"dependencies\": 
{\x0d\x0a        \"http-parser-js\": \">=0.5.1\",\x0d\x0a        \"safe-buffer\": \">=5.1.0\",\x0d\x0a        
\"websocket-extensions\": \">=0.1.1\"\x0d\x0a      },\x0d\x0a      \"engines\": {\x0d\x0a        \"node\": 
\">=0.8.0\"\x0d\x0a      }\x0d\x0a    },\x0d\x0a    \"node_modules/websocket-extensions\": {\x0d\x0a      \"version\": 
\"0.1.4\",\x0d\x0a      \"license\": \"Apache-2.0\",\x0d\x0a      \"engines\": {\x0d\x0a        \"node\": 
\">=0.8.0\"\x0d\x0a      }\x0d\x0a    },\x0d\x0a    \"node_modules/whatwg-url\": {\x0d\x0a      \"version\": 
\"5.0.0\",\x0d\x0a      \"license\": \"MIT\",\x0d\x0a      \"dependencies\": {\x0d\x0a        \"tr46\": 
\"~0.0.3\",\x0d\x0a        \"webidl-conversions\": \"^3.0.0\"\x0d\x0a      }\x0d\x0a    },\x0d\x0a    
\"node_modules/which\": {\x0d\x0a      \"version\": \"2.0.2\",\x0d\x0a      \"dev\": true,\x0d\x0a      \"license\": 
\"ISC\",\x0d\x0a      \"dependencies\": {\x0d\x0a        \"isexe\": \"^2.0.0\"\x0d\x0a      },\x0d\x0a      \"bin\": 
{\x0d\x0a        \"node-which\": \"bin/node-which\"\x0d\x0a      },\x0d\x0a      \"engines\": {\x0d\x0a        
\"node\": \">= 8\"\x0d\x0a      }\x0d\x0a    },\x0d\x0a    \"node_modules/which-boxed-primitive\": {\x0d\x0a      
\"version\": \"1.1.1\",\x0d\x0a      \"dev\": true,\x0d\x0a      \"license\": \"MIT\",\x0d\x0a      \"dependencies\": 
{\x0d\x0a        \"is-bigint\": \"^1.1.0\",\x0d\x0a        \"is-boolean-object\": \"^1.2.1\",\x0d\x0a        
\"is-number-object\": \"^1.1.1\",\x0d\x0a        \"is-string\": \"^1.1.1\",\x0d\x0a        \"is-symbol\": 
\"^1.1.1\"\x0d\x0a      },\x0d\x0a      \"engines\": {\x0d\x0a        \"node\": \">= 0.4\"\x0d\x0a      },\x0d\x0a     
 \"funding\": {\x0d\x0a        \"url\": \"https://github.com/sponsors/ljharb\"\x0d\x0a      }\x0d\x0a    },\x0d\x0a    
\"node_modules/which-builtin-type\": {\x0d\x0a      \"version\": \"1.2.1\",\x0d\x0a      \"dev\": true,\x0d\x0a      
\"license\": \"MIT\",\x0d\x0a      \"dependencies\": {\x0d\x0a        \"call-bound\": \"^1.0.2\",\x0d\x0a        
\"function.prototype.name\": \"^1.1.6\",\x0d\x0a        \"has-tostringtag\": \"^1.0.2\",\x0d\x0a        
\"is-async-function\": \"^2.0.0\",\x0d\x0a        \"is-date-object\": \"^1.1.0\",\x0d\x0a        
\"is-finalizationregistry\": \"^1.1.0\",\x0d\x0a        \"is-generator-function\": \"^1.0.10\",\x0d\x0a        
\"is-regex\": \"^1.2.1\",\x0d\x0a        \"is-weakref\": \"^1.0.2\",\x0d\x0a        \"isarray\": \"^2.0.5\",\x0d\x0a   
     \"which-boxed-primitive\": \"^1.1.0\",\x0d\x0a        \"which-collection\": \"^1.0.2\",\x0d\x0a        
\"which-typed-array\": \"^1.1.16\"\x0d\x0a      },\x0d\x0a      \"engines\": {\x0d\x0a        \"node\": \">= 
0.4\"\x0d\x0a      },\x0d\x0a      \"funding\": {\x0d\x0a        \"url\": 
\"https://github.com/sponsors/ljharb\"\x0d\x0a      }\x0d\x0a    },\x0d\x0a    \"node_modules/which-collection\": 
{\x0d\x0a      \"version\": \"1.0.2\",\x0d\x0a      \"dev\": true,\x0d\x0a      \"license\": \"MIT\",\x0d\x0a      
\"dependencies\": {\x0d\x0a        \"is-map\": \"^2.0.3\",\x0d\x0a        \"is-set\": \"^2.0.3\",\x0d\x0a        
\"is-weakmap\": \"^2.0.2\",\x0d\x0a        \"is-weakset\": \"^2.0.3\"\x0d\x0a      },\x0d\x0a      \"engines\": 
{\x0d\x0a        \"node\": \">= 0.4\"\x0d\x0a      },\x0d\x0a      \"funding\": {\x0d\x0a        \"url\": 
\"https://github.com/sponsors/ljharb\"\x0d\x0a      }\x0d\x0a    },\x0d\x0a    \"node_modules/which-typed-array\": 
{\x0d\x0a      \"version\": \"1.1.19\",\x0d\x0a      \"dev\": true,\x0d\x0a      \"license\": \"MIT\",\x0d\x0a      
\"dependencies\": {\x0d\x0a        \"available-typed-arrays\": \"^1.0.7\",\x0d\x0a        \"call-bind\": 
\"^1.0.8\",\x0d\x0a        \"call-bound\": \"^1.0.4\",\x0d\x0a        \"for-each\": \"^0.3.5\",\x0d\x0a        
\"get-proto\": \"^1.0.1\",\x0d\x0a        \"gopd\": \"^1.2.0\",\x0d\x0a        \"has-tostringtag\": \"^1.0.2\"\x0d\x0a 
     },\x0d\x0a      \"engines\": {\x0d\x0a        \"node\": \">= 0.4\"\x0d\x0a      },\x0d\x0a      \"funding\": 
{\x0d\x0a        \"url\": \"https://github.com/sponsors/ljharb\"\x0d\x0a      }\x0d\x0a    },\x0d\x0a    
\"node_modules/word-wrap\": {\x0d\x0a      \"version\": \"1.2.5\",\x0d\x0a      \"dev\": true,\x0d\x0a      
\"license\": \"MIT\",\x0d\x0a      \"engines\": {\x0d\x0a        \"node\": \">=0.10.0\"\x0d\x0a      }\x0d\x0a    
},\x0d\x0a    \"node_modules/wrap-ansi\": {\x0d\x0a      \"version\": \"7.0.0\",\x0d\x0a      \"license\": 
\"MIT\",\x0d\x0a      \"dependencies\": {\x0d\x0a        \"ansi-styles\": \"^4.0.0\",\x0d\x0a        \"string-width\": 
\"^4.1.0\",\x0d\x0a        \"strip-ansi\": \"^6.0.0\"\x0d\x0a      },\x0d\x0a      \"engines\": {\x0d\x0a        
\"node\": \">=10\"\x0d\x0a      },\x0d\x0a      \"funding\": {\x0d\x0a        \"url\": 
\"https://github.com/chalk/wrap-ansi?sponsor=1\"\x0d\x0a      }\x0d\x0a    },\x0d\x0a    
\"node_modules/wrap-ansi-cjs\": {\x0d\x0a      \"name\": \"wrap-ansi\",\x0d\x0a      \"version\": \"7.0.0\",\x0d\x0a   
   \"dev\": true,\x0d\x0a      \"license\": \"MIT\",\x0d\x0a      \"dependencies\": {\x0d\x0a        \"ansi-styles\": 
\"^4.0.0\",\x0d\x0a        \"string-width\": \"^4.1.0\",\x0d\x0a        \"strip-ansi\": \"^6.0.0\"\x0d\x0a      
},\x0d\x0a      \"engines\": {\x0d\x0a        \"node\": \">=10\"\x0d\x0a      },\x0d\x0a      \"funding\": {\x0d\x0a   
     \"url\": \"https://github.com/chalk/wrap-ansi?sponsor=1\"\x0d\x0a      }\x0d\x0a    },\x0d\x0a    
\"node_modules/y18n\": {\x0d\x0a      \"version\": \"5.0.8\",\x0d\x0a      \"license\": \"ISC\",\x0d\x0a      
\"engines\": {\x0d\x0a        \"node\": \">=10\"\x0d\x0a      }\x0d\x0a    },\x0d\x0a    \"node_modules/yaml\": 
{\x0d\x0a      \"version\": \"2.8.0\",\x0d\x0a      \"dev\": true,\x0d\x0a      \"license\": \"ISC\",\x0d\x0a      
\"bin\": {\x0d\x0a        \"yaml\": \"bin.mjs\"\x0d\x0a      },\x0d\x0a      \"engines\": {\x0d\x0a        \"node\": 
\">= 14.6\"\x0d\x0a      }\x0d\x0a    },\x0d\x0a    \"node_modules/yargs\": {\x0d\x0a      \"version\": 
\"17.7.2\",\x0d\x0a      \"license\": \"MIT\",\x0d\x0a      \"dependencies\": {\x0d\x0a        \"cliui\": 
\"^8.0.1\",\x0d\x0a        \"escalade\": \"^3.1.1\",\x0d\x0a        \"get-caller-file\": \"^2.0.5\",\x0d\x0a        
\"require-directory\": \"^2.1.1\",\x0d\x0a        \"string-width\": \"^4.2.3\",\x0d\x0a        \"y18n\": 
\"^5.0.5\",\x0d\x0a        \"yargs-parser\": \"^21.1.1\"\x0d\x0a      },\x0d\x0a      \"engines\": {\x0d\x0a        
\"node\": \">=12\"\x0d\x0a      }\x0d\x0a    },\x0d\x0a    \"node_modules/yargs-parser\": {\x0d\x0a      \"version\": 
\"21.1.1\",\x0d\x0a      \"license\": \"ISC\",\x0d\x0a      \"engines\": {\x0d\x0a        \"node\": \">=12\"\x0d\x0a   
   }\x0d\x0a    },\x0d\x0a    \"node_modules/yocto-queue\": {\x0d\x0a      \"version\": \"0.1.0\",\x0d\x0a      
\"dev\": true,\x0d\x0a      \"license\": \"MIT\",\x0d\x0a      \"engines\": {\x0d\x0a        \"node\": 
\">=10\"\x0d\x0a      },\x0d\x0a      \"funding\": {\x0d\x0a        \"url\": 
\"https://github.com/sponsors/sindresorhus\"\x0d\x0a      }\x0d\x0a    },\x0d\x0a    \"node_modules/zod\": {\x0d\x0a   
   \"version\": \"3.25.76\",\x0d\x0a      \"license\": \"MIT\",\x0d\x0a      \"peer\": true,\x0d\x0a      \"funding\": 
{\x0d\x0a        \"url\": \"https://github.com/sponsors/colinhacks\"\x0d\x0a      }\x0d\x0a    },\x0d\x0a    
\"node_modules/zod-to-json-schema\": {\x0d\x0a      \"version\": \"3.24.6\",\x0d\x0a      \"resolved\": 
\"https://registry.npmjs.org/zod-to-json-schema/-/zod-to-json-schema-3.24.6.tgz\",\x0d\x0a      \"integrity\": 
\"sha512-h/z3PKvcTcTetyjl1fkj79MHNEjm+HpD6NXheWjzOekY7kV+lwDYnHw+ivHkijnCSMz1yJaWBD9vu/Fcmk+vEg==\",\x0d\x0a      
\"license\": \"ISC\",\x0d\x0a      \"peer\": true,\x0d\x0a      \"peerDependencies\": {\x0d\x0a        \"zod\": 
\"^3.24.1\"\x0d\x0a      }\x0d\x0a    },\x0d\x0a    \"node_modules/zwitch\": {\x0d\x0a      \"version\": 
\"2.0.4\",\x0d\x0a      \"license\": \"MIT\",\x0d\x0a      \"funding\": {\x0d\x0a        \"type\": \"github\",\x0d\x0a 
       \"url\": \"https://github.com/sponsors/wooorm\"\x0d\x0a      }\x0d\x0a    }\x0d\x0a  }\x0d\x0a}\x0d\x0a" as 
"2006-01-02T15:04:05Z07:00": cannot parse "{\x0d\x0a  \"name\": \"next-app-v2\",\x0d\x0a  \"version\": 
\"0.1.0\",\x0d\x0a  \"lockfileVersion\": 3,\x0d\x0a  \"requires\": true,\x0d\x0a  \"packages\": {\x0d\x0a    \"\": 
{\x0d\x0a      \"name\": \"next-app-v2\",\x0d\x0a      \"version\": \"0.1.0\",\x0d\x0a      \"dependencies\": 
{\x0d\x0a        \"@analytics/google-analytics\": \"^1.1.0\",\x0d\x0a        \"@emotion/react\": \"^11.14.0\",\x0d\x0a 
       \"@emotion/styled\": \"^11.14.0\",\x0d\x0a        \"@firebase/analytics\": \"^0.10.11\",\x0d\x0a        
\"@firebase/auth\": \"^1.8.2\",\x0d\x0a        \"@google/generative-ai\": \"^0.2.1\",\x0d\x0a        
\"@headlessui/react\": \"^2.2.0\",\x0d\x0a        \"@heroicons/react\": \"^2.2.0\",\x0d\x0a        
\"@langchain/core\": \"^1.0.5\",\x0d\x0a        \"@langchain/google-genai\": \"^1.0.1\",\x0d\x0a        
\"@langchain/langgraph\": \"^1.0.2\",\x0d\x0a        \"@langchain/openai\": \"^0.2.0\",\x0d\x0a        
\"@microsoft/clarity\": \"^1.0.0\",\x0d\x0a        \"@mui/material\": \"^7.1.0\",\x0d\x0a        
\"@next/third-parties\": \"^15.1.8\",\x0d\x0a        \"@types/react-dropzone\": \"^4.2.2\",\x0d\x0a        
\"analytics\": \"^0.8.16\",\x0d\x0a        \"axios\": \"^1.8.1\",\x0d\x0a        \"browser-image-compression\": 
\"^2.0.2\",\x0d\x0a        \"canvas-confetti\": \"^1.9.3\",\x0d\x0a        \"chart.js\": \"^4.5.0\",\x0d\x0a        
\"chartjs-plugin-datalabels\": \"^2.2.0\",\x0d\x0a        \"chokidar\": \"^4.0.3\",\x0d\x0a        \"date-fns\": 
\"^4.1.0\",\x0d\x0a        \"email-validator\": \"^2.0.4\",\x0d\x0a        \"emoji-picker-react\": 
\"^4.12.2\",\x0d\x0a        \"firebase\": \"^11.2.0\",\x0d\x0a        \"framer-motion\": \"^12.5.0\",\x0d\x0a        
\"html2canvas\": \"^1.4.1\",\x0d\x0a        \"langfuse\": \"^3.38.6\",\x0d\x0a        \"lucide-react\": 
\"^0.511.0\",\x0d\x0a        \"next\": \"^15.5.9\",\x0d\x0a        \"next-themes\": \"^0.4.6\",\x0d\x0a        
\"nodemailer\": \"^7.0.11\",\x0d\x0a        \"openai\": \"^4.86.1\",\x0d\x0a        \"razorpay\": \"^2.9.6\",\x0d\x0a  
      \"react\": \"^19.0.0\",\x0d\x0a        \"react-chartjs-2\": \"^5.3.0\",\x0d\x0a        \"react-dom\": 
\"^19.0.0\",\x0d\x0a        \"react-dropzone\": \"^14.3.8\",\x0d\x0a        \"react-hook-form\": \"^7.54.2\",\x0d\x0a  
      \"react-hot-toast\": \"^2.5.2\",\x0d\x0a        \"react-markdown\": \"^10.1.0\",\x0d\x0a        
\"react-toastify\": \"^11.0.5\",\x0d\x0a        \"resend\": \"^4.5.1\",\x0d\x0a        \"sonner\": \"^1.7.4\",\x0d\x0a 
       \"use-debounce\": \"^10.0.4\",\x0d\x0a        \"uuid\": \"^11.1.0\"\x0d\x0a      },\x0d\x0a      
\"devDependencies\": {\x0d\x0a        \"@eslint/eslintrc\": \"^3\",\x0d\x0a        \"@types/chart.js\": 
\"^2.9.41\",\x0d\x0a        \"@types/node\": \"24.1.0\",\x0d\x0a        \"@types/nodemailer\": \"^6.4.17\",\x0d\x0a    
    \"@types/react\": \"19.1.8\",\x0d\x0a        \"@types/react-dom\": \"^19\",\x0d\x0a        \"@types/uuid\": 
\"^10.0.0\",\x0d\x0a        \"@typescript-eslint/eslint-plugin\": \"^8.28.0\",\x0d\x0a        
\"@typescript-eslint/parser\": \"^8.28.0\",\x0d\x0a        \"eslint\": \"^9\",\x0d\x0a        \"eslint-config-next\": 
\"15.1.6\",\x0d\x0a        \"postcss\": \"^8\",\x0d\x0a        \"tailwindcss\": \"^3.4.1\",\x0d\x0a        
\"typescript\": \"^5\"\x0d\x0a      }\x0d\x0a    },\x0d\x0a    \"node_modules/@alloc/quick-lru\": {\x0d\x0a      
\"version\": \"5.2.0\",\x0d\x0a      \"dev\": true,\x0d\x0a      \"license\": \"MIT\",\x0d\x0a      \"engines\": 
{\x0d\x0a        \"node\": \">=10\"\x0d\x0a      },\x0d\x0a      \"funding\": {\x0d\x0a        \"url\": 
\"https://github.com/sponsors/sindresorhus\"\x0d\x0a      }\x0d\x0a    },\x0d\x0a    
\"node_modules/@analytics/cookie-utils\": {\x0d\x0a      \"version\": \"0.2.12\",\x0d\x0a      \"license\": 
\"MIT\",\x0d\x0a      \"dependencies\": {\x0d\x0a        \"@analytics/global-storage-utils\": \"^0.1.7\"\x0d\x0a      
}\x0d\x0a    },\x0d\x0a    \"node_modules/@analytics/core\": {\x0d\x0a      \"version\": \"0.12.17\",\x0d\x0a      
\"funding\": [\x0d\x0a        {\x0d\x0a          \"type\": \"GitHub Sponsors\",\x0d\x0a          \"url\": 
\"https://github.com/sponsors/davidwells\"\x0d\x0a        }\x0d\x0a      ],\x0d\x0a      \"license\": \"MIT\",\x0d\x0a 
     \"dependencies\": {\x0d\x0a        \"@analytics/global-storage-utils\": \"^0.1.7\",\x0d\x0a        
\"@analytics/type-utils\": \"^0.6.2\",\x0d\x0a        \"analytics-utils\": \"^1.0.14\"\x0d\x0a      }\x0d\x0a    
},\x0d\x0a    \"node_modules/@analytics/global-storage-utils\": {\x0d\x0a      \"version\": \"0.1.7\",\x0d\x0a      
\"license\": \"MIT\",\x0d\x0a      \"dependencies\": {\x0d\x0a        \"@analytics/type-utils\": \"^0.6.2\"\x0d\x0a    
  }\x0d\x0a    },\x0d\x0a    \"node_modules/@analytics/google-analytics\": {\x0d\x0a      \"version\": 
\"1.1.0\",\x0d\x0a      \"license\": \"MIT\"\x0d\x0a    },\x0d\x0a    \"node_modules/@analytics/localstorage-utils\": 
{\x0d\x0a      \"version\": \"0.1.10\",\x0d\x0a      \"license\": \"MIT\",\x0d\x0a      \"dependencies\": {\x0d\x0a    
    \"@analytics/global-storage-utils\": \"^0.1.7\"\x0d\x0a      }\x0d\x0a    },\x0d\x0a    
\"node_modules/@analytics/session-storage-utils\": {\x0d\x0a      \"version\": \"0.0.7\",\x0d\x0a      \"license\": 
\"MIT\",\x0d\x0a      \"dependencies\": {\x0d\x0a        \"@analytics/global-storage-utils\": \"^0.1.7\"\x0d\x0a      
}\x0d\x0a    },\x0d\x0a    \"node_modules/@analytics/storage-utils\": {\x0d\x0a      \"version\": \"0.4.2\",\x0d\x0a   
   \"license\": \"MIT\",\x0d\x0a      \"dependencies\": {\x0d\x0a        \"@analytics/cookie-utils\": 
\"^0.2.12\",\x0d\x0a        \"@analytics/global-storage-utils\": \"^0.1.7\",\x0d\x0a        
\"@analytics/localstorage-utils\": \"^0.1.10\",\x0d\x0a        \"@analytics/session-storage-utils\": 
\"^0.0.7\",\x0d\x0a        \"@analytics/type-utils\": \"^0.6.2\"\x0d\x0a      }\x0d\x0a    },\x0d\x0a    
\"node_modules/@analytics/type-utils\": {\x0d\x0a      \"version\": \"0.6.2\",\x0d\x0a      \"license\": 
\"MIT\"\x0d\x0a    },\x0d\x0a    \"node_modules/@babel/code-frame\": {\x0d\x0a      \"version\": \"7.27.1\",\x0d\x0a   
   \"license\": \"MIT\",\x0d\x0a      \"dependencies\": {\x0d\x0a        \"@babel/helper-validator-identifier\": 
\"^7.27.1\",\x0d\x0a        \"js-tokens\": \"^4.0.0\",\x0d\x0a        \"picocolors\": \"^1.1.1\"\x0d\x0a      
},\x0d\x0a      \"engines\": {\x0d\x0a        \"node\": \">=6.9.0\"\x0d\x0a      }\x0d\x0a    },\x0d\x0a    
\"node_modules/@babel/generator\": {\x0d\x0a      \"version\": \"7.28.0\",\x0d\x0a      \"license\": \"MIT\",\x0d\x0a  
    \"dependencies\": {\x0d\x0a        \"@babel/parser\": \"^7.28.0\",\x0d\x0a        \"@babel/types\": 
\"^7.28.0\",\x0d\x0a        \"@jridgewell/gen-mapping\": \"^0.3.12\",\x0d\x0a        \"@jridgewell/trace-mapping\": 
\"^0.3.28\",\x0d\x0a        \"jsesc\": \"^3.0.2\"\x0d\x0a      },\x0d\x0a      \"engines\": {\x0d\x0a        \"node\": 
\">=6.9.0\"\x0d\x0a      }\x0d\x0a    },\x0d\x0a    \"node_modules/@babel/helper-globals\": {\x0d\x0a      
\"version\": \"7.28.0\",\x0d\x0a      \"license\": \"MIT\",\x0d\x0a      \"engines\": {\x0d\x0a        \"node\": 
\">=6.9.0\"\x0d\x0a      }\x0d\x0a    },\x0d\x0a    \"node_modules/@babel/helper-module-imports\": {\x0d\x0a      
\"version\": \"7.27.1\",\x0d\x0a      \"license\": \"MIT\",\x0d\x0a      \"dependencies\": {\x0d\x0a        
\"@babel/traverse\": \"^7.27.1\",\x0d\x0a        \"@babel/types\": \"^7.27.1\"\x0d\x0a      },\x0d\x0a      
\"engines\": {\x0d\x0a        \"node\": \">=6.9.0\"\x0d\x0a      }\x0d\x0a    },\x0d\x0a    
\"node_modules/@babel/helper-string-parser\": {\x0d\x0a      \"version\": \"7.27.1\",\x0d\x0a      \"license\": 
\"MIT\",\x0d\x0a      \"engines\": {\x0d\x0a        \"node\": \">=6.9.0\"\x0d\x0a      }\x0d\x0a    },\x0d\x0a    
\"node_modules/@babel/helper-validator-identifier\": {\x0d\x0a      \"version\": \"7.27.1\",\x0d\x0a      \"license\": 
\"MIT\",\x0d\x0a      \"engines\": {\x0d\x0a        \"node\": \">=6.9.0\"\x0d\x0a      }\x0d\x0a    },\x0d\x0a    
\"node_modules/@babel/parser\": {\x0d\x0a      \"version\": \"7.28.0\",\x0d\x0a      \"license\": \"MIT\",\x0d\x0a     
 \"dependencies\": {\x0d\x0a        \"@babel/types\": \"^7.28.0\"\x0d\x0a      },\x0d\x0a      \"bin\": {\x0d\x0a      
  \"parser\": \"bin/babel-parser.js\"\x0d\x0a      },\x0d\x0a      \"engines\": {\x0d\x0a        \"node\": 
\">=6.0.0\"\x0d\x0a      }\x0d\x0a    },\x0d\x0a    \"node_modules/@babel/runtime\": {\x0d\x0a      \"version\": 
\"7.28.2\",\x0d\x0a      \"license\": \"MIT\",\x0d\x0a      \"engines\": {\x0d\x0a        \"node\": 
\">=6.9.0\"\x0d\x0a      }\x0d\x0a    },\x0d\x0a    \"node_modules/@babel/template\": {\x0d\x0a      \"version\": 
\"7.27.2\",\x0d\x0a      \"license\": \"MIT\",\x0d\x0a      \"dependencies\": {\x0d\x0a        \"@babel/code-frame\": 
\"^7.27.1\",\x0d\x0a        \"@babel/parser\": \"^7.27.2\",\x0d\x0a        \"@babel/types\": \"^7.27.1\"\x0d\x0a      
},\x0d\x0a      \"engines\": {\x0d\x0a        \"node\": \">=6.9.0\"\x0d\x0a      }\x0d\x0a    },\x0d\x0a    
\"node_modules/@babel/traverse\": {\x0d\x0a      \"version\": \"7.28.0\",\x0d\x0a      \"license\": \"MIT\",\x0d\x0a   
   \"dependencies\": {\x0d\x0a        \"@babel/code-frame\": \"^7.27.1\",\x0d\x0a        \"@babel/generator\": 
\"^7.28.0\",\x0d\x0a        \"@babel/helper-globals\": \"^7.28.0\",\x0d\x0a        \"@babel/parser\": 
\"^7.28.0\",\x0d\x0a        \"@babel/template\": \"^7.27.2\",\x0d\x0a        \"@babel/types\": \"^7.28.0\",\x0d\x0a    
    \"debug\": \"^4.3.1\"\x0d\x0a      },\x0d\x0a      \"engines\": {\x0d\x0a        \"node\": \">=6.9.0\"\x0d\x0a     
 }\x0d\x0a    },\x0d\x0a    \"node_modules/@babel/types\": {\x0d\x0a      \"version\": \"7.28.2\",\x0d\x0a      
\"license\": \"MIT\",\x0d\x0a      \"dependencies\": {\x0d\x0a        \"@babel/helper-string-parser\": 
\"^7.27.1\",\x0d\x0a        \"@babel/helper-validator-identifier\": \"^7.27.1\"\x0d\x0a      },\x0d\x0a      
\"engines\": {\x0d\x0a        \"node\": \">=6.9.0\"\x0d\x0a      }\x0d\x0a    },\x0d\x0a    
\"node_modules/@cfworker/json-schema\": {\x0d\x0a      \"version\": \"4.1.1\",\x0d\x0a      \"license\": 
\"MIT\"\x0d\x0a    },\x0d\x0a    \"node_modules/@emnapi/core\": {\x0d\x0a      \"version\": \"1.7.1\",\x0d\x0a      
\"resolved\": \"https://registry.npmjs.org/@emnapi/core/-/core-1.7.1.tgz\",\x0d\x0a      \"integrity\": 
\"sha512-o1uhUASyo921r2XtHYOHy7gdkGLge8ghBEQHMWmyJFoXlpU58kIrhhN3w26lpQb6dspetweapMn2CSNwQ8I4wg==\",\x0d\x0a      
\"dev\": true,\x0d\x0a      \"license\": \"MIT\",\x0d\x0a      \"optional\": true,\x0d\x0a      \"dependencies\": 
{\x0d\x0a        \"@emnapi/wasi-threads\": \"1.1.0\",\x0d\x0a        \"tslib\": \"^2.4.0\"\x0d\x0a      }\x0d\x0a    
},\x0d\x0a    \"node_modules/@emnapi/runtime\": {\x0d\x0a      \"version\": \"1.7.1\",\x0d\x0a      \"resolved\": 
\"https://registry.npmjs.org/@emnapi/runtime/-/runtime-1.7.1.tgz\",\x0d\x0a      \"integrity\": 
\"sha512-PVtJr5CmLwYAU9PZDMITZoR5iAOShYREoR45EyyLrbntV50mdePTgUn4AmOw90Ifcj+x2kRjdzr1HP3RrNiHGA==\",\x0d\x0a      
\"license\": \"MIT\",\x0d\x0a      \"optional\": true,\x0d\x0a      \"dependencies\": {\x0d\x0a        \"tslib\": 
\"^2.4.0\"\x0d\x0a      }\x0d\x0a    },\x0d\x0a    \"node_modules/@emnapi/wasi-threads\": {\x0d\x0a      \"version\": 
\"1.1.0\",\x0d\x0a      \"resolved\": 
\"https://registry.npmjs.org/@emnapi/wasi-threads/-/wasi-threads-1.1.0.tgz\",\x0d\x0a      \"integrity\": 
\"sha512-WI0DdZ8xFSbgMjR1sFsKABJ/C5OnRrjT06JXbZKexJGrDuPTzZdDYfFlsgcCXCyf+suG5QU2e/y1Wo2V/OapLQ==\",\x0d\x0a      
\"dev\": true,\x0d\x0a      \"license\": \"MIT\",\x0d\x0a      \"optional\": true,\x0d\x0a      \"dependencies\": 
{\x0d\x0a        \"tslib\": \"^2.4.0\"\x0d\x0a      }\x0d\x0a    },\x0d\x0a    \"node_modules/@emotion/babel-plugin\": 
{\x0d\x0a      \"version\": \"11.13.5\",\x0d\x0a      \"license\": \"MIT\",\x0d\x0a      \"dependencies\": {\x0d\x0a   
     \"@babel/helper-module-imports\": \"^7.16.7\",\x0d\x0a        \"@babel/runtime\": \"^7.18.3\",\x0d\x0a        
\"@emotion/hash\": \"^0.9.2\",\x0d\x0a        \"@emotion/memoize\": \"^0.9.0\",\x0d\x0a        \"@emotion/serialize\": 
\"^1.3.3\",\x0d\x0a        \"babel-plugin-macros\": \"^3.1.0\",\x0d\x0a        \"convert-source-map\": 
\"^1.5.0\",\x0d\x0a        \"escape-string-regexp\": \"^4.0.0\",\x0d\x0a        \"find-root\": \"^1.1.0\",\x0d\x0a     
   \"source-map\": \"^0.5.7\",\x0d\x0a        \"stylis\": \"4.2.0\"\x0d\x0a      }\x0d\x0a    },\x0d\x0a    
\"node_modules/@emotion/cache\": {\x0d\x0a      \"version\": \"11.14.0\",\x0d\x0a      \"license\": \"MIT\",\x0d\x0a   
   \"dependencies\": {\x0d\x0a        \"@emotion/memoize\": \"^0.9.0\",\x0d\x0a        \"@emotion/sheet\": 
\"^1.4.0\",\x0d\x0a        \"@emotion/utils\": \"^1.4.2\",\x0d\x0a        \"@emotion/weak-memoize\": 
\"^0.4.0\",\x0d\x0a        \"stylis\": \"4.2.0\"\x0d\x0a      }\x0d\x0a    },\x0d\x0a    
\"node_modules/@emotion/hash\": {\x0d\x0a      \"version\": \"0.9.2\",\x0d\x0a      \"license\": \"MIT\"\x0d\x0a    
},\x0d\x0a    \"node_modules/@emotion/is-prop-valid\": {\x0d\x0a      \"version\": \"1.3.1\",\x0d\x0a      
\"license\": \"MIT\",\x0d\x0a      \"dependencies\": {\x0d\x0a        \"@emotion/memoize\": \"^0.9.0\"\x0d\x0a      
}\x0d\x0a    },\x0d\x0a    \"node_modules/@emotion/memoize\": {\x0d\x0a      \"version\": \"0.9.0\",\x0d\x0a      
\"license\": \"MIT\"\x0d\x0a    },\x0d\x0a    \"node_modules/@emotion/react\": {\x0d\x0a      \"version\": 
\"11.14.0\",\x0d\x0a      \"license\": \"MIT\",\x0d\x0a      \"peer\": true,\x0d\x0a      \"dependencies\": {\x0d\x0a  
      \"@babel/runtime\": \"^7.18.3\",\x0d\x0a        \"@emotion/babel-plugin\": \"^11.13.5\",\x0d\x0a        
\"@emotion/cache\": \"^11.14.0\",\x0d\x0a        \"@emotion/serialize\": \"^1.3.3\",\x0d\x0a        
\"@emotion/use-insertion-effect-with-fallbacks\": \"^1.2.0\",\x0d\x0a        \"@emotion/utils\": \"^1.4.2\",\x0d\x0a   
     \"@emotion/weak-memoize\": \"^0.4.0\",\x0d\x0a        \"hoist-non-react-statics\": \"^3.3.1\"\x0d\x0a      
},\x0d\x0a      \"peerDependencies\": {\x0d\x0a        \"react\": \">=16.8.0\"\x0d\x0a      },\x0d\x0a      
\"peerDependenciesMeta\": {\x0d\x0a        \"@types/react\": {\x0d\x0a          \"optional\": true\x0d\x0a        
}\x0d\x0a      }\x0d\x0a    },\x0d\x0a    \"node_modules/@emotion/serialize\": {\x0d\x0a      \"version\": 
\"1.3.3\",\x0d\x0a      \"license\": \"MIT\",\x0d\x0a      \"dependencies\": {\x0d\x0a        \"@emotion/hash\": 
\"^0.9.2\",\x0d\x0a        \"@emotion/memoize\": \"^0.9.0\",\x0d\x0a        \"@emotion/unitless\": 
\"^0.10.0\",\x0d\x0a        \"@emotion/utils\": \"^1.4.2\",\x0d\x0a        \"csstype\": \"^3.0.2\"\x0d\x0a      
}\x0d\x0a    },\x0d\x0a    \"node_modules/@emotion/sheet\": {\x0d\x0a      \"version\": \"1.4.0\",\x0d\x0a      
\"license\": \"MIT\"\x0d\x0a    },\x0d\x0a    \"node_modules/@emotion/styled\": {\x0d\x0a      \"version\": 
\"11.14.1\",\x0d\x0a      \"license\": \"MIT\",\x0d\x0a      \"peer\": true,\x0d\x0a      \"dependencies\": {\x0d\x0a  
      \"@babel/runtime\": \"^7.18.3\",\x0d\x0a        \"@emotion/babel-plugin\": \"^11.13.5\",\x0d\x0a        
\"@emotion/is-prop-valid\": \"^1.3.0\",\x0d\x0a        \"@emotion/serialize\": \"^1.3.3\",\x0d\x0a        
\"@emotion/use-insertion-effect-with-fallbacks\": \"^1.2.0\",\x0d\x0a        \"@emotion/utils\": \"^1.4.2\"\x0d\x0a    
  },\x0d\x0a      \"peerDependencies\": {\x0d\x0a        \"@emotion/react\": \"^11.0.0-rc.0\",\x0d\x0a        
\"react\": \">=16.8.0\"\x0d\x0a      },\x0d\x0a      \"peerDependenciesMeta\": {\x0d\x0a        \"@types/react\": 
{\x0d\x0a          \"optional\": true\x0d\x0a        }\x0d\x0a      }\x0d\x0a    },\x0d\x0a    
\"node_modules/@emotion/unitless\": {\x0d\x0a      \"version\": \"0.10.0\",\x0d\x0a      \"license\": \"MIT\"\x0d\x0a  
  },\x0d\x0a    \"node_modules/@emotion/use-insertion-effect-with-fallbacks\": {\x0d\x0a      \"version\": 
\"1.2.0\",\x0d\x0a      \"license\": \"MIT\",\x0d\x0a      \"peerDependencies\": {\x0d\x0a        \"react\": 
\">=16.8.0\"\x0d\x0a      }\x0d\x0a    },\x0d\x0a    \"node_modules/@emotion/utils\": {\x0d\x0a      \"version\": 
\"1.4.2\",\x0d\x0a      \"license\": \"MIT\"\x0d\x0a    },\x0d\x0a    \"node_modules/@emotion/weak-memoize\": 
{\x0d\x0a      \"version\": \"0.4.0\",\x0d\x0a      \"license\": \"MIT\"\x0d\x0a    },\x0d\x0a    
\"node_modules/@eslint-community/eslint-utils\": {\x0d\x0a      \"version\": \"4.7.0\",\x0d\x0a      \"dev\": 
true,\x0d\x0a      \"license\": \"MIT\",\x0d\x0a      \"dependencies\": {\x0d\x0a        \"eslint-visitor-keys\": 
\"^3.4.3\"\x0d\x0a      },\x0d\x0a      \"engines\": {\x0d\x0a        \"node\": \"^12.22.0 || ^14.17.0 || 
>=16.0.0\"\x0d\x0a      },\x0d\x0a      \"funding\": {\x0d\x0a        \"url\": 
\"https://opencollective.com/eslint\"\x0d\x0a      },\x0d\x0a      \"peerDependencies\": {\x0d\x0a        \"eslint\": 
\"^6.0.0 || ^7.0.0 || >=8.0.0\"\x0d\x0a      }\x0d\x0a    },\x0d\x0a    
\"node_modules/@eslint-community/eslint-utils/node_modules/eslint-visitor-keys\": {\x0d\x0a      \"version\": 
\"3.4.3\",\x0d\x0a      \"dev\": true,\x0d\x0a      \"license\": \"Apache-2.0\",\x0d\x0a      \"engines\": {\x0d\x0a   
     \"node\": \"^12.22.0 || ^14.17.0 || >=16.0.0\"\x0d\x0a      },\x0d\x0a      \"funding\": {\x0d\x0a        
\"url\": \"https://opencollective.com/eslint\"\x0d\x0a      }\x0d\x0a    },\x0d\x0a    
\"node_modules/@eslint-community/regexpp\": {\x0d\x0a      \"version\": \"4.12.1\",\x0d\x0a      \"dev\": 
true,\x0d\x0a      \"license\": \"MIT\",\x0d\x0a      \"engines\": {\x0d\x0a        \"node\": \"^12.0.0 || ^14.0.0 || 
>=16.0.0\"\x0d\x0a      }\x0d\x0a    },\x0d\x0a    \"node_modules/@eslint/config-array\": {\x0d\x0a      \"version\": 
\"0.21.0\",\x0d\x0a      \"dev\": true,\x0d\x0a      \"license\": \"Apache-2.0\",\x0d\x0a      \"dependencies\": 
{\x0d\x0a        \"@eslint/object-schema\": \"^2.1.6\",\x0d\x0a        \"debug\": \"^4.3.1\",\x0d\x0a        
\"minimatch\": \"^3.1.2\"\x0d\x0a      },\x0d\x0a      \"engines\": {\x0d\x0a        \"node\": \"^18.18.0 || ^20.9.0 
|| >=21.1.0\"\x0d\x0a      }\x0d\x0a    },\x0d\x0a    \"node_modules/@eslint/config-helpers\": {\x0d\x0a      
\"version\": \"0.3.0\",\x0d\x0a      \"dev\": true,\x0d\x0a      \"license\": \"Apache-2.0\",\x0d\x0a      
\"engines\": {\x0d\x0a        \"node\": \"^18.18.0 || ^20.9.0 || >=21.1.0\"\x0d\x0a      }\x0d\x0a    },\x0d\x0a    
\"node_modules/@eslint/core\": {\x0d\x0a      \"version\": \"0.15.1\",\x0d\x0a      \"dev\": true,\x0d\x0a      
\"license\": \"Apache-2.0\",\x0d\x0a      \"dependencies\": {\x0d\x0a        \"@types/json-schema\": 
\"^7.0.15\"\x0d\x0a      },\x0d\x0a      \"engines\": {\x0d\x0a        \"node\": \"^18.18.0 || ^20.9.0 || 
>=21.1.0\"\x0d\x0a      }\x0d\x0a    },\x0d\x0a    \"node_modules/@eslint/eslintrc\": {\x0d\x0a      \"version\": 
\"3.3.1\",\x0d\x0a      \"dev\": true,\x0d\x0a      \"license\": \"MIT\",\x0d\x0a      \"dependencies\": {\x0d\x0a     
   \"ajv\": \"^6.12.4\",\x0d\x0a        \"debug\": \"^4.3.2\",\x0d\x0a        \"espree\": \"^10.0.1\",\x0d\x0a        
\"globals\": \"^14.0.0\",\x0d\x0a        \"ignore\": \"^5.2.0\",\x0d\x0a        \"import-fresh\": \"^3.2.1\",\x0d\x0a  
      \"js-yaml\": \"^4.1.0\",\x0d\x0a        \"minimatch\": \"^3.1.2\",\x0d\x0a        \"strip-json-comments\": 
\"^3.1.1\"\x0d\x0a      },\x0d\x0a      \"engines\": {\x0d\x0a        \"node\": \"^18.18.0 || ^20.9.0 || 
>=21.1.0\"\x0d\x0a      },\x0d\x0a      \"funding\": {\x0d\x0a        \"url\": 
\"https://opencollective.com/eslint\"\x0d\x0a      }\x0d\x0a    },\x0d\x0a    \"node_modules/@eslint/js\": {\x0d\x0a   
   \"version\": \"9.31.0\",\x0d\x0a      \"dev\": true,\x0d\x0a      \"license\": \"MIT\",\x0d\x0a      \"engines\": 
{\x0d\x0a        \"node\": \"^18.18.0 || ^20.9.0 || >=21.1.0\"\x0d\x0a      },\x0d\x0a      \"funding\": {\x0d\x0a     
   \"url\": \"https://eslint.org/donate\"\x0d\x0a      }\x0d\x0a    },\x0d\x0a    
\"node_modules/@eslint/object-schema\": {\x0d\x0a      \"version\": \"2.1.6\",\x0d\x0a      \"dev\": true,\x0d\x0a     
 \"license\": \"Apache-2.0\",\x0d\x0a      \"engines\": {\x0d\x0a        \"node\": \"^18.18.0 || ^20.9.0 || 
>=21.1.0\"\x0d\x0a      }\x0d\x0a    },\x0d\x0a    \"node_modules/@eslint/plugin-kit\": {\x0d\x0a      \"version\": 
\"0.3.4\",\x0d\x0a      \"dev\": true,\x0d\x0a      \"license\": \"Apache-2.0\",\x0d\x0a      \"dependencies\": 
{\x0d\x0a        \"@eslint/core\": \"^0.15.1\",\x0d\x0a        \"levn\": \"^0.4.1\"\x0d\x0a      },\x0d\x0a      
\"engines\": {\x0d\x0a        \"node\": \"^18.18.0 || ^20.9.0 || >=21.1.0\"\x0d\x0a      }\x0d\x0a    },\x0d\x0a    
\"node_modules/@firebase/ai\": {\x0d\x0a      \"version\": \"1.4.1\",\x0d\x0a      \"license\": 
\"Apache-2.0\",\x0d\x0a      \"dependencies\": {\x0d\x0a        \"@firebase/app-check-interop-types\": 
\"0.3.3\",\x0d\x0a        \"@firebase/component\": \"0.6.18\",\x0d\x0a        \"@firebase/logger\": \"0.4.4\",\x0d\x0a 
       \"@firebase/util\": \"1.12.1\",\x0d\x0a        \"tslib\": \"^2.1.0\"\x0d\x0a      },\x0d\x0a      \"engines\": 
{\x0d\x0a        \"node\": \">=18.0.0\"\x0d\x0a      },\x0d\x0a      \"peerDependencies\": {\x0d\x0a        
\"@firebase/app\": \"0.x\",\x0d\x0a        \"@firebase/app-types\": \"0.x\"\x0d\x0a      }\x0d\x0a    },\x0d\x0a    
\"node_modules/@firebase/analytics\": {\x0d\x0a      \"version\": \"0.10.18\",\x0d\x0a      \"license\": 
\"Apache-2.0\",\x0d\x0a      \"dependencies\": {\x0d\x0a        \"@firebase/component\": \"0.7.0\",\x0d\x0a        
\"@firebase/installations\": \"0.6.19\",\x0d\x0a        \"@firebase/logger\": \"0.5.0\",\x0d\x0a        
\"@firebase/util\": \"1.13.0\",\x0d\x0a        \"tslib\": \"^2.1.0\"\x0d\x0a      },\x0d\x0a      
\"peerDependencies\": {\x0d\x0a        \"@firebase/app\": \"0.x\"\x0d\x0a      }\x0d\x0a    },\x0d\x0a    
\"node_modules/@firebase/analytics-compat\": {\x0d\x0a      \"version\": \"0.2.23\",\x0d\x0a      \"license\": 
\"Apache-2.0\",\x0d\x0a      \"dependencies\": {\x0d\x0a        \"@firebase/analytics\": \"0.10.17\",\x0d\x0a        
\"@firebase/analytics-types\": \"0.8.3\",\x0d\x0a        \"@firebase/component\": \"0.6.18\",\x0d\x0a        
\"@firebase/util\": \"1.12.1\",\x0d\x0a        \"tslib\": \"^2.1.0\"\x0d\x0a      },\x0d\x0a      
\"peerDependencies\": {\x0d\x0a        \"@firebase/app-compat\": \"0.x\"\x0d\x0a      }\x0d\x0a    },\x0d\x0a    
\"node_modules/@firebase/analytics-compat/node_modules/@firebase/analytics\": {\x0d\x0a      \"version\": 
\"0.10.17\",\x0d\x0a      \"license\": \"Apache-2.0\",\x0d\x0a      \"dependencies\": {\x0d\x0a        
\"@firebase/component\": \"0.6.18\",\x0d\x0a        \"@firebase/installations\": \"0.6.18\",\x0d\x0a        
\"@firebase/logger\": \"0.4.4\",\x0d\x0a        \"@firebase/util\": \"1.12.1\",\x0d\x0a        \"tslib\": 
\"^2.1.0\"\x0d\x0a      },\x0d\x0a      \"peerDependencies\": {\x0d\x0a        \"@firebase/app\": \"0.x\"\x0d\x0a      
}\x0d\x0a    },\x0d\x0a    \"node_modules/@firebase/analytics-types\": {\x0d\x0a      \"version\": \"0.8.3\",\x0d\x0a  
    \"license\": \"Apache-2.0\"\x0d\x0a    },\x0d\x0a    
\"node_modules/@firebase/analytics/node_modules/@firebase/component\": {\x0d\x0a      \"version\": \"0.7.0\",\x0d\x0a  
    \"license\": \"Apache-2.0\",\x0d\x0a      \"dependencies\": {\x0d\x0a        \"@firebase/util\": 
\"1.13.0\",\x0d\x0a        \"tslib\": \"^2.1.0\"\x0d\x0a      },\x0d\x0a      \"engines\": {\x0d\x0a        \"node\": 
\">=20.0.0\"\x0d\x0a      }\x0d\x0a    },\x0d\x0a    
\"node_modules/@firebase/analytics/node_modules/@firebase/installations\": {\x0d\x0a      \"version\": 
\"0.6.19\",\x0d\x0a      \"license\": \"Apache-2.0\",\x0d\x0a      \"dependencies\": {\x0d\x0a        
\"@firebase/component\": \"0.7.0\",\x0d\x0a        \"@firebase/util\": \"1.13.0\",\x0d\x0a        \"idb\": 
\"7.1.1\",\x0d\x0a        \"tslib\": \"^2.1.0\"\x0d\x0a      },\x0d\x0a      \"peerDependencies\": {\x0d\x0a        
\"@firebase/app\": \"0.x\"\x0d\x0a      }\x0d\x0a    },\x0d\x0a    
\"node_modules/@firebase/analytics/node_modules/@firebase/logger\": {\x0d\x0a      \"version\": \"0.5.0\",\x0d\x0a     
 \"license\": \"Apache-2.0\",\x0d\x0a      \"dependencies\": {\x0d\x0a        \"tslib\": \"^2.1.0\"\x0d\x0a      
},\x0d\x0a      \"engines\": {\x0d\x0a        \"node\": \">=20.0.0\"\x0d\x0a      }\x0d\x0a    },\x0d\x0a    
\"node_modules/@firebase/analytics/node_modules/@firebase/util\": {\x0d\x0a      \"version\": \"1.13.0\",\x0d\x0a      
\"hasInstallScript\": true,\x0d\x0a      \"license\": \"Apache-2.0\",\x0d\x0a      \"dependencies\": {\x0d\x0a        
\"tslib\": \"^2.1.0\"\x0d\x0a      },\x0d\x0a      \"engines\": {\x0d\x0a        \"node\": \">=20.0.0\"\x0d\x0a      
}\x0d\x0a    },\x0d\x0a    \"node_modules/@firebase/app\": {\x0d\x0a      \"version\": \"0.13.2\",\x0d\x0a      
\"license\": \"Apache-2.0\",\x0d\x0a      \"peer\": true,\x0d\x0a      \"dependencies\": {\x0d\x0a        
\"@firebase/component\": \"0.6.18\",\x0d\x0a        \"@firebase/logger\": \"0.4.4\",\x0d\x0a        
\"@firebase/util\": \"1.12.1\",\x0d\x0a        \"idb\": \"7.1.1\",\x0d\x0a        \"tslib\": \"^2.1.0\"\x0d\x0a      
},\x0d\x0a      \"engines\": {\x0d\x0a        \"node\": \">=18.0.0\"\x0d\x0a      }\x0d\x0a    },\x0d\x0a    
\"node_modules/@firebase/app-check\": {\x0d\x0a      \"version\": \"0.10.1\",\x0d\x0a      \"license\": 
\"Apache-2.0\",\x0d\x0a      \"dependencies\": {\x0d\x0a        \"@firebase/component\": \"0.6.18\",\x0d\x0a        
\"@firebase/logger\": \"0.4.4\",\x0d\x0a        \"@firebase/util\": \"1.12.1\",\x0d\x0a        \"tslib\": 
\"^2.1.0\"\x0d\x0a      },\x0d\x0a      \"engines\": {\x0d\x0a        \"node\": \">=18.0.0\"\x0d\x0a      },\x0d\x0a   
   \"peerDependencies\": {\x0d\x0a        \"@firebase/app\": \"0.x\"\x0d\x0a      }\x0d\x0a    },\x0d\x0a    
\"node_modules/@firebase/app-check-compat\": {\x0d\x0a      \"version\": \"0.3.26\",\x0d\x0a      \"license\": 
\"Apache-2.0\",\x0d\x0a      \"dependencies\": {\x0d\x0a        \"@firebase/app-check\": \"0.10.1\",\x0d\x0a        
\"@firebase/app-check-types\": \"0.5.3\",\x0d\x0a        \"@firebase/component\": \"0.6.18\",\x0d\x0a        
\"@firebase/logger\": \"0.4.4\",\x0d\x0a        \"@firebase/util\": \"1.12.1\",\x0d\x0a        \"tslib\": 
\"^2.1.0\"\x0d\x0a      },\x0d\x0a      \"engines\": {\x0d\x0a        \"node\": \">=18.0.0\"\x0d\x0a      },\x0d\x0a   
   \"peerDependencies\": {\x0d\x0a        \"@firebase/app-compat\": \"0.x\"\x0d\x0a      }\x0d\x0a    },\x0d\x0a    
\"node_modules/@firebase/app-check-interop-types\": {\x0d\x0a      \"version\": \"0.3.3\",\x0d\x0a      \"license\": 
\"Apache-2.0\"\x0d\x0a    },\x0d\x0a    \"node_modules/@firebase/app-check-types\": {\x0d\x0a      \"version\": 
\"0.5.3\",\x0d\x0a      \"license\": \"Apache-2.0\"\x0d\x0a    },\x0d\x0a    \"node_modules/@firebase/app-compat\": 
{\x0d\x0a      \"version\": \"0.4.2\",\x0d\x0a      \"license\": \"Apache-2.0\",\x0d\x0a      \"peer\": true,\x0d\x0a  
    \"dependencies\": {\x0d\x0a        \"@firebase/app\": \"0.13.2\",\x0d\x0a        \"@firebase/component\": 
\"0.6.18\",\x0d\x0a        \"@firebase/logger\": \"0.4.4\",\x0d\x0a        \"@firebase/util\": \"1.12.1\",\x0d\x0a     
   \"tslib\": \"^2.1.0\"\x0d\x0a      },\x0d\x0a      \"engines\": {\x0d\x0a        \"node\": \">=18.0.0\"\x0d\x0a     
 }\x0d\x0a    },\x0d\x0a    \"node_modules/@firebase/app-types\": {\x0d\x0a      \"version\": \"0.9.3\",\x0d\x0a      
\"license\": \"Apache-2.0\",\x0d\x0a      \"peer\": true\x0d\x0a    },\x0d\x0a    \"node_modules/@firebase/auth\": 
{\x0d\x0a      \"version\": \"1.11.0\",\x0d\x0a      \"license\": \"Apache-2.0\",\x0d\x0a      \"dependencies\": 
{\x0d\x0a        \"@firebase/component\": \"0.7.0\",\x0d\x0a        \"@firebase/logger\": \"0.5.0\",\x0d\x0a        
\"@firebase/util\": \"1.13.0\",\x0d\x0a        \"tslib\": \"^2.1.0\"\x0d\x0a      },\x0d\x0a      \"engines\": 
{\x0d\x0a        \"node\": \">=20.0.0\"\x0d\x0a      },\x0d\x0a      \"peerDependencies\": {\x0d\x0a        
\"@firebase/app\": \"0.x\",\x0d\x0a        \"@react-native-async-storage/async-storage\": \"^1.18.1\"\x0d\x0a      
},\x0d\x0a      \"peerDependenciesMeta\": {\x0d\x0a        \"@react-native-async-storage/async-storage\": {\x0d\x0a    
      \"optional\": true\x0d\x0a        }\x0d\x0a      }\x0d\x0a    },\x0d\x0a    
\"node_modules/@firebase/auth-compat\": {\x0d\x0a      \"version\": \"0.5.28\",\x0d\x0a      \"license\": 
\"Apache-2.0\",\x0d\x0a      \"dependencies\": {\x0d\x0a        \"@firebase/auth\": \"1.10.8\",\x0d\x0a        
\"@firebase/auth-types\": \"0.13.0\",\x0d\x0a        \"@firebase/component\": \"0.6.18\",\x0d\x0a        
\"@firebase/util\": \"1.12.1\",\x0d\x0a        \"tslib\": \"^2.1.0\"\x0d\x0a      },\x0d\x0a      \"engines\": 
{\x0d\x0a        \"node\": \">=18.0.0\"\x0d\x0a      },\x0d\x0a      \"peerDependencies\": {\x0d\x0a        
\"@firebase/app-compat\": \"0.x\"\x0d\x0a      }\x0d\x0a    },\x0d\x0a    
\"node_modules/@firebase/auth-compat/node_modules/@firebase/auth\": {\x0d\x0a      \"version\": \"1.10.8\",\x0d\x0a    
  \"license\": \"Apache-2.0\",\x0d\x0a      \"dependencies\": {\x0d\x0a        \"@firebase/component\": 
\"0.6.18\",\x0d\x0a        \"@firebase/logger\": \"0.4.4\",\x0d\x0a        \"@firebase/util\": \"1.12.1\",\x0d\x0a     
   \"tslib\": \"^2.1.0\"\x0d\x0a      },\x0d\x0a      \"engines\": {\x0d\x0a        \"node\": \">=18.0.0\"\x0d\x0a     
 },\x0d\x0a      \"peerDependencies\": {\x0d\x0a        \"@firebase/app\": \"0.x\",\x0d\x0a        
\"@react-native-async-storage/async-storage\": \"^1.18.1\"\x0d\x0a      },\x0d\x0a      \"peerDependenciesMeta\": 
{\x0d\x0a        \"@react-native-async-storage/async-storage\": {\x0d\x0a          \"optional\": true\x0d\x0a        
}\x0d\x0a      }\x0d\x0a    },\x0d\x0a    \"node_modules/@firebase/auth-interop-types\": {\x0d\x0a      \"version\": 
\"0.2.4\",\x0d\x0a      \"license\": \"Apache-2.0\"\x0d\x0a    },\x0d\x0a    \"node_modules/@firebase/auth-types\": 
{\x0d\x0a      \"version\": \"0.13.0\",\x0d\x0a      \"license\": \"Apache-2.0\",\x0d\x0a      \"peerDependencies\": 
{\x0d\x0a        \"@firebase/app-types\": \"0.x\",\x0d\x0a        \"@firebase/util\": \"1.x\"\x0d\x0a      }\x0d\x0a   
 },\x0d\x0a    \"node_modules/@firebase/auth/node_modules/@firebase/component\": {\x0d\x0a      \"version\": 
\"0.7.0\",\x0d\x0a      \"license\": \"Apache-2.0\",\x0d\x0a      \"dependencies\": {\x0d\x0a        
\"@firebase/util\": \"1.13.0\",\x0d\x0a        \"tslib\": \"^2.1.0\"\x0d\x0a      },\x0d\x0a      \"engines\": 
{\x0d\x0a        \"node\": \">=20.0.0\"\x0d\x0a      }\x0d\x0a    },\x0d\x0a    
\"node_modules/@firebase/auth/node_modules/@firebase/logger\": {\x0d\x0a      \"version\": \"0.5.0\",\x0d\x0a      
\"license\": \"Apache-2.0\",\x0d\x0a      \"dependencies\": {\x0d\x0a        \"tslib\": \"^2.1.0\"\x0d\x0a      
},\x0d\x0a      \"engines\": {\x0d\x0a        \"node\": \">=20.0.0\"\x0d\x0a      }\x0d\x0a    },\x0d\x0a    
\"node_modules/@firebase/auth/node_modules/@firebase/util\": {\x0d\x0a      \"version\": \"1.13.0\",\x0d\x0a      
\"hasInstallScript\": true,\x0d\x0a      \"license\": \"Apache-2.0\",\x0d\x0a      \"dependencies\": {\x0d\x0a        
\"tslib\": \"^2.1.0\"\x0d\x0a      },\x0d\x0a      \"engines\": {\x0d\x0a        \"node\": \">=20.0.0\"\x0d\x0a      
}\x0d\x0a    },\x0d\x0a    \"node_modules/@firebase/component\": {\x0d\x0a      \"version\": \"0.6.18\",\x0d\x0a      
\"license\": \"Apache-2.0\",\x0d\x0a      \"dependencies\": {\x0d\x0a        \"@firebase/util\": \"1.12.1\",\x0d\x0a   
     \"tslib\": \"^2.1.0\"\x0d\x0a      },\x0d\x0a      \"engines\": {\x0d\x0a        \"node\": \">=18.0.0\"\x0d\x0a   
   }\x0d\x0a    },\x0d\x0a    \"node_modules/@firebase/data-connect\": {\x0d\x0a      \"version\": \"0.3.10\",\x0d\x0a 
     \"license\": \"Apache-2.0\",\x0d\x0a      \"dependencies\": {\x0d\x0a        \"@firebase/auth-interop-types\": 
\"0.2.4\",\x0d\x0a        \"@firebase/component\": \"0.6.18\",\x0d\x0a        \"@firebase/logger\": \"0.4.4\",\x0d\x0a 
       \"@firebase/util\": \"1.12.1\",\x0d\x0a        \"tslib\": \"^2.1.0\"\x0d\x0a      },\x0d\x0a      
\"peerDependencies\": {\x0d\x0a        \"@firebase/app\": \"0.x\"\x0d\x0a      }\x0d\x0a    },\x0d\x0a    
\"node_modules/@firebase/database\": {\x0d\x0a      \"version\": \"1.0.20\",\x0d\x0a      \"license\": 
\"Apache-2.0\",\x0d\x0a      \"dependencies\": {\x0d\x0a        \"@firebase/app-check-interop-types\": 
\"0.3.3\",\x0d\x0a        \"@firebase/auth-interop-types\": \"0.2.4\",\x0d\x0a        \"@firebase/component\": 
\"0.6.18\",\x0d\x0a        \"@firebase/logger\": \"0.4.4\",\x0d\x0a        \"@firebase/util\": \"1.12.1\",\x0d\x0a     
   \"faye-websocket\": \"0.11.4\",\x0d\x0a        \"tslib\": \"^2.1.0\"\x0d\x0a      },\x0d\x0a      \"engines\": 
{\x0d\x0a        \"node\": \">=18.0.0\"\x0d\x0a      }\x0d\x0a    },\x0d\x0a    
\"node_modules/@firebase/database-compat\": {\x0d\x0a      \"version\": \"2.0.11\",\x0d\x0a      \"license\": 
\"Apache-2.0\",\x0d\x0a      \"dependencies\": {\x0d\x0a        \"@firebase/component\": \"0.6.18\",\x0d\x0a        
\"@firebase/database\": \"1.0.20\",\x0d\x0a        \"@firebase/database-types\": \"1.0.15\",\x0d\x0a        
\"@firebase/logger\": \"0.4.4\",\x0d\x0a        \"@firebase/util\": \"1.12.1\",\x0d\x0a        \"tslib\": 
\"^2.1.0\"\x0d\x0a      },\x0d\x0a      \"engines\": {\x0d\x0a        \"node\": \">=18.0.0\"\x0d\x0a      }\x0d\x0a    
},\x0d\x0a    \"node_modules/@firebase/database-types\": {\x0d\x0a      \"version\": \"1.0.15\",\x0d\x0a      
\"license\": \"Apache-2.0\",\x0d\x0a      \"dependencies\": {\x0d\x0a        \"@firebase/app-types\": 
\"0.9.3\",\x0d\x0a        \"@firebase/util\": \"1.12.1\"\x0d\x0a      }\x0d\x0a    },\x0d\x0a    
\"node_modules/@firebase/firestore\": {\x0d\x0a      \"version\": \"4.8.0\",\x0d\x0a      \"license\": 
\"Apache-2.0\",\x0d\x0a      \"dependencies\": {\x0d\x0a        \"@firebase/component\": \"0.6.18\",\x0d\x0a        
\"@firebase/logger\": \"0.4.4\",\x0d\x0a        \"@firebase/util\": \"1.12.1\",\x0d\x0a        
\"@firebase/webchannel-wrapper\": \"1.0.3\",\x0d\x0a        \"@grpc/grpc-js\": \"~1.9.0\",\x0d\x0a        
\"@grpc/proto-loader\": \"^0.7.8\",\x0d\x0a        \"tslib\": \"^2.1.0\"\x0d\x0a      },\x0d\x0a      \"engines\": 
{\x0d\x0a        \"node\": \">=18.0.0\"\x0d\x0a      },\x0d\x0a      \"peerDependencies\": {\x0d\x0a        
\"@firebase/app\": \"0.x\"\x0d\x0a      }\x0d\x0a    },\x0d\x0a    \"node_modules/@firebase/firestore-compat\": 
{\x0d\x0a      \"version\": \"0.3.53\",\x0d\x0a      \"license\": \"Apache-2.0\",\x0d\x0a      \"dependencies\": 
{\x0d\x0a        \"@firebase/component\": \"0.6.18\",\x0d\x0a        \"@firebase/firestore\": \"4.8.0\",\x0d\x0a       
 \"@firebase/firestore-types\": \"3.0.3\",\x0d\x0a        \"@firebase/util\": \"1.12.1\",\x0d\x0a        \"tslib\": 
\"^2.1.0\"\x0d\x0a      },\x0d\x0a      \"engines\": {\x0d\x0a        \"node\": \">=18.0.0\"\x0d\x0a      },\x0d\x0a   
   \"peerDependencies\": {\x0d\x0a        \"@firebase/app-compat\": \"0.x\"\x0d\x0a      }\x0d\x0a    },\x0d\x0a    
\"node_modules/@firebase/firestore-types\": {\x0d\x0a      \"version\": \"3.0.3\",\x0d\x0a      \"license\": 
\"Apache-2.0\",\x0d\x0a      \"peerDependencies\": {\x0d\x0a        \"@firebase/app-types\": \"0.x\",\x0d\x0a        
\"@firebase/util\": \"1.x\"\x0d\x0a      }\x0d\x0a    },\x0d\x0a    \"node_modules/@firebase/functions\": {\x0d\x0a    
  \"version\": \"0.12.9\",\x0d\x0a      \"license\": \"Apache-2.0\",\x0d\x0a      \"dependencies\": {\x0d\x0a        
\"@firebase/app-check-interop-types\": \"0.3.3\",\x0d\x0a        \"@firebase/auth-interop-types\": \"0.2.4\",\x0d\x0a  
      \"@firebase/component\": \"0.6.18\",\x0d\x0a        \"@firebase/messaging-interop-types\": \"0.2.3\",\x0d\x0a    
    \"@firebase/util\": \"1.12.1\",\x0d\x0a        \"tslib\": \"^2.1.0\"\x0d\x0a      },\x0d\x0a      \"engines\": 
{\x0d\x0a        \"node\": \">=18.0.0\"\x0d\x0a      },\x0d\x0a      \"peerDependencies\": {\x0d\x0a        
\"@firebase/app\": \"0.x\"\x0d\x0a      }\x0d\x0a    },\x0d\x0a    \"node_modules/@firebase/functions-compat\": 
{\x0d\x0a      \"version\": \"0.3.26\",\x0d\x0a      \"license\": \"Apache-2.0\",\x0d\x0a      \"dependencies\": 
{\x0d\x0a        \"@firebase/component\": \"0.6.18\",\x0d\x0a        \"@firebase/functions\": \"0.12.9\",\x0d\x0a      
  \"@firebase/functions-types\": \"0.6.3\",\x0d\x0a        \"@firebase/util\": \"1.12.1\",\x0d\x0a        \"tslib\": 
\"^2.1.0\"\x0d\x0a      },\x0d\x0a      \"engines\": {\x0d\x0a        \"node\": \">=18.0.0\"\x0d\x0a      },\x0d\x0a   
   \"peerDependencies\": {\x0d\x0a        \"@firebase/app-compat\": \"0.x\"\x0d\x0a      }\x0d\x0a    },\x0d\x0a    
\"node_modules/@firebase/functions-types\": {\x0d\x0a      \"version\": \"0.6.3\",\x0d\x0a      \"license\": 
\"Apache-2.0\"\x0d\x0a    },\x0d\x0a    \"node_modules/@firebase/installations\": {\x0d\x0a      \"version\": 
\"0.6.18\",\x0d\x0a      \"license\": \"Apache-2.0\",\x0d\x0a      \"dependencies\": {\x0d\x0a        
\"@firebase/component\": \"0.6.18\",\x0d\x0a        \"@firebase/util\": \"1.12.1\",\x0d\x0a        \"idb\": 
\"7.1.1\",\x0d\x0a        \"tslib\": \"^2.1.0\"\x0d\x0a      },\x0d\x0a      \"peerDependencies\": {\x0d\x0a        
\"@firebase/app\": \"0.x\"\x0d\x0a      }\x0d\x0a    },\x0d\x0a    \"node_modules/@firebase/installations-compat\": 
{\x0d\x0a      \"version\": \"0.2.18\",\x0d\x0a      \"license\": \"Apache-2.0\",\x0d\x0a      \"dependencies\": 
{\x0d\x0a        \"@firebase/component\": \"0.6.18\",\x0d\x0a        \"@firebase/installations\": \"0.6.18\",\x0d\x0a  
      \"@firebase/installations-types\": \"0.5.3\",\x0d\x0a        \"@firebase/util\": \"1.12.1\",\x0d\x0a        
\"tslib\": \"^2.1.0\"\x0d\x0a      },\x0d\x0a      \"peerDependencies\": {\x0d\x0a        \"@firebase/app-compat\": 
\"0.x\"\x0d\x0a      }\x0d\x0a    },\x0d\x0a    \"node_modules/@firebase/installations-types\": {\x0d\x0a      
\"version\": \"0.5.3\",\x0d\x0a      \"license\": \"Apache-2.0\",\x0d\x0a      \"peerDependencies\": {\x0d\x0a        
\"@firebase/app-types\": \"0.x\"\x0d\x0a      }\x0d\x0a    },\x0d\x0a    \"node_modules/@firebase/logger\": {\x0d\x0a  
    \"version\": \"0.4.4\",\x0d\x0a      \"license\": \"Apache-2.0\",\x0d\x0a      \"dependencies\": {\x0d\x0a        
\"tslib\": \"^2.1.0\"\x0d\x0a      },\x0d\x0a      \"engines\": {\x0d\x0a        \"node\": \">=18.0.0\"\x0d\x0a      
}\x0d\x0a    },\x0d\x0a    \"node_modules/@firebase/messaging\": {\x0d\x0a      \"version\": \"0.12.22\",\x0d\x0a      
\"license\": \"Apache-2.0\",\x0d\x0a      \"dependencies\": {\x0d\x0a        \"@firebase/component\": 
\"0.6.18\",\x0d\x0a        \"@firebase/installations\": \"0.6.18\",\x0d\x0a        
\"@firebase/messaging-interop-types\": \"0.2.3\",\x0d\x0a        \"@firebase/util\": \"1.12.1\",\x0d\x0a        
\"idb\": \"7.1.1\",\x0d\x0a        \"tslib\": \"^2.1.0\"\x0d\x0a      },\x0d\x0a      \"peerDependencies\": {\x0d\x0a  
      \"@firebase/app\": \"0.x\"\x0d\x0a      }\x0d\x0a    },\x0d\x0a    \"node_modules/@firebase/messaging-compat\": 
{\x0d\x0a      \"version\": \"0.2.22\",\x0d\x0a      \"license\": \"Apache-2.0\",\x0d\x0a      \"dependencies\": 
{\x0d\x0a        \"@firebase/component\": \"0.6.18\",\x0d\x0a        \"@firebase/messaging\": \"0.12.22\",\x0d\x0a     
   \"@firebase/util\": \"1.12.1\",\x0d\x0a        \"tslib\": \"^2.1.0\"\x0d\x0a      },\x0d\x0a      
\"peerDependencies\": {\x0d\x0a        \"@firebase/app-compat\": \"0.x\"\x0d\x0a      }\x0d\x0a    },\x0d\x0a    
\"node_modules/@firebase/messaging-interop-types\": {\x0d\x0a      \"version\": \"0.2.3\",\x0d\x0a      \"license\": 
\"Apache-2.0\"\x0d\x0a    },\x0d\x0a    \"node_modules/@firebase/performance\": {\x0d\x0a      \"version\": 
\"0.7.7\",\x0d\x0a      \"license\": \"Apache-2.0\",\x0d\x0a      \"dependencies\": {\x0d\x0a        
\"@firebase/component\": \"0.6.18\",\x0d\x0a        \"@firebase/installations\": \"0.6.18\",\x0d\x0a        
\"@firebase/logger\": \"0.4.4\",\x0d\x0a        \"@firebase/util\": \"1.12.1\",\x0d\x0a        \"tslib\": 
\"^2.1.0\",\x0d\x0a        \"web-vitals\": \"^4.2.4\"\x0d\x0a      },\x0d\x0a      \"peerDependencies\": {\x0d\x0a     
   \"@firebase/app\": \"0.x\"\x0d\x0a      }\x0d\x0a    },\x0d\x0a    \"node_modules/@firebase/performance-compat\": 
{\x0d\x0a      \"version\": \"0.2.20\",\x0d\x0a      \"license\": \"Apache-2.0\",\x0d\x0a      \"dependencies\": 
{\x0d\x0a        \"@firebase/component\": \"0.6.18\",\x0d\x0a        \"@firebase/logger\": \"0.4.4\",\x0d\x0a        
\"@firebase/performance\": \"0.7.7\",\x0d\x0a        \"@firebase/performance-types\": \"0.2.3\",\x0d\x0a        
\"@firebase/util\": \"1.12.1\",\x0d\x0a        \"tslib\": \"^2.1.0\"\x0d\x0a      },\x0d\x0a      
\"peerDependencies\": {\x0d\x0a        \"@firebase/app-compat\": \"0.x\"\x0d\x0a      }\x0d\x0a    },\x0d\x0a    
\"node_modules/@firebase/performance-types\": {\x0d\x0a      \"version\": \"0.2.3\",\x0d\x0a      \"license\": 
\"Apache-2.0\"\x0d\x0a    },\x0d\x0a    \"node_modules/@firebase/remote-config\": {\x0d\x0a      \"version\": 
\"0.6.5\",\x0d\x0a      \"license\": \"Apache-2.0\",\x0d\x0a      \"dependencies\": {\x0d\x0a        
\"@firebase/component\": \"0.6.18\",\x0d\x0a        \"@firebase/installations\": \"0.6.18\",\x0d\x0a        
\"@firebase/logger\": \"0.4.4\",\x0d\x0a        \"@firebase/util\": \"1.12.1\",\x0d\x0a        \"tslib\": 
\"^2.1.0\"\x0d\x0a      },\x0d\x0a      \"peerDependencies\": {\x0d\x0a        \"@firebase/app\": \"0.x\"\x0d\x0a      
}\x0d\x0a    },\x0d\x0a    \"node_modules/@firebase/remote-config-compat\": {\x0d\x0a      \"version\": 
\"0.2.18\",\x0d\x0a      \"license\": \"Apache-2.0\",\x0d\x0a      \"dependencies\": {\x0d\x0a        
\"@firebase/component\": \"0.6.18\",\x0d\x0a        \"@firebase/logger\": \"0.4.4\",\x0d\x0a        
\"@firebase/remote-config\": \"0.6.5\",\x0d\x0a        \"@firebase/remote-config-types\": \"0.4.0\",\x0d\x0a        
\"@firebase/util\": \"1.12.1\",\x0d\x0a        \"tslib\": \"^2.1.0\"\x0d\x0a      },\x0d\x0a      
\"peerDependencies\": {\x0d\x0a        \"@firebase/app-compat\": \"0.x\"\x0d\x0a      }\x0d\x0a    },\x0d\x0a    
\"node_modules/@firebase/remote-config-types\": {\x0d\x0a      \"version\": \"0.4.0\",\x0d\x0a      \"license\": 
\"Apache-2.0\"\x0d\x0a    },\x0d\x0a    \"node_modules/@firebase/storage\": {\x0d\x0a      \"version\": 
\"0.13.14\",\x0d\x0a      \"license\": \"Apache-2.0\",\x0d\x0a      \"dependencies\": {\x0d\x0a        
\"@firebase/component\": \"0.6.18\",\x0d\x0a        \"@firebase/util\": \"1.12.1\",\x0d\x0a        \"tslib\": 
\"^2.1.0\"\x0d\x0a      },\x0d\x0a      \"engines\": {\x0d\x0a        \"node\": \">=18.0.0\"\x0d\x0a      },\x0d\x0a   
   \"peerDependencies\": {\x0d\x0a        \"@firebase/app\": \"0.x\"\x0d\x0a      }\x0d\x0a    },\x0d\x0a    
\"node_modules/@firebase/storage-compat\": {\x0d\x0a      \"version\": \"0.3.24\",\x0d\x0a      \"license\": 
\"Apache-2.0\",\x0d\x0a      \"dependencies\": {\x0d\x0a        \"@firebase/component\": \"0.6.18\",\x0d\x0a        
\"@firebase/storage\": \"0.13.14\",\x0d\x0a        \"@firebase/storage-types\": \"0.8.3\",\x0d\x0a        
\"@firebase/util\": \"1.12.1\",\x0d\x0a        \"tslib\": \"^2.1.0\"\x0d\x0a      },\x0d\x0a      \"engines\": 
{\x0d\x0a        \"node\": \">=18.0.0\"\x0d\x0a      },\x0d\x0a      \"peerDependencies\": {\x0d\x0a        
\"@firebase/app-compat\": \"0.x\"\x0d\x0a      }\x0d\x0a    },\x0d\x0a    \"node_modules/@firebase/storage-types\": 
{\x0d\x0a      \"version\": \"0.8.3\",\x0d\x0a      \"license\": \"Apache-2.0\",\x0d\x0a      \"peerDependencies\": 
{\x0d\x0a        \"@firebase/app-types\": \"0.x\",\x0d\x0a        \"@firebase/util\": \"1.x\"\x0d\x0a      }\x0d\x0a   
 },\x0d\x0a    \"node_modules/@firebase/util\": {\x0d\x0a      \"version\": \"1.12.1\",\x0d\x0a      
\"hasInstallScript\": true,\x0d\x0a      \"license\": \"Apache-2.0\",\x0d\x0a      \"peer\": true,\x0d\x0a      
\"dependencies\": {\x0d\x0a        \"tslib\": \"^2.1.0\"\x0d\x0a      },\x0d\x0a      \"engines\": {\x0d\x0a        
\"node\": \">=18.0.0\"\x0d\x0a      }\x0d\x0a    },\x0d\x0a    \"node_modules/@firebase/webchannel-wrapper\": 
{\x0d\x0a      \"version\": \"1.0.3\",\x0d\x0a      \"license\": \"Apache-2.0\"\x0d\x0a    },\x0d\x0a    
\"node_modules/@floating-ui/core\": {\x0d\x0a      \"version\": \"1.7.2\",\x0d\x0a      \"license\": \"MIT\",\x0d\x0a  
    \"dependencies\": {\x0d\x0a        \"@floating-ui/utils\": \"^0.2.10\"\x0d\x0a      }\x0d\x0a    },\x0d\x0a    
\"node_modules/@floating-ui/dom\": {\x0d\x0a      \"version\": \"1.7.2\",\x0d\x0a      \"license\": \"MIT\",\x0d\x0a   
   \"dependencies\": {\x0d\x0a        \"@floating-ui/core\": \"^1.7.2\",\x0d\x0a        \"@floating-ui/utils\": 
\"^0.2.10\"\x0d\x0a      }\x0d\x0a    },\x0d\x0a    \"node_modules/@floating-ui/react\": {\x0d\x0a      \"version\": 
\"0.26.28\",\x0d\x0a      \"license\": \"MIT\",\x0d\x0a      \"dependencies\": {\x0d\x0a        
\"@floating-ui/react-dom\": \"^2.1.2\",\x0d\x0a        \"@floating-ui/utils\": \"^0.2.8\",\x0d\x0a        
\"tabbable\": \"^6.0.0\"\x0d\x0a      },\x0d\x0a      \"peerDependencies\": {\x0d\x0a        \"react\": 
\">=16.8.0\",\x0d\x0a        \"react-dom\": \">=16.8.0\"\x0d\x0a      }\x0d\x0a    },\x0d\x0a    
\"node_modules/@floating-ui/react-dom\": {\x0d\x0a      \"version\": \"2.1.4\",\x0d\x0a      \"license\": 
\"MIT\",\x0d\x0a      \"dependencies\": {\x0d\x0a        \"@floating-ui/dom\": \"^1.7.2\"\x0d\x0a      },\x0d\x0a      
\"peerDependencies\": {\x0d\x0a        \"react\": \">=16.8.0\",\x0d\x0a        \"react-dom\": \">=16.8.0\"\x0d\x0a     
 }\x0d\x0a    },\x0d\x0a    \"node_modules/@floating-ui/utils\": {\x0d\x0a      \"version\": \"0.2.10\",\x0d\x0a      
\"license\": \"MIT\"\x0d\x0a    },\x0d\x0a    \"node_modules/@google/generative-ai\": {\x0d\x0a      \"version\": 
\"0.2.1\",\x0d\x0a      \"resolved\": 
\"https://registry.npmjs.org/@google/generative-ai/-/generative-ai-0.2.1.tgz\",\x0d\x0a      \"integrity\": 
\"sha512-gNmMFadfwi7qf/6M9gImgyGJXY1jKQ/de8vGOqgJ0PPYgQ7WwzZDavbKrIuXS2zdqZZaYtxW3EFN6aG9x5wtFw==\",\x0d\x0a      
\"engines\": {\x0d\x0a        \"node\": \">=18.0.0\"\x0d\x0a      }\x0d\x0a    },\x0d\x0a    
\"node_modules/@grpc/grpc-js\": {\x0d\x0a      \"version\": \"1.9.15\",\x0d\x0a      \"license\": 
\"Apache-2.0\",\x0d\x0a      \"dependencies\": {\x0d\x0a        \"@grpc/proto-loader\": \"^0.7.8\",\x0d\x0a        
\"@types/node\": \">=12.12.47\"\x0d\x0a      },\x0d\x0a      \"engines\": {\x0d\x0a        \"node\": \"^8.13.0 || 
>=10.10.0\"\x0d\x0a      }\x0d\x0a    },\x0d\x0a    \"node_modules/@grpc/proto-loader\": {\x0d\x0a      \"version\": 
\"0.7.15\",\x0d\x0a      \"license\": \"Apache-2.0\",\x0d\x0a      \"dependencies\": {\x0d\x0a        
\"lodash.camelcase\": \"^4.3.0\",\x0d\x0a        \"long\": \"^5.0.0\",\x0d\x0a        \"protobufjs\": 
\"^7.2.5\",\x0d\x0a        \"yargs\": \"^17.7.2\"\x0d\x0a      },\x0d\x0a      \"bin\": {\x0d\x0a        
\"proto-loader-gen-types\": \"build/bin/proto-loader-gen-types.js\"\x0d\x0a      },\x0d\x0a      \"engines\": 
{\x0d\x0a        \"node\": \">=6\"\x0d\x0a      }\x0d\x0a    },\x0d\x0a    \"node_modules/@headlessui/react\": 
{\x0d\x0a      \"version\": \"2.2.6\",\x0d\x0a      \"license\": \"MIT\",\x0d\x0a      \"dependencies\": {\x0d\x0a     
   \"@floating-ui/react\": \"^0.26.16\",\x0d\x0a        \"@react-aria/focus\": \"^3.20.2\",\x0d\x0a        
\"@react-aria/interactions\": \"^3.25.0\",\x0d\x0a        \"@tanstack/react-virtual\": \"^3.13.9\",\x0d\x0a        
\"use-sync-external-store\": \"^1.5.0\"\x0d\x0a      },\x0d\x0a      \"engines\": {\x0d\x0a        \"node\": 
\">=10\"\x0d\x0a      },\x0d\x0a      \"peerDependencies\": {\x0d\x0a        \"react\": \"^18 || ^19 || 
^19.0.0-rc\",\x0d\x0a        \"react-dom\": \"^18 || ^19 || ^19.0.0-rc\"\x0d\x0a      }\x0d\x0a    },\x0d\x0a    
\"node_modules/@heroicons/react\": {\x0d\x0a      \"version\": \"2.2.0\",\x0d\x0a      \"license\": \"MIT\",\x0d\x0a   
   \"peerDependencies\": {\x0d\x0a        \"react\": \">= 16 || ^19.0.0-rc\"\x0d\x0a      }\x0d\x0a    },\x0d\x0a    
\"node_modules/@humanfs/core\": {\x0d\x0a      \"version\": \"0.19.1\",\x0d\x0a      \"dev\": true,\x0d\x0a      
\"license\": \"Apache-2.0\",\x0d\x0a      \"engines\": {\x0d\x0a        \"node\": \">=18.18.0\"\x0d\x0a      }\x0d\x0a 
   },\x0d\x0a    \"node_modules/@humanfs/node\": {\x0d\x0a      \"version\": \"0.16.6\",\x0d\x0a      \"dev\": 
true,\x0d\x0a      \"license\": \"Apache-2.0\",\x0d\x0a      \"dependencies\": {\x0d\x0a        \"@humanfs/core\": 
\"^0.19.1\",\x0d\x0a        \"@humanwhocodes/retry\": \"^0.3.0\"\x0d\x0a      },\x0d\x0a      \"engines\": {\x0d\x0a   
     \"node\": \">=18.18.0\"\x0d\x0a      }\x0d\x0a    },\x0d\x0a    
\"node_modules/@humanfs/node/node_modules/@humanwhocodes/retry\": {\x0d\x0a      \"version\": \"0.3.1\",\x0d\x0a      
\"dev\": true,\x0d\x0a      \"license\": \"Apache-2.0\",\x0d\x0a      \"engines\": {\x0d\x0a        \"node\": 
\">=18.18\"\x0d\x0a      },\x0d\x0a      \"funding\": {\x0d\x0a        \"type\": \"github\",\x0d\x0a        \"url\": 
\"https://github.com/sponsors/nzakas\"\x0d\x0a      }\x0d\x0a    },\x0d\x0a    
\"node_modules/@humanwhocodes/module-importer\": {\x0d\x0a      \"version\": \"1.0.1\",\x0d\x0a      \"dev\": 
true,\x0d\x0a      \"license\": \"Apache-2.0\",\x0d\x0a      \"engines\": {\x0d\x0a        \"node\": 
\">=12.22\"\x0d\x0a      },\x0d\x0a      \"funding\": {\x0d\x0a        \"type\": \"github\",\x0d\x0a        \"url\": 
\"https://github.com/sponsors/nzakas\"\x0d\x0a      }\x0d\x0a    },\x0d\x0a    \"node_modules/@humanwhocodes/retry\": 
{\x0d\x0a      \"version\": \"0.4.3\",\x0d\x0a      \"dev\": true,\x0d\x0a      \"license\": \"Apache-2.0\",\x0d\x0a   
   \"engines\": {\x0d\x0a        \"node\": \">=18.18\"\x0d\x0a      },\x0d\x0a      \"funding\": {\x0d\x0a        
\"type\": \"github\",\x0d\x0a        \"url\": \"https://github.com/sponsors/nzakas\"\x0d\x0a      }\x0d\x0a    
},\x0d\x0a    \"node_modules/@img/sharp-darwin-arm64\": {\x0d\x0a      \"version\": \"0.34.3\",\x0d\x0a      
\"resolved\": \"https://registry.npmjs.org/@img/sharp-darwin-arm64/-/sharp-darwin-arm64-0.34.3.tgz\",\x0d\x0a      
\"integrity\": 
\"sha512-ryFMfvxxpQRsgZJqBd4wsttYQbCxsJksrv9Lw/v798JcQ8+w84mBWuXwl+TT0WJ/WrYOLaYpwQXi3sA9nTIaIg==\",\x0d\x0a      
\"cpu\": [\x0d\x0a        \"arm64\"\x0d\x0a      ],\x0d\x0a      \"license\": \"Apache-2.0\",\x0d\x0a      
\"optional\": true,\x0d\x0a      \"os\": [\x0d\x0a        \"darwin\"\x0d\x0a      ],\x0d\x0a      \"engines\": 
{\x0d\x0a        \"node\": \"^18.17.0 || ^20.3.0 || >=21.0.0\"\x0d\x0a      },\x0d\x0a      \"funding\": {\x0d\x0a     
   \"url\": \"https://opencollective.com/libvips\"\x0d\x0a      },\x0d\x0a      \"optionalDependencies\": {\x0d\x0a    
    \"@img/sharp-libvips-darwin-arm64\": \"1.2.0\"\x0d\x0a      }\x0d\x0a    },\x0d\x0a    
\"node_modules/@img/sharp-darwin-x64\": {\x0d\x0a      \"version\": \"0.34.3\",\x0d\x0a      \"resolved\": 
\"https://registry.npmjs.org/@img/sharp-darwin-x64/-/sharp-darwin-x64-0.34.3.tgz\",\x0d\x0a      \"integrity\": 
\"sha512-yHpJYynROAj12TA6qil58hmPmAwxKKC7reUqtGLzsOHfP7/rniNGTL8tjWX6L3CTV4+5P4ypcS7Pp+7OB+8ihA==\",\x0d\x0a      
\"cpu\": [\x0d\x0a        \"x64\"\x0d\x0a      ],\x0d\x0a      \"license\": \"Apache-2.0\",\x0d\x0a      \"optional\": 
true,\x0d\x0a      \"os\": [\x0d\x0a        \"darwin\"\x0d\x0a      ],\x0d\x0a      \"engines\": {\x0d\x0a        
\"node\": \"^18.17.0 || ^20.3.0 || >=21.0.0\"\x0d\x0a      },\x0d\x0a      \"funding\": {\x0d\x0a        \"url\": 
\"https://opencollective.com/libvips\"\x0d\x0a      },\x0d\x0a      \"optionalDependencies\": {\x0d\x0a        
\"@img/sharp-libvips-darwin-x64\": \"1.2.0\"\x0d\x0a      }\x0d\x0a    },\x0d\x0a    
\"node_modules/@img/sharp-libvips-darwin-arm64\": {\x0d\x0a      \"version\": \"1.2.0\",\x0d\x0a      \"resolved\": 
\"https://registry.npmjs.org/@img/sharp-libvips-darwin-arm64/-/sharp-libvips-darwin-arm64-1.2.0.tgz\",\x0d\x0a      
\"integrity\": 
\"sha512-sBZmpwmxqwlqG9ueWFXtockhsxefaV6O84BMOrhtg/YqbTaRdqDE7hxraVE3y6gVM4eExmfzW4a8el9ArLeEiQ==\",\x0d\x0a      
\"cpu\": [\x0d\x0a        \"arm64\"\x0d\x0a      ],\x0d\x0a      \"license\": \"LGPL-3.0-or-later\",\x0d\x0a      
\"optional\": true,\x0d\x0a      \"os\": [\x0d\x0a        \"darwin\"\x0d\x0a      ],\x0d\x0a      \"funding\": 
{\x0d\x0a        \"url\": \"https://opencollective.com/libvips\"\x0d\x0a      }\x0d\x0a    },\x0d\x0a    
\"node_modules/@img/sharp-libvips-darwin-x64\": {\x0d\x0a      \"version\": \"1.2.0\",\x0d\x0a      \"resolved\": 
\"https://registry.npmjs.org/@img/sharp-libvips-darwin-x64/-/sharp-libvips-darwin-x64-1.2.0.tgz\",\x0d\x0a      
\"integrity\": 
\"sha512-M64XVuL94OgiNHa5/m2YvEQI5q2cl9d/wk0qFTDVXcYzi43lxuiFTftMR1tOnFQovVXNZJ5TURSDK2pNe9Yzqg==\",\x0d\x0a      
\"cpu\": [\x0d\x0a        \"x64\"\x0d\x0a      ],\x0d\x0a      \"license\": \"LGPL-3.0-or-later\",\x0d\x0a      
\"optional\": true,\x0d\x0a      \"os\": [\x0d\x0a        \"darwin\"\x0d\x0a      ],\x0d\x0a      \"funding\": 
{\x0d\x0a        \"url\": \"https://opencollective.com/libvips\"\x0d\x0a      }\x0d\x0a    },\x0d\x0a    
\"node_modules/@img/sharp-libvips-linux-arm\": {\x0d\x0a      \"version\": \"1.2.0\",\x0d\x0a      \"resolved\": 
\"https://registry.npmjs.org/@img/sharp-libvips-linux-arm/-/sharp-libvips-linux-arm-1.2.0.tgz\",\x0d\x0a      
\"integrity\": 
\"sha512-mWd2uWvDtL/nvIzThLq3fr2nnGfyr/XMXlq8ZJ9WMR6PXijHlC3ksp0IpuhK6bougvQrchUAfzRLnbsen0Cqvw==\",\x0d\x0a      
\"cpu\": [\x0d\x0a        \"arm\"\x0d\x0a      ],\x0d\x0a      \"license\": \"LGPL-3.0-or-later\",\x0d\x0a      
\"optional\": true,\x0d\x0a      \"os\": [\x0d\x0a        \"linux\"\x0d\x0a      ],\x0d\x0a      \"funding\": 
{\x0d\x0a        \"url\": \"https://opencollective.com/libvips\"\x0d\x0a      }\x0d\x0a    },\x0d\x0a    
\"node_modules/@img/sharp-libvips-linux-arm64\": {\x0d\x0a      \"version\": \"1.2.0\",\x0d\x0a      \"resolved\": 
\"https://registry.npmjs.org/@img/sharp-libvips-linux-arm64/-/sharp-libvips-linux-arm64-1.2.0.tgz\",\x0d\x0a      
\"integrity\": 
\"sha512-RXwd0CgG+uPRX5YYrkzKyalt2OJYRiJQ8ED/fi1tq9WQW2jsQIn0tqrlR5l5dr/rjqq6AHAxURhj2DVjyQWSOA==\",\x0d\x0a      
\"cpu\": [\x0d\x0a        \"arm64\"\x0d\x0a      ],\x0d\x0a      \"license\": \"LGPL-3.0-or-later\",\x0d\x0a      
\"optional\": true,\x0d\x0a      \"os\": [\x0d\x0a        \"linux\"\x0d\x0a      ],\x0d\x0a      \"funding\": 
{\x0d\x0a        \"url\": \"https://opencollective.com/libvips\"\x0d\x0a      }\x0d\x0a    },\x0d\x0a    
\"node_modules/@img/sharp-libvips-linux-ppc64\": {\x0d\x0a      \"version\": \"1.2.0\",\x0d\x0a      \"resolved\": 
\"https://registry.npmjs.org/@img/sharp-libvips-linux-ppc64/-/sharp-libvips-linux-ppc64-1.2.0.tgz\",\x0d\x0a      
\"integrity\": 
\"sha512-Xod/7KaDDHkYu2phxxfeEPXfVXFKx70EAFZ0qyUdOjCcxbjqyJOEUpDe6RIyaunGxT34Anf9ue/wuWOqBW2WcQ==\",\x0d\x0a      
\"cpu\": [\x0d\x0a        \"ppc64\"\x0d\x0a      ],\x0d\x0a      \"license\": \"LGPL-3.0-or-later\",\x0d\x0a      
\"optional\": true,\x0d\x0a      \"os\": [\x0d\x0a        \"linux\"\x0d\x0a      ],\x0d\x0a      \"funding\": 
{\x0d\x0a        \"url\": \"https://opencollective.com/libvips\"\x0d\x0a      }\x0d\x0a    },\x0d\x0a    
\"node_modules/@img/sharp-libvips-linux-s390x\": {\x0d\x0a      \"version\": \"1.2.0\",\x0d\x0a      \"resolved\": 
\"https://registry.npmjs.org/@img/sharp-libvips-linux-s390x/-/sharp-libvips-linux-s390x-1.2.0.tgz\",\x0d\x0a      
\"integrity\": 
\"sha512-eMKfzDxLGT8mnmPJTNMcjfO33fLiTDsrMlUVcp6b96ETbnJmd4uvZxVJSKPQfS+odwfVaGifhsB07J1LynFehw==\",\x0d\x0a      
\"cpu\": [\x0d\x0a        \"s390x\"\x0d\x0a      ],\x0d\x0a      \"license\": \"LGPL-3.0-or-later\",\x0d\x0a      
\"optional\": true,\x0d\x0a      \"os\": [\x0d\x0a        \"linux\"\x0d\x0a      ],\x0d\x0a      \"funding\": 
{\x0d\x0a        \"url\": \"https://opencollective.com/libvips\"\x0d\x0a      }\x0d\x0a    },\x0d\x0a    
\"node_modules/@img/sharp-libvips-linux-x64\": {\x0d\x0a      \"version\": \"1.2.0\",\x0d\x0a      \"resolved\": 
\"https://registry.npmjs.org/@img/sharp-libvips-linux-x64/-/sharp-libvips-linux-x64-1.2.0.tgz\",\x0d\x0a      
\"integrity\": 
\"sha512-ZW3FPWIc7K1sH9E3nxIGB3y3dZkpJlMnkk7z5tu1nSkBoCgw2nSRTFHI5pB/3CQaJM0pdzMF3paf9ckKMSE9Tg==\",\x0d\x0a      
\"cpu\": [\x0d\x0a        \"x64\"\x0d\x0a      ],\x0d\x0a      \"license\": \"LGPL-3.0-or-later\",\x0d\x0a      
\"optional\": true,\x0d\x0a      \"os\": [\x0d\x0a        \"linux\"\x0d\x0a      ],\x0d\x0a      \"funding\": 
{\x0d\x0a        \"url\": \"https://opencollective.com/libvips\"\x0d\x0a      }\x0d\x0a    },\x0d\x0a    
\"node_modules/@img/sharp-libvips-linuxmusl-arm64\": {\x0d\x0a      \"version\": \"1.2.0\",\x0d\x0a      \"resolved\": 
\"https://registry.npmjs.org/@img/sharp-libvips-linuxmusl-arm64/-/sharp-libvips-linuxmusl-arm64-1.2.0.tgz\",\x0d\x0a   
   \"integrity\": 
\"sha512-UG+LqQJbf5VJ8NWJ5Z3tdIe/HXjuIdo4JeVNADXBFuG7z9zjoegpzzGIyV5zQKi4zaJjnAd2+g2nna8TZvuW9Q==\",\x0d\x0a      
\"cpu\": [\x0d\x0a        \"arm64\"\x0d\x0a      ],\x0d\x0a      \"license\": \"LGPL-3.0-or-later\",\x0d\x0a      
\"optional\": true,\x0d\x0a      \"os\": [\x0d\x0a        \"linux\"\x0d\x0a      ],\x0d\x0a      \"funding\": 
{\x0d\x0a        \"url\": \"https://opencollective.com/libvips\"\x0d\x0a      }\x0d\x0a    },\x0d\x0a    
\"node_modules/@img/sharp-libvips-linuxmusl-x64\": {\x0d\x0a      \"version\": \"1.2.0\",\x0d\x0a      \"resolved\": 
\"https://registry.npmjs.org/@img/sharp-libvips-linuxmusl-x64/-/sharp-libvips-linuxmusl-x64-1.2.0.tgz\",\x0d\x0a      
\"integrity\": 
\"sha512-SRYOLR7CXPgNze8akZwjoGBoN1ThNZoqpOgfnOxmWsklTGVfJiGJoC/Lod7aNMGA1jSsKWM1+HRX43OP6p9+6Q==\",\x0d\x0a      
\"cpu\": [\x0d\x0a        \"x64\"\x0d\x0a      ],\x0d\x0a      \"license\": \"LGPL-3.0-or-later\",\x0d\x0a      
\"optional\": true,\x0d\x0a      \"os\": [\x0d\x0a        \"linux\"\x0d\x0a      ],\x0d\x0a      \"funding\": 
{\x0d\x0a        \"url\": \"https://opencollective.com/libvips\"\x0d\x0a      }\x0d\x0a    },\x0d\x0a    
\"node_modules/@img/sharp-linux-arm\": {\x0d\x0a      \"version\": \"0.34.3\",\x0d\x0a      \"resolved\": 
\"https://registry.npmjs.org/@img/sharp-linux-arm/-/sharp-linux-arm-0.34.3.tgz\",\x0d\x0a      \"integrity\": 
\"sha512-oBK9l+h6KBN0i3dC8rYntLiVfW8D8wH+NPNT3O/WBHeW0OQWCjfWksLUaPidsrDKpJgXp3G3/hkmhptAW0I3+A==\",\x0d\x0a      
\"cpu\": [\x0d\x0a        \"arm\"\x0d\x0a      ],\x0d\x0a      \"license\": \"Apache-2.0\",\x0d\x0a      \"optional\": 
true,\x0d\x0a      \"os\": [\x0d\x0a        \"linux\"\x0d\x0a      ],\x0d\x0a      \"engines\": {\x0d\x0a        
\"node\": \"^18.17.0 || ^20.3.0 || >=21.0.0\"\x0d\x0a      },\x0d\x0a      \"funding\": {\x0d\x0a        \"url\": 
\"https://opencollective.com/libvips\"\x0d\x0a      },\x0d\x0a      \"optionalDependencies\": {\x0d\x0a        
\"@img/sharp-libvips-linux-arm\": \"1.2.0\"\x0d\x0a      }\x0d\x0a    },\x0d\x0a    
\"node_modules/@img/sharp-linux-arm64\": {\x0d\x0a      \"version\": \"0.34.3\",\x0d\x0a      \"resolved\": 
\"https://registry.npmjs.org/@img/sharp-linux-arm64/-/sharp-linux-arm64-0.34.3.tgz\",\x0d\x0a      \"integrity\": 
\"sha512-QdrKe3EvQrqwkDrtuTIjI0bu6YEJHTgEeqdzI3uWJOH6G1O8Nl1iEeVYRGdj1h5I21CqxSvQp1Yv7xeU3ZewbA==\",\x0d\x0a      
\"cpu\": [\x0d\x0a        \"arm64\"\x0d\x0a      ],\x0d\x0a      \"license\": \"Apache-2.0\",\x0d\x0a      
\"optional\": true,\x0d\x0a      \"os\": [\x0d\x0a        \"linux\"\x0d\x0a      ],\x0d\x0a      \"engines\": 
{\x0d\x0a        \"node\": \"^18.17.0 || ^20.3.0 || >=21.0.0\"\x0d\x0a      },\x0d\x0a      \"funding\": {\x0d\x0a     
   \"url\": \"https://opencollective.com/libvips\"\x0d\x0a      },\x0d\x0a      \"optionalDependencies\": {\x0d\x0a    
    \"@img/sharp-libvips-linux-arm64\": \"1.2.0\"\x0d\x0a      }\x0d\x0a    },\x0d\x0a    
\"node_modules/@img/sharp-linux-ppc64\": {\x0d\x0a      \"version\": \"0.34.3\",\x0d\x0a      \"resolved\": 
\"https://registry.npmjs.org/@img/sharp-linux-ppc64/-/sharp-linux-ppc64-0.34.3.tgz\",\x0d\x0a      \"integrity\": 
\"sha512-GLtbLQMCNC5nxuImPR2+RgrviwKwVql28FWZIW1zWruy6zLgA5/x2ZXk3mxj58X/tszVF69KK0Is83V8YgWhLA==\",\x0d\x0a      
\"cpu\": [\x0d\x0a        \"ppc64\"\x0d\x0a      ],\x0d\x0a      \"license\": \"Apache-2.0\",\x0d\x0a      
\"optional\": true,\x0d\x0a      \"os\": [\x0d\x0a        \"linux\"\x0d\x0a      ],\x0d\x0a      \"engines\": 
{\x0d\x0a        \"node\": \"^18.17.0 || ^20.3.0 || >=21.0.0\"\x0d\x0a      },\x0d\x0a      \"funding\": {\x0d\x0a     
   \"url\": \"https://opencollective.com/libvips\"\x0d\x0a      },\x0d\x0a      \"optionalDependencies\": {\x0d\x0a    
    \"@img/sharp-libvips-linux-ppc64\": \"1.2.0\"\x0d\x0a      }\x0d\x0a    },\x0d\x0a    
\"node_modules/@img/sharp-linux-s390x\": {\x0d\x0a      \"version\": \"0.34.3\",\x0d\x0a      \"resolved\": 
\"https://registry.npmjs.org/@img/sharp-linux-s390x/-/sharp-linux-s390x-0.34.3.tgz\",\x0d\x0a      \"integrity\": 
\"sha512-3gahT+A6c4cdc2edhsLHmIOXMb17ltffJlxR0aC2VPZfwKoTGZec6u5GrFgdR7ciJSsHT27BD3TIuGcuRT0KmQ==\",\x0d\x0a      
\"cpu\": [\x0d\x0a        \"s390x\"\x0d\x0a      ],\x0d\x0a      \"license\": \"Apache-2.0\",\x0d\x0a      
\"optional\": true,\x0d\x0a      \"os\": [\x0d\x0a        \"linux\"\x0d\x0a      ],\x0d\x0a      \"engines\": 
{\x0d\x0a        \"node\": \"^18.17.0 || ^20.3.0 || >=21.0.0\"\x0d\x0a      },\x0d\x0a      \"funding\": {\x0d\x0a     
   \"url\": \"https://opencollective.com/libvips\"\x0d\x0a      },\x0d\x0a      \"optionalDependencies\": {\x0d\x0a    
    \"@img/sharp-libvips-linux-s390x\": \"1.2.0\"\x0d\x0a      }\x0d\x0a    },\x0d\x0a    
\"node_modules/@img/sharp-linux-x64\": {\x0d\x0a      \"version\": \"0.34.3\",\x0d\x0a      \"resolved\": 
\"https://registry.npmjs.org/@img/sharp-linux-x64/-/sharp-linux-x64-0.34.3.tgz\",\x0d\x0a      \"integrity\": 
\"sha512-8kYso8d806ypnSq3/Ly0QEw90V5ZoHh10yH0HnrzOCr6DKAPI6QVHvwleqMkVQ0m+fc7EH8ah0BB0QPuWY6zJQ==\",\x0d\x0a      
\"cpu\": [\x0d\x0a        \"x64\"\x0d\x0a      ],\x0d\x0a      \"license\": \"Apache-2.0\",\x0d\x0a      \"optional\": 
true,\x0d\x0a      \"os\": [\x0d\x0a        \"linux\"\x0d\x0a      ],\x0d\x0a      \"engines\": {\x0d\x0a        
\"node\": \"^18.17.0 || ^20.3.0 || >=21.0.0\"\x0d\x0a      },\x0d\x0a      \"funding\": {\x0d\x0a        \"url\": 
\"https://opencollective.com/libvips\"\x0d\x0a      },\x0d\x0a      \"optionalDependencies\": {\x0d\x0a        
\"@img/sharp-libvips-linux-x64\": \"1.2.0\"\x0d\x0a      }\x0d\x0a    },\x0d\x0a    
\"node_modules/@img/sharp-linuxmusl-arm64\": {\x0d\x0a      \"version\": \"0.34.3\",\x0d\x0a      \"resolved\": 
\"https://registry.npmjs.org/@img/sharp-linuxmusl-arm64/-/sharp-linuxmusl-arm64-0.34.3.tgz\",\x0d\x0a      
\"integrity\": 
\"sha512-vAjbHDlr4izEiXM1OTggpCcPg9tn4YriK5vAjowJsHwdBIdx0fYRsURkxLG2RLm9gyBq66gwtWI8Gx0/ov+JKQ==\",\x0d\x0a      
\"cpu\": [\x0d\x0a        \"arm64\"\x0d\x0a      ],\x0d\x0a      \"license\": \"Apache-2.0\",\x0d\x0a      
\"optional\": true,\x0d\x0a      \"os\": [\x0d\x0a        \"linux\"\x0d\x0a      ],\x0d\x0a      \"engines\": 
{\x0d\x0a        \"node\": \"^18.17.0 || ^20.3.0 || >=21.0.0\"\x0d\x0a      },\x0d\x0a      \"funding\": {\x0d\x0a     
   \"url\": \"https://opencollective.com/libvips\"\x0d\x0a      },\x0d\x0a      \"optionalDependencies\": {\x0d\x0a    
    \"@img/sharp-libvips-linuxmusl-arm64\": \"1.2.0\"\x0d\x0a      }\x0d\x0a    },\x0d\x0a    
\"node_modules/@img/sharp-linuxmusl-x64\": {\x0d\x0a      \"version\": \"0.34.3\",\x0d\x0a      \"resolved\": 
\"https://registry.npmjs.org/@img/sharp-linuxmusl-x64/-/sharp-linuxmusl-x64-0.34.3.tgz\",\x0d\x0a      \"integrity\": 
\"sha512-gCWUn9547K5bwvOn9l5XGAEjVTTRji4aPTqLzGXHvIr6bIDZKNTA34seMPgM0WmSf+RYBH411VavCejp3PkOeQ==\",\x0d\x0a      
\"cpu\": [\x0d\x0a        \"x64\"\x0d\x0a      ],\x0d\x0a      \"license\": \"Apache-2.0\",\x0d\x0a      \"optional\": 
true,\x0d\x0a      \"os\": [\x0d\x0a        \"linux\"\x0d\x0a      ],\x0d\x0a      \"engines\": {\x0d\x0a        
\"node\": \"^18.17.0 || ^20.3.0 || >=21.0.0\"\x0d\x0a      },\x0d\x0a      \"funding\": {\x0d\x0a        \"url\": 
\"https://opencollective.com/libvips\"\x0d\x0a      },\x0d\x0a      \"optionalDependencies\": {\x0d\x0a        
\"@img/sharp-libvips-linuxmusl-x64\": \"1.2.0\"\x0d\x0a      }\x0d\x0a    },\x0d\x0a    
\"node_modules/@img/sharp-wasm32\": {\x0d\x0a      \"version\": \"0.34.3\",\x0d\x0a      \"resolved\": 
\"https://registry.npmjs.org/@img/sharp-wasm32/-/sharp-wasm32-0.34.3.tgz\",\x0d\x0a      \"integrity\": 
\"sha512-+CyRcpagHMGteySaWos8IbnXcHgfDn7pO2fiC2slJxvNq9gDipYBN42/RagzctVRKgxATmfqOSulgZv5e1RdMg==\",\x0d\x0a      
\"cpu\": [\x0d\x0a        \"wasm32\"\x0d\x0a      ],\x0d\x0a      \"license\": \"Apache-2.0 AND LGPL-3.0-or-later AND 
MIT\",\x0d\x0a      \"optional\": true,\x0d\x0a      \"dependencies\": {\x0d\x0a        \"@emnapi/runtime\": 
\"^1.4.4\"\x0d\x0a      },\x0d\x0a      \"engines\": {\x0d\x0a        \"node\": \"^18.17.0 || ^20.3.0 || 
>=21.0.0\"\x0d\x0a      },\x0d\x0a      \"funding\": {\x0d\x0a        \"url\": 
\"https://opencollective.com/libvips\"\x0d\x0a      }\x0d\x0a    },\x0d\x0a    
\"node_modules/@img/sharp-win32-arm64\": {\x0d\x0a      \"version\": \"0.34.3\",\x0d\x0a      \"resolved\": 
\"https://registry.npmjs.org/@img/sharp-win32-arm64/-/sharp-win32-arm64-0.34.3.tgz\",\x0d\x0a      \"integrity\": 
\"sha512-MjnHPnbqMXNC2UgeLJtX4XqoVHHlZNd+nPt1kRPmj63wURegwBhZlApELdtxM2OIZDRv/DFtLcNhVbd1z8GYXQ==\",\x0d\x0a      
\"cpu\": [\x0d\x0a        \"arm64\"\x0d\x0a      ],\x0d\x0a      \"license\": \"Apache-2.0 AND 
LGPL-3.0-or-later\",\x0d\x0a      \"optional\": true,\x0d\x0a      \"os\": [\x0d\x0a        \"win32\"\x0d\x0a      
],\x0d\x0a      \"engines\": {\x0d\x0a        \"node\": \"^18.17.0 || ^20.3.0 || >=21.0.0\"\x0d\x0a      },\x0d\x0a    
  \"funding\": {\x0d\x0a        \"url\": \"https://opencollective.com/libvips\"\x0d\x0a      }\x0d\x0a    },\x0d\x0a   
 \"node_modules/@img/sharp-win32-ia32\": {\x0d\x0a      \"version\": \"0.34.3\",\x0d\x0a      \"resolved\": 
\"https://registry.npmjs.org/@img/sharp-win32-ia32/-/sharp-win32-ia32-0.34.3.tgz\",\x0d\x0a      \"integrity\": 
\"sha512-xuCdhH44WxuXgOM714hn4amodJMZl3OEvf0GVTm0BEyMeA2to+8HEdRPShH0SLYptJY1uBw+SCFP9WVQi1Q/cw==\",\x0d\x0a      
\"cpu\": [\x0d\x0a        \"ia32\"\x0d\x0a      ],\x0d\x0a      \"license\": \"Apache-2.0 AND 
LGPL-3.0-or-later\",\x0d\x0a      \"optional\": true,\x0d\x0a      \"os\": [\x0d\x0a        \"win32\"\x0d\x0a      
],\x0d\x0a      \"engines\": {\x0d\x0a        \"node\": \"^18.17.0 || ^20.3.0 || >=21.0.0\"\x0d\x0a      },\x0d\x0a    
  \"funding\": {\x0d\x0a        \"url\": \"https://opencollective.com/libvips\"\x0d\x0a      }\x0d\x0a    },\x0d\x0a   
 \"node_modules/@img/sharp-win32-x64\": {\x0d\x0a      \"version\": \"0.34.3\",\x0d\x0a      \"cpu\": [\x0d\x0a        
\"x64\"\x0d\x0a      ],\x0d\x0a      \"license\": \"Apache-2.0 AND LGPL-3.0-or-later\",\x0d\x0a      \"optional\": 
true,\x0d\x0a      \"os\": [\x0d\x0a        \"win32\"\x0d\x0a      ],\x0d\x0a      \"engines\": {\x0d\x0a        
\"node\": \"^18.17.0 || ^20.3.0 || >=21.0.0\"\x0d\x0a      },\x0d\x0a      \"funding\": {\x0d\x0a        \"url\": 
\"https://opencollective.com/libvips\"\x0d\x0a      }\x0d\x0a    },\x0d\x0a    \"node_modules/@isaacs/cliui\": 
{\x0d\x0a      \"version\": \"8.0.2\",\x0d\x0a      \"dev\": true,\x0d\x0a      \"license\": \"ISC\",\x0d\x0a      
\"dependencies\": {\x0d\x0a        \"string-width\": \"^5.1.2\",\x0d\x0a        \"string-width-cjs\": 
\"npm:string-width@^4.2.0\",\x0d\x0a        \"strip-ansi\": \"^7.0.1\",\x0d\x0a        \"strip-ansi-cjs\": 
\"npm:strip-ansi@^6.0.1\",\x0d\x0a        \"wrap-ansi\": \"^8.1.0\",\x0d\x0a        \"wrap-ansi-cjs\": 
\"npm:wrap-ansi@^7.0.0\"\x0d\x0a      },\x0d\x0a      \"engines\": {\x0d\x0a        \"node\": \">=12\"\x0d\x0a      
}\x0d\x0a    },\x0d\x0a    \"node_modules/@isaacs/cliui/node_modules/ansi-regex\": {\x0d\x0a      \"version\": 
\"6.1.0\",\x0d\x0a      \"dev\": true,\x0d\x0a      \"license\": \"MIT\",\x0d\x0a      \"engines\": {\x0d\x0a        
\"node\": \">=12\"\x0d\x0a      },\x0d\x0a      \"funding\": {\x0d\x0a        \"url\": 
\"https://github.com/chalk/ansi-regex?sponsor=1\"\x0d\x0a      }\x0d\x0a    },\x0d\x0a    
\"node_modules/@isaacs/cliui/node_modules/ansi-styles\": {\x0d\x0a      \"version\": \"6.2.1\",\x0d\x0a      \"dev\": 
true,\x0d\x0a      \"license\": \"MIT\",\x0d\x0a      \"engines\": {\x0d\x0a        \"node\": \">=12\"\x0d\x0a      
},\x0d\x0a      \"funding\": {\x0d\x0a        \"url\": \"https://github.com/chalk/ansi-styles?sponsor=1\"\x0d\x0a      
}\x0d\x0a    },\x0d\x0a    \"node_modules/@isaacs/cliui/node_modules/emoji-regex\": {\x0d\x0a      \"version\": 
\"9.2.2\",\x0d\x0a      \"dev\": true,\x0d\x0a      \"license\": \"MIT\"\x0d\x0a    },\x0d\x0a    
\"node_modules/@isaacs/cliui/node_modules/string-width\": {\x0d\x0a      \"version\": \"5.1.2\",\x0d\x0a      \"dev\": 
true,\x0d\x0a      \"license\": \"MIT\",\x0d\x0a      \"dependencies\": {\x0d\x0a        \"eastasianwidth\": 
\"^0.2.0\",\x0d\x0a        \"emoji-regex\": \"^9.2.2\",\x0d\x0a        \"strip-ansi\": \"^7.0.1\"\x0d\x0a      
},\x0d\x0a      \"engines\": {\x0d\x0a        \"node\": \">=12\"\x0d\x0a      },\x0d\x0a      \"funding\": {\x0d\x0a   
     \"url\": \"https://github.com/sponsors/sindresorhus\"\x0d\x0a      }\x0d\x0a    },\x0d\x0a    
\"node_modules/@isaacs/cliui/node_modules/strip-ansi\": {\x0d\x0a      \"version\": \"7.1.0\",\x0d\x0a      \"dev\": 
true,\x0d\x0a      \"license\": \"MIT\",\x0d\x0a      \"dependencies\": {\x0d\x0a        \"ansi-regex\": 
\"^6.0.1\"\x0d\x0a      },\x0d\x0a      \"engines\": {\x0d\x0a        \"node\": \">=12\"\x0d\x0a      },\x0d\x0a      
\"funding\": {\x0d\x0a        \"url\": \"https://github.com/chalk/strip-ansi?sponsor=1\"\x0d\x0a      }\x0d\x0a    
},\x0d\x0a    \"node_modules/@isaacs/cliui/node_modules/wrap-ansi\": {\x0d\x0a      \"version\": \"8.1.0\",\x0d\x0a    
  \"dev\": true,\x0d\x0a      \"license\": \"MIT\",\x0d\x0a      \"dependencies\": {\x0d\x0a        \"ansi-styles\": 
\"^6.1.0\",\x0d\x0a        \"string-width\": \"^5.0.1\",\x0d\x0a        \"strip-ansi\": \"^7.0.1\"\x0d\x0a      
},\x0d\x0a      \"engines\": {\x0d\x0a        \"node\": \">=12\"\x0d\x0a      },\x0d\x0a      \"funding\": {\x0d\x0a   
     \"url\": \"https://github.com/chalk/wrap-ansi?sponsor=1\"\x0d\x0a      }\x0d\x0a    },\x0d\x0a    
\"node_modules/@jridgewell/gen-mapping\": {\x0d\x0a      \"version\": \"0.3.12\",\x0d\x0a      \"license\": 
\"MIT\",\x0d\x0a      \"dependencies\": {\x0d\x0a        \"@jridgewell/sourcemap-codec\": \"^1.5.0\",\x0d\x0a        
\"@jridgewell/trace-mapping\": \"^0.3.24\"\x0d\x0a      }\x0d\x0a    },\x0d\x0a    
\"node_modules/@jridgewell/resolve-uri\": {\x0d\x0a      \"version\": \"3.1.2\",\x0d\x0a      \"license\": 
\"MIT\",\x0d\x0a      \"engines\": {\x0d\x0a        \"node\": \">=6.0.0\"\x0d\x0a      }\x0d\x0a    },\x0d\x0a    
\"node_modules/@jridgewell/sourcemap-codec\": {\x0d\x0a      \"version\": \"1.5.4\",\x0d\x0a      \"license\": 
\"MIT\"\x0d\x0a    },\x0d\x0a    \"node_modules/@jridgewell/trace-mapping\": {\x0d\x0a      \"version\": 
\"0.3.29\",\x0d\x0a      \"license\": \"MIT\",\x0d\x0a      \"dependencies\": {\x0d\x0a        
\"@jridgewell/resolve-uri\": \"^3.1.0\",\x0d\x0a        \"@jridgewell/sourcemap-codec\": \"^1.4.14\"\x0d\x0a      
}\x0d\x0a    },\x0d\x0a    \"node_modules/@kurkle/color\": {\x0d\x0a      \"version\": \"0.3.4\",\x0d\x0a      
\"license\": \"MIT\"\x0d\x0a    },\x0d\x0a    \"node_modules/@langchain/core\": {\x0d\x0a      \"version\": 
\"1.0.5\",\x0d\x0a      \"resolved\": \"https://registry.npmjs.org/@langchain/core/-/core-1.0.5.tgz\",\x0d\x0a      
\"integrity\": 
\"sha512-9Hy/b9+j+mm0Bhnm8xD9B0KpBYTidroLrDHdbrHoMC2DqXoY2umvi1M3M/9D744qsMSaIMP0ZwFcy5YbqI/dGw==\",\x0d\x0a      
\"license\": \"MIT\",\x0d\x0a      \"peer\": true,\x0d\x0a      \"dependencies\": {\x0d\x0a        
\"@cfworker/json-schema\": \"^4.0.2\",\x0d\x0a        \"ansi-styles\": \"^5.0.0\",\x0d\x0a        \"camelcase\": 
\"6\",\x0d\x0a        \"decamelize\": \"1.2.0\",\x0d\x0a        \"js-tiktoken\": \"^1.0.12\",\x0d\x0a        
\"langsmith\": \"^0.3.64\",\x0d\x0a        \"mustache\": \"^4.2.0\",\x0d\x0a        \"p-queue\": \"^6.6.2\",\x0d\x0a   
     \"p-retry\": \"4\",\x0d\x0a        \"uuid\": \"^10.0.0\",\x0d\x0a        \"zod\": \"^3.25.76 || ^4\"\x0d\x0a      
},\x0d\x0a      \"engines\": {\x0d\x0a        \"node\": \">=20\"\x0d\x0a      }\x0d\x0a    },\x0d\x0a    
\"node_modules/@langchain/core/node_modules/ansi-styles\": {\x0d\x0a      \"version\": \"5.2.0\",\x0d\x0a      
\"license\": \"MIT\",\x0d\x0a      \"engines\": {\x0d\x0a        \"node\": \">=10\"\x0d\x0a      },\x0d\x0a      
\"funding\": {\x0d\x0a        \"url\": \"https://github.com/chalk/ansi-styles?sponsor=1\"\x0d\x0a      }\x0d\x0a    
},\x0d\x0a    \"node_modules/@langchain/core/node_modules/uuid\": {\x0d\x0a      \"version\": \"10.0.0\",\x0d\x0a      
\"funding\": [\x0d\x0a        \"https://github.com/sponsors/broofa\",\x0d\x0a        
\"https://github.com/sponsors/ctavan\"\x0d\x0a      ],\x0d\x0a      \"license\": \"MIT\",\x0d\x0a      \"bin\": 
{\x0d\x0a        \"uuid\": \"dist/bin/uuid\"\x0d\x0a      }\x0d\x0a    },\x0d\x0a    
\"node_modules/@langchain/google-genai\": {\x0d\x0a      \"version\": \"1.0.1\",\x0d\x0a      \"resolved\": 
\"https://registry.npmjs.org/@langchain/google-genai/-/google-genai-1.0.1.tgz\",\x0d\x0a      \"integrity\": 
\"sha512-a9Bzaswp1P+eA2V8hAWSBypqjxmH+/zhOY1TBdalQuPQBTRH35jBMVgX3CTTAheAzBUGQtlDD4/dR9tyemDbhw==\",\x0d\x0a      
\"license\": \"MIT\",\x0d\x0a      \"dependencies\": {\x0d\x0a        \"@google/generative-ai\": \"^0.24.0\",\x0d\x0a  
      \"uuid\": \"^11.1.0\"\x0d\x0a      },\x0d\x0a      \"engines\": {\x0d\x0a        \"node\": \">=20\"\x0d\x0a      
},\x0d\x0a      \"peerDependencies\": {\x0d\x0a        \"@langchain/core\": \"^1.0.0\"\x0d\x0a      }\x0d\x0a    
},\x0d\x0a    \"node_modules/@langchain/google-genai/node_modules/@google/generative-ai\": {\x0d\x0a      \"version\": 
\"0.24.1\",\x0d\x0a      \"license\": \"Apache-2.0\",\x0d\x0a      \"engines\": {\x0d\x0a        \"node\": 
\">=18.0.0\"\x0d\x0a      }\x0d\x0a    },\x0d\x0a    \"node_modules/@langchain/langgraph\": {\x0d\x0a      
\"version\": \"1.0.2\",\x0d\x0a      \"resolved\": 
\"https://registry.npmjs.org/@langchain/langgraph/-/langgraph-1.0.2.tgz\",\x0d\x0a      \"integrity\": 
\"sha512-syxzzWTnmpCL+RhUEvalUeOXFoZy/KkzHa2Da2gKf18zsf9Dkbh3rfnRDrTyUGS1XSTejq07s4rg1qntdEDs2A==\",\x0d\x0a      
\"license\": \"MIT\",\x0d\x0a      \"dependencies\": {\x0d\x0a        \"@langchain/langgraph-checkpoint\": 
\"^1.0.0\",\x0d\x0a        \"@langchain/langgraph-sdk\": \"~1.0.0\",\x0d\x0a        \"uuid\": \"^10.0.0\"\x0d\x0a      
},\x0d\x0a      \"engines\": {\x0d\x0a        \"node\": \">=18\"\x0d\x0a      },\x0d\x0a      \"peerDependencies\": 
{\x0d\x0a        \"@langchain/core\": \"^1.0.1\",\x0d\x0a        \"zod\": \"^3.25.32 || ^4.1.0\",\x0d\x0a        
\"zod-to-json-schema\": \"^3.x\"\x0d\x0a      },\x0d\x0a      \"peerDependenciesMeta\": {\x0d\x0a        
\"zod-to-json-schema\": {\x0d\x0a          \"optional\": true\x0d\x0a        }\x0d\x0a      }\x0d\x0a    },\x0d\x0a    
\"node_modules/@langchain/langgraph-checkpoint\": {\x0d\x0a      \"version\": \"1.0.0\",\x0d\x0a      \"resolved\": 
\"https://registry.npmjs.org/@langchain/langgraph-checkpoint/-/langgraph-checkpoint-1.0.0.tgz\",\x0d\x0a      
\"integrity\": 
\"sha512-xrclBGvNCXDmi0Nz28t3vjpxSH6UYx6w5XAXSiiB1WEdc2xD2iY/a913I3x3a31XpInUW/GGfXXfePfaghV54A==\",\x0d\x0a      
\"license\": \"MIT\",\x0d\x0a      \"dependencies\": {\x0d\x0a        \"uuid\": \"^10.0.0\"\x0d\x0a      },\x0d\x0a    
  \"engines\": {\x0d\x0a        \"node\": \">=18\"\x0d\x0a      },\x0d\x0a      \"peerDependencies\": {\x0d\x0a        
\"@langchain/core\": \"^1.0.1\"\x0d\x0a      }\x0d\x0a    },\x0d\x0a    
\"node_modules/@langchain/langgraph-checkpoint/node_modules/uuid\": {\x0d\x0a      \"version\": \"10.0.0\",\x0d\x0a    
  \"resolved\": \"https://registry.npmjs.org/uuid/-/uuid-10.0.0.tgz\",\x0d\x0a      \"integrity\": 
\"sha512-8XkAphELsDnEGrDxUOHB3RGvXz6TeuYSGEZBOjtTtPm2lwhGBjLgOzLHB63IUWfBpNucQjND6d3AOudO+H3RWQ==\",\x0d\x0a      
\"funding\": [\x0d\x0a        \"https://github.com/sponsors/broofa\",\x0d\x0a        
\"https://github.com/sponsors/ctavan\"\x0d\x0a      ],\x0d\x0a      \"license\": \"MIT\",\x0d\x0a      \"bin\": 
{\x0d\x0a        \"uuid\": \"dist/bin/uuid\"\x0d\x0a      }\x0d\x0a    },\x0d\x0a    
\"node_modules/@langchain/langgraph-sdk\": {\x0d\x0a      \"version\": \"1.0.0\",\x0d\x0a      \"resolved\": 
\"https://registry.npmjs.org/@langchain/langgraph-sdk/-/langgraph-sdk-1.0.0.tgz\",\x0d\x0a      \"integrity\": 
\"sha512-g25ti2W7Dl5wUPlNK+0uIGbeNFqf98imhHlbdVVKTTkDYLhi/pI1KTgsSSkzkeLuBIfvt2b0q6anQwCs7XBlbw==\",\x0d\x0a      
\"license\": \"MIT\",\x0d\x0a      \"dependencies\": {\x0d\x0a        \"p-queue\": \"^6.6.2\",\x0d\x0a        
\"p-retry\": \"4\",\x0d\x0a        \"uuid\": \"^9.0.0\"\x0d\x0a      },\x0d\x0a      \"peerDependencies\": {\x0d\x0a   
     \"@langchain/core\": \"^1.0.1\",\x0d\x0a        \"react\": \"^18 || ^19\",\x0d\x0a        \"react-dom\": \"^18 || 
^19\"\x0d\x0a      },\x0d\x0a      \"peerDependenciesMeta\": {\x0d\x0a        \"@langchain/core\": {\x0d\x0a          
\"optional\": true\x0d\x0a        },\x0d\x0a        \"react\": {\x0d\x0a          \"optional\": true\x0d\x0a        
},\x0d\x0a        \"react-dom\": {\x0d\x0a          \"optional\": true\x0d\x0a        }\x0d\x0a      }\x0d\x0a    
},\x0d\x0a    \"node_modules/@langchain/langgraph-sdk/node_modules/uuid\": {\x0d\x0a      \"version\": 
\"9.0.1\",\x0d\x0a      \"resolved\": \"https://registry.npmjs.org/uuid/-/uuid-9.0.1.tgz\",\x0d\x0a      
\"integrity\": 
\"sha512-b+1eJOlsR9K8HJpow9Ok3fiWOWSIcIzXodvv0rQjVoOVNpWMpxf1wZNpt4y9h10odCNrqnYp1OBzRktckBe3sA==\",\x0d\x0a      
\"funding\": [\x0d\x0a        \"https://github.com/sponsors/broofa\",\x0d\x0a        
\"https://github.com/sponsors/ctavan\"\x0d\x0a      ],\x0d\x0a      \"license\": \"MIT\",\x0d\x0a      \"bin\": 
{\x0d\x0a        \"uuid\": \"dist/bin/uuid\"\x0d\x0a      }\x0d\x0a    },\x0d\x0a    
\"node_modules/@langchain/langgraph/node_modules/uuid\": {\x0d\x0a      \"version\": \"10.0.0\",\x0d\x0a      
\"resolved\": \"https://registry.npmjs.org/uuid/-/uuid-10.0.0.tgz\",\x0d\x0a      \"integrity\": 
\"sha512-8XkAphELsDnEGrDxUOHB3RGvXz6TeuYSGEZBOjtTtPm2lwhGBjLgOzLHB63IUWfBpNucQjND6d3AOudO+H3RWQ==\",\x0d\x0a      
\"funding\": [\x0d\x0a        \"https://github.com/sponsors/broofa\",\x0d\x0a        
\"https://github.com/sponsors/ctavan\"\x0d\x0a      ],\x0d\x0a      \"license\": \"MIT\",\x0d\x0a      \"bin\": 
{\x0d\x0a        \"uuid\": \"dist/bin/uuid\"\x0d\x0a      }\x0d\x0a    },\x0d\x0a    
\"node_modules/@langchain/openai\": {\x0d\x0a      \"version\": \"0.2.11\",\x0d\x0a      \"resolved\": 
\"https://registry.npmjs.org/@langchain/openai/-/openai-0.2.11.tgz\",\x0d\x0a      \"integrity\": 
\"sha512-Pu8+WfJojCgSf0bAsXb4AjqvcDyAWyoEB1AoCRNACgEnBWZuitz3hLwCo9I+6hAbeg3QJ37g82yKcmvKAg1feg==\",\x0d\x0a      
\"license\": \"MIT\",\x0d\x0a      \"dependencies\": {\x0d\x0a        \"@langchain/core\": \">=0.2.26 
<0.3.0\",\x0d\x0a        \"js-tiktoken\": \"^1.0.12\",\x0d\x0a        \"openai\": \"^4.57.3\",\x0d\x0a        \"zod\": 
\"^3.22.4\",\x0d\x0a        \"zod-to-json-schema\": \"^3.22.3\"\x0d\x0a      },\x0d\x0a      \"engines\": {\x0d\x0a    
    \"node\": \">=18\"\x0d\x0a      }\x0d\x0a    },\x0d\x0a    
\"node_modules/@langchain/openai/node_modules/@langchain/core\": {\x0d\x0a      \"version\": \"0.2.36\",\x0d\x0a      
\"resolved\": \"https://registry.npmjs.org/@langchain/core/-/core-0.2.36.tgz\",\x0d\x0a      \"integrity\": 
\"sha512-qHLvScqERDeH7y2cLuJaSAlMwg3f/3Oc9nayRSXRU2UuaK/SOhI42cxiPLj1FnuHJSmN0rBQFkrLx02gI4mcVg==\",\x0d\x0a      
\"license\": \"MIT\",\x0d\x0a      \"dependencies\": {\x0d\x0a        \"ansi-styles\": \"^5.0.0\",\x0d\x0a        
\"camelcase\": \"6\",\x0d\x0a        \"decamelize\": \"1.2.0\",\x0d\x0a        \"js-tiktoken\": \"^1.0.12\",\x0d\x0a   
     \"langsmith\": \"^0.1.56-rc.1\",\x0d\x0a        \"mustache\": \"^4.2.0\",\x0d\x0a        \"p-queue\": 
\"^6.6.2\",\x0d\x0a        \"p-retry\": \"4\",\x0d\x0a        \"uuid\": \"^10.0.0\",\x0d\x0a        \"zod\": 
\"^3.22.4\",\x0d\x0a        \"zod-to-json-schema\": \"^3.22.3\"\x0d\x0a      },\x0d\x0a      \"engines\": {\x0d\x0a    
    \"node\": \">=18\"\x0d\x0a      }\x0d\x0a    },\x0d\x0a    
\"node_modules/@langchain/openai/node_modules/@langchain/core/node_modules/langsmith\": {\x0d\x0a      \"version\": 
\"0.1.68\",\x0d\x0a      \"resolved\": \"https://registry.npmjs.org/langsmith/-/langsmith-0.1.68.tgz\",\x0d\x0a      
\"integrity\": 
\"sha512-otmiysWtVAqzMx3CJ4PrtUBhWRG5Co8Z4o7hSZENPjlit9/j3/vm3TSvbaxpDYakZxtMjhkcJTqrdYFipISEiQ==\",\x0d\x0a      
\"license\": \"MIT\",\x0d\x0a      \"dependencies\": {\x0d\x0a        \"@types/uuid\": \"^10.0.0\",\x0d\x0a        
\"commander\": \"^10.0.1\",\x0d\x0a        \"p-queue\": \"^6.6.2\",\x0d\x0a        \"p-retry\": \"4\",\x0d\x0a        
\"semver\": \"^7.6.3\",\x0d\x0a        \"uuid\": \"^10.0.0\"\x0d\x0a      },\x0d\x0a      \"peerDependencies\": 
{\x0d\x0a        \"openai\": \"*\"\x0d\x0a      },\x0d\x0a      \"peerDependenciesMeta\": {\x0d\x0a        \"openai\": 
{\x0d\x0a          \"optional\": true\x0d\x0a        }\x0d\x0a      }\x0d\x0a    },\x0d\x0a    
\"node_modules/@langchain/openai/node_modules/ansi-styles\": {\x0d\x0a      \"version\": \"5.2.0\",\x0d\x0a      
\"resolved\": \"https://registry.npmjs.org/ansi-styles/-/ansi-styles-5.2.0.tgz\",\x0d\x0a      \"integrity\": 
\"sha512-Cxwpt2SfTzTtXcfOlzGEee8O+c+MmUgGrNiBcXnuWxuFJHe6a5Hz7qwhwe5OgaSYI0IJvkLqWX1ASG+cJOkEiA==\",\x0d\x0a      
\"license\": \"MIT\",\x0d\x0a      \"engines\": {\x0d\x0a        \"node\": \">=10\"\x0d\x0a      },\x0d\x0a      
\"funding\": {\x0d\x0a        \"url\": \"https://github.com/chalk/ansi-styles?sponsor=1\"\x0d\x0a      }\x0d\x0a    
},\x0d\x0a    \"node_modules/@langchain/openai/node_modules/commander\": {\x0d\x0a      \"version\": 
\"10.0.1\",\x0d\x0a      \"resolved\": \"https://registry.npmjs.org/commander/-/commander-10.0.1.tgz\",\x0d\x0a      
\"integrity\": 
\"sha512-y4Mg2tXshplEbSGzx7amzPwKKOCGuoSRP/CjEdwwk0FOGlUbq6lKuoyDZTNZkmxHdJtp54hdfY/JUrdL7Xfdug==\",\x0d\x0a      
\"license\": \"MIT\",\x0d\x0a      \"engines\": {\x0d\x0a        \"node\": \">=14\"\x0d\x0a      }\x0d\x0a    
},\x0d\x0a    \"node_modules/@langchain/openai/node_modules/uuid\": {\x0d\x0a      \"version\": \"10.0.0\",\x0d\x0a    
  \"resolved\": \"https://registry.npmjs.org/uuid/-/uuid-10.0.0.tgz\",\x0d\x0a      \"integrity\": 
\"sha512-8XkAphELsDnEGrDxUOHB3RGvXz6TeuYSGEZBOjtTtPm2lwhGBjLgOzLHB63IUWfBpNucQjND6d3AOudO+H3RWQ==\",\x0d\x0a      
\"funding\": [\x0d\x0a        \"https://github.com/sponsors/broofa\",\x0d\x0a        
\"https://github.com/sponsors/ctavan\"\x0d\x0a      ],\x0d\x0a      \"license\": \"MIT\",\x0d\x0a      \"bin\": 
{\x0d\x0a        \"uuid\": \"dist/bin/uuid\"\x0d\x0a      }\x0d\x0a    },\x0d\x0a    
\"node_modules/@microsoft/clarity\": {\x0d\x0a      \"version\": \"1.0.0\",\x0d\x0a      \"license\": \"MIT\"\x0d\x0a  
  },\x0d\x0a    \"node_modules/@mui/core-downloads-tracker\": {\x0d\x0a      \"version\": \"7.2.0\",\x0d\x0a      
\"license\": \"MIT\",\x0d\x0a      \"funding\": {\x0d\x0a        \"type\": \"opencollective\",\x0d\x0a        \"url\": 
\"https://opencollective.com/mui-org\"\x0d\x0a      }\x0d\x0a    },\x0d\x0a    \"node_modules/@mui/material\": 
{\x0d\x0a      \"version\": \"7.2.0\",\x0d\x0a      \"license\": \"MIT\",\x0d\x0a      \"dependencies\": {\x0d\x0a     
   \"@babel/runtime\": \"^7.27.6\",\x0d\x0a        \"@mui/core-downloads-tracker\": \"^7.2.0\",\x0d\x0a        
\"@mui/system\": \"^7.2.0\",\x0d\x0a        \"@mui/types\": \"^7.4.4\",\x0d\x0a        \"@mui/utils\": 
\"^7.2.0\",\x0d\x0a        \"@popperjs/core\": \"^2.11.8\",\x0d\x0a        \"@types/react-transition-group\": 
\"^4.4.12\",\x0d\x0a        \"clsx\": \"^2.1.1\",\x0d\x0a        \"csstype\": \"^3.1.3\",\x0d\x0a        
\"prop-types\": \"^15.8.1\",\x0d\x0a        \"react-is\": \"^19.1.0\",\x0d\x0a        \"react-transition-group\": 
\"^4.4.5\"\x0d\x0a      },\x0d\x0a      \"engines\": {\x0d\x0a        \"node\": \">=14.0.0\"\x0d\x0a      },\x0d\x0a   
   \"funding\": {\x0d\x0a        \"type\": \"opencollective\",\x0d\x0a        \"url\": 
\"https://opencollective.com/mui-org\"\x0d\x0a      },\x0d\x0a      \"peerDependencies\": {\x0d\x0a        
\"@emotion/react\": \"^11.5.0\",\x0d\x0a        \"@emotion/styled\": \"^11.3.0\",\x0d\x0a        
\"@mui/material-pigment-css\": \"^7.2.0\",\x0d\x0a        \"@types/react\": \"^17.0.0 || ^18.0.0 || ^19.0.0\",\x0d\x0a 
       \"react\": \"^17.0.0 || ^18.0.0 || ^19.0.0\",\x0d\x0a        \"react-dom\": \"^17.0.0 || ^18.0.0 || 
^19.0.0\"\x0d\x0a      },\x0d\x0a      \"peerDependenciesMeta\": {\x0d\x0a        \"@emotion/react\": {\x0d\x0a        
  \"optional\": true\x0d\x0a        },\x0d\x0a        \"@emotion/styled\": {\x0d\x0a          \"optional\": 
true\x0d\x0a        },\x0d\x0a        \"@mui/material-pigment-css\": {\x0d\x0a          \"optional\": true\x0d\x0a     
   },\x0d\x0a        \"@types/react\": {\x0d\x0a          \"optional\": true\x0d\x0a        }\x0d\x0a      }\x0d\x0a   
 },\x0d\x0a    \"node_modules/@mui/material/node_modules/react-is\": {\x0d\x0a      \"version\": \"19.1.0\",\x0d\x0a   
   \"license\": \"MIT\"\x0d\x0a    },\x0d\x0a    \"node_modules/@mui/private-theming\": {\x0d\x0a      \"version\": 
\"7.2.0\",\x0d\x0a      \"license\": \"MIT\",\x0d\x0a      \"dependencies\": {\x0d\x0a        \"@babel/runtime\": 
\"^7.27.6\",\x0d\x0a        \"@mui/utils\": \"^7.2.0\",\x0d\x0a        \"prop-types\": \"^15.8.1\"\x0d\x0a      
},\x0d\x0a      \"engines\": {\x0d\x0a        \"node\": \">=14.0.0\"\x0d\x0a      },\x0d\x0a      \"funding\": 
{\x0d\x0a        \"type\": \"opencollective\",\x0d\x0a        \"url\": \"https://opencollective.com/mui-org\"\x0d\x0a  
    },\x0d\x0a      \"peerDependencies\": {\x0d\x0a        \"@types/react\": \"^17.0.0 || ^18.0.0 || 
^19.0.0\",\x0d\x0a        \"react\": \"^17.0.0 || ^18.0.0 || ^19.0.0\"\x0d\x0a      },\x0d\x0a      
\"peerDependenciesMeta\": {\x0d\x0a        \"@types/react\": {\x0d\x0a          \"optional\": true\x0d\x0a        
}\x0d\x0a      }\x0d\x0a    },\x0d\x0a    \"node_modules/@mui/styled-engine\": {\x0d\x0a      \"version\": 
\"7.2.0\",\x0d\x0a      \"license\": \"MIT\",\x0d\x0a      \"dependencies\": {\x0d\x0a        \"@babel/runtime\": 
\"^7.27.6\",\x0d\x0a        \"@emotion/cache\": \"^11.14.0\",\x0d\x0a        \"@emotion/serialize\": 
\"^1.3.3\",\x0d\x0a        \"@emotion/sheet\": \"^1.4.0\",\x0d\x0a        \"csstype\": \"^3.1.3\",\x0d\x0a        
\"prop-types\": \"^15.8.1\"\x0d\x0a      },\x0d\x0a      \"engines\": {\x0d\x0a        \"node\": \">=14.0.0\"\x0d\x0a  
    },\x0d\x0a      \"funding\": {\x0d\x0a        \"type\": \"opencollective\",\x0d\x0a        \"url\": 
\"https://opencollective.com/mui-org\"\x0d\x0a      },\x0d\x0a      \"peerDependencies\": {\x0d\x0a        
\"@emotion/react\": \"^11.4.1\",\x0d\x0a        \"@emotion/styled\": \"^11.3.0\",\x0d\x0a        \"react\": \"^17.0.0 
|| ^18.0.0 || ^19.0.0\"\x0d\x0a      },\x0d\x0a      \"peerDependenciesMeta\": {\x0d\x0a        \"@emotion/react\": 
{\x0d\x0a          \"optional\": true\x0d\x0a        },\x0d\x0a        \"@emotion/styled\": {\x0d\x0a          
\"optional\": true\x0d\x0a        }\x0d\x0a      }\x0d\x0a    },\x0d\x0a    \"node_modules/@mui/system\": {\x0d\x0a    
  \"version\": \"7.2.0\",\x0d\x0a      \"license\": \"MIT\",\x0d\x0a      \"dependencies\": {\x0d\x0a        
\"@babel/runtime\": \"^7.27.6\",\x0d\x0a        \"@mui/private-theming\": \"^7.2.0\",\x0d\x0a        
\"@mui/styled-engine\": \"^7.2.0\",\x0d\x0a        \"@mui/types\": \"^7.4.4\",\x0d\x0a        \"@mui/utils\": 
\"^7.2.0\",\x0d\x0a        \"clsx\": \"^2.1.1\",\x0d\x0a        \"csstype\": \"^3.1.3\",\x0d\x0a        
\"prop-types\": \"^15.8.1\"\x0d\x0a      },\x0d\x0a      \"engines\": {\x0d\x0a        \"node\": \">=14.0.0\"\x0d\x0a  
    },\x0d\x0a      \"funding\": {\x0d\x0a        \"type\": \"opencollective\",\x0d\x0a        \"url\": 
\"https://opencollective.com/mui-org\"\x0d\x0a      },\x0d\x0a      \"peerDependencies\": {\x0d\x0a        
\"@emotion/react\": \"^11.5.0\",\x0d\x0a        \"@emotion/styled\": \"^11.3.0\",\x0d\x0a        \"@types/react\": 
\"^17.0.0 || ^18.0.0 || ^19.0.0\",\x0d\x0a        \"react\": \"^17.0.0 || ^18.0.0 || ^19.0.0\"\x0d\x0a      },\x0d\x0a 
     \"peerDependenciesMeta\": {\x0d\x0a        \"@emotion/react\": {\x0d\x0a          \"optional\": true\x0d\x0a      
  },\x0d\x0a        \"@emotion/styled\": {\x0d\x0a          \"optional\": true\x0d\x0a        },\x0d\x0a        
\"@types/react\": {\x0d\x0a          \"optional\": true\x0d\x0a        }\x0d\x0a      }\x0d\x0a    },\x0d\x0a    
\"node_modules/@mui/types\": {\x0d\x0a      \"version\": \"7.4.4\",\x0d\x0a      \"license\": \"MIT\",\x0d\x0a      
\"dependencies\": {\x0d\x0a        \"@babel/runtime\": \"^7.27.6\"\x0d\x0a      },\x0d\x0a      \"peerDependencies\": 
{\x0d\x0a        \"@types/react\": \"^17.0.0 || ^18.0.0 || ^19.0.0\"\x0d\x0a      },\x0d\x0a      
\"peerDependenciesMeta\": {\x0d\x0a        \"@types/react\": {\x0d\x0a          \"optional\": true\x0d\x0a        
}\x0d\x0a      }\x0d\x0a    },\x0d\x0a    \"node_modules/@mui/utils\": {\x0d\x0a      \"version\": \"7.2.0\",\x0d\x0a  
    \"license\": \"MIT\",\x0d\x0a      \"dependencies\": {\x0d\x0a        \"@babel/runtime\": \"^7.27.6\",\x0d\x0a     
   \"@mui/types\": \"^7.4.4\",\x0d\x0a        \"@types/prop-types\": \"^15.7.15\",\x0d\x0a        \"clsx\": 
\"^2.1.1\",\x0d\x0a        \"prop-types\": \"^15.8.1\",\x0d\x0a        \"react-is\": \"^19.1.0\"\x0d\x0a      
},\x0d\x0a      \"engines\": {\x0d\x0a        \"node\": \">=14.0.0\"\x0d\x0a      },\x0d\x0a      \"funding\": 
{\x0d\x0a        \"type\": \"opencollective\",\x0d\x0a        \"url\": \"https://opencollective.com/mui-org\"\x0d\x0a  
    },\x0d\x0a      \"peerDependencies\": {\x0d\x0a        \"@types/react\": \"^17.0.0 || ^18.0.0 || 
^19.0.0\",\x0d\x0a        \"react\": \"^17.0.0 || ^18.0.0 || ^19.0.0\"\x0d\x0a      },\x0d\x0a      
\"peerDependenciesMeta\": {\x0d\x0a        \"@types/react\": {\x0d\x0a          \"optional\": true\x0d\x0a        
}\x0d\x0a      }\x0d\x0a    },\x0d\x0a    \"node_modules/@mui/utils/node_modules/react-is\": {\x0d\x0a      
\"version\": \"19.1.0\",\x0d\x0a      \"license\": \"MIT\"\x0d\x0a    },\x0d\x0a    
\"node_modules/@napi-rs/wasm-runtime\": {\x0d\x0a      \"version\": \"0.2.12\",\x0d\x0a      \"resolved\": 
\"https://registry.npmjs.org/@napi-rs/wasm-runtime/-/wasm-runtime-0.2.12.tgz\",\x0d\x0a      \"integrity\": 
\"sha512-ZVWUcfwY4E/yPitQJl481FjFo3K22D6qF0DuFH6Y/nbnE11GY5uguDxZMGXPQ8WQ0128MXQD7TnfHyK4oWoIJQ==\",\x0d\x0a      
\"dev\": true,\x0d\x0a      \"license\": \"MIT\",\x0d\x0a      \"optional\": true,\x0d\x0a      \"dependencies\": 
{\x0d\x0a        \"@emnapi/core\": \"^1.4.3\",\x0d\x0a        \"@emnapi/runtime\": \"^1.4.3\",\x0d\x0a        
\"@tybys/wasm-util\": \"^0.10.0\"\x0d\x0a      }\x0d\x0a    },\x0d\x0a    \"node_modules/@next/env\": {\x0d\x0a      
\"version\": \"15.5.9\",\x0d\x0a      \"resolved\": \"https://registry.npmjs.org/@next/env/-/env-15.5.9.tgz\",\x0d\x0a 
     \"integrity\": 
\"sha512-4GlTZ+EJM7WaW2HEZcyU317tIQDjkQIyENDLxYJfSWlfqguN+dHkZgyQTV/7ykvobU7yEH5gKvreNrH4B6QgIg==\",\x0d\x0a      
\"license\": \"MIT\"\x0d\x0a    },\x0d\x0a    \"node_modules/@next/eslint-plugin-next\": {\x0d\x0a      \"version\": 
\"15.1.6\",\x0d\x0a      \"dev\": true,\x0d\x0a      \"license\": \"MIT\",\x0d\x0a      \"dependencies\": {\x0d\x0a    
    \"fast-glob\": \"3.3.1\"\x0d\x0a      }\x0d\x0a    },\x0d\x0a    
\"node_modules/@next/eslint-plugin-next/node_modules/fast-glob\": {\x0d\x0a      \"version\": \"3.3.1\",\x0d\x0a      
\"dev\": true,\x0d\x0a      \"license\": \"MIT\",\x0d\x0a      \"dependencies\": {\x0d\x0a        
\"@nodelib/fs.stat\": \"^2.0.2\",\x0d\x0a        \"@nodelib/fs.walk\": \"^1.2.3\",\x0d\x0a        \"glob-parent\": 
\"^5.1.2\",\x0d\x0a        \"merge2\": \"^1.3.0\",\x0d\x0a        \"micromatch\": \"^4.0.4\"\x0d\x0a      },\x0d\x0a   
   \"engines\": {\x0d\x0a        \"node\": \">=8.6.0\"\x0d\x0a      }\x0d\x0a    },\x0d\x0a    
\"node_modules/@next/swc-darwin-arm64\": {\x0d\x0a      \"version\": \"15.5.7\",\x0d\x0a      \"resolved\": 
\"https://registry.npmjs.org/@next/swc-darwin-arm64/-/swc-darwin-arm64-15.5.7.tgz\",\x0d\x0a      \"integrity\": 
\"sha512-IZwtxCEpI91HVU/rAUOOobWSZv4P2DeTtNaCdHqLcTJU4wdNXgAySvKa/qJCgR5m6KI8UsKDXtO2B31jcaw1Yw==\",\x0d\x0a      
\"cpu\": [\x0d\x0a        \"arm64\"\x0d\x0a      ],\x0d\x0a      \"license\": \"MIT\",\x0d\x0a      \"optional\": 
true,\x0d\x0a      \"os\": [\x0d\x0a        \"darwin\"\x0d\x0a      ],\x0d\x0a      \"engines\": {\x0d\x0a        
\"node\": \">= 10\"\x0d\x0a      }\x0d\x0a    },\x0d\x0a    \"node_modules/@next/swc-darwin-x64\": {\x0d\x0a      
\"version\": \"15.5.7\",\x0d\x0a      \"resolved\": 
\"https://registry.npmjs.org/@next/swc-darwin-x64/-/swc-darwin-x64-15.5.7.tgz\",\x0d\x0a      \"integrity\": 
\"sha512-UP6CaDBcqaCBuiq/gfCEJw7sPEoX1aIjZHnBWN9v9qYHQdMKvCKcAVs4OX1vIjeE+tC5EIuwDTVIoXpUes29lg==\",\x0d\x0a      
\"cpu\": [\x0d\x0a        \"x64\"\x0d\x0a      ],\x0d\x0a      \"license\": \"MIT\",\x0d\x0a      \"optional\": 
true,\x0d\x0a      \"os\": [\x0d\x0a        \"darwin\"\x0d\x0a      ],\x0d\x0a      \"engines\": {\x0d\x0a        
\"node\": \">= 10\"\x0d\x0a      }\x0d\x0a    },\x0d\x0a    \"node_modules/@next/swc-linux-arm64-gnu\": {\x0d\x0a      
\"version\": \"15.5.7\",\x0d\x0a      \"resolved\": 
\"https://registry.npmjs.org/@next/swc-linux-arm64-gnu/-/swc-linux-arm64-gnu-15.5.7.tgz\",\x0d\x0a      \"integrity\": 
\"sha512-NCslw3GrNIw7OgmRBxHtdWFQYhexoUCq+0oS2ccjyYLtcn1SzGzeM54jpTFonIMUjNbHmpKpziXnpxhSWLcmBA==\",\x0d\x0a      
\"cpu\": [\x0d\x0a        \"arm64\"\x0d\x0a      ],\x0d\x0a      \"license\": \"MIT\",\x0d\x0a      \"optional\": 
true,\x0d\x0a      \"os\": [\x0d\x0a        \"linux\"\x0d\x0a      ],\x0d\x0a      \"engines\": {\x0d\x0a        
\"node\": \">= 10\"\x0d\x0a      }\x0d\x0a    },\x0d\x0a    \"node_modules/@next/swc-linux-arm64-musl\": {\x0d\x0a     
 \"version\": \"15.5.7\",\x0d\x0a      \"resolved\": 
\"https://registry.npmjs.org/@next/swc-linux-arm64-musl/-/swc-linux-arm64-musl-15.5.7.tgz\",\x0d\x0a      
\"integrity\": 
\"sha512-nfymt+SE5cvtTrG9u1wdoxBr9bVB7mtKTcj0ltRn6gkP/2Nu1zM5ei8rwP9qKQP0Y//umK+TtkKgNtfboBxRrw==\",\x0d\x0a      
\"cpu\": [\x0d\x0a        \"arm64\"\x0d\x0a      ],\x0d\x0a      \"license\": \"MIT\",\x0d\x0a      \"optional\": 
true,\x0d\x0a      \"os\": [\x0d\x0a        \"linux\"\x0d\x0a      ],\x0d\x0a      \"engines\": {\x0d\x0a        
\"node\": \">= 10\"\x0d\x0a      }\x0d\x0a    },\x0d\x0a    \"node_modules/@next/swc-linux-x64-gnu\": {\x0d\x0a      
\"version\": \"15.5.7\",\x0d\x0a      \"resolved\": 
\"https://registry.npmjs.org/@next/swc-linux-x64-gnu/-/swc-linux-x64-gnu-15.5.7.tgz\",\x0d\x0a      \"integrity\": 
\"sha512-hvXcZvCaaEbCZcVzcY7E1uXN9xWZfFvkNHwbe/n4OkRhFWrs1J1QV+4U1BN06tXLdaS4DazEGXwgqnu/VMcmqw==\",\x0d\x0a      
\"cpu\": [\x0d\x0a        \"x64\"\x0d\x0a      ],\x0d\x0a      \"license\": \"MIT\",\x0d\x0a      \"optional\": 
true,\x0d\x0a      \"os\": [\x0d\x0a        \"linux\"\x0d\x0a      ],\x0d\x0a      \"engines\": {\x0d\x0a        
\"node\": \">= 10\"\x0d\x0a      }\x0d\x0a    },\x0d\x0a    \"node_modules/@next/swc-linux-x64-musl\": {\x0d\x0a      
\"version\": \"15.5.7\",\x0d\x0a      \"resolved\": 
\"https://registry.npmjs.org/@next/swc-linux-x64-musl/-/swc-linux-x64-musl-15.5.7.tgz\",\x0d\x0a      \"integrity\": 
\"sha512-4IUO539b8FmF0odY6/SqANJdgwn1xs1GkPO5doZugwZ3ETF6JUdckk7RGmsfSf7ws8Qb2YB5It33mvNL/0acqA==\",\x0d\x0a      
\"cpu\": [\x0d\x0a        \"x64\"\x0d\x0a      ],\x0d\x0a      \"license\": \"MIT\",\x0d\x0a      \"optional\": 
true,\x0d\x0a      \"os\": [\x0d\x0a        \"linux\"\x0d\x0a      ],\x0d\x0a      \"engines\": {\x0d\x0a        
\"node\": \">= 10\"\x0d\x0a      }\x0d\x0a    },\x0d\x0a    \"node_modules/@next/swc-win32-arm64-msvc\": {\x0d\x0a     
 \"version\": \"15.5.7\",\x0d\x0a      \"resolved\": 
\"https://registry.npmjs.org/@next/swc-win32-arm64-msvc/-/swc-win32-arm64-msvc-15.5.7.tgz\",\x0d\x0a      
\"integrity\": 
\"sha512-CpJVTkYI3ZajQkC5vajM7/ApKJUOlm6uP4BknM3XKvJ7VXAvCqSjSLmM0LKdYzn6nBJVSjdclx8nYJSa3xlTgQ==\",\x0d\x0a      
\"cpu\": [\x0d\x0a        \"arm64\"\x0d\x0a      ],\x0d\x0a      \"license\": \"MIT\",\x0d\x0a      \"optional\": 
true,\x0d\x0a      \"os\": [\x0d\x0a        \"win32\"\x0d\x0a      ],\x0d\x0a      \"engines\": {\x0d\x0a        
\"node\": \">= 10\"\x0d\x0a      }\x0d\x0a    },\x0d\x0a    \"node_modules/@next/swc-win32-x64-msvc\": {\x0d\x0a      
\"version\": \"15.5.7\",\x0d\x0a      \"resolved\": 
\"https://registry.npmjs.org/@next/swc-win32-x64-msvc/-/swc-win32-x64-msvc-15.5.7.tgz\",\x0d\x0a      \"integrity\": 
\"sha512-gMzgBX164I6DN+9/PGA+9dQiwmTkE4TloBNx8Kv9UiGARsr9Nba7IpcBRA1iTV9vwlYnrE3Uy6I7Aj6qLjQuqw==\",\x0d\x0a      
\"cpu\": [\x0d\x0a        \"x64\"\x0d\x0a      ],\x0d\x0a      \"license\": \"MIT\",\x0d\x0a      \"optional\": 
true,\x0d\x0a      \"os\": [\x0d\x0a        \"win32\"\x0d\x0a      ],\x0d\x0a      \"engines\": {\x0d\x0a        
\"node\": \">= 10\"\x0d\x0a      }\x0d\x0a    },\x0d\x0a    \"node_modules/@next/third-parties\": {\x0d\x0a      
\"version\": \"15.4.3\",\x0d\x0a      \"license\": \"MIT\",\x0d\x0a      \"dependencies\": {\x0d\x0a        
\"third-party-capital\": \"1.0.20\"\x0d\x0a      },\x0d\x0a      \"peerDependencies\": {\x0d\x0a        \"next\": 
\"^13.0.0 || ^14.0.0 || ^15.0.0\",\x0d\x0a        \"react\": \"^18.2.0 || 19.0.0-rc-de68d2f4-20241204 || 
^19.0.0\"\x0d\x0a      }\x0d\x0a    },\x0d\x0a    \"node_modules/@nodelib/fs.scandir\": {\x0d\x0a      \"version\": 
\"2.1.5\",\x0d\x0a      \"dev\": true,\x0d\x0a      \"license\": \"MIT\",\x0d\x0a      \"dependencies\": {\x0d\x0a     
   \"@nodelib/fs.stat\": \"2.0.5\",\x0d\x0a        \"run-parallel\": \"^1.1.9\"\x0d\x0a      },\x0d\x0a      
\"engines\": {\x0d\x0a        \"node\": \">= 8\"\x0d\x0a      }\x0d\x0a    },\x0d\x0a    
\"node_modules/@nodelib/fs.stat\": {\x0d\x0a      \"version\": \"2.0.5\",\x0d\x0a      \"dev\": true,\x0d\x0a      
\"license\": \"MIT\",\x0d\x0a      \"engines\": {\x0d\x0a        \"node\": \">= 8\"\x0d\x0a      }\x0d\x0a    
},\x0d\x0a    \"node_modules/@nodelib/fs.walk\": {\x0d\x0a      \"version\": \"1.2.8\",\x0d\x0a      \"dev\": 
true,\x0d\x0a      \"license\": \"MIT\",\x0d\x0a      \"dependencies\": {\x0d\x0a        \"@nodelib/fs.scandir\": 
\"2.1.5\",\x0d\x0a        \"fastq\": \"^1.6.0\"\x0d\x0a      },\x0d\x0a      \"engines\": {\x0d\x0a        \"node\": 
\">= 8\"\x0d\x0a      }\x0d\x0a    },\x0d\x0a    \"node_modules/@nolyfill/is-core-module\": {\x0d\x0a      
\"version\": \"1.0.39\",\x0d\x0a      \"dev\": true,\x0d\x0a      \"license\": \"MIT\",\x0d\x0a      \"engines\": 
{\x0d\x0a        \"node\": \">=12.4.0\"\x0d\x0a      }\x0d\x0a    },\x0d\x0a    \"node_modules/@pkgjs/parseargs\": 
{\x0d\x0a      \"version\": \"0.11.0\",\x0d\x0a      \"dev\": true,\x0d\x0a      \"license\": \"MIT\",\x0d\x0a      
\"optional\": true,\x0d\x0a      \"engines\": {\x0d\x0a        \"node\": \">=14\"\x0d\x0a      }\x0d\x0a    },\x0d\x0a 
   \"node_modules/@popperjs/core\": {\x0d\x0a      \"version\": \"2.11.8\",\x0d\x0a      \"license\": \"MIT\",\x0d\x0a 
     \"funding\": {\x0d\x0a        \"type\": \"opencollective\",\x0d\x0a        \"url\": 
\"https://opencollective.com/popperjs\"\x0d\x0a      }\x0d\x0a    },\x0d\x0a    
\"node_modules/@protobufjs/aspromise\": {\x0d\x0a      \"version\": \"1.1.2\",\x0d\x0a      \"license\": 
\"BSD-3-Clause\"\x0d\x0a    },\x0d\x0a    \"node_modules/@protobufjs/base64\": {\x0d\x0a      \"version\": 
\"1.1.2\",\x0d\x0a      \"license\": \"BSD-3-Clause\"\x0d\x0a    },\x0d\x0a    \"node_modules/@protobufjs/codegen\": 
{\x0d\x0a      \"version\": \"2.0.4\",\x0d\x0a      \"license\": \"BSD-3-Clause\"\x0d\x0a    },\x0d\x0a    
\"node_modules/@protobufjs/eventemitter\": {\x0d\x0a      \"version\": \"1.1.0\",\x0d\x0a      \"license\": 
\"BSD-3-Clause\"\x0d\x0a    },\x0d\x0a    \"node_modules/@protobufjs/fetch\": {\x0d\x0a      \"version\": 
\"1.1.0\",\x0d\x0a      \"license\": \"BSD-3-Clause\",\x0d\x0a      \"dependencies\": {\x0d\x0a        
\"@protobufjs/aspromise\": \"^1.1.1\",\x0d\x0a        \"@protobufjs/inquire\": \"^1.1.0\"\x0d\x0a      }\x0d\x0a    
},\x0d\x0a    \"node_modules/@protobufjs/float\": {\x0d\x0a      \"version\": \"1.0.2\",\x0d\x0a      \"license\": 
\"BSD-3-Clause\"\x0d\x0a    },\x0d\x0a    \"node_modules/@protobufjs/inquire\": {\x0d\x0a      \"version\": 
\"1.1.0\",\x0d\x0a      \"license\": \"BSD-3-Clause\"\x0d\x0a    },\x0d\x0a    \"node_modules/@protobufjs/path\": 
{\x0d\x0a      \"version\": \"1.1.2\",\x0d\x0a      \"license\": \"BSD-3-Clause\"\x0d\x0a    },\x0d\x0a    
\"node_modules/@protobufjs/pool\": {\x0d\x0a      \"version\": \"1.1.0\",\x0d\x0a      \"license\": 
\"BSD-3-Clause\"\x0d\x0a    },\x0d\x0a    \"node_modules/@protobufjs/utf8\": {\x0d\x0a      \"version\": 
\"1.1.0\",\x0d\x0a      \"license\": \"BSD-3-Clause\"\x0d\x0a    },\x0d\x0a    \"node_modules/@react-aria/focus\": 
{\x0d\x0a      \"version\": \"3.21.0\",\x0d\x0a      \"license\": \"Apache-2.0\",\x0d\x0a      \"dependencies\": 
{\x0d\x0a        \"@react-aria/interactions\": \"^3.25.4\",\x0d\x0a        \"@react-aria/utils\": \"^3.30.0\",\x0d\x0a 
       \"@react-types/shared\": \"^3.31.0\",\x0d\x0a        \"@swc/helpers\": \"^0.5.0\",\x0d\x0a        \"clsx\": 
\"^2.0.0\"\x0d\x0a      },\x0d\x0a      \"peerDependencies\": {\x0d\x0a        \"react\": \"^16.8.0 || ^17.0.0-rc.1 || 
^18.0.0 || ^19.0.0-rc.1\",\x0d\x0a        \"react-dom\": \"^16.8.0 || ^17.0.0-rc.1 || ^18.0.0 || 
^19.0.0-rc.1\"\x0d\x0a      }\x0d\x0a    },\x0d\x0a    \"node_modules/@react-aria/interactions\": {\x0d\x0a      
\"version\": \"3.25.4\",\x0d\x0a      \"license\": \"Apache-2.0\",\x0d\x0a      \"dependencies\": {\x0d\x0a        
\"@react-aria/ssr\": \"^3.9.10\",\x0d\x0a        \"@react-aria/utils\": \"^3.30.0\",\x0d\x0a        
\"@react-stately/flags\": \"^3.1.2\",\x0d\x0a        \"@react-types/shared\": \"^3.31.0\",\x0d\x0a        
\"@swc/helpers\": \"^0.5.0\"\x0d\x0a      },\x0d\x0a      \"peerDependencies\": {\x0d\x0a        \"react\": \"^16.8.0 
|| ^17.0.0-rc.1 || ^18.0.0 || ^19.0.0-rc.1\",\x0d\x0a        \"react-dom\": \"^16.8.0 || ^17.0.0-rc.1 || ^18.0.0 || 
^19.0.0-rc.1\"\x0d\x0a      }\x0d\x0a    },\x0d\x0a    \"node_modules/@react-aria/ssr\": {\x0d\x0a      \"version\": 
\"3.9.10\",\x0d\x0a      \"license\": \"Apache-2.0\",\x0d\x0a      \"dependencies\": {\x0d\x0a        
\"@swc/helpers\": \"^0.5.0\"\x0d\x0a      },\x0d\x0a      \"engines\": {\x0d\x0a        \"node\": \">= 12\"\x0d\x0a    
  },\x0d\x0a      \"peerDependencies\": {\x0d\x0a        \"react\": \"^16.8.0 || ^17.0.0-rc.1 || ^18.0.0 || 
^19.0.0-rc.1\"\x0d\x0a      }\x0d\x0a    },\x0d\x0a    \"node_modules/@react-aria/utils\": {\x0d\x0a      \"version\": 
\"3.30.0\",\x0d\x0a      \"license\": \"Apache-2.0\",\x0d\x0a      \"dependencies\": {\x0d\x0a        
\"@react-aria/ssr\": \"^3.9.10\",\x0d\x0a        \"@react-stately/flags\": \"^3.1.2\",\x0d\x0a        
\"@react-stately/utils\": \"^3.10.8\",\x0d\x0a        \"@react-types/shared\": \"^3.31.0\",\x0d\x0a        
\"@swc/helpers\": \"^0.5.0\",\x0d\x0a        \"clsx\": \"^2.0.0\"\x0d\x0a      },\x0d\x0a      \"peerDependencies\": 
{\x0d\x0a        \"react\": \"^16.8.0 || ^17.0.0-rc.1 || ^18.0.0 || ^19.0.0-rc.1\",\x0d\x0a        \"react-dom\": 
\"^16.8.0 || ^17.0.0-rc.1 || ^18.0.0 || ^19.0.0-rc.1\"\x0d\x0a      }\x0d\x0a    },\x0d\x0a    
\"node_modules/@react-email/render\": {\x0d\x0a      \"version\": \"1.1.2\",\x0d\x0a      \"license\": 
\"MIT\",\x0d\x0a      \"dependencies\": {\x0d\x0a        \"html-to-text\": \"^9.0.5\",\x0d\x0a        \"prettier\": 
\"^3.5.3\",\x0d\x0a        \"react-promise-suspense\": \"^0.3.4\"\x0d\x0a      },\x0d\x0a      \"engines\": {\x0d\x0a  
      \"node\": \">=18.0.0\"\x0d\x0a      },\x0d\x0a      \"peerDependencies\": {\x0d\x0a        \"react\": \"^18.0 || 
^19.0 || ^19.0.0-rc\",\x0d\x0a        \"react-dom\": \"^18.0 || ^19.0 || ^19.0.0-rc\"\x0d\x0a      }\x0d\x0a    
},\x0d\x0a    \"node_modules/@react-stately/flags\": {\x0d\x0a      \"version\": \"3.1.2\",\x0d\x0a      \"license\": 
\"Apache-2.0\",\x0d\x0a      \"dependencies\": {\x0d\x0a        \"@swc/helpers\": \"^0.5.0\"\x0d\x0a      }\x0d\x0a    
},\x0d\x0a    \"node_modules/@react-stately/utils\": {\x0d\x0a      \"version\": \"3.10.8\",\x0d\x0a      \"license\": 
\"Apache-2.0\",\x0d\x0a      \"dependencies\": {\x0d\x0a        \"@swc/helpers\": \"^0.5.0\"\x0d\x0a      },\x0d\x0a   
   \"peerDependencies\": {\x0d\x0a        \"react\": \"^16.8.0 || ^17.0.0-rc.1 || ^18.0.0 || ^19.0.0-rc.1\"\x0d\x0a    
  }\x0d\x0a    },\x0d\x0a    \"node_modules/@react-types/shared\": {\x0d\x0a      \"version\": \"3.31.0\",\x0d\x0a     
 \"license\": \"Apache-2.0\",\x0d\x0a      \"peerDependencies\": {\x0d\x0a        \"react\": \"^16.8.0 || ^17.0.0-rc.1 
|| ^18.0.0 || ^19.0.0-rc.1\"\x0d\x0a      }\x0d\x0a    },\x0d\x0a    \"node_modules/@rtsao/scc\": {\x0d\x0a      
\"version\": \"1.1.0\",\x0d\x0a      \"dev\": true,\x0d\x0a      \"license\": \"MIT\"\x0d\x0a    },\x0d\x0a    
\"node_modules/@rushstack/eslint-patch\": {\x0d\x0a      \"version\": \"1.12.0\",\x0d\x0a      \"dev\": true,\x0d\x0a  
    \"license\": \"MIT\"\x0d\x0a    },\x0d\x0a    \"node_modules/@selderee/plugin-htmlparser2\": {\x0d\x0a      
\"version\": \"0.11.0\",\x0d\x0a      \"license\": \"MIT\",\x0d\x0a      \"dependencies\": {\x0d\x0a        
\"domhandler\": \"^5.0.3\",\x0d\x0a        \"selderee\": \"^0.11.0\"\x0d\x0a      },\x0d\x0a      \"funding\": 
{\x0d\x0a        \"url\": \"https://ko-fi.com/killymxi\"\x0d\x0a      }\x0d\x0a    },\x0d\x0a    
\"node_modules/@swc/helpers\": {\x0d\x0a      \"version\": \"0.5.17\",\x0d\x0a      \"license\": 
\"Apache-2.0\",\x0d\x0a      \"dependencies\": {\x0d\x0a        \"tslib\": \"^2.8.0\"\x0d\x0a      }\x0d\x0a    
},\x0d\x0a    \"node_modules/@tanstack/react-virtual\": {\x0d\x0a      \"version\": \"3.13.12\",\x0d\x0a      
\"license\": \"MIT\",\x0d\x0a      \"dependencies\": {\x0d\x0a        \"@tanstack/virtual-core\": \"3.13.12\"\x0d\x0a  
    },\x0d\x0a      \"funding\": {\x0d\x0a        \"type\": \"github\",\x0d\x0a        \"url\": 
\"https://github.com/sponsors/tannerlinsley\"\x0d\x0a      },\x0d\x0a      \"peerDependencies\": {\x0d\x0a        
\"react\": \"^16.8.0 || ^17.0.0 || ^18.0.0 || ^19.0.0\",\x0d\x0a        \"react-dom\": \"^16.8.0 || ^17.0.0 || ^18.0.0 
|| ^19.0.0\"\x0d\x0a      }\x0d\x0a    },\x0d\x0a    \"node_modules/@tanstack/virtual-core\": {\x0d\x0a      
\"version\": \"3.13.12\",\x0d\x0a      \"license\": \"MIT\",\x0d\x0a      \"funding\": {\x0d\x0a        \"type\": 
\"github\",\x0d\x0a        \"url\": \"https://github.com/sponsors/tannerlinsley\"\x0d\x0a      }\x0d\x0a    },\x0d\x0a 
   \"node_modules/@tybys/wasm-util\": {\x0d\x0a      \"version\": \"0.10.1\",\x0d\x0a      \"resolved\": 
\"https://registry.npmjs.org/@tybys/wasm-util/-/wasm-util-0.10.1.tgz\",\x0d\x0a      \"integrity\": 
\"sha512-9tTaPJLSiejZKx+Bmog4uSubteqTvFrVrURwkmHixBo0G4seD0zUxp98E1DzUBJxLQ3NPwXrGKDiVjwx/DpPsg==\",\x0d\x0a      
\"dev\": true,\x0d\x0a      \"license\": \"MIT\",\x0d\x0a      \"optional\": true,\x0d\x0a      \"dependencies\": 
{\x0d\x0a        \"tslib\": \"^2.4.0\"\x0d\x0a      }\x0d\x0a    },\x0d\x0a    \"node_modules/@types/chart.js\": 
{\x0d\x0a      \"version\": \"2.9.41\",\x0d\x0a      \"dev\": true,\x0d\x0a      \"license\": \"MIT\",\x0d\x0a      
\"dependencies\": {\x0d\x0a        \"moment\": \"^2.10.2\"\x0d\x0a      }\x0d\x0a    },\x0d\x0a    
\"node_modules/@types/debug\": {\x0d\x0a      \"version\": \"4.1.12\",\x0d\x0a      \"license\": \"MIT\",\x0d\x0a      
\"dependencies\": {\x0d\x0a        \"@types/ms\": \"*\"\x0d\x0a      }\x0d\x0a    },\x0d\x0a    
\"node_modules/@types/dlv\": {\x0d\x0a      \"version\": \"1.1.5\",\x0d\x0a      \"resolved\": 
\"https://registry.npmjs.org/@types/dlv/-/dlv-1.1.5.tgz\",\x0d\x0a      \"integrity\": 
\"sha512-JHOWNfiWepAhfwlSw17kiWrWrk6od2dEQgHltJw9AS0JPFoLZJBge5+Dnil2NfdjAvJ/+vGSX60/BRW20PpUXw==\",\x0d\x0a      
\"license\": \"MIT\",\x0d\x0a      \"peer\": true\x0d\x0a    },\x0d\x0a    \"node_modules/@types/estree\": {\x0d\x0a   
   \"version\": \"1.0.8\",\x0d\x0a      \"license\": \"MIT\"\x0d\x0a    },\x0d\x0a    
\"node_modules/@types/estree-jsx\": {\x0d\x0a      \"version\": \"1.0.5\",\x0d\x0a      \"license\": \"MIT\",\x0d\x0a  
    \"dependencies\": {\x0d\x0a        \"@types/estree\": \"*\"\x0d\x0a      }\x0d\x0a    },\x0d\x0a    
\"node_modules/@types/hast\": {\x0d\x0a      \"version\": \"3.0.4\",\x0d\x0a      \"license\": \"MIT\",\x0d\x0a      
\"dependencies\": {\x0d\x0a        \"@types/unist\": \"*\"\x0d\x0a      }\x0d\x0a    },\x0d\x0a    
\"node_modules/@types/json-schema\": {\x0d\x0a      \"version\": \"7.0.15\",\x0d\x0a      \"dev\": true,\x0d\x0a      
\"license\": \"MIT\"\x0d\x0a    },\x0d\x0a    \"node_modules/@types/json5\": {\x0d\x0a      \"version\": 
\"0.0.29\",\x0d\x0a      \"dev\": true,\x0d\x0a      \"license\": \"MIT\"\x0d\x0a    },\x0d\x0a    
\"node_modules/@types/mdast\": {\x0d\x0a      \"version\": \"4.0.4\",\x0d\x0a      \"license\": \"MIT\",\x0d\x0a      
\"dependencies\": {\x0d\x0a        \"@types/unist\": \"*\"\x0d\x0a      }\x0d\x0a    },\x0d\x0a    
\"node_modules/@types/ms\": {\x0d\x0a      \"version\": \"2.1.0\",\x0d\x0a      \"license\": \"MIT\"\x0d\x0a    
},\x0d\x0a    \"node_modules/@types/node\": {\x0d\x0a      \"version\": \"24.1.0\",\x0d\x0a      \"license\": 
\"MIT\",\x0d\x0a      \"dependencies\": {\x0d\x0a        \"undici-types\": \"~7.8.0\"\x0d\x0a      }\x0d\x0a    
},\x0d\x0a    \"node_modules/@types/node-fetch\": {\x0d\x0a      \"version\": \"2.6.12\",\x0d\x0a      \"license\": 
\"MIT\",\x0d\x0a      \"dependencies\": {\x0d\x0a        \"@types/node\": \"*\",\x0d\x0a        \"form-data\": 
\"^4.0.0\"\x0d\x0a      }\x0d\x0a    },\x0d\x0a    \"node_modules/@types/nodemailer\": {\x0d\x0a      \"version\": 
\"6.4.17\",\x0d\x0a      \"dev\": true,\x0d\x0a      \"license\": \"MIT\",\x0d\x0a      \"dependencies\": {\x0d\x0a    
    \"@types/node\": \"*\"\x0d\x0a      }\x0d\x0a    },\x0d\x0a    \"node_modules/@types/parse-json\": {\x0d\x0a      
\"version\": \"4.0.2\",\x0d\x0a      \"license\": \"MIT\"\x0d\x0a    },\x0d\x0a    \"node_modules/@types/prop-types\": 
{\x0d\x0a      \"version\": \"15.7.15\",\x0d\x0a      \"license\": \"MIT\"\x0d\x0a    },\x0d\x0a    
\"node_modules/@types/react\": {\x0d\x0a      \"version\": \"19.1.8\",\x0d\x0a      \"license\": \"MIT\",\x0d\x0a      
\"peer\": true,\x0d\x0a      \"dependencies\": {\x0d\x0a        \"csstype\": \"^3.0.2\"\x0d\x0a      }\x0d\x0a    
},\x0d\x0a    \"node_modules/@types/react-dom\": {\x0d\x0a      \"version\": \"19.1.6\",\x0d\x0a      \"dev\": 
true,\x0d\x0a      \"license\": \"MIT\",\x0d\x0a      \"peerDependencies\": {\x0d\x0a        \"@types/react\": 
\"^19.0.0\"\x0d\x0a      }\x0d\x0a    },\x0d\x0a    \"node_modules/@types/react-dropzone\": {\x0d\x0a      
\"version\": \"4.2.2\",\x0d\x0a      \"license\": \"MIT\",\x0d\x0a      \"dependencies\": {\x0d\x0a        
\"@types/react\": \"*\"\x0d\x0a      }\x0d\x0a    },\x0d\x0a    \"node_modules/@types/react-transition-group\": 
{\x0d\x0a      \"version\": \"4.4.12\",\x0d\x0a      \"license\": \"MIT\",\x0d\x0a      \"peerDependencies\": 
{\x0d\x0a        \"@types/react\": \"*\"\x0d\x0a      }\x0d\x0a    },\x0d\x0a    \"node_modules/@types/retry\": 
{\x0d\x0a      \"version\": \"0.12.0\",\x0d\x0a      \"license\": \"MIT\"\x0d\x0a    },\x0d\x0a    
\"node_modules/@types/unist\": {\x0d\x0a      \"version\": \"3.0.3\",\x0d\x0a      \"license\": \"MIT\"\x0d\x0a    
},\x0d\x0a    \"node_modules/@types/uuid\": {\x0d\x0a      \"version\": \"10.0.0\",\x0d\x0a      \"license\": 
\"MIT\"\x0d\x0a    },\x0d\x0a    \"node_modules/@typescript-eslint/eslint-plugin\": {\x0d\x0a      \"version\": 
\"8.38.0\",\x0d\x0a      \"dev\": true,\x0d\x0a      \"license\": \"MIT\",\x0d\x0a      \"dependencies\": {\x0d\x0a    
    \"@eslint-community/regexpp\": \"^4.10.0\",\x0d\x0a        \"@typescript-eslint/scope-manager\": 
\"8.38.0\",\x0d\x0a        \"@typescript-eslint/type-utils\": \"8.38.0\",\x0d\x0a        \"@typescript-eslint/utils\": 
\"8.38.0\",\x0d\x0a        \"@typescript-eslint/visitor-keys\": \"8.38.0\",\x0d\x0a        \"graphemer\": 
\"^1.4.0\",\x0d\x0a        \"ignore\": \"^7.0.0\",\x0d\x0a        \"natural-compare\": \"^1.4.0\",\x0d\x0a        
\"ts-api-utils\": \"^2.1.0\"\x0d\x0a      },\x0d\x0a      \"engines\": {\x0d\x0a        \"node\": \"^18.18.0 || 
^20.9.0 || >=21.1.0\"\x0d\x0a      },\x0d\x0a      \"funding\": {\x0d\x0a        \"type\": \"opencollective\",\x0d\x0a 
       \"url\": \"https://opencollective.com/typescript-eslint\"\x0d\x0a      },\x0d\x0a      \"peerDependencies\": 
{\x0d\x0a        \"@typescript-eslint/parser\": \"^8.38.0\",\x0d\x0a        \"eslint\": \"^8.57.0 || ^9.0.0\",\x0d\x0a 
       \"typescript\": \">=4.8.4 <5.9.0\"\x0d\x0a      }\x0d\x0a    },\x0d\x0a    
\"node_modules/@typescript-eslint/eslint-plugin/node_modules/ignore\": {\x0d\x0a      \"version\": \"7.0.5\",\x0d\x0a  
    \"dev\": true,\x0d\x0a      \"license\": \"MIT\",\x0d\x0a      \"engines\": {\x0d\x0a        \"node\": \">= 
4\"\x0d\x0a      }\x0d\x0a    },\x0d\x0a    \"node_modules/@typescript-eslint/parser\": {\x0d\x0a      \"version\": 
\"8.38.0\",\x0d\x0a      \"dev\": true,\x0d\x0a      \"license\": \"MIT\",\x0d\x0a      \"peer\": true,\x0d\x0a      
\"dependencies\": {\x0d\x0a        \"@typescript-eslint/scope-manager\": \"8.38.0\",\x0d\x0a        
\"@typescript-eslint/types\": \"8.38.0\",\x0d\x0a        \"@typescript-eslint/typescript-estree\": \"8.38.0\",\x0d\x0a 
       \"@typescript-eslint/visitor-keys\": \"8.38.0\",\x0d\x0a        \"debug\": \"^4.3.4\"\x0d\x0a      },\x0d\x0a   
   \"engines\": {\x0d\x0a        \"node\": \"^18.18.0 || ^20.9.0 || >=21.1.0\"\x0d\x0a      },\x0d\x0a      
\"funding\": {\x0d\x0a        \"type\": \"opencollective\",\x0d\x0a        \"url\": 
\"https://opencollective.com/typescript-eslint\"\x0d\x0a      },\x0d\x0a      \"peerDependencies\": {\x0d\x0a        
\"eslint\": \"^8.57.0 || ^9.0.0\",\x0d\x0a        \"typescript\": \">=4.8.4 <5.9.0\"\x0d\x0a      }\x0d\x0a    
},\x0d\x0a    \"node_modules/@typescript-eslint/project-service\": {\x0d\x0a      \"version\": \"8.38.0\",\x0d\x0a     
 \"dev\": true,\x0d\x0a      \"license\": \"MIT\",\x0d\x0a      \"dependencies\": {\x0d\x0a        
\"@typescript-eslint/tsconfig-utils\": \"^8.38.0\",\x0d\x0a        \"@typescript-eslint/types\": \"^8.38.0\",\x0d\x0a  
      \"debug\": \"^4.3.4\"\x0d\x0a      },\x0d\x0a      \"engines\": {\x0d\x0a        \"node\": \"^18.18.0 || ^20.9.0 
|| >=21.1.0\"\x0d\x0a      },\x0d\x0a      \"funding\": {\x0d\x0a        \"type\": \"opencollective\",\x0d\x0a        
\"url\": \"https://opencollective.com/typescript-eslint\"\x0d\x0a      },\x0d\x0a      \"peerDependencies\": {\x0d\x0a 
       \"typescript\": \">=4.8.4 <5.9.0\"\x0d\x0a      }\x0d\x0a    },\x0d\x0a    
\"node_modules/@typescript-eslint/scope-manager\": {\x0d\x0a      \"version\": \"8.38.0\",\x0d\x0a      \"dev\": 
true,\x0d\x0a      \"license\": \"MIT\",\x0d\x0a      \"dependencies\": {\x0d\x0a        \"@typescript-eslint/types\": 
\"8.38.0\",\x0d\x0a        \"@typescript-eslint/visitor-keys\": \"8.38.0\"\x0d\x0a      },\x0d\x0a      \"engines\": 
{\x0d\x0a        \"node\": \"^18.18.0 || ^20.9.0 || >=21.1.0\"\x0d\x0a      },\x0d\x0a      \"funding\": {\x0d\x0a     
   \"type\": \"opencollective\",\x0d\x0a        \"url\": \"https://opencollective.com/typescript-eslint\"\x0d\x0a      
}\x0d\x0a    },\x0d\x0a    \"node_modules/@typescript-eslint/tsconfig-utils\": {\x0d\x0a      \"version\": 
\"8.38.0\",\x0d\x0a      \"dev\": true,\x0d\x0a      \"license\": \"MIT\",\x0d\x0a      \"engines\": {\x0d\x0a        
\"node\": \"^18.18.0 || ^20.9.0 || >=21.1.0\"\x0d\x0a      },\x0d\x0a      \"funding\": {\x0d\x0a        \"type\": 
\"opencollective\",\x0d\x0a        \"url\": \"https://opencollective.com/typescript-eslint\"\x0d\x0a      },\x0d\x0a   
   \"peerDependencies\": {\x0d\x0a        \"typescript\": \">=4.8.4 <5.9.0\"\x0d\x0a      }\x0d\x0a    },\x0d\x0a    
\"node_modules/@typescript-eslint/type-utils\": {\x0d\x0a      \"version\": \"8.38.0\",\x0d\x0a      \"dev\": 
true,\x0d\x0a      \"license\": \"MIT\",\x0d\x0a      \"dependencies\": {\x0d\x0a        \"@typescript-eslint/types\": 
\"8.38.0\",\x0d\x0a        \"@typescript-eslint/typescript-estree\": \"8.38.0\",\x0d\x0a        
\"@typescript-eslint/utils\": \"8.38.0\",\x0d\x0a        \"debug\": \"^4.3.4\",\x0d\x0a        \"ts-api-utils\": 
\"^2.1.0\"\x0d\x0a      },\x0d\x0a      \"engines\": {\x0d\x0a        \"node\": \"^18.18.0 || ^20.9.0 || 
>=21.1.0\"\x0d\x0a      },\x0d\x0a      \"funding\": {\x0d\x0a        \"type\": \"opencollective\",\x0d\x0a        
\"url\": \"https://opencollective.com/typescript-eslint\"\x0d\x0a      },\x0d\x0a      \"peerDependencies\": {\x0d\x0a 
       \"eslint\": \"^8.57.0 || ^9.0.0\",\x0d\x0a        \"typescript\": \">=4.8.4 <5.9.0\"\x0d\x0a      }\x0d\x0a    
},\x0d\x0a    \"node_modules/@typescript-eslint/types\": {\x0d\x0a      \"version\": \"8.38.0\",\x0d\x0a      \"dev\": 
true,\x0d\x0a      \"license\": \"MIT\",\x0d\x0a      \"engines\": {\x0d\x0a        \"node\": \"^18.18.0 || ^20.9.0 || 
>=21.1.0\"\x0d\x0a      },\x0d\x0a      \"funding\": {\x0d\x0a        \"type\": \"opencollective\",\x0d\x0a        
\"url\": \"https://opencollective.com/typescript-eslint\"\x0d\x0a      }\x0d\x0a    },\x0d\x0a    
\"node_modules/@typescript-eslint/typescript-estree\": {\x0d\x0a      \"version\": \"8.38.0\",\x0d\x0a      \"dev\": 
true,\x0d\x0a      \"license\": \"MIT\",\x0d\x0a      \"dependencies\": {\x0d\x0a        
\"@typescript-eslint/project-service\": \"8.38.0\",\x0d\x0a        \"@typescript-eslint/tsconfig-utils\": 
\"8.38.0\",\x0d\x0a        \"@typescript-eslint/types\": \"8.38.0\",\x0d\x0a        
\"@typescript-eslint/visitor-keys\": \"8.38.0\",\x0d\x0a        \"debug\": \"^4.3.4\",\x0d\x0a        \"fast-glob\": 
\"^3.3.2\",\x0d\x0a        \"is-glob\": \"^4.0.3\",\x0d\x0a        \"minimatch\": \"^9.0.4\",\x0d\x0a        
\"semver\": \"^7.6.0\",\x0d\x0a        \"ts-api-utils\": \"^2.1.0\"\x0d\x0a      },\x0d\x0a      \"engines\": 
{\x0d\x0a        \"node\": \"^18.18.0 || ^20.9.0 || >=21.1.0\"\x0d\x0a      },\x0d\x0a      \"funding\": {\x0d\x0a     
   \"type\": \"opencollective\",\x0d\x0a        \"url\": \"https://opencollective.com/typescript-eslint\"\x0d\x0a      
},\x0d\x0a      \"peerDependencies\": {\x0d\x0a        \"typescript\": \">=4.8.4 <5.9.0\"\x0d\x0a      }\x0d\x0a    
},\x0d\x0a    \"node_modules/@typescript-eslint/typescript-estree/node_modules/brace-expansion\": {\x0d\x0a      
\"version\": \"2.0.2\",\x0d\x0a      \"dev\": true,\x0d\x0a      \"license\": \"MIT\",\x0d\x0a      \"dependencies\": 
{\x0d\x0a        \"balanced-match\": \"^1.0.0\"\x0d\x0a      }\x0d\x0a    },\x0d\x0a    
\"node_modules/@typescript-eslint/typescript-estree/node_modules/minimatch\": {\x0d\x0a      \"version\": 
\"9.0.5\",\x0d\x0a      \"dev\": true,\x0d\x0a      \"license\": \"ISC\",\x0d\x0a      \"dependencies\": {\x0d\x0a     
   \"brace-expansion\": \"^2.0.1\"\x0d\x0a      },\x0d\x0a      \"engines\": {\x0d\x0a        \"node\": \">=16 || 14 
>=14.17\"\x0d\x0a      },\x0d\x0a      \"funding\": {\x0d\x0a        \"url\": 
\"https://github.com/sponsors/isaacs\"\x0d\x0a      }\x0d\x0a    },\x0d\x0a    
\"node_modules/@typescript-eslint/utils\": {\x0d\x0a      \"version\": \"8.38.0\",\x0d\x0a      \"dev\": true,\x0d\x0a 
     \"license\": \"MIT\",\x0d\x0a      \"dependencies\": {\x0d\x0a        \"@eslint-community/eslint-utils\": 
\"^4.7.0\",\x0d\x0a        \"@typescript-eslint/scope-manager\": \"8.38.0\",\x0d\x0a        
\"@typescript-eslint/types\": \"8.38.0\",\x0d\x0a        \"@typescript-eslint/typescript-estree\": \"8.38.0\"\x0d\x0a  
    },\x0d\x0a      \"engines\": {\x0d\x0a        \"node\": \"^18.18.0 || ^20.9.0 || >=21.1.0\"\x0d\x0a      
},\x0d\x0a      \"funding\": {\x0d\x0a        \"type\": \"opencollective\",\x0d\x0a        \"url\": 
\"https://opencollective.com/typescript-eslint\"\x0d\x0a      },\x0d\x0a      \"peerDependencies\": {\x0d\x0a        
\"eslint\": \"^8.57.0 || ^9.0.0\",\x0d\x0a        \"typescript\": \">=4.8.4 <5.9.0\"\x0d\x0a      }\x0d\x0a    
},\x0d\x0a    \"node_modules/@typescript-eslint/visitor-keys\": {\x0d\x0a      \"version\": \"8.38.0\",\x0d\x0a      
\"dev\": true,\x0d\x0a      \"license\": \"MIT\",\x0d\x0a      \"dependencies\": {\x0d\x0a        
\"@typescript-eslint/types\": \"8.38.0\",\x0d\x0a        \"eslint-visitor-keys\": \"^4.2.1\"\x0d\x0a      },\x0d\x0a   
   \"engines\": {\x0d\x0a        \"node\": \"^18.18.0 || ^20.9.0 || >=21.1.0\"\x0d\x0a      },\x0d\x0a      
\"funding\": {\x0d\x0a        \"type\": \"opencollective\",\x0d\x0a        \"url\": 
\"https://opencollective.com/typescript-eslint\"\x0d\x0a      }\x0d\x0a    },\x0d\x0a    
\"node_modules/@ungap/structured-clone\": {\x0d\x0a      \"version\": \"1.3.0\",\x0d\x0a      \"license\": 
\"ISC\"\x0d\x0a    },\x0d\x0a    \"node_modules/@unrs/resolver-binding-android-arm-eabi\": {\x0d\x0a      \"version\": 
\"1.11.1\",\x0d\x0a      \"resolved\": \"https://registry.npmjs.org/@unrs/resolver-binding-android-arm-eabi/-/resolver-
binding-android-arm-eabi-1.11.1.tgz\",\x0d\x0a      \"integrity\": 
\"sha512-ppLRUgHVaGRWUx0R0Ut06Mjo9gBaBkg3v/8AxusGLhsIotbBLuRk51rAzqLC8gq6NyyAojEXglNjzf6R948DNw==\",\x0d\x0a      
\"cpu\": [\x0d\x0a        \"arm\"\x0d\x0a      ],\x0d\x0a      \"dev\": true,\x0d\x0a      \"license\": 
\"MIT\",\x0d\x0a      \"optional\": true,\x0d\x0a      \"os\": [\x0d\x0a        \"android\"\x0d\x0a      ]\x0d\x0a    
},\x0d\x0a    \"node_modules/@unrs/resolver-binding-android-arm64\": {\x0d\x0a      \"version\": \"1.11.1\",\x0d\x0a   
   \"resolved\": \"https://registry.npmjs.org/@unrs/resolver-binding-android-arm64/-/resolver-binding-android-arm64-1.1
1.1.tgz\",\x0d\x0a      \"integrity\": 
\"sha512-lCxkVtb4wp1v+EoN+HjIG9cIIzPkX5OtM03pQYkG+U5O/wL53LC4QbIeazgiKqluGeVEeBlZahHalCaBvU1a2g==\",\x0d\x0a      
\"cpu\": [\x0d\x0a        \"arm64\"\x0d\x0a      ],\x0d\x0a      \"dev\": true,\x0d\x0a      \"license\": 
\"MIT\",\x0d\x0a      \"optional\": true,\x0d\x0a      \"os\": [\x0d\x0a        \"android\"\x0d\x0a      ]\x0d\x0a    
},\x0d\x0a    \"node_modules/@unrs/resolver-binding-darwin-arm64\": {\x0d\x0a      \"version\": \"1.11.1\",\x0d\x0a    
  \"resolved\": 
\"https://registry.npmjs.org/@unrs/resolver-binding-darwin-arm64/-/resolver-binding-darwin-arm64-1.11.1.tgz\",\x0d\x0a 
     \"integrity\": 
\"sha512-gPVA1UjRu1Y/IsB/dQEsp2V1pm44Of6+LWvbLc9SDk1c2KhhDRDBUkQCYVWe6f26uJb3fOK8saWMgtX8IrMk3g==\",\x0d\x0a      
\"cpu\": [\x0d\x0a        \"arm64\"\x0d\x0a      ],\x0d\x0a      \"dev\": true,\x0d\x0a      \"license\": 
\"MIT\",\x0d\x0a      \"optional\": true,\x0d\x0a      \"os\": [\x0d\x0a        \"darwin\"\x0d\x0a      ]\x0d\x0a    
},\x0d\x0a    \"node_modules/@unrs/resolver-binding-darwin-x64\": {\x0d\x0a      \"version\": \"1.11.1\",\x0d\x0a      
\"resolved\": 
\"https://registry.npmjs.org/@unrs/resolver-binding-darwin-x64/-/resolver-binding-darwin-x64-1.11.1.tgz\",\x0d\x0a     
 \"integrity\": 
\"sha512-cFzP7rWKd3lZaCsDze07QX1SC24lO8mPty9vdP+YVa3MGdVgPmFc59317b2ioXtgCMKGiCLxJ4HQs62oz6GfRQ==\",\x0d\x0a      
\"cpu\": [\x0d\x0a        \"x64\"\x0d\x0a      ],\x0d\x0a      \"dev\": true,\x0d\x0a      \"license\": 
\"MIT\",\x0d\x0a      \"optional\": true,\x0d\x0a      \"os\": [\x0d\x0a        \"darwin\"\x0d\x0a      ]\x0d\x0a    
},\x0d\x0a    \"node_modules/@unrs/resolver-binding-freebsd-x64\": {\x0d\x0a      \"version\": \"1.11.1\",\x0d\x0a     
 \"resolved\": 
\"https://registry.npmjs.org/@unrs/resolver-binding-freebsd-x64/-/resolver-binding-freebsd-x64-1.11.1.tgz\",\x0d\x0a   
   \"integrity\": 
\"sha512-fqtGgak3zX4DCB6PFpsH5+Kmt/8CIi4Bry4rb1ho6Av2QHTREM+47y282Uqiu3ZRF5IQioJQ5qWRV6jduA+iGw==\",\x0d\x0a      
\"cpu\": [\x0d\x0a        \"x64\"\x0d\x0a      ],\x0d\x0a      \"dev\": true,\x0d\x0a      \"license\": 
\"MIT\",\x0d\x0a      \"optional\": true,\x0d\x0a      \"os\": [\x0d\x0a        \"freebsd\"\x0d\x0a      ]\x0d\x0a    
},\x0d\x0a    \"node_modules/@unrs/resolver-binding-linux-arm-gnueabihf\": {\x0d\x0a      \"version\": 
\"1.11.1\",\x0d\x0a      \"resolved\": \"https://registry.npmjs.org/@unrs/resolver-binding-linux-arm-gnueabihf/-/resolv
er-binding-linux-arm-gnueabihf-1.11.1.tgz\",\x0d\x0a      \"integrity\": 
\"sha512-u92mvlcYtp9MRKmP+ZvMmtPN34+/3lMHlyMj7wXJDeXxuM0Vgzz0+PPJNsro1m3IZPYChIkn944wW8TYgGKFHw==\",\x0d\x0a      
\"cpu\": [\x0d\x0a        \"arm\"\x0d\x0a      ],\x0d\x0a      \"dev\": true,\x0d\x0a      \"license\": 
\"MIT\",\x0d\x0a      \"optional\": true,\x0d\x0a      \"os\": [\x0d\x0a        \"linux\"\x0d\x0a      ]\x0d\x0a    
},\x0d\x0a    \"node_modules/@unrs/resolver-binding-linux-arm-musleabihf\": {\x0d\x0a      \"version\": 
\"1.11.1\",\x0d\x0a      \"resolved\": \"https://registry.npmjs.org/@unrs/resolver-binding-linux-arm-musleabihf/-/resol
ver-binding-linux-arm-musleabihf-1.11.1.tgz\",\x0d\x0a      \"integrity\": 
\"sha512-cINaoY2z7LVCrfHkIcmvj7osTOtm6VVT16b5oQdS4beibX2SYBwgYLmqhBjA1t51CarSaBuX5YNsWLjsqfW5Cw==\",\x0d\x0a      
\"cpu\": [\x0d\x0a        \"arm\"\x0d\x0a      ],\x0d\x0a      \"dev\": true,\x0d\x0a      \"license\": 
\"MIT\",\x0d\x0a      \"optional\": true,\x0d\x0a      \"os\": [\x0d\x0a        \"linux\"\x0d\x0a      ]\x0d\x0a    
},\x0d\x0a    \"node_modules/@unrs/resolver-binding-linux-arm64-gnu\": {\x0d\x0a      \"version\": \"1.11.1\",\x0d\x0a 
     \"resolved\": \"https://registry.npmjs.org/@unrs/resolver-binding-linux-arm64-gnu/-/resolver-binding-linux-arm64-g
nu-1.11.1.tgz\",\x0d\x0a      \"integrity\": 
\"sha512-34gw7PjDGB9JgePJEmhEqBhWvCiiWCuXsL9hYphDF7crW7UgI05gyBAi6MF58uGcMOiOqSJ2ybEeCvHcq0BCmQ==\",\x0d\x0a      
\"cpu\": [\x0d\x0a        \"arm64\"\x0d\x0a      ],\x0d\x0a      \"dev\": true,\x0d\x0a      \"license\": 
\"MIT\",\x0d\x0a      \"optional\": true,\x0d\x0a      \"os\": [\x0d\x0a        \"linux\"\x0d\x0a      ]\x0d\x0a    
},\x0d\x0a    \"node_modules/@unrs/resolver-binding-linux-arm64-musl\": {\x0d\x0a      \"version\": 
\"1.11.1\",\x0d\x0a      \"resolved\": \"https://registry.npmjs.org/@unrs/resolver-binding-linux-arm64-musl/-/resolver-
binding-linux-arm64-musl-1.11.1.tgz\",\x0d\x0a      \"integrity\": 
\"sha512-RyMIx6Uf53hhOtJDIamSbTskA99sPHS96wxVE/bJtePJJtpdKGXO1wY90oRdXuYOGOTuqjT8ACccMc4K6QmT3w==\",\x0d\x0a      
\"cpu\": [\x0d\x0a        \"arm64\"\x0d\x0a      ],\x0d\x0a      \"dev\": true,\x0d\x0a      \"license\": 
\"MIT\",\x0d\x0a      \"optional\": true,\x0d\x0a      \"os\": [\x0d\x0a        \"linux\"\x0d\x0a      ]\x0d\x0a    
},\x0d\x0a    \"node_modules/@unrs/resolver-binding-linux-ppc64-gnu\": {\x0d\x0a      \"version\": \"1.11.1\",\x0d\x0a 
     \"resolved\": \"https://registry.npmjs.org/@unrs/resolver-binding-linux-ppc64-gnu/-/resolver-binding-linux-ppc64-g
nu-1.11.1.tgz\",\x0d\x0a      \"integrity\": 
\"sha512-D8Vae74A4/a+mZH0FbOkFJL9DSK2R6TFPC9M+jCWYia/q2einCubX10pecpDiTmkJVUH+y8K3BZClycD8nCShA==\",\x0d\x0a      
\"cpu\": [\x0d\x0a        \"ppc64\"\x0d\x0a      ],\x0d\x0a      \"dev\": true,\x0d\x0a      \"license\": 
\"MIT\",\x0d\x0a      \"optional\": true,\x0d\x0a      \"os\": [\x0d\x0a        \"linux\"\x0d\x0a      ]\x0d\x0a    
},\x0d\x0a    \"node_modules/@unrs/resolver-binding-linux-riscv64-gnu\": {\x0d\x0a      \"version\": 
\"1.11.1\",\x0d\x0a      \"resolved\": \"https://registry.npmjs.org/@unrs/resolver-binding-linux-riscv64-gnu/-/resolver
-binding-linux-riscv64-gnu-1.11.1.tgz\",\x0d\x0a      \"integrity\": 
\"sha512-frxL4OrzOWVVsOc96+V3aqTIQl1O2TjgExV4EKgRY09AJ9leZpEg8Ak9phadbuX0BA4k8U5qtvMSQQGGmaJqcQ==\",\x0d\x0a      
\"cpu\": [\x0d\x0a        \"riscv64\"\x0d\x0a      ],\x0d\x0a      \"dev\": true,\x0d\x0a      \"license\": 
\"MIT\",\x0d\x0a      \"optional\": true,\x0d\x0a      \"os\": [\x0d\x0a        \"linux\"\x0d\x0a      ]\x0d\x0a    
},\x0d\x0a    \"node_modules/@unrs/resolver-binding-linux-riscv64-musl\": {\x0d\x0a      \"version\": 
\"1.11.1\",\x0d\x0a      \"resolved\": \"https://registry.npmjs.org/@unrs/resolver-binding-linux-riscv64-musl/-/resolve
r-binding-linux-riscv64-musl-1.11.1.tgz\",\x0d\x0a      \"integrity\": 
\"sha512-mJ5vuDaIZ+l/acv01sHoXfpnyrNKOk/3aDoEdLO/Xtn9HuZlDD6jKxHlkN8ZhWyLJsRBxfv9GYM2utQ1SChKew==\",\x0d\x0a      
\"cpu\": [\x0d\x0a        \"riscv64\"\x0d\x0a      ],\x0d\x0a      \"dev\": true,\x0d\x0a      \"license\": 
\"MIT\",\x0d\x0a      \"optional\": true,\x0d\x0a      \"os\": [\x0d\x0a        \"linux\"\x0d\x0a      ]\x0d\x0a    
},\x0d\x0a    \"node_modules/@unrs/resolver-binding-linux-s390x-gnu\": {\x0d\x0a      \"version\": \"1.11.1\",\x0d\x0a 
     \"resolved\": \"https://registry.npmjs.org/@unrs/resolver-binding-linux-s390x-gnu/-/resolver-binding-linux-s390x-g
nu-1.11.1.tgz\",\x0d\x0a      \"integrity\": 
\"sha512-kELo8ebBVtb9sA7rMe1Cph4QHreByhaZ2QEADd9NzIQsYNQpt9UkM9iqr2lhGr5afh885d/cB5QeTXSbZHTYPg==\",\x0d\x0a      
\"cpu\": [\x0d\x0a        \"s390x\"\x0d\x0a      ],\x0d\x0a      \"dev\": true,\x0d\x0a      \"license\": 
\"MIT\",\x0d\x0a      \"optional\": true,\x0d\x0a      \"os\": [\x0d\x0a        \"linux\"\x0d\x0a      ]\x0d\x0a    
},\x0d\x0a    \"node_modules/@unrs/resolver-binding-linux-x64-gnu\": {\x0d\x0a      \"version\": \"1.11.1\",\x0d\x0a   
   \"resolved\": \"https://registry.npmjs.org/@unrs/resolver-binding-linux-x64-gnu/-/resolver-binding-linux-x64-gnu-1.1
1.1.tgz\",\x0d\x0a      \"integrity\": 
\"sha512-C3ZAHugKgovV5YvAMsxhq0gtXuwESUKc5MhEtjBpLoHPLYM+iuwSj3lflFwK3DPm68660rZ7G8BMcwSro7hD5w==\",\x0d\x0a      
\"cpu\": [\x0d\x0a        \"x64\"\x0d\x0a      ],\x0d\x0a      \"dev\": true,\x0d\x0a      \"license\": 
\"MIT\",\x0d\x0a      \"optional\": true,\x0d\x0a      \"os\": [\x0d\x0a        \"linux\"\x0d\x0a      ]\x0d\x0a    
},\x0d\x0a    \"node_modules/@unrs/resolver-binding-linux-x64-musl\": {\x0d\x0a      \"version\": \"1.11.1\",\x0d\x0a  
    \"resolved\": \"https://registry.npmjs.org/@unrs/resolver-binding-linux-x64-musl/-/resolver-binding-linux-x64-musl-
1.11.1.tgz\",\x0d\x0a      \"integrity\": 
\"sha512-rV0YSoyhK2nZ4vEswT/QwqzqQXw5I6CjoaYMOX0TqBlWhojUf8P94mvI7nuJTeaCkkds3QE4+zS8Ko+GdXuZtA==\",\x0d\x0a      
\"cpu\": [\x0d\x0a        \"x64\"\x0d\x0a      ],\x0d\x0a      \"dev\": true,\x0d\x0a      \"license\": 
\"MIT\",\x0d\x0a      \"optional\": true,\x0d\x0a      \"os\": [\x0d\x0a        \"linux\"\x0d\x0a      ]\x0d\x0a    
},\x0d\x0a    \"node_modules/@unrs/resolver-binding-wasm32-wasi\": {\x0d\x0a      \"version\": \"1.11.1\",\x0d\x0a     
 \"resolved\": 
\"https://registry.npmjs.org/@unrs/resolver-binding-wasm32-wasi/-/resolver-binding-wasm32-wasi-1.11.1.tgz\",\x0d\x0a   
   \"integrity\": 
\"sha512-5u4RkfxJm+Ng7IWgkzi3qrFOvLvQYnPBmjmZQ8+szTK/b31fQCnleNl1GgEt7nIsZRIf5PLhPwT0WM+q45x/UQ==\",\x0d\x0a      
\"cpu\": [\x0d\x0a        \"wasm32\"\x0d\x0a      ],\x0d\x0a      \"dev\": true,\x0d\x0a      \"license\": 
\"MIT\",\x0d\x0a      \"optional\": true,\x0d\x0a      \"dependencies\": {\x0d\x0a        \"@napi-rs/wasm-runtime\": 
\"^0.2.11\"\x0d\x0a      },\x0d\x0a      \"engines\": {\x0d\x0a        \"node\": \">=14.0.0\"\x0d\x0a      }\x0d\x0a   
 },\x0d\x0a    \"node_modules/@unrs/resolver-binding-win32-arm64-msvc\": {\x0d\x0a      \"version\": 
\"1.11.1\",\x0d\x0a      \"resolved\": \"https://registry.npmjs.org/@unrs/resolver-binding-win32-arm64-msvc/-/resolver-
binding-win32-arm64-msvc-1.11.1.tgz\",\x0d\x0a      \"integrity\": 
\"sha512-nRcz5Il4ln0kMhfL8S3hLkxI85BXs3o8EYoattsJNdsX4YUU89iOkVn7g0VHSRxFuVMdM4Q1jEpIId1Ihim/Uw==\",\x0d\x0a      
\"cpu\": [\x0d\x0a        \"arm64\"\x0d\x0a      ],\x0d\x0a      \"dev\": true,\x0d\x0a      \"license\": 
\"MIT\",\x0d\x0a      \"optional\": true,\x0d\x0a      \"os\": [\x0d\x0a        \"win32\"\x0d\x0a      ]\x0d\x0a    
},\x0d\x0a    \"node_modules/@unrs/resolver-binding-win32-ia32-msvc\": {\x0d\x0a      \"version\": \"1.11.1\",\x0d\x0a 
     \"resolved\": \"https://registry.npmjs.org/@unrs/resolver-binding-win32-ia32-msvc/-/resolver-binding-win32-ia32-ms
vc-1.11.1.tgz\",\x0d\x0a      \"integrity\": 
\"sha512-DCEI6t5i1NmAZp6pFonpD5m7i6aFrpofcp4LA2i8IIq60Jyo28hamKBxNrZcyOwVOZkgsRp9O2sXWBWP8MnvIQ==\",\x0d\x0a      
\"cpu\": [\x0d\x0a        \"ia32\"\x0d\x0a      ],\x0d\x0a      \"dev\": true,\x0d\x0a      \"license\": 
\"MIT\",\x0d\x0a      \"optional\": true,\x0d\x0a      \"os\": [\x0d\x0a        \"win32\"\x0d\x0a      ]\x0d\x0a    
},\x0d\x0a    \"node_modules/@unrs/resolver-binding-win32-x64-msvc\": {\x0d\x0a      \"version\": \"1.11.1\",\x0d\x0a  
    \"cpu\": [\x0d\x0a        \"x64\"\x0d\x0a      ],\x0d\x0a      \"dev\": true,\x0d\x0a      \"license\": 
\"MIT\",\x0d\x0a      \"optional\": true,\x0d\x0a      \"os\": [\x0d\x0a        \"win32\"\x0d\x0a      ]\x0d\x0a    
},\x0d\x0a    \"node_modules/abort-controller\": {\x0d\x0a      \"version\": \"3.0.0\",\x0d\x0a      \"license\": 
\"MIT\",\x0d\x0a      \"dependencies\": {\x0d\x0a        \"event-target-shim\": \"^5.0.0\"\x0d\x0a      },\x0d\x0a     
 \"engines\": {\x0d\x0a        \"node\": \">=6.5\"\x0d\x0a      }\x0d\x0a    },\x0d\x0a    \"node_modules/acorn\": 
{\x0d\x0a      \"version\": \"8.15.0\",\x0d\x0a      \"dev\": true,\x0d\x0a      \"license\": \"MIT\",\x0d\x0a      
\"peer\": true,\x0d\x0a      \"bin\": {\x0d\x0a        \"acorn\": \"bin/acorn\"\x0d\x0a      },\x0d\x0a      
\"engines\": {\x0d\x0a        \"node\": \">=0.4.0\"\x0d\x0a      }\x0d\x0a    },\x0d\x0a    
\"node_modules/acorn-jsx\": {\x0d\x0a      \"version\": \"5.3.2\",\x0d\x0a      \"dev\": true,\x0d\x0a      
\"license\": \"MIT\",\x0d\x0a      \"peerDependencies\": {\x0d\x0a        \"acorn\": \"^6.0.0 || ^7.0.0 || 
^8.0.0\"\x0d\x0a      }\x0d\x0a    },\x0d\x0a    \"node_modules/agentkeepalive\": {\x0d\x0a      \"version\": 
\"4.6.0\",\x0d\x0a      \"license\": \"MIT\",\x0d\x0a      \"dependencies\": {\x0d\x0a        \"humanize-ms\": 
\"^1.2.1\"\x0d\x0a      },\x0d\x0a      \"engines\": {\x0d\x0a        \"node\": \">= 8.0.0\"\x0d\x0a      }\x0d\x0a    
},\x0d\x0a    \"node_modules/ajv\": {\x0d\x0a      \"version\": \"6.12.6\",\x0d\x0a      \"dev\": true,\x0d\x0a      
\"license\": \"MIT\",\x0d\x0a      \"dependencies\": {\x0d\x0a        \"fast-deep-equal\": \"^3.1.1\",\x0d\x0a        
\"fast-json-stable-stringify\": \"^2.0.0\",\x0d\x0a        \"json-schema-traverse\": \"^0.4.1\",\x0d\x0a        
\"uri-js\": \"^4.2.2\"\x0d\x0a      },\x0d\x0a      \"funding\": {\x0d\x0a        \"type\": \"github\",\x0d\x0a        
\"url\": \"https://github.com/sponsors/epoberezkin\"\x0d\x0a      }\x0d\x0a    },\x0d\x0a    
\"node_modules/analytics\": {\x0d\x0a      \"version\": \"0.8.16\",\x0d\x0a      \"funding\": [\x0d\x0a        
{\x0d\x0a          \"type\": \"GitHub Sponsors\",\x0d\x0a          \"url\": 
\"https://github.com/sponsors/davidwells\"\x0d\x0a        }\x0d\x0a      ],\x0d\x0a      \"license\": \"MIT\",\x0d\x0a 
     \"dependencies\": {\x0d\x0a        \"@analytics/core\": \"^0.12.17\",\x0d\x0a        
\"@analytics/storage-utils\": \"^0.4.2\"\x0d\x0a      }\x0d\x0a    },\x0d\x0a    \"node_modules/analytics-utils\": 
{\x0d\x0a      \"version\": \"1.0.14\",\x0d\x0a      \"license\": \"MIT\",\x0d\x0a      \"dependencies\": {\x0d\x0a    
    \"@analytics/type-utils\": \"^0.6.2\",\x0d\x0a        \"dlv\": \"^1.1.3\"\x0d\x0a      },\x0d\x0a      
\"peerDependencies\": {\x0d\x0a        \"@types/dlv\": \"^1.0.0\"\x0d\x0a      }\x0d\x0a    },\x0d\x0a    
\"node_modules/ansi-regex\": {\x0d\x0a      \"version\": \"5.0.1\",\x0d\x0a      \"license\": \"MIT\",\x0d\x0a      
\"engines\": {\x0d\x0a        \"node\": \">=8\"\x0d\x0a      }\x0d\x0a    },\x0d\x0a    \"node_modules/ansi-styles\": 
{\x0d\x0a      \"version\": \"4.3.0\",\x0d\x0a      \"license\": \"MIT\",\x0d\x0a      \"dependencies\": {\x0d\x0a     
   \"color-convert\": \"^2.0.1\"\x0d\x0a      },\x0d\x0a      \"engines\": {\x0d\x0a        \"node\": \">=8\"\x0d\x0a  
    },\x0d\x0a      \"funding\": {\x0d\x0a        \"url\": \"https://github.com/chalk/ansi-styles?sponsor=1\"\x0d\x0a  
    }\x0d\x0a    },\x0d\x0a    \"node_modules/any-promise\": {\x0d\x0a      \"version\": \"1.3.0\",\x0d\x0a      
\"dev\": true,\x0d\x0a      \"license\": \"MIT\"\x0d\x0a    },\x0d\x0a    \"node_modules/anymatch\": {\x0d\x0a      
\"version\": \"3.1.3\",\x0d\x0a      \"dev\": true,\x0d\x0a      \"license\": \"ISC\",\x0d\x0a      \"dependencies\": 
{\x0d\x0a        \"normalize-path\": \"^3.0.0\",\x0d\x0a        \"picomatch\": \"^2.0.4\"\x0d\x0a      },\x0d\x0a      
\"engines\": {\x0d\x0a        \"node\": \">= 8\"\x0d\x0a      }\x0d\x0a    },\x0d\x0a    \"node_modules/arg\": 
{\x0d\x0a      \"version\": \"5.0.2\",\x0d\x0a      \"dev\": true,\x0d\x0a      \"license\": \"MIT\"\x0d\x0a    
},\x0d\x0a    \"node_modules/argparse\": {\x0d\x0a      \"version\": \"2.0.1\",\x0d\x0a      \"dev\": true,\x0d\x0a    
  \"license\": \"Python-2.0\"\x0d\x0a    },\x0d\x0a    \"node_modules/aria-query\": {\x0d\x0a      \"version\": 
\"5.3.2\",\x0d\x0a      \"dev\": true,\x0d\x0a      \"license\": \"Apache-2.0\",\x0d\x0a      \"engines\": {\x0d\x0a   
     \"node\": \">= 0.4\"\x0d\x0a      }\x0d\x0a    },\x0d\x0a    \"node_modules/array-buffer-byte-length\": {\x0d\x0a 
     \"version\": \"1.0.2\",\x0d\x0a      \"dev\": true,\x0d\x0a      \"license\": \"MIT\",\x0d\x0a      
\"dependencies\": {\x0d\x0a        \"call-bound\": \"^1.0.3\",\x0d\x0a        \"is-array-buffer\": \"^3.0.5\"\x0d\x0a  
    },\x0d\x0a      \"engines\": {\x0d\x0a        \"node\": \">= 0.4\"\x0d\x0a      },\x0d\x0a      \"funding\": 
{\x0d\x0a        \"url\": \"https://github.com/sponsors/ljharb\"\x0d\x0a      }\x0d\x0a    },\x0d\x0a    
\"node_modules/array-includes\": {\x0d\x0a      \"version\": \"3.1.9\",\x0d\x0a      \"dev\": true,\x0d\x0a      
\"license\": \"MIT\",\x0d\x0a      \"dependencies\": {\x0d\x0a        \"call-bind\": \"^1.0.8\",\x0d\x0a        
\"call-bound\": \"^1.0.4\",\x0d\x0a        \"define-properties\": \"^1.2.1\",\x0d\x0a        \"es-abstract\": 
\"^1.24.0\",\x0d\x0a        \"es-object-atoms\": \"^1.1.1\",\x0d\x0a        \"get-intrinsic\": \"^1.3.0\",\x0d\x0a     
   \"is-string\": \"^1.1.1\",\x0d\x0a        \"math-intrinsics\": \"^1.1.0\"\x0d\x0a      },\x0d\x0a      \"engines\": 
{\x0d\x0a        \"node\": \">= 0.4\"\x0d\x0a      },\x0d\x0a      \"funding\": {\x0d\x0a        \"url\": 
\"https://github.com/sponsors/ljharb\"\x0d\x0a      }\x0d\x0a    },\x0d\x0a    
\"node_modules/array.prototype.findlast\": {\x0d\x0a      \"version\": \"1.2.5\",\x0d\x0a      \"dev\": true,\x0d\x0a  
    \"license\": \"MIT\",\x0d\x0a      \"dependencies\": {\x0d\x0a        \"call-bind\": \"^1.0.7\",\x0d\x0a        
\"define-properties\": \"^1.2.1\",\x0d\x0a        \"es-abstract\": \"^1.23.2\",\x0d\x0a        \"es-errors\": 
\"^1.3.0\",\x0d\x0a        \"es-object-atoms\": \"^1.0.0\",\x0d\x0a        \"es-shim-unscopables\": \"^1.0.2\"\x0d\x0a 
     },\x0d\x0a      \"engines\": {\x0d\x0a        \"node\": \">= 0.4\"\x0d\x0a      },\x0d\x0a      \"funding\": 
{\x0d\x0a        \"url\": \"https://github.com/sponsors/ljharb\"\x0d\x0a      }\x0d\x0a    },\x0d\x0a    
\"node_modules/array.prototype.findlastindex\": {\x0d\x0a      \"version\": \"1.2.6\",\x0d\x0a      \"dev\": 
true,\x0d\x0a      \"license\": \"MIT\",\x0d\x0a      \"dependencies\": {\x0d\x0a        \"call-bind\": 
\"^1.0.8\",\x0d\x0a        \"call-bound\": \"^1.0.4\",\x0d\x0a        \"define-properties\": \"^1.2.1\",\x0d\x0a       
 \"es-abstract\": \"^1.23.9\",\x0d\x0a        \"es-errors\": \"^1.3.0\",\x0d\x0a        \"es-object-atoms\": 
\"^1.1.1\",\x0d\x0a        \"es-shim-unscopables\": \"^1.1.0\"\x0d\x0a      },\x0d\x0a      \"engines\": {\x0d\x0a     
   \"node\": \">= 0.4\"\x0d\x0a      },\x0d\x0a      \"funding\": {\x0d\x0a        \"url\": 
\"https://github.com/sponsors/ljharb\"\x0d\x0a      }\x0d\x0a    },\x0d\x0a    \"node_modules/array.prototype.flat\": 
{\x0d\x0a      \"version\": \"1.3.3\",\x0d\x0a      \"dev\": true,\x0d\x0a      \"license\": \"MIT\",\x0d\x0a      
\"dependencies\": {\x0d\x0a        \"call-bind\": \"^1.0.8\",\x0d\x0a        \"define-properties\": 
\"^1.2.1\",\x0d\x0a        \"es-abstract\": \"^1.23.5\",\x0d\x0a        \"es-shim-unscopables\": \"^1.0.2\"\x0d\x0a    
  },\x0d\x0a      \"engines\": {\x0d\x0a        \"node\": \">= 0.4\"\x0d\x0a      },\x0d\x0a      \"funding\": 
{\x0d\x0a        \"url\": \"https://github.com/sponsors/ljharb\"\x0d\x0a      }\x0d\x0a    },\x0d\x0a    
\"node_modules/array.prototype.flatmap\": {\x0d\x0a      \"version\": \"1.3.3\",\x0d\x0a      \"dev\": true,\x0d\x0a   
   \"license\": \"MIT\",\x0d\x0a      \"dependencies\": {\x0d\x0a        \"call-bind\": \"^1.0.8\",\x0d\x0a        
\"define-properties\": \"^1.2.1\",\x0d\x0a        \"es-abstract\": \"^1.23.5\",\x0d\x0a        
\"es-shim-unscopables\": \"^1.0.2\"\x0d\x0a      },\x0d\x0a      \"engines\": {\x0d\x0a        \"node\": \">= 
0.4\"\x0d\x0a      },\x0d\x0a      \"funding\": {\x0d\x0a        \"url\": 
\"https://github.com/sponsors/ljharb\"\x0d\x0a      }\x0d\x0a    },\x0d\x0a    
\"node_modules/array.prototype.tosorted\": {\x0d\x0a      \"version\": \"1.1.4\",\x0d\x0a      \"dev\": true,\x0d\x0a  
    \"license\": \"MIT\",\x0d\x0a      \"dependencies\": {\x0d\x0a        \"call-bind\": \"^1.0.7\",\x0d\x0a        
\"define-properties\": \"^1.2.1\",\x0d\x0a        \"es-abstract\": \"^1.23.3\",\x0d\x0a        \"es-errors\": 
\"^1.3.0\",\x0d\x0a        \"es-shim-unscopables\": \"^1.0.2\"\x0d\x0a      },\x0d\x0a      \"engines\": {\x0d\x0a     
   \"node\": \">= 0.4\"\x0d\x0a      }\x0d\x0a    },\x0d\x0a    \"node_modules/arraybuffer.prototype.slice\": 
{\x0d\x0a      \"version\": \"1.0.4\",\x0d\x0a      \"dev\": true,\x0d\x0a      \"license\": \"MIT\",\x0d\x0a      
\"dependencies\": {\x0d\x0a        \"array-buffer-byte-length\": \"^1.0.1\",\x0d\x0a        \"call-bind\": 
\"^1.0.8\",\x0d\x0a        \"define-properties\": \"^1.2.1\",\x0d\x0a        \"es-abstract\": \"^1.23.5\",\x0d\x0a     
   \"es-errors\": \"^1.3.0\",\x0d\x0a        \"get-intrinsic\": \"^1.2.6\",\x0d\x0a        \"is-array-buffer\": 
\"^3.0.4\"\x0d\x0a      },\x0d\x0a      \"engines\": {\x0d\x0a        \"node\": \">= 0.4\"\x0d\x0a      },\x0d\x0a     
 \"funding\": {\x0d\x0a        \"url\": \"https://github.com/sponsors/ljharb\"\x0d\x0a      }\x0d\x0a    },\x0d\x0a    
\"node_modules/ast-types-flow\": {\x0d\x0a      \"version\": \"0.0.8\",\x0d\x0a      \"dev\": true,\x0d\x0a      
\"license\": \"MIT\"\x0d\x0a    },\x0d\x0a    \"node_modules/async-function\": {\x0d\x0a      \"version\": 
\"1.0.0\",\x0d\x0a      \"dev\": true,\x0d\x0a      \"license\": \"MIT\",\x0d\x0a      \"engines\": {\x0d\x0a        
\"node\": \">= 0.4\"\x0d\x0a      }\x0d\x0a    },\x0d\x0a    \"node_modules/asynckit\": {\x0d\x0a      \"version\": 
\"0.4.0\",\x0d\x0a      \"license\": \"MIT\"\x0d\x0a    },\x0d\x0a    \"node_modules/attr-accept\": {\x0d\x0a      
\"version\": \"2.2.5\",\x0d\x0a      \"license\": \"MIT\",\x0d\x0a      \"engines\": {\x0d\x0a        \"node\": 
\">=4\"\x0d\x0a      }\x0d\x0a    },\x0d\x0a    \"node_modules/available-typed-arrays\": {\x0d\x0a      \"version\": 
\"1.0.7\",\x0d\x0a      \"dev\": true,\x0d\x0a      \"license\": \"MIT\",\x0d\x0a      \"dependencies\": {\x0d\x0a     
   \"possible-typed-array-names\": \"^1.0.0\"\x0d\x0a      },\x0d\x0a      \"engines\": {\x0d\x0a        \"node\": 
\">= 0.4\"\x0d\x0a      },\x0d\x0a      \"funding\": {\x0d\x0a        \"url\": 
\"https://github.com/sponsors/ljharb\"\x0d\x0a      }\x0d\x0a    },\x0d\x0a    \"node_modules/axe-core\": {\x0d\x0a    
  \"version\": \"4.10.3\",\x0d\x0a      \"dev\": true,\x0d\x0a      \"license\": \"MPL-2.0\",\x0d\x0a      
\"engines\": {\x0d\x0a        \"node\": \">=4\"\x0d\x0a      }\x0d\x0a    },\x0d\x0a    \"node_modules/axios\": 
{\x0d\x0a      \"version\": \"1.12.2\",\x0d\x0a      \"resolved\": 
\"https://registry.npmjs.org/axios/-/axios-1.12.2.tgz\",\x0d\x0a      \"integrity\": 
\"sha512-vMJzPewAlRyOgxV2dU0Cuz2O8zzzx9VYtbJOaBgXFeLc4IV/Eg50n4LowmehOOR61S8ZMpc2K5Sa7g6A4jfkUw==\",\x0d\x0a      
\"license\": \"MIT\",\x0d\x0a      \"dependencies\": {\x0d\x0a        \"follow-redirects\": \"^1.15.6\",\x0d\x0a       
 \"form-data\": \"^4.0.4\",\x0d\x0a        \"proxy-from-env\": \"^1.1.0\"\x0d\x0a      }\x0d\x0a    },\x0d\x0a    
\"node_modules/axobject-query\": {\x0d\x0a      \"version\": \"4.1.0\",\x0d\x0a      \"dev\": true,\x0d\x0a      
\"license\": \"Apache-2.0\",\x0d\x0a      \"engines\": {\x0d\x0a        \"node\": \">= 0.4\"\x0d\x0a      }\x0d\x0a    
},\x0d\x0a    \"node_modules/babel-plugin-macros\": {\x0d\x0a      \"version\": \"3.1.0\",\x0d\x0a      \"license\": 
\"MIT\",\x0d\x0a      \"dependencies\": {\x0d\x0a        \"@babel/runtime\": \"^7.12.5\",\x0d\x0a        
\"cosmiconfig\": \"^7.0.0\",\x0d\x0a        \"resolve\": \"^1.19.0\"\x0d\x0a      },\x0d\x0a      \"engines\": 
{\x0d\x0a        \"node\": \">=10\",\x0d\x0a        \"npm\": \">=6\"\x0d\x0a      }\x0d\x0a    },\x0d\x0a    
\"node_modules/bail\": {\x0d\x0a      \"version\": \"2.0.2\",\x0d\x0a      \"license\": \"MIT\",\x0d\x0a      
\"funding\": {\x0d\x0a        \"type\": \"github\",\x0d\x0a        \"url\": 
\"https://github.com/sponsors/wooorm\"\x0d\x0a      }\x0d\x0a    },\x0d\x0a    \"node_modules/balanced-match\": 
{\x0d\x0a      \"version\": \"1.0.2\",\x0d\x0a      \"dev\": true,\x0d\x0a      \"license\": \"MIT\"\x0d\x0a    
},\x0d\x0a    \"node_modules/base64-arraybuffer\": {\x0d\x0a      \"version\": \"1.0.2\",\x0d\x0a      \"license\": 
\"MIT\",\x0d\x0a      \"engines\": {\x0d\x0a        \"node\": \">= 0.6.0\"\x0d\x0a      }\x0d\x0a    },\x0d\x0a    
\"node_modules/base64-js\": {\x0d\x0a      \"version\": \"1.5.1\",\x0d\x0a      \"funding\": [\x0d\x0a        
{\x0d\x0a          \"type\": \"github\",\x0d\x0a          \"url\": \"https://github.com/sponsors/feross\"\x0d\x0a      
  },\x0d\x0a        {\x0d\x0a          \"type\": \"patreon\",\x0d\x0a          \"url\": 
\"https://www.patreon.com/feross\"\x0d\x0a        },\x0d\x0a        {\x0d\x0a          \"type\": 
\"consulting\",\x0d\x0a          \"url\": \"https://feross.org/support\"\x0d\x0a        }\x0d\x0a      ],\x0d\x0a      
\"license\": \"MIT\"\x0d\x0a    },\x0d\x0a    \"node_modules/binary-extensions\": {\x0d\x0a      \"version\": 
\"2.3.0\",\x0d\x0a      \"dev\": true,\x0d\x0a      \"license\": \"MIT\",\x0d\x0a      \"engines\": {\x0d\x0a        
\"node\": \">=8\"\x0d\x0a      },\x0d\x0a      \"funding\": {\x0d\x0a        \"url\": 
\"https://github.com/sponsors/sindresorhus\"\x0d\x0a      }\x0d\x0a    },\x0d\x0a    \"node_modules/brace-expansion\": 
{\x0d\x0a      \"version\": \"1.1.12\",\x0d\x0a      \"dev\": true,\x0d\x0a      \"license\": \"MIT\",\x0d\x0a      
\"dependencies\": {\x0d\x0a        \"balanced-match\": \"^1.0.0\",\x0d\x0a        \"concat-map\": \"0.0.1\"\x0d\x0a    
  }\x0d\x0a    },\x0d\x0a    \"node_modules/braces\": {\x0d\x0a      \"version\": \"3.0.3\",\x0d\x0a      \"dev\": 
true,\x0d\x0a      \"license\": \"MIT\",\x0d\x0a      \"dependencies\": {\x0d\x0a        \"fill-range\": 
\"^7.1.1\"\x0d\x0a      },\x0d\x0a      \"engines\": {\x0d\x0a        \"node\": \">=8\"\x0d\x0a      }\x0d\x0a    
},\x0d\x0a    \"node_modules/browser-image-compression\": {\x0d\x0a      \"version\": \"2.0.2\",\x0d\x0a      
\"license\": \"MIT\",\x0d\x0a      \"dependencies\": {\x0d\x0a        \"uzip\": \"0.20201231.0\"\x0d\x0a      
}\x0d\x0a    },\x0d\x0a    \"node_modules/call-bind\": {\x0d\x0a      \"version\": \"1.0.8\",\x0d\x0a      \"dev\": 
true,\x0d\x0a      \"license\": \"MIT\",\x0d\x0a      \"dependencies\": {\x0d\x0a        \"call-bind-apply-helpers\": 
\"^1.0.0\",\x0d\x0a        \"es-define-property\": \"^1.0.0\",\x0d\x0a        \"get-intrinsic\": \"^1.2.4\",\x0d\x0a   
     \"set-function-length\": \"^1.2.2\"\x0d\x0a      },\x0d\x0a      \"engines\": {\x0d\x0a        \"node\": \">= 
0.4\"\x0d\x0a      },\x0d\x0a      \"funding\": {\x0d\x0a        \"url\": 
\"https://github.com/sponsors/ljharb\"\x0d\x0a      }\x0d\x0a    },\x0d\x0a    
\"node_modules/call-bind-apply-helpers\": {\x0d\x0a      \"version\": \"1.0.2\",\x0d\x0a      \"license\": 
\"MIT\",\x0d\x0a      \"dependencies\": {\x0d\x0a        \"es-errors\": \"^1.3.0\",\x0d\x0a        \"function-bind\": 
\"^1.1.2\"\x0d\x0a      },\x0d\x0a      \"engines\": {\x0d\x0a        \"node\": \">= 0.4\"\x0d\x0a      }\x0d\x0a    
},\x0d\x0a    \"node_modules/call-bound\": {\x0d\x0a      \"version\": \"1.0.4\",\x0d\x0a      \"dev\": true,\x0d\x0a  
    \"license\": \"MIT\",\x0d\x0a      \"dependencies\": {\x0d\x0a        \"call-bind-apply-helpers\": 
\"^1.0.2\",\x0d\x0a        \"get-intrinsic\": \"^1.3.0\"\x0d\x0a      },\x0d\x0a      \"engines\": {\x0d\x0a        
\"node\": \">= 0.4\"\x0d\x0a      },\x0d\x0a      \"funding\": {\x0d\x0a        \"url\": 
\"https://github.com/sponsors/ljharb\"\x0d\x0a      }\x0d\x0a    },\x0d\x0a    \"node_modules/callsites\": {\x0d\x0a   
   \"version\": \"3.1.0\",\x0d\x0a      \"license\": \"MIT\",\x0d\x0a      \"engines\": {\x0d\x0a        \"node\": 
\">=6\"\x0d\x0a      }\x0d\x0a    },\x0d\x0a    \"node_modules/camelcase\": {\x0d\x0a      \"version\": 
\"6.3.0\",\x0d\x0a      \"license\": \"MIT\",\x0d\x0a      \"engines\": {\x0d\x0a        \"node\": \">=10\"\x0d\x0a    
  },\x0d\x0a      \"funding\": {\x0d\x0a        \"url\": \"https://github.com/sponsors/sindresorhus\"\x0d\x0a      
}\x0d\x0a    },\x0d\x0a    \"node_modules/camelcase-css\": {\x0d\x0a      \"version\": \"2.0.1\",\x0d\x0a      
\"dev\": true,\x0d\x0a      \"license\": \"MIT\",\x0d\x0a      \"engines\": {\x0d\x0a        \"node\": \">= 
6\"\x0d\x0a      }\x0d\x0a    },\x0d\x0a    \"node_modules/caniuse-lite\": {\x0d\x0a      \"version\": 
\"1.0.30001727\",\x0d\x0a      \"funding\": [\x0d\x0a        {\x0d\x0a          \"type\": \"opencollective\",\x0d\x0a  
        \"url\": \"https://opencollective.com/browserslist\"\x0d\x0a        },\x0d\x0a        {\x0d\x0a          
\"type\": \"tidelift\",\x0d\x0a          \"url\": \"https://tidelift.com/funding/github/npm/caniuse-lite\"\x0d\x0a     
   },\x0d\x0a        {\x0d\x0a          \"type\": \"github\",\x0d\x0a          \"url\": 
\"https://github.com/sponsors/ai\"\x0d\x0a        }\x0d\x0a      ],\x0d\x0a      \"license\": \"CC-BY-4.0\"\x0d\x0a    
},\x0d\x0a    \"node_modules/canvas-confetti\": {\x0d\x0a      \"version\": \"1.9.3\",\x0d\x0a      \"license\": 
\"ISC\",\x0d\x0a      \"funding\": {\x0d\x0a        \"type\": \"donate\",\x0d\x0a        \"url\": 
\"https://www.paypal.me/kirilvatev\"\x0d\x0a      }\x0d\x0a    },\x0d\x0a    \"node_modules/ccount\": {\x0d\x0a      
\"version\": \"2.0.1\",\x0d\x0a      \"license\": \"MIT\",\x0d\x0a      \"funding\": {\x0d\x0a        \"type\": 
\"github\",\x0d\x0a        \"url\": \"https://github.com/sponsors/wooorm\"\x0d\x0a      }\x0d\x0a    },\x0d\x0a    
\"node_modules/chalk\": {\x0d\x0a      \"version\": \"4.1.2\",\x0d\x0a      \"license\": \"MIT\",\x0d\x0a      
\"dependencies\": {\x0d\x0a        \"ansi-styles\": \"^4.1.0\",\x0d\x0a        \"supports-color\": \"^7.1.0\"\x0d\x0a  
    },\x0d\x0a      \"engines\": {\x0d\x0a        \"node\": \">=10\"\x0d\x0a      },\x0d\x0a      \"funding\": 
{\x0d\x0a        \"url\": \"https://github.com/chalk/chalk?sponsor=1\"\x0d\x0a      }\x0d\x0a    },\x0d\x0a    
\"node_modules/character-entities\": {\x0d\x0a      \"version\": \"2.0.2\",\x0d\x0a      \"license\": \"MIT\",\x0d\x0a 
     \"funding\": {\x0d\x0a        \"type\": \"github\",\x0d\x0a        \"url\": 
\"https://github.com/sponsors/wooorm\"\x0d\x0a      }\x0d\x0a    },\x0d\x0a    
\"node_modules/character-entities-html4\": {\x0d\x0a      \"version\": \"2.1.0\",\x0d\x0a      \"license\": 
\"MIT\",\x0d\x0a      \"funding\": {\x0d\x0a        \"type\": \"github\",\x0d\x0a        \"url\": 
\"https://github.com/sponsors/wooorm\"\x0d\x0a      }\x0d\x0a    },\x0d\x0a    
\"node_modules/character-entities-legacy\": {\x0d\x0a      \"version\": \"3.0.0\",\x0d\x0a      \"license\": 
\"MIT\",\x0d\x0a      \"funding\": {\x0d\x0a        \"type\": \"github\",\x0d\x0a        \"url\": 
\"https://github.com/sponsors/wooorm\"\x0d\x0a      }\x0d\x0a    },\x0d\x0a    
\"node_modules/character-reference-invalid\": {\x0d\x0a      \"version\": \"2.0.1\",\x0d\x0a      \"license\": 
\"MIT\",\x0d\x0a      \"funding\": {\x0d\x0a        \"type\": \"github\",\x0d\x0a        \"url\": 
\"https://github.com/sponsors/wooorm\"\x0d\x0a      }\x0d\x0a    },\x0d\x0a    \"node_modules/chart.js\": {\x0d\x0a    
  \"version\": \"4.5.0\",\x0d\x0a      \"license\": \"MIT\",\x0d\x0a      \"peer\": true,\x0d\x0a      
\"dependencies\": {\x0d\x0a        \"@kurkle/color\": \"^0.3.0\"\x0d\x0a      },\x0d\x0a      \"engines\": {\x0d\x0a   
     \"pnpm\": \">=8\"\x0d\x0a      }\x0d\x0a    },\x0d\x0a    \"node_modules/chartjs-plugin-datalabels\": {\x0d\x0a   
   \"version\": \"2.2.0\",\x0d\x0a      \"license\": \"MIT\",\x0d\x0a      \"peerDependencies\": {\x0d\x0a        
\"chart.js\": \">=3.0.0\"\x0d\x0a      }\x0d\x0a    },\x0d\x0a    \"node_modules/chokidar\": {\x0d\x0a      
\"version\": \"4.0.3\",\x0d\x0a      \"license\": \"MIT\",\x0d\x0a      \"dependencies\": {\x0d\x0a        
\"readdirp\": \"^4.0.1\"\x0d\x0a      },\x0d\x0a      \"engines\": {\x0d\x0a        \"node\": \">= 14.16.0\"\x0d\x0a   
   },\x0d\x0a      \"funding\": {\x0d\x0a        \"url\": \"https://paulmillr.com/funding/\"\x0d\x0a      }\x0d\x0a    
},\x0d\x0a    \"node_modules/client-only\": {\x0d\x0a      \"version\": \"0.0.1\",\x0d\x0a      \"license\": 
\"MIT\"\x0d\x0a    },\x0d\x0a    \"node_modules/cliui\": {\x0d\x0a      \"version\": \"8.0.1\",\x0d\x0a      
\"license\": \"ISC\",\x0d\x0a      \"dependencies\": {\x0d\x0a        \"string-width\": \"^4.2.0\",\x0d\x0a        
\"strip-ansi\": \"^6.0.1\",\x0d\x0a        \"wrap-ansi\": \"^7.0.0\"\x0d\x0a      },\x0d\x0a      \"engines\": 
{\x0d\x0a        \"node\": \">=12\"\x0d\x0a      }\x0d\x0a    },\x0d\x0a    \"node_modules/clsx\": {\x0d\x0a      
\"version\": \"2.1.1\",\x0d\x0a      \"license\": \"MIT\",\x0d\x0a      \"engines\": {\x0d\x0a        \"node\": 
\">=6\"\x0d\x0a      }\x0d\x0a    },\x0d\x0a    \"node_modules/color\": {\x0d\x0a      \"version\": \"4.2.3\",\x0d\x0a 
     \"license\": \"MIT\",\x0d\x0a      \"optional\": true,\x0d\x0a      \"dependencies\": {\x0d\x0a        
\"color-convert\": \"^2.0.1\",\x0d\x0a        \"color-string\": \"^1.9.0\"\x0d\x0a      },\x0d\x0a      \"engines\": 
{\x0d\x0a        \"node\": \">=12.5.0\"\x0d\x0a      }\x0d\x0a    },\x0d\x0a    \"node_modules/color-convert\": 
{\x0d\x0a      \"version\": \"2.0.1\",\x0d\x0a      \"license\": \"MIT\",\x0d\x0a      \"dependencies\": {\x0d\x0a     
   \"color-name\": \"~1.1.4\"\x0d\x0a      },\x0d\x0a      \"engines\": {\x0d\x0a        \"node\": \">=7.0.0\"\x0d\x0a 
     }\x0d\x0a    },\x0d\x0a    \"node_modules/color-name\": {\x0d\x0a      \"version\": \"1.1.4\",\x0d\x0a      
\"license\": \"MIT\"\x0d\x0a    },\x0d\x0a    \"node_modules/color-string\": {\x0d\x0a      \"version\": 
\"1.9.1\",\x0d\x0a      \"license\": \"MIT\",\x0d\x0a      \"optional\": true,\x0d\x0a      \"dependencies\": 
{\x0d\x0a        \"color-name\": \"^1.0.0\",\x0d\x0a        \"simple-swizzle\": \"^0.2.2\"\x0d\x0a      }\x0d\x0a    
},\x0d\x0a    \"node_modules/combined-stream\": {\x0d\x0a      \"version\": \"1.0.8\",\x0d\x0a      \"license\": 
\"MIT\",\x0d\x0a      \"dependencies\": {\x0d\x0a        \"delayed-stream\": \"~1.0.0\"\x0d\x0a      },\x0d\x0a      
\"engines\": {\x0d\x0a        \"node\": \">= 0.8\"\x0d\x0a      }\x0d\x0a    },\x0d\x0a    
\"node_modules/comma-separated-tokens\": {\x0d\x0a      \"version\": \"2.0.3\",\x0d\x0a      \"license\": 
\"MIT\",\x0d\x0a      \"funding\": {\x0d\x0a        \"type\": \"github\",\x0d\x0a        \"url\": 
\"https://github.com/sponsors/wooorm\"\x0d\x0a      }\x0d\x0a    },\x0d\x0a    \"node_modules/commander\": {\x0d\x0a   
   \"version\": \"4.1.1\",\x0d\x0a      \"dev\": true,\x0d\x0a      \"license\": \"MIT\",\x0d\x0a      \"engines\": 
{\x0d\x0a        \"node\": \">= 6\"\x0d\x0a      }\x0d\x0a    },\x0d\x0a    \"node_modules/concat-map\": {\x0d\x0a     
 \"version\": \"0.0.1\",\x0d\x0a      \"dev\": true,\x0d\x0a      \"license\": \"MIT\"\x0d\x0a    },\x0d\x0a    
\"node_modules/console-table-printer\": {\x0d\x0a      \"version\": \"2.14.6\",\x0d\x0a      \"license\": 
\"MIT\",\x0d\x0a      \"dependencies\": {\x0d\x0a        \"simple-wcswidth\": \"^1.0.1\"\x0d\x0a      }\x0d\x0a    
},\x0d\x0a    \"node_modules/convert-source-map\": {\x0d\x0a      \"version\": \"1.9.0\",\x0d\x0a      \"license\": 
\"MIT\"\x0d\x0a    },\x0d\x0a    \"node_modules/cosmiconfig\": {\x0d\x0a      \"version\": \"7.1.0\",\x0d\x0a      
\"license\": \"MIT\",\x0d\x0a      \"dependencies\": {\x0d\x0a        \"@types/parse-json\": \"^4.0.0\",\x0d\x0a       
 \"import-fresh\": \"^3.2.1\",\x0d\x0a        \"parse-json\": \"^5.0.0\",\x0d\x0a        \"path-type\": 
\"^4.0.0\",\x0d\x0a        \"yaml\": \"^1.10.0\"\x0d\x0a      },\x0d\x0a      \"engines\": {\x0d\x0a        \"node\": 
\">=10\"\x0d\x0a      }\x0d\x0a    },\x0d\x0a    \"node_modules/cosmiconfig/node_modules/yaml\": {\x0d\x0a      
\"version\": \"1.10.2\",\x0d\x0a      \"license\": \"ISC\",\x0d\x0a      \"engines\": {\x0d\x0a        \"node\": \">= 
6\"\x0d\x0a      }\x0d\x0a    },\x0d\x0a    \"node_modules/cross-spawn\": {\x0d\x0a      \"version\": 
\"7.0.6\",\x0d\x0a      \"dev\": true,\x0d\x0a      \"license\": \"MIT\",\x0d\x0a      \"dependencies\": {\x0d\x0a     
   \"path-key\": \"^3.1.0\",\x0d\x0a        \"shebang-command\": \"^2.0.0\",\x0d\x0a        \"which\": 
\"^2.0.1\"\x0d\x0a      },\x0d\x0a      \"engines\": {\x0d\x0a        \"node\": \">= 8\"\x0d\x0a      }\x0d\x0a    
},\x0d\x0a    \"node_modules/css-line-break\": {\x0d\x0a      \"version\": \"2.1.0\",\x0d\x0a      \"license\": 
\"MIT\",\x0d\x0a      \"dependencies\": {\x0d\x0a        \"utrie\": \"^1.0.2\"\x0d\x0a      }\x0d\x0a    },\x0d\x0a    
\"node_modules/cssesc\": {\x0d\x0a      \"version\": \"3.0.0\",\x0d\x0a      \"dev\": true,\x0d\x0a      \"license\": 
\"MIT\",\x0d\x0a      \"bin\": {\x0d\x0a        \"cssesc\": \"bin/cssesc\"\x0d\x0a      },\x0d\x0a      \"engines\": 
{\x0d\x0a        \"node\": \">=4\"\x0d\x0a      }\x0d\x0a    },\x0d\x0a    \"node_modules/csstype\": {\x0d\x0a      
\"version\": \"3.1.3\",\x0d\x0a      \"license\": \"MIT\",\x0d\x0a      \"peer\": true\x0d\x0a    },\x0d\x0a    
\"node_modules/damerau-levenshtein\": {\x0d\x0a      \"version\": \"1.0.8\",\x0d\x0a      \"dev\": true,\x0d\x0a      
\"license\": \"BSD-2-Clause\"\x0d\x0a    },\x0d\x0a    \"node_modules/data-view-buffer\": {\x0d\x0a      \"version\": 
\"1.0.2\",\x0d\x0a      \"dev\": true,\x0d\x0a      \"license\": \"MIT\",\x0d\x0a      \"dependencies\": {\x0d\x0a     
   \"call-bound\": \"^1.0.3\",\x0d\x0a        \"es-errors\": \"^1.3.0\",\x0d\x0a        \"is-data-view\": 
\"^1.0.2\"\x0d\x0a      },\x0d\x0a      \"engines\": {\x0d\x0a        \"node\": \">= 0.4\"\x0d\x0a      },\x0d\x0a     
 \"funding\": {\x0d\x0a        \"url\": \"https://github.com/sponsors/ljharb\"\x0d\x0a      }\x0d\x0a    },\x0d\x0a    
\"node_modules/data-view-byte-length\": {\x0d\x0a      \"version\": \"1.0.2\",\x0d\x0a      \"dev\": true,\x0d\x0a     
 \"license\": \"MIT\",\x0d\x0a      \"dependencies\": {\x0d\x0a        \"call-bound\": \"^1.0.3\",\x0d\x0a        
\"es-errors\": \"^1.3.0\",\x0d\x0a        \"is-data-view\": \"^1.0.2\"\x0d\x0a      },\x0d\x0a      \"engines\": 
{\x0d\x0a        \"node\": \">= 0.4\"\x0d\x0a      },\x0d\x0a      \"funding\": {\x0d\x0a        \"url\": 
\"https://github.com/sponsors/inspect-js\"\x0d\x0a      }\x0d\x0a    },\x0d\x0a    
\"node_modules/data-view-byte-offset\": {\x0d\x0a      \"version\": \"1.0.1\",\x0d\x0a      \"dev\": true,\x0d\x0a     
 \"license\": \"MIT\",\x0d\x0a      \"dependencies\": {\x0d\x0a        \"call-bound\": \"^1.0.2\",\x0d\x0a        
\"es-errors\": \"^1.3.0\",\x0d\x0a        \"is-data-view\": \"^1.0.1\"\x0d\x0a      },\x0d\x0a      \"engines\": 
{\x0d\x0a        \"node\": \">= 0.4\"\x0d\x0a      },\x0d\x0a      \"funding\": {\x0d\x0a        \"url\": 
\"https://github.com/sponsors/ljharb\"\x0d\x0a      }\x0d\x0a    },\x0d\x0a    \"node_modules/date-fns\": {\x0d\x0a    
  \"version\": \"4.1.0\",\x0d\x0a      \"license\": \"MIT\",\x0d\x0a      \"funding\": {\x0d\x0a        \"type\": 
\"github\",\x0d\x0a        \"url\": \"https://github.com/sponsors/kossnocorp\"\x0d\x0a      }\x0d\x0a    },\x0d\x0a    
\"node_modules/debug\": {\x0d\x0a      \"version\": \"4.4.1\",\x0d\x0a      \"license\": \"MIT\",\x0d\x0a      
\"dependencies\": {\x0d\x0a        \"ms\": \"^2.1.3\"\x0d\x0a      },\x0d\x0a      \"engines\": {\x0d\x0a        
\"node\": \">=6.0\"\x0d\x0a      },\x0d\x0a      \"peerDependenciesMeta\": {\x0d\x0a        \"supports-color\": 
{\x0d\x0a          \"optional\": true\x0d\x0a        }\x0d\x0a      }\x0d\x0a    },\x0d\x0a    
\"node_modules/decamelize\": {\x0d\x0a      \"version\": \"1.2.0\",\x0d\x0a      \"license\": \"MIT\",\x0d\x0a      
\"engines\": {\x0d\x0a        \"node\": \">=0.10.0\"\x0d\x0a      }\x0d\x0a    },\x0d\x0a    
\"node_modules/decode-named-character-reference\": {\x0d\x0a      \"version\": \"1.2.0\",\x0d\x0a      \"license\": 
\"MIT\",\x0d\x0a      \"dependencies\": {\x0d\x0a        \"character-entities\": \"^2.0.0\"\x0d\x0a      },\x0d\x0a    
  \"funding\": {\x0d\x0a        \"type\": \"github\",\x0d\x0a        \"url\": 
\"https://github.com/sponsors/wooorm\"\x0d\x0a      }\x0d\x0a    },\x0d\x0a    \"node_modules/deep-is\": {\x0d\x0a     
 \"version\": \"0.1.4\",\x0d\x0a      \"dev\": true,\x0d\x0a      \"license\": \"MIT\"\x0d\x0a    },\x0d\x0a    
\"node_modules/deepmerge\": {\x0d\x0a      \"version\": \"4.3.1\",\x0d\x0a      \"license\": \"MIT\",\x0d\x0a      
\"engines\": {\x0d\x0a        \"node\": \">=0.10.0\"\x0d\x0a      }\x0d\x0a    },\x0d\x0a    
\"node_modules/define-data-property\": {\x0d\x0a      \"version\": \"1.1.4\",\x0d\x0a      \"dev\": true,\x0d\x0a      
\"license\": \"MIT\",\x0d\x0a      \"dependencies\": {\x0d\x0a        \"es-define-property\": \"^1.0.0\",\x0d\x0a      
  \"es-errors\": \"^1.3.0\",\x0d\x0a        \"gopd\": \"^1.0.1\"\x0d\x0a      },\x0d\x0a      \"engines\": {\x0d\x0a   
     \"node\": \">= 0.4\"\x0d\x0a      },\x0d\x0a      \"funding\": {\x0d\x0a        \"url\": 
\"https://github.com/sponsors/ljharb\"\x0d\x0a      }\x0d\x0a    },\x0d\x0a    \"node_modules/define-properties\": 
{\x0d\x0a      \"version\": \"1.2.1\",\x0d\x0a      \"dev\": true,\x0d\x0a      \"license\": \"MIT\",\x0d\x0a      
\"dependencies\": {\x0d\x0a        \"define-data-property\": \"^1.0.1\",\x0d\x0a        \"has-property-descriptors\": 
\"^1.0.0\",\x0d\x0a        \"object-keys\": \"^1.1.1\"\x0d\x0a      },\x0d\x0a      \"engines\": {\x0d\x0a        
\"node\": \">= 0.4\"\x0d\x0a      },\x0d\x0a      \"funding\": {\x0d\x0a        \"url\": 
\"https://github.com/sponsors/ljharb\"\x0d\x0a      }\x0d\x0a    },\x0d\x0a    \"node_modules/delayed-stream\": 
{\x0d\x0a      \"version\": \"1.0.0\",\x0d\x0a      \"license\": \"MIT\",\x0d\x0a      \"engines\": {\x0d\x0a        
\"node\": \">=0.4.0\"\x0d\x0a      }\x0d\x0a    },\x0d\x0a    \"node_modules/dequal\": {\x0d\x0a      \"version\": 
\"2.0.3\",\x0d\x0a      \"license\": \"MIT\",\x0d\x0a      \"engines\": {\x0d\x0a        \"node\": \">=6\"\x0d\x0a     
 }\x0d\x0a    },\x0d\x0a    \"node_modules/detect-libc\": {\x0d\x0a      \"version\": \"2.0.4\",\x0d\x0a      
\"license\": \"Apache-2.0\",\x0d\x0a      \"optional\": true,\x0d\x0a      \"engines\": {\x0d\x0a        \"node\": 
\">=8\"\x0d\x0a      }\x0d\x0a    },\x0d\x0a    \"node_modules/devlop\": {\x0d\x0a      \"version\": 
\"1.1.0\",\x0d\x0a      \"license\": \"MIT\",\x0d\x0a      \"dependencies\": {\x0d\x0a        \"dequal\": 
\"^2.0.0\"\x0d\x0a      },\x0d\x0a      \"funding\": {\x0d\x0a        \"type\": \"github\",\x0d\x0a        \"url\": 
\"https://github.com/sponsors/wooorm\"\x0d\x0a      }\x0d\x0a    },\x0d\x0a    \"node_modules/didyoumean\": {\x0d\x0a  
    \"version\": \"1.2.2\",\x0d\x0a      \"dev\": true,\x0d\x0a      \"license\": \"Apache-2.0\"\x0d\x0a    },\x0d\x0a 
   \"node_modules/dlv\": {\x0d\x0a      \"version\": \"1.1.3\",\x0d\x0a      \"license\": \"MIT\"\x0d\x0a    
},\x0d\x0a    \"node_modules/doctrine\": {\x0d\x0a      \"version\": \"2.1.0\",\x0d\x0a      \"dev\": true,\x0d\x0a    
  \"license\": \"Apache-2.0\",\x0d\x0a      \"dependencies\": {\x0d\x0a        \"esutils\": \"^2.0.2\"\x0d\x0a      
},\x0d\x0a      \"engines\": {\x0d\x0a        \"node\": \">=0.10.0\"\x0d\x0a      }\x0d\x0a    },\x0d\x0a    
\"node_modules/dom-helpers\": {\x0d\x0a      \"version\": \"5.2.1\",\x0d\x0a      \"license\": \"MIT\",\x0d\x0a      
\"dependencies\": {\x0d\x0a        \"@babel/runtime\": \"^7.8.7\",\x0d\x0a        \"csstype\": \"^3.0.2\"\x0d\x0a      
}\x0d\x0a    },\x0d\x0a    \"node_modules/dom-serializer\": {\x0d\x0a      \"version\": \"2.0.0\",\x0d\x0a      
\"license\": \"MIT\",\x0d\x0a      \"dependencies\": {\x0d\x0a        \"domelementtype\": \"^2.3.0\",\x0d\x0a        
\"domhandler\": \"^5.0.2\",\x0d\x0a        \"entities\": \"^4.2.0\"\x0d\x0a      },\x0d\x0a      \"funding\": 
{\x0d\x0a        \"url\": \"https://github.com/cheeriojs/dom-serializer?sponsor=1\"\x0d\x0a      }\x0d\x0a    
},\x0d\x0a    \"node_modules/domelementtype\": {\x0d\x0a      \"version\": \"2.3.0\",\x0d\x0a      \"funding\": 
[\x0d\x0a        {\x0d\x0a          \"type\": \"github\",\x0d\x0a          \"url\": 
\"https://github.com/sponsors/fb55\"\x0d\x0a        }\x0d\x0a      ],\x0d\x0a      \"license\": 
\"BSD-2-Clause\"\x0d\x0a    },\x0d\x0a    \"node_modules/domhandler\": {\x0d\x0a      \"version\": \"5.0.3\",\x0d\x0a  
    \"license\": \"BSD-2-Clause\",\x0d\x0a      \"dependencies\": {\x0d\x0a        \"domelementtype\": 
\"^2.3.0\"\x0d\x0a      },\x0d\x0a      \"engines\": {\x0d\x0a        \"node\": \">= 4\"\x0d\x0a      },\x0d\x0a      
\"funding\": {\x0d\x0a        \"url\": \"https://github.com/fb55/domhandler?sponsor=1\"\x0d\x0a      }\x0d\x0a    
},\x0d\x0a    \"node_modules/domutils\": {\x0d\x0a      \"version\": \"3.2.2\",\x0d\x0a      \"license\": 
\"BSD-2-Clause\",\x0d\x0a      \"dependencies\": {\x0d\x0a        \"dom-serializer\": \"^2.0.0\",\x0d\x0a        
\"domelementtype\": \"^2.3.0\",\x0d\x0a        \"domhandler\": \"^5.0.3\"\x0d\x0a      },\x0d\x0a      \"funding\": 
{\x0d\x0a        \"url\": \"https://github.com/fb55/domutils?sponsor=1\"\x0d\x0a      }\x0d\x0a    },\x0d\x0a    
\"node_modules/dunder-proto\": {\x0d\x0a      \"version\": \"1.0.1\",\x0d\x0a      \"license\": \"MIT\",\x0d\x0a      
\"dependencies\": {\x0d\x0a        \"call-bind-apply-helpers\": \"^1.0.1\",\x0d\x0a        \"es-errors\": 
\"^1.3.0\",\x0d\x0a        \"gopd\": \"^1.2.0\"\x0d\x0a      },\x0d\x0a      \"engines\": {\x0d\x0a        \"node\": 
\">= 0.4\"\x0d\x0a      }\x0d\x0a    },\x0d\x0a    \"node_modules/eastasianwidth\": {\x0d\x0a      \"version\": 
\"0.2.0\",\x0d\x0a      \"dev\": true,\x0d\x0a      \"license\": \"MIT\"\x0d\x0a    },\x0d\x0a    
\"node_modules/email-validator\": {\x0d\x0a      \"version\": \"2.0.4\",\x0d\x0a      \"engines\": {\x0d\x0a        
\"node\": \">4.0\"\x0d\x0a      }\x0d\x0a    },\x0d\x0a    \"node_modules/emoji-picker-react\": {\x0d\x0a      
\"version\": \"4.13.2\",\x0d\x0a      \"license\": \"MIT\",\x0d\x0a      \"dependencies\": {\x0d\x0a        
\"flairup\": \"1.0.0\"\x0d\x0a      },\x0d\x0a      \"engines\": {\x0d\x0a        \"node\": \">=10\"\x0d\x0a      
},\x0d\x0a      \"peerDependencies\": {\x0d\x0a        \"react\": \">=16\"\x0d\x0a      }\x0d\x0a    },\x0d\x0a    
\"node_modules/emoji-regex\": {\x0d\x0a      \"version\": \"8.0.0\",\x0d\x0a      \"license\": \"MIT\"\x0d\x0a    
},\x0d\x0a    \"node_modules/entities\": {\x0d\x0a      \"version\": \"4.5.0\",\x0d\x0a      \"license\": 
\"BSD-2-Clause\",\x0d\x0a      \"engines\": {\x0d\x0a        \"node\": \">=0.12\"\x0d\x0a      },\x0d\x0a      
\"funding\": {\x0d\x0a        \"url\": \"https://github.com/fb55/entities?sponsor=1\"\x0d\x0a      }\x0d\x0a    
},\x0d\x0a    \"node_modules/error-ex\": {\x0d\x0a      \"version\": \"1.3.2\",\x0d\x0a      \"license\": 
\"MIT\",\x0d\x0a      \"dependencies\": {\x0d\x0a        \"is-arrayish\": \"^0.2.1\"\x0d\x0a      }\x0d\x0a    
},\x0d\x0a    \"node_modules/error-ex/node_modules/is-arrayish\": {\x0d\x0a      \"version\": \"0.2.1\",\x0d\x0a      
\"license\": \"MIT\"\x0d\x0a    },\x0d\x0a    \"node_modules/es-abstract\": {\x0d\x0a      \"version\": 
\"1.24.0\",\x0d\x0a      \"dev\": true,\x0d\x0a      \"license\": \"MIT\",\x0d\x0a      \"dependencies\": {\x0d\x0a    
    \"array-buffer-byte-length\": \"^1.0.2\",\x0d\x0a        \"arraybuffer.prototype.slice\": \"^1.0.4\",\x0d\x0a      
  \"available-typed-arrays\": \"^1.0.7\",\x0d\x0a        \"call-bind\": \"^1.0.8\",\x0d\x0a        \"call-bound\": 
\"^1.0.4\",\x0d\x0a        \"data-view-buffer\": \"^1.0.2\",\x0d\x0a        \"data-view-byte-length\": 
\"^1.0.2\",\x0d\x0a        \"data-view-byte-offset\": \"^1.0.1\",\x0d\x0a        \"es-define-property\": 
\"^1.0.1\",\x0d\x0a        \"es-errors\": \"^1.3.0\",\x0d\x0a        \"es-object-atoms\": \"^1.1.1\",\x0d\x0a        
\"es-set-tostringtag\": \"^2.1.0\",\x0d\x0a        \"es-to-primitive\": \"^1.3.0\",\x0d\x0a        
\"function.prototype.name\": \"^1.1.8\",\x0d\x0a        \"get-intrinsic\": \"^1.3.0\",\x0d\x0a        \"get-proto\": 
\"^1.0.1\",\x0d\x0a        \"get-symbol-description\": \"^1.1.0\",\x0d\x0a        \"globalthis\": \"^1.0.4\",\x0d\x0a  
      \"gopd\": \"^1.2.0\",\x0d\x0a        \"has-property-descriptors\": \"^1.0.2\",\x0d\x0a        \"has-proto\": 
\"^1.2.0\",\x0d\x0a        \"has-symbols\": \"^1.1.0\",\x0d\x0a        \"hasown\": \"^2.0.2\",\x0d\x0a        
\"internal-slot\": \"^1.1.0\",\x0d\x0a        \"is-array-buffer\": \"^3.0.5\",\x0d\x0a        \"is-callable\": 
\"^1.2.7\",\x0d\x0a        \"is-data-view\": \"^1.0.2\",\x0d\x0a        \"is-negative-zero\": \"^2.0.3\",\x0d\x0a      
  \"is-regex\": \"^1.2.1\",\x0d\x0a        \"is-set\": \"^2.0.3\",\x0d\x0a        \"is-shared-array-buffer\": 
\"^1.0.4\",\x0d\x0a        \"is-string\": \"^1.1.1\",\x0d\x0a        \"is-typed-array\": \"^1.1.15\",\x0d\x0a        
\"is-weakref\": \"^1.1.1\",\x0d\x0a        \"math-intrinsics\": \"^1.1.0\",\x0d\x0a        \"object-inspect\": 
\"^1.13.4\",\x0d\x0a        \"object-keys\": \"^1.1.1\",\x0d\x0a        \"object.assign\": \"^4.1.7\",\x0d\x0a        
\"own-keys\": \"^1.0.1\",\x0d\x0a        \"regexp.prototype.flags\": \"^1.5.4\",\x0d\x0a        \"safe-array-concat\": 
\"^1.1.3\",\x0d\x0a        \"safe-push-apply\": \"^1.0.0\",\x0d\x0a        \"safe-regex-test\": \"^1.1.0\",\x0d\x0a    
    \"set-proto\": \"^1.0.0\",\x0d\x0a        \"stop-iteration-iterator\": \"^1.1.0\",\x0d\x0a        
\"string.prototype.trim\": \"^1.2.10\",\x0d\x0a        \"string.prototype.trimend\": \"^1.0.9\",\x0d\x0a        
\"string.prototype.trimstart\": \"^1.0.8\",\x0d\x0a        \"typed-array-buffer\": \"^1.0.3\",\x0d\x0a        
\"typed-array-byte-length\": \"^1.0.3\",\x0d\x0a        \"typed-array-byte-offset\": \"^1.0.4\",\x0d\x0a        
\"typed-array-length\": \"^1.0.7\",\x0d\x0a        \"unbox-primitive\": \"^1.1.0\",\x0d\x0a        
\"which-typed-array\": \"^1.1.19\"\x0d\x0a      },\x0d\x0a      \"engines\": {\x0d\x0a        \"node\": \">= 
0.4\"\x0d\x0a      },\x0d\x0a      \"funding\": {\x0d\x0a        \"url\": 
\"https://github.com/sponsors/ljharb\"\x0d\x0a      }\x0d\x0a    },\x0d\x0a    \"node_modules/es-define-property\": 
{\x0d\x0a      \"version\": \"1.0.1\",\x0d\x0a      \"license\": \"MIT\",\x0d\x0a      \"engines\": {\x0d\x0a        
\"node\": \">= 0.4\"\x0d\x0a      }\x0d\x0a    },\x0d\x0a    \"node_modules/es-errors\": {\x0d\x0a      \"version\": 
\"1.3.0\",\x0d\x0a      \"license\": \"MIT\",\x0d\x0a      \"engines\": {\x0d\x0a        \"node\": \">= 0.4\"\x0d\x0a  
    }\x0d\x0a    },\x0d\x0a    \"node_modules/es-iterator-helpers\": {\x0d\x0a      \"version\": \"1.2.1\",\x0d\x0a    
  \"dev\": true,\x0d\x0a      \"license\": \"MIT\",\x0d\x0a      \"dependencies\": {\x0d\x0a        \"call-bind\": 
\"^1.0.8\",\x0d\x0a        \"call-bound\": \"^1.0.3\",\x0d\x0a        \"define-properties\": \"^1.2.1\",\x0d\x0a       
 \"es-abstract\": \"^1.23.6\",\x0d\x0a        \"es-errors\": \"^1.3.0\",\x0d\x0a        \"es-set-tostringtag\": 
\"^2.0.3\",\x0d\x0a        \"function-bind\": \"^1.1.2\",\x0d\x0a        \"get-intrinsic\": \"^1.2.6\",\x0d\x0a        
\"globalthis\": \"^1.0.4\",\x0d\x0a        \"gopd\": \"^1.2.0\",\x0d\x0a        \"has-property-descriptors\": 
\"^1.0.2\",\x0d\x0a        \"has-proto\": \"^1.2.0\",\x0d\x0a        \"has-symbols\": \"^1.1.0\",\x0d\x0a        
\"internal-slot\": \"^1.1.0\",\x0d\x0a        \"iterator.prototype\": \"^1.1.4\",\x0d\x0a        
\"safe-array-concat\": \"^1.1.3\"\x0d\x0a      },\x0d\x0a      \"engines\": {\x0d\x0a        \"node\": \">= 
0.4\"\x0d\x0a      }\x0d\x0a    },\x0d\x0a    \"node_modules/es-object-atoms\": {\x0d\x0a      \"version\": 
\"1.1.1\",\x0d\x0a      \"license\": \"MIT\",\x0d\x0a      \"dependencies\": {\x0d\x0a        \"es-errors\": 
\"^1.3.0\"\x0d\x0a      },\x0d\x0a      \"engines\": {\x0d\x0a        \"node\": \">= 0.4\"\x0d\x0a      }\x0d\x0a    
},\x0d\x0a    \"node_modules/es-set-tostringtag\": {\x0d\x0a      \"version\": \"2.1.0\",\x0d\x0a      \"license\": 
\"MIT\",\x0d\x0a      \"dependencies\": {\x0d\x0a        \"es-errors\": \"^1.3.0\",\x0d\x0a        \"get-intrinsic\": 
\"^1.2.6\",\x0d\x0a        \"has-tostringtag\": \"^1.0.2\",\x0d\x0a        \"hasown\": \"^2.0.2\"\x0d\x0a      
},\x0d\x0a      \"engines\": {\x0d\x0a        \"node\": \">= 0.4\"\x0d\x0a      }\x0d\x0a    },\x0d\x0a    
\"node_modules/es-shim-unscopables\": {\x0d\x0a      \"version\": \"1.1.0\",\x0d\x0a      \"dev\": true,\x0d\x0a      
\"license\": \"MIT\",\x0d\x0a      \"dependencies\": {\x0d\x0a        \"hasown\": \"^2.0.2\"\x0d\x0a      },\x0d\x0a   
   \"engines\": {\x0d\x0a        \"node\": \">= 0.4\"\x0d\x0a      }\x0d\x0a    },\x0d\x0a    
\"node_modules/es-to-primitive\": {\x0d\x0a      \"version\": \"1.3.0\",\x0d\x0a      \"dev\": true,\x0d\x0a      
\"license\": \"MIT\",\x0d\x0a      \"dependencies\": {\x0d\x0a        \"is-callable\": \"^1.2.7\",\x0d\x0a        
\"is-date-object\": \"^1.0.5\",\x0d\x0a        \"is-symbol\": \"^1.0.4\"\x0d\x0a      },\x0d\x0a      \"engines\": 
{\x0d\x0a        \"node\": \">= 0.4\"\x0d\x0a      },\x0d\x0a      \"funding\": {\x0d\x0a        \"url\": 
\"https://github.com/sponsors/ljharb\"\x0d\x0a      }\x0d\x0a    },\x0d\x0a    \"node_modules/escalade\": {\x0d\x0a    
  \"version\": \"3.2.0\",\x0d\x0a      \"license\": \"MIT\",\x0d\x0a      \"engines\": {\x0d\x0a        \"node\": 
\">=6\"\x0d\x0a      }\x0d\x0a    },\x0d\x0a    \"node_modules/escape-string-regexp\": {\x0d\x0a      \"version\": 
\"4.0.0\",\x0d\x0a      \"license\": \"MIT\",\x0d\x0a      \"engines\": {\x0d\x0a        \"node\": \">=10\"\x0d\x0a    
  },\x0d\x0a      \"funding\": {\x0d\x0a        \"url\": \"https://github.com/sponsors/sindresorhus\"\x0d\x0a      
}\x0d\x0a    },\x0d\x0a    \"node_modules/eslint\": {\x0d\x0a      \"version\": \"9.31.0\",\x0d\x0a      \"dev\": 
true,\x0d\x0a      \"license\": \"MIT\",\x0d\x0a      \"peer\": true,\x0d\x0a      \"dependencies\": {\x0d\x0a        
\"@eslint-community/eslint-utils\": \"^4.2.0\",\x0d\x0a        \"@eslint-community/regexpp\": \"^4.12.1\",\x0d\x0a     
   \"@eslint/config-array\": \"^0.21.0\",\x0d\x0a        \"@eslint/config-helpers\": \"^0.3.0\",\x0d\x0a        
\"@eslint/core\": \"^0.15.0\",\x0d\x0a        \"@eslint/eslintrc\": \"^3.3.1\",\x0d\x0a        \"@eslint/js\": 
\"9.31.0\",\x0d\x0a        \"@eslint/plugin-kit\": \"^0.3.1\",\x0d\x0a        \"@humanfs/node\": \"^0.16.6\",\x0d\x0a  
      \"@humanwhocodes/module-importer\": \"^1.0.1\",\x0d\x0a        \"@humanwhocodes/retry\": \"^0.4.2\",\x0d\x0a     
   \"@types/estree\": \"^1.0.6\",\x0d\x0a        \"@types/json-schema\": \"^7.0.15\",\x0d\x0a        \"ajv\": 
\"^6.12.4\",\x0d\x0a        \"chalk\": \"^4.0.0\",\x0d\x0a        \"cross-spawn\": \"^7.0.6\",\x0d\x0a        
\"debug\": \"^4.3.2\",\x0d\x0a        \"escape-string-regexp\": \"^4.0.0\",\x0d\x0a        \"eslint-scope\": 
\"^8.4.0\",\x0d\x0a        \"eslint-visitor-keys\": \"^4.2.1\",\x0d\x0a        \"espree\": \"^10.4.0\",\x0d\x0a        
\"esquery\": \"^1.5.0\",\x0d\x0a        \"esutils\": \"^2.0.2\",\x0d\x0a        \"fast-deep-equal\": 
\"^3.1.3\",\x0d\x0a        \"file-entry-cache\": \"^8.0.0\",\x0d\x0a        \"find-up\": \"^5.0.0\",\x0d\x0a        
\"glob-parent\": \"^6.0.2\",\x0d\x0a        \"ignore\": \"^5.2.0\",\x0d\x0a        \"imurmurhash\": 
\"^0.1.4\",\x0d\x0a        \"is-glob\": \"^4.0.0\",\x0d\x0a        \"json-stable-stringify-without-jsonify\": 
\"^1.0.1\",\x0d\x0a        \"lodash.merge\": \"^4.6.2\",\x0d\x0a        \"minimatch\": \"^3.1.2\",\x0d\x0a        
\"natural-compare\": \"^1.4.0\",\x0d\x0a        \"optionator\": \"^0.9.3\"\x0d\x0a      },\x0d\x0a      \"bin\": 
{\x0d\x0a        \"eslint\": \"bin/eslint.js\"\x0d\x0a      },\x0d\x0a      \"engines\": {\x0d\x0a        \"node\": 
\"^18.18.0 || ^20.9.0 || >=21.1.0\"\x0d\x0a      },\x0d\x0a      \"funding\": {\x0d\x0a        \"url\": 
\"https://eslint.org/donate\"\x0d\x0a      },\x0d\x0a      \"peerDependencies\": {\x0d\x0a        \"jiti\": 
\"*\"\x0d\x0a      },\x0d\x0a      \"peerDependenciesMeta\": {\x0d\x0a        \"jiti\": {\x0d\x0a          
\"optional\": true\x0d\x0a        }\x0d\x0a      }\x0d\x0a    },\x0d\x0a    \"node_modules/eslint-config-next\": 
{\x0d\x0a      \"version\": \"15.1.6\",\x0d\x0a      \"dev\": true,\x0d\x0a      \"license\": \"MIT\",\x0d\x0a      
\"dependencies\": {\x0d\x0a        \"@next/eslint-plugin-next\": \"15.1.6\",\x0d\x0a        
\"@rushstack/eslint-patch\": \"^1.10.3\",\x0d\x0a        \"@typescript-eslint/eslint-plugin\": \"^5.4.2 || ^6.0.0 || 
^7.0.0 || ^8.0.0\",\x0d\x0a        \"@typescript-eslint/parser\": \"^5.4.2 || ^6.0.0 || ^7.0.0 || ^8.0.0\",\x0d\x0a    
    \"eslint-import-resolver-node\": \"^0.3.6\",\x0d\x0a        \"eslint-import-resolver-typescript\": 
\"^3.5.2\",\x0d\x0a        \"eslint-plugin-import\": \"^2.31.0\",\x0d\x0a        \"eslint-plugin-jsx-a11y\": 
\"^6.10.0\",\x0d\x0a        \"eslint-plugin-react\": \"^7.37.0\",\x0d\x0a        \"eslint-plugin-react-hooks\": 
\"^5.0.0\"\x0d\x0a      },\x0d\x0a      \"peerDependencies\": {\x0d\x0a        \"eslint\": \"^7.23.0 || ^8.0.0 || 
^9.0.0\",\x0d\x0a        \"typescript\": \">=3.3.1\"\x0d\x0a      },\x0d\x0a      \"peerDependenciesMeta\": {\x0d\x0a  
      \"typescript\": {\x0d\x0a          \"optional\": true\x0d\x0a        }\x0d\x0a      }\x0d\x0a    },\x0d\x0a    
\"node_modules/eslint-import-resolver-node\": {\x0d\x0a      \"version\": \"0.3.9\",\x0d\x0a      \"dev\": 
true,\x0d\x0a      \"license\": \"MIT\",\x0d\x0a      \"dependencies\": {\x0d\x0a        \"debug\": 
\"^3.2.7\",\x0d\x0a        \"is-core-module\": \"^2.13.0\",\x0d\x0a        \"resolve\": \"^1.22.4\"\x0d\x0a      
}\x0d\x0a    },\x0d\x0a    \"node_modules/eslint-import-resolver-node/node_modules/debug\": {\x0d\x0a      
\"version\": \"3.2.7\",\x0d\x0a      \"dev\": true,\x0d\x0a      \"license\": \"MIT\",\x0d\x0a      \"dependencies\": 
{\x0d\x0a        \"ms\": \"^2.1.1\"\x0d\x0a      }\x0d\x0a    },\x0d\x0a    
\"node_modules/eslint-import-resolver-typescript\": {\x0d\x0a      \"version\": \"3.10.1\",\x0d\x0a      \"dev\": 
true,\x0d\x0a      \"license\": \"ISC\",\x0d\x0a      \"dependencies\": {\x0d\x0a        \"@nolyfill/is-core-module\": 
\"1.0.39\",\x0d\x0a        \"debug\": \"^4.4.0\",\x0d\x0a        \"get-tsconfig\": \"^4.10.0\",\x0d\x0a        
\"is-bun-module\": \"^2.0.0\",\x0d\x0a        \"stable-hash\": \"^0.0.5\",\x0d\x0a        \"tinyglobby\": 
\"^0.2.13\",\x0d\x0a        \"unrs-resolver\": \"^1.6.2\"\x0d\x0a      },\x0d\x0a      \"engines\": {\x0d\x0a        
\"node\": \"^14.18.0 || >=16.0.0\"\x0d\x0a      },\x0d\x0a      \"funding\": {\x0d\x0a        \"url\": 
\"https://opencollective.com/eslint-import-resolver-typescript\"\x0d\x0a      },\x0d\x0a      \"peerDependencies\": 
{\x0d\x0a        \"eslint\": \"*\",\x0d\x0a        \"eslint-plugin-import\": \"*\",\x0d\x0a        
\"eslint-plugin-import-x\": \"*\"\x0d\x0a      },\x0d\x0a      \"peerDependenciesMeta\": {\x0d\x0a        
\"eslint-plugin-import\": {\x0d\x0a          \"optional\": true\x0d\x0a        },\x0d\x0a        
\"eslint-plugin-import-x\": {\x0d\x0a          \"optional\": true\x0d\x0a        }\x0d\x0a      }\x0d\x0a    
},\x0d\x0a    \"node_modules/eslint-module-utils\": {\x0d\x0a      \"version\": \"2.12.1\",\x0d\x0a      \"dev\": 
true,\x0d\x0a      \"license\": \"MIT\",\x0d\x0a      \"dependencies\": {\x0d\x0a        \"debug\": \"^3.2.7\"\x0d\x0a 
     },\x0d\x0a      \"engines\": {\x0d\x0a        \"node\": \">=4\"\x0d\x0a      },\x0d\x0a      
\"peerDependenciesMeta\": {\x0d\x0a        \"eslint\": {\x0d\x0a          \"optional\": true\x0d\x0a        }\x0d\x0a  
    }\x0d\x0a    },\x0d\x0a    \"node_modules/eslint-module-utils/node_modules/debug\": {\x0d\x0a      \"version\": 
\"3.2.7\",\x0d\x0a      \"dev\": true,\x0d\x0a      \"license\": \"MIT\",\x0d\x0a      \"dependencies\": {\x0d\x0a     
   \"ms\": \"^2.1.1\"\x0d\x0a      }\x0d\x0a    },\x0d\x0a    \"node_modules/eslint-plugin-import\": {\x0d\x0a      
\"version\": \"2.32.0\",\x0d\x0a      \"dev\": true,\x0d\x0a      \"license\": \"MIT\",\x0d\x0a      \"peer\": 
true,\x0d\x0a      \"dependencies\": {\x0d\x0a        \"@rtsao/scc\": \"^1.1.0\",\x0d\x0a        \"array-includes\": 
\"^3.1.9\",\x0d\x0a        \"array.prototype.findlastindex\": \"^1.2.6\",\x0d\x0a        \"array.prototype.flat\": 
\"^1.3.3\",\x0d\x0a        \"array.prototype.flatmap\": \"^1.3.3\",\x0d\x0a        \"debug\": \"^3.2.7\",\x0d\x0a      
  \"doctrine\": \"^2.1.0\",\x0d\x0a        \"eslint-import-resolver-node\": \"^0.3.9\",\x0d\x0a        
\"eslint-module-utils\": \"^2.12.1\",\x0d\x0a        \"hasown\": \"^2.0.2\",\x0d\x0a        \"is-core-module\": 
\"^2.16.1\",\x0d\x0a        \"is-glob\": \"^4.0.3\",\x0d\x0a        \"minimatch\": \"^3.1.2\",\x0d\x0a        
\"object.fromentries\": \"^2.0.8\",\x0d\x0a        \"object.groupby\": \"^1.0.3\",\x0d\x0a        \"object.values\": 
\"^1.2.1\",\x0d\x0a        \"semver\": \"^6.3.1\",\x0d\x0a        \"string.prototype.trimend\": \"^1.0.9\",\x0d\x0a    
    \"tsconfig-paths\": \"^3.15.0\"\x0d\x0a      },\x0d\x0a      \"engines\": {\x0d\x0a        \"node\": 
\">=4\"\x0d\x0a      },\x0d\x0a      \"peerDependencies\": {\x0d\x0a        \"eslint\": \"^2 || ^3 || ^4 || ^5 || ^6 
|| ^7.2.0 || ^8 || ^9\"\x0d\x0a      }\x0d\x0a    },\x0d\x0a    
\"node_modules/eslint-plugin-import/node_modules/debug\": {\x0d\x0a      \"version\": \"3.2.7\",\x0d\x0a      \"dev\": 
true,\x0d\x0a      \"license\": \"MIT\",\x0d\x0a      \"dependencies\": {\x0d\x0a        \"ms\": \"^2.1.1\"\x0d\x0a    
  }\x0d\x0a    },\x0d\x0a    \"node_modules/eslint-plugin-import/node_modules/semver\": {\x0d\x0a      \"version\": 
\"6.3.1\",\x0d\x0a      \"dev\": true,\x0d\x0a      \"license\": \"ISC\",\x0d\x0a      \"bin\": {\x0d\x0a        
\"semver\": \"bin/semver.js\"\x0d\x0a      }\x0d\x0a    },\x0d\x0a    \"node_modules/eslint-plugin-jsx-a11y\": 
{\x0d\x0a      \"version\": \"6.10.2\",\x0d\x0a      \"dev\": true,\x0d\x0a      \"license\": \"MIT\",\x0d\x0a      
\"dependencies\": {\x0d\x0a        \"aria-query\": \"^5.3.2\",\x0d\x0a        \"array-includes\": \"^3.1.8\",\x0d\x0a  
      \"array.prototype.flatmap\": \"^1.3.2\",\x0d\x0a        \"ast-types-flow\": \"^0.0.8\",\x0d\x0a        
\"axe-core\": \"^4.10.0\",\x0d\x0a        \"axobject-query\": \"^4.1.0\",\x0d\x0a        \"damerau-levenshtein\": 
\"^1.0.8\",\x0d\x0a        \"emoji-regex\": \"^9.2.2\",\x0d\x0a        \"hasown\": \"^2.0.2\",\x0d\x0a        
\"jsx-ast-utils\": \"^3.3.5\",\x0d\x0a        \"language-tags\": \"^1.0.9\",\x0d\x0a        \"minimatch\": 
\"^3.1.2\",\x0d\x0a        \"object.fromentries\": \"^2.0.8\",\x0d\x0a        \"safe-regex-test\": \"^1.0.3\",\x0d\x0a 
       \"string.prototype.includes\": \"^2.0.1\"\x0d\x0a      },\x0d\x0a      \"engines\": {\x0d\x0a        \"node\": 
\">=4.0\"\x0d\x0a      },\x0d\x0a      \"peerDependencies\": {\x0d\x0a        \"eslint\": \"^3 || ^4 || ^5 || ^6 || ^7 
|| ^8 || ^9\"\x0d\x0a      }\x0d\x0a    },\x0d\x0a    
\"node_modules/eslint-plugin-jsx-a11y/node_modules/emoji-regex\": {\x0d\x0a      \"version\": \"9.2.2\",\x0d\x0a      
\"dev\": true,\x0d\x0a      \"license\": \"MIT\"\x0d\x0a    },\x0d\x0a    \"node_modules/eslint-plugin-react\": 
{\x0d\x0a      \"version\": \"7.37.5\",\x0d\x0a      \"dev\": true,\x0d\x0a      \"license\": \"MIT\",\x0d\x0a      
\"dependencies\": {\x0d\x0a        \"array-includes\": \"^3.1.8\",\x0d\x0a        \"array.prototype.findlast\": 
\"^1.2.5\",\x0d\x0a        \"array.prototype.flatmap\": \"^1.3.3\",\x0d\x0a        \"array.prototype.tosorted\": 
\"^1.1.4\",\x0d\x0a        \"doctrine\": \"^2.1.0\",\x0d\x0a        \"es-iterator-helpers\": \"^1.2.1\",\x0d\x0a       
 \"estraverse\": \"^5.3.0\",\x0d\x0a        \"hasown\": \"^2.0.2\",\x0d\x0a        \"jsx-ast-utils\": \"^2.4.1 || 
^3.0.0\",\x0d\x0a        \"minimatch\": \"^3.1.2\",\x0d\x0a        \"object.entries\": \"^1.1.9\",\x0d\x0a        
\"object.fromentries\": \"^2.0.8\",\x0d\x0a        \"object.values\": \"^1.2.1\",\x0d\x0a        \"prop-types\": 
\"^15.8.1\",\x0d\x0a        \"resolve\": \"^2.0.0-next.5\",\x0d\x0a        \"semver\": \"^6.3.1\",\x0d\x0a        
\"string.prototype.matchall\": \"^4.0.12\",\x0d\x0a        \"string.prototype.repeat\": \"^1.0.0\"\x0d\x0a      
},\x0d\x0a      \"engines\": {\x0d\x0a        \"node\": \">=4\"\x0d\x0a      },\x0d\x0a      \"peerDependencies\": 
{\x0d\x0a        \"eslint\": \"^3 || ^4 || ^5 || ^6 || ^7 || ^8 || ^9.7\"\x0d\x0a      }\x0d\x0a    },\x0d\x0a    
\"node_modules/eslint-plugin-react-hooks\": {\x0d\x0a      \"version\": \"5.2.0\",\x0d\x0a      \"dev\": true,\x0d\x0a 
     \"license\": \"MIT\",\x0d\x0a      \"engines\": {\x0d\x0a        \"node\": \">=10\"\x0d\x0a      },\x0d\x0a      
\"peerDependencies\": {\x0d\x0a        \"eslint\": \"^3.0.0 || ^4.0.0 || ^5.0.0 || ^6.0.0 || ^7.0.0 || ^8.0.0-0 || 
^9.0.0\"\x0d\x0a      }\x0d\x0a    },\x0d\x0a    \"node_modules/eslint-plugin-react/node_modules/resolve\": {\x0d\x0a  
    \"version\": \"2.0.0-next.5\",\x0d\x0a      \"dev\": true,\x0d\x0a      \"license\": \"MIT\",\x0d\x0a      
\"dependencies\": {\x0d\x0a        \"is-core-module\": \"^2.13.0\",\x0d\x0a        \"path-parse\": \"^1.0.7\",\x0d\x0a 
       \"supports-preserve-symlinks-flag\": \"^1.0.0\"\x0d\x0a      },\x0d\x0a      \"bin\": {\x0d\x0a        
\"resolve\": \"bin/resolve\"\x0d\x0a      },\x0d\x0a      \"funding\": {\x0d\x0a        \"url\": 
\"https://github.com/sponsors/ljharb\"\x0d\x0a      }\x0d\x0a    },\x0d\x0a    
\"node_modules/eslint-plugin-react/node_modules/semver\": {\x0d\x0a      \"version\": \"6.3.1\",\x0d\x0a      \"dev\": 
true,\x0d\x0a      \"license\": \"ISC\",\x0d\x0a      \"bin\": {\x0d\x0a        \"semver\": \"bin/semver.js\"\x0d\x0a  
    }\x0d\x0a    },\x0d\x0a    \"node_modules/eslint-scope\": {\x0d\x0a      \"version\": \"8.4.0\",\x0d\x0a      
\"dev\": true,\x0d\x0a      \"license\": \"BSD-2-Clause\",\x0d\x0a      \"dependencies\": {\x0d\x0a        
\"esrecurse\": \"^4.3.0\",\x0d\x0a        \"estraverse\": \"^5.2.0\"\x0d\x0a      },\x0d\x0a      \"engines\": 
{\x0d\x0a        \"node\": \"^18.18.0 || ^20.9.0 || >=21.1.0\"\x0d\x0a      },\x0d\x0a      \"funding\": {\x0d\x0a     
   \"url\": \"https://opencollective.com/eslint\"\x0d\x0a      }\x0d\x0a    },\x0d\x0a    
\"node_modules/eslint-visitor-keys\": {\x0d\x0a      \"version\": \"4.2.1\",\x0d\x0a      \"dev\": true,\x0d\x0a      
\"license\": \"Apache-2.0\",\x0d\x0a      \"engines\": {\x0d\x0a        \"node\": \"^18.18.0 || ^20.9.0 || 
>=21.1.0\"\x0d\x0a      },\x0d\x0a      \"funding\": {\x0d\x0a        \"url\": 
\"https://opencollective.com/eslint\"\x0d\x0a      }\x0d\x0a    },\x0d\x0a    
\"node_modules/eslint/node_modules/glob-parent\": {\x0d\x0a      \"version\": \"6.0.2\",\x0d\x0a      \"dev\": 
true,\x0d\x0a      \"license\": \"ISC\",\x0d\x0a      \"dependencies\": {\x0d\x0a        \"is-glob\": 
\"^4.0.3\"\x0d\x0a      },\x0d\x0a      \"engines\": {\x0d\x0a        \"node\": \">=10.13.0\"\x0d\x0a      }\x0d\x0a   
 },\x0d\x0a    \"node_modules/espree\": {\x0d\x0a      \"version\": \"10.4.0\",\x0d\x0a      \"dev\": true,\x0d\x0a    
  \"license\": \"BSD-2-Clause\",\x0d\x0a      \"dependencies\": {\x0d\x0a        \"acorn\": \"^8.15.0\",\x0d\x0a       
 \"acorn-jsx\": \"^5.3.2\",\x0d\x0a        \"eslint-visitor-keys\": \"^4.2.1\"\x0d\x0a      },\x0d\x0a      
\"engines\": {\x0d\x0a        \"node\": \"^18.18.0 || ^20.9.0 || >=21.1.0\"\x0d\x0a      },\x0d\x0a      \"funding\": 
{\x0d\x0a        \"url\": \"https://opencollective.com/eslint\"\x0d\x0a      }\x0d\x0a    },\x0d\x0a    
\"node_modules/esquery\": {\x0d\x0a      \"version\": \"1.6.0\",\x0d\x0a      \"dev\": true,\x0d\x0a      \"license\": 
\"BSD-3-Clause\",\x0d\x0a      \"dependencies\": {\x0d\x0a        \"estraverse\": \"^5.1.0\"\x0d\x0a      },\x0d\x0a   
   \"engines\": {\x0d\x0a        \"node\": \">=0.10\"\x0d\x0a      }\x0d\x0a    },\x0d\x0a    
\"node_modules/esrecurse\": {\x0d\x0a      \"version\": \"4.3.0\",\x0d\x0a      \"dev\": true,\x0d\x0a      
\"license\": \"BSD-2-Clause\",\x0d\x0a      \"dependencies\": {\x0d\x0a        \"estraverse\": \"^5.2.0\"\x0d\x0a      
},\x0d\x0a      \"engines\": {\x0d\x0a        \"node\": \">=4.0\"\x0d\x0a      }\x0d\x0a    },\x0d\x0a    
\"node_modules/estraverse\": {\x0d\x0a      \"version\": \"5.3.0\",\x0d\x0a      \"dev\": true,\x0d\x0a      
\"license\": \"BSD-2-Clause\",\x0d\x0a      \"engines\": {\x0d\x0a        \"node\": \">=4.0\"\x0d\x0a      }\x0d\x0a   
 },\x0d\x0a    \"node_modules/estree-util-is-identifier-name\": {\x0d\x0a      \"version\": \"3.0.0\",\x0d\x0a      
\"license\": \"MIT\",\x0d\x0a      \"funding\": {\x0d\x0a        \"type\": \"opencollective\",\x0d\x0a        \"url\": 
\"https://opencollective.com/unified\"\x0d\x0a      }\x0d\x0a    },\x0d\x0a    \"node_modules/esutils\": {\x0d\x0a     
 \"version\": \"2.0.3\",\x0d\x0a      \"dev\": true,\x0d\x0a      \"license\": \"BSD-2-Clause\",\x0d\x0a      
\"engines\": {\x0d\x0a        \"node\": \">=0.10.0\"\x0d\x0a      }\x0d\x0a    },\x0d\x0a    
\"node_modules/event-target-shim\": {\x0d\x0a      \"version\": \"5.0.1\",\x0d\x0a      \"license\": \"MIT\",\x0d\x0a  
    \"engines\": {\x0d\x0a        \"node\": \">=6\"\x0d\x0a      }\x0d\x0a    },\x0d\x0a    
\"node_modules/eventemitter3\": {\x0d\x0a      \"version\": \"4.0.7\",\x0d\x0a      \"license\": \"MIT\"\x0d\x0a    
},\x0d\x0a    \"node_modules/extend\": {\x0d\x0a      \"version\": \"3.0.2\",\x0d\x0a      \"license\": 
\"MIT\"\x0d\x0a    },\x0d\x0a    \"node_modules/fast-deep-equal\": {\x0d\x0a      \"version\": \"3.1.3\",\x0d\x0a      
\"dev\": true,\x0d\x0a      \"license\": \"MIT\"\x0d\x0a    },\x0d\x0a    \"node_modules/fast-glob\": {\x0d\x0a      
\"version\": \"3.3.3\",\x0d\x0a      \"dev\": true,\x0d\x0a      \"license\": \"MIT\",\x0d\x0a      \"dependencies\": 
{\x0d\x0a        \"@nodelib/fs.stat\": \"^2.0.2\",\x0d\x0a        \"@nodelib/fs.walk\": \"^1.2.3\",\x0d\x0a        
\"glob-parent\": \"^5.1.2\",\x0d\x0a        \"merge2\": \"^1.3.0\",\x0d\x0a        \"micromatch\": \"^4.0.8\"\x0d\x0a  
    },\x0d\x0a      \"engines\": {\x0d\x0a        \"node\": \">=8.6.0\"\x0d\x0a      }\x0d\x0a    },\x0d\x0a    
\"node_modules/fast-json-stable-stringify\": {\x0d\x0a      \"version\": \"2.1.0\",\x0d\x0a      \"dev\": 
true,\x0d\x0a      \"license\": \"MIT\"\x0d\x0a    },\x0d\x0a    \"node_modules/fast-levenshtein\": {\x0d\x0a      
\"version\": \"2.0.6\",\x0d\x0a      \"dev\": true,\x0d\x0a      \"license\": \"MIT\"\x0d\x0a    },\x0d\x0a    
\"node_modules/fastq\": {\x0d\x0a      \"version\": \"1.19.1\",\x0d\x0a      \"dev\": true,\x0d\x0a      \"license\": 
\"ISC\",\x0d\x0a      \"dependencies\": {\x0d\x0a        \"reusify\": \"^1.0.4\"\x0d\x0a      }\x0d\x0a    },\x0d\x0a  
  \"node_modules/faye-websocket\": {\x0d\x0a      \"version\": \"0.11.4\",\x0d\x0a      \"license\": 
\"Apache-2.0\",\x0d\x0a      \"dependencies\": {\x0d\x0a        \"websocket-driver\": \">=0.5.1\"\x0d\x0a      
},\x0d\x0a      \"engines\": {\x0d\x0a        \"node\": \">=0.8.0\"\x0d\x0a      }\x0d\x0a    },\x0d\x0a    
\"node_modules/file-entry-cache\": {\x0d\x0a      \"version\": \"8.0.0\",\x0d\x0a      \"dev\": true,\x0d\x0a      
\"license\": \"MIT\",\x0d\x0a      \"dependencies\": {\x0d\x0a        \"flat-cache\": \"^4.0.0\"\x0d\x0a      
},\x0d\x0a      \"engines\": {\x0d\x0a        \"node\": \">=16.0.0\"\x0d\x0a      }\x0d\x0a    },\x0d\x0a    
\"node_modules/file-selector\": {\x0d\x0a      \"version\": \"2.1.2\",\x0d\x0a      \"license\": \"MIT\",\x0d\x0a      
\"dependencies\": {\x0d\x0a        \"tslib\": \"^2.7.0\"\x0d\x0a      },\x0d\x0a      \"engines\": {\x0d\x0a        
\"node\": \">= 12\"\x0d\x0a      }\x0d\x0a    },\x0d\x0a    \"node_modules/fill-range\": {\x0d\x0a      \"version\": 
\"7.1.1\",\x0d\x0a      \"dev\": true,\x0d\x0a      \"license\": \"MIT\",\x0d\x0a      \"dependencies\": {\x0d\x0a     
   \"to-regex-range\": \"^5.0.1\"\x0d\x0a      },\x0d\x0a      \"engines\": {\x0d\x0a        \"node\": \">=8\"\x0d\x0a 
     }\x0d\x0a    },\x0d\x0a    \"node_modules/find-root\": {\x0d\x0a      \"version\": \"1.1.0\",\x0d\x0a      
\"license\": \"MIT\"\x0d\x0a    },\x0d\x0a    \"node_modules/find-up\": {\x0d\x0a      \"version\": \"5.0.0\",\x0d\x0a 
     \"dev\": true,\x0d\x0a      \"license\": \"MIT\",\x0d\x0a      \"dependencies\": {\x0d\x0a        
\"locate-path\": \"^6.0.0\",\x0d\x0a        \"path-exists\": \"^4.0.0\"\x0d\x0a      },\x0d\x0a      \"engines\": 
{\x0d\x0a        \"node\": \">=10\"\x0d\x0a      },\x0d\x0a      \"funding\": {\x0d\x0a        \"url\": 
\"https://github.com/sponsors/sindresorhus\"\x0d\x0a      }\x0d\x0a    },\x0d\x0a    \"node_modules/firebase\": 
{\x0d\x0a      \"version\": \"11.10.0\",\x0d\x0a      \"license\": \"Apache-2.0\",\x0d\x0a      \"dependencies\": 
{\x0d\x0a        \"@firebase/ai\": \"1.4.1\",\x0d\x0a        \"@firebase/analytics\": \"0.10.17\",\x0d\x0a        
\"@firebase/analytics-compat\": \"0.2.23\",\x0d\x0a        \"@firebase/app\": \"0.13.2\",\x0d\x0a        
\"@firebase/app-check\": \"0.10.1\",\x0d\x0a        \"@firebase/app-check-compat\": \"0.3.26\",\x0d\x0a        
\"@firebase/app-compat\": \"0.4.2\",\x0d\x0a        \"@firebase/app-types\": \"0.9.3\",\x0d\x0a        
\"@firebase/auth\": \"1.10.8\",\x0d\x0a        \"@firebase/auth-compat\": \"0.5.28\",\x0d\x0a        
\"@firebase/data-connect\": \"0.3.10\",\x0d\x0a        \"@firebase/database\": \"1.0.20\",\x0d\x0a        
\"@firebase/database-compat\": \"2.0.11\",\x0d\x0a        \"@firebase/firestore\": \"4.8.0\",\x0d\x0a        
\"@firebase/firestore-compat\": \"0.3.53\",\x0d\x0a        \"@firebase/functions\": \"0.12.9\",\x0d\x0a        
\"@firebase/functions-compat\": \"0.3.26\",\x0d\x0a        \"@firebase/installations\": \"0.6.18\",\x0d\x0a        
\"@firebase/installations-compat\": \"0.2.18\",\x0d\x0a        \"@firebase/messaging\": \"0.12.22\",\x0d\x0a        
\"@firebase/messaging-compat\": \"0.2.22\",\x0d\x0a        \"@firebase/performance\": \"0.7.7\",\x0d\x0a        
\"@firebase/performance-compat\": \"0.2.20\",\x0d\x0a        \"@firebase/remote-config\": \"0.6.5\",\x0d\x0a        
\"@firebase/remote-config-compat\": \"0.2.18\",\x0d\x0a        \"@firebase/storage\": \"0.13.14\",\x0d\x0a        
\"@firebase/storage-compat\": \"0.3.24\",\x0d\x0a        \"@firebase/util\": \"1.12.1\"\x0d\x0a      }\x0d\x0a    
},\x0d\x0a    \"node_modules/firebase/node_modules/@firebase/analytics\": {\x0d\x0a      \"version\": 
\"0.10.17\",\x0d\x0a      \"license\": \"Apache-2.0\",\x0d\x0a      \"dependencies\": {\x0d\x0a        
\"@firebase/component\": \"0.6.18\",\x0d\x0a        \"@firebase/installations\": \"0.6.18\",\x0d\x0a        
\"@firebase/logger\": \"0.4.4\",\x0d\x0a        \"@firebase/util\": \"1.12.1\",\x0d\x0a        \"tslib\": 
\"^2.1.0\"\x0d\x0a      },\x0d\x0a      \"peerDependencies\": {\x0d\x0a        \"@firebase/app\": \"0.x\"\x0d\x0a      
}\x0d\x0a    },\x0d\x0a    \"node_modules/firebase/node_modules/@firebase/auth\": {\x0d\x0a      \"version\": 
\"1.10.8\",\x0d\x0a      \"license\": \"Apache-2.0\",\x0d\x0a      \"dependencies\": {\x0d\x0a        
\"@firebase/component\": \"0.6.18\",\x0d\x0a        \"@firebase/logger\": \"0.4.4\",\x0d\x0a        
\"@firebase/util\": \"1.12.1\",\x0d\x0a        \"tslib\": \"^2.1.0\"\x0d\x0a      },\x0d\x0a      \"engines\": 
{\x0d\x0a        \"node\": \">=18.0.0\"\x0d\x0a      },\x0d\x0a      \"peerDependencies\": {\x0d\x0a        
\"@firebase/app\": \"0.x\",\x0d\x0a        \"@react-native-async-storage/async-storage\": \"^1.18.1\"\x0d\x0a      
},\x0d\x0a      \"peerDependenciesMeta\": {\x0d\x0a        \"@react-native-async-storage/async-storage\": {\x0d\x0a    
      \"optional\": true\x0d\x0a        }\x0d\x0a      }\x0d\x0a    },\x0d\x0a    \"node_modules/flairup\": {\x0d\x0a  
    \"version\": \"1.0.0\",\x0d\x0a      \"license\": \"MIT\"\x0d\x0a    },\x0d\x0a    \"node_modules/flat-cache\": 
{\x0d\x0a      \"version\": \"4.0.1\",\x0d\x0a      \"dev\": true,\x0d\x0a      \"license\": \"MIT\",\x0d\x0a      
\"dependencies\": {\x0d\x0a        \"flatted\": \"^3.2.9\",\x0d\x0a        \"keyv\": \"^4.5.4\"\x0d\x0a      
},\x0d\x0a      \"engines\": {\x0d\x0a        \"node\": \">=16\"\x0d\x0a      }\x0d\x0a    },\x0d\x0a    
\"node_modules/flatted\": {\x0d\x0a      \"version\": \"3.3.3\",\x0d\x0a      \"dev\": true,\x0d\x0a      \"license\": 
\"ISC\"\x0d\x0a    },\x0d\x0a    \"node_modules/follow-redirects\": {\x0d\x0a      \"version\": \"1.15.9\",\x0d\x0a    
  \"funding\": [\x0d\x0a        {\x0d\x0a          \"type\": \"individual\",\x0d\x0a          \"url\": 
\"https://github.com/sponsors/RubenVerborgh\"\x0d\x0a        }\x0d\x0a      ],\x0d\x0a      \"license\": 
\"MIT\",\x0d\x0a      \"engines\": {\x0d\x0a        \"node\": \">=4.0\"\x0d\x0a      },\x0d\x0a      
\"peerDependenciesMeta\": {\x0d\x0a        \"debug\": {\x0d\x0a          \"optional\": true\x0d\x0a        }\x0d\x0a   
   }\x0d\x0a    },\x0d\x0a    \"node_modules/for-each\": {\x0d\x0a      \"version\": \"0.3.5\",\x0d\x0a      \"dev\": 
true,\x0d\x0a      \"license\": \"MIT\",\x0d\x0a      \"dependencies\": {\x0d\x0a        \"is-callable\": 
\"^1.2.7\"\x0d\x0a      },\x0d\x0a      \"engines\": {\x0d\x0a        \"node\": \">= 0.4\"\x0d\x0a      },\x0d\x0a     
 \"funding\": {\x0d\x0a        \"url\": \"https://github.com/sponsors/ljharb\"\x0d\x0a      }\x0d\x0a    },\x0d\x0a    
\"node_modules/foreground-child\": {\x0d\x0a      \"version\": \"3.3.1\",\x0d\x0a      \"dev\": true,\x0d\x0a      
\"license\": \"ISC\",\x0d\x0a      \"dependencies\": {\x0d\x0a        \"cross-spawn\": \"^7.0.6\",\x0d\x0a        
\"signal-exit\": \"^4.0.1\"\x0d\x0a      },\x0d\x0a      \"engines\": {\x0d\x0a        \"node\": \">=14\"\x0d\x0a      
},\x0d\x0a      \"funding\": {\x0d\x0a        \"url\": \"https://github.com/sponsors/isaacs\"\x0d\x0a      }\x0d\x0a   
 },\x0d\x0a    \"node_modules/form-data\": {\x0d\x0a      \"version\": \"4.0.4\",\x0d\x0a      \"license\": 
\"MIT\",\x0d\x0a      \"dependencies\": {\x0d\x0a        \"asynckit\": \"^0.4.0\",\x0d\x0a        \"combined-stream\": 
\"^1.0.8\",\x0d\x0a        \"es-set-tostringtag\": \"^2.1.0\",\x0d\x0a        \"hasown\": \"^2.0.2\",\x0d\x0a        
\"mime-types\": \"^2.1.12\"\x0d\x0a      },\x0d\x0a      \"engines\": {\x0d\x0a        \"node\": \">= 6\"\x0d\x0a      
}\x0d\x0a    },\x0d\x0a    \"node_modules/form-data-encoder\": {\x0d\x0a      \"version\": \"1.7.2\",\x0d\x0a      
\"license\": \"MIT\"\x0d\x0a    },\x0d\x0a    \"node_modules/formdata-node\": {\x0d\x0a      \"version\": 
\"4.4.1\",\x0d\x0a      \"license\": \"MIT\",\x0d\x0a      \"dependencies\": {\x0d\x0a        \"node-domexception\": 
\"1.0.0\",\x0d\x0a        \"web-streams-polyfill\": \"4.0.0-beta.3\"\x0d\x0a      },\x0d\x0a      \"engines\": 
{\x0d\x0a        \"node\": \">= 12.20\"\x0d\x0a      }\x0d\x0a    },\x0d\x0a    \"node_modules/framer-motion\": 
{\x0d\x0a      \"version\": \"12.23.9\",\x0d\x0a      \"license\": \"MIT\",\x0d\x0a      \"dependencies\": {\x0d\x0a   
     \"motion-dom\": \"^12.23.9\",\x0d\x0a        \"motion-utils\": \"^12.23.6\",\x0d\x0a        \"tslib\": 
\"^2.4.0\"\x0d\x0a      },\x0d\x0a      \"peerDependencies\": {\x0d\x0a        \"@emotion/is-prop-valid\": 
\"*\",\x0d\x0a        \"react\": \"^18.0.0 || ^19.0.0\",\x0d\x0a        \"react-dom\": \"^18.0.0 || ^19.0.0\"\x0d\x0a  
    },\x0d\x0a      \"peerDependenciesMeta\": {\x0d\x0a        \"@emotion/is-prop-valid\": {\x0d\x0a          
\"optional\": true\x0d\x0a        },\x0d\x0a        \"react\": {\x0d\x0a          \"optional\": true\x0d\x0a        
},\x0d\x0a        \"react-dom\": {\x0d\x0a          \"optional\": true\x0d\x0a        }\x0d\x0a      }\x0d\x0a    
},\x0d\x0a    \"node_modules/fsevents\": {\x0d\x0a      \"version\": \"2.3.3\",\x0d\x0a      \"resolved\": 
\"https://registry.npmjs.org/fsevents/-/fsevents-2.3.3.tgz\",\x0d\x0a      \"integrity\": 
\"sha512-5xoDfX+fL7faATnagmWPpbFtwh/R77WmMMqqHGS65C3vvB0YHrgF+B1YmZ3441tMj5n63k0212XNoJwzlhffQw==\",\x0d\x0a      
\"dev\": true,\x0d\x0a      \"hasInstallScript\": true,\x0d\x0a      \"license\": \"MIT\",\x0d\x0a      \"optional\": 
true,\x0d\x0a      \"os\": [\x0d\x0a        \"darwin\"\x0d\x0a      ],\x0d\x0a      \"engines\": {\x0d\x0a        
\"node\": \"^8.16.0 || ^10.6.0 || >=11.0.0\"\x0d\x0a      }\x0d\x0a    },\x0d\x0a    \"node_modules/function-bind\": 
{\x0d\x0a      \"version\": \"1.1.2\",\x0d\x0a      \"license\": \"MIT\",\x0d\x0a      \"funding\": {\x0d\x0a        
\"url\": \"https://github.com/sponsors/ljharb\"\x0d\x0a      }\x0d\x0a    },\x0d\x0a    
\"node_modules/function.prototype.name\": {\x0d\x0a      \"version\": \"1.1.8\",\x0d\x0a      \"dev\": true,\x0d\x0a   
   \"license\": \"MIT\",\x0d\x0a      \"dependencies\": {\x0d\x0a        \"call-bind\": \"^1.0.8\",\x0d\x0a        
\"call-bound\": \"^1.0.3\",\x0d\x0a        \"define-properties\": \"^1.2.1\",\x0d\x0a        \"functions-have-names\": 
\"^1.2.3\",\x0d\x0a        \"hasown\": \"^2.0.2\",\x0d\x0a        \"is-callable\": \"^1.2.7\"\x0d\x0a      },\x0d\x0a  
    \"engines\": {\x0d\x0a        \"node\": \">= 0.4\"\x0d\x0a      },\x0d\x0a      \"funding\": {\x0d\x0a        
\"url\": \"https://github.com/sponsors/ljharb\"\x0d\x0a      }\x0d\x0a    },\x0d\x0a    
\"node_modules/functions-have-names\": {\x0d\x0a      \"version\": \"1.2.3\",\x0d\x0a      \"dev\": true,\x0d\x0a      
\"license\": \"MIT\",\x0d\x0a      \"funding\": {\x0d\x0a        \"url\": 
\"https://github.com/sponsors/ljharb\"\x0d\x0a      }\x0d\x0a    },\x0d\x0a    \"node_modules/get-caller-file\": 
{\x0d\x0a      \"version\": \"2.0.5\",\x0d\x0a      \"license\": \"ISC\",\x0d\x0a      \"engines\": {\x0d\x0a        
\"node\": \"6.* || 8.* || >= 10.*\"\x0d\x0a      }\x0d\x0a    },\x0d\x0a    \"node_modules/get-intrinsic\": {\x0d\x0a  
    \"version\": \"1.3.0\",\x0d\x0a      \"license\": \"MIT\",\x0d\x0a      \"dependencies\": {\x0d\x0a        
\"call-bind-apply-helpers\": \"^1.0.2\",\x0d\x0a        \"es-define-property\": \"^1.0.1\",\x0d\x0a        
\"es-errors\": \"^1.3.0\",\x0d\x0a        \"es-object-atoms\": \"^1.1.1\",\x0d\x0a        \"function-bind\": 
\"^1.1.2\",\x0d\x0a        \"get-proto\": \"^1.0.1\",\x0d\x0a        \"gopd\": \"^1.2.0\",\x0d\x0a        
\"has-symbols\": \"^1.1.0\",\x0d\x0a        \"hasown\": \"^2.0.2\",\x0d\x0a        \"math-intrinsics\": 
\"^1.1.0\"\x0d\x0a      },\x0d\x0a      \"engines\": {\x0d\x0a        \"node\": \">= 0.4\"\x0d\x0a      },\x0d\x0a     
 \"funding\": {\x0d\x0a        \"url\": \"https://github.com/sponsors/ljharb\"\x0d\x0a      }\x0d\x0a    },\x0d\x0a    
\"node_modules/get-proto\": {\x0d\x0a      \"version\": \"1.0.1\",\x0d\x0a      \"license\": \"MIT\",\x0d\x0a      
\"dependencies\": {\x0d\x0a        \"dunder-proto\": \"^1.0.1\",\x0d\x0a        \"es-object-atoms\": 
\"^1.0.0\"\x0d\x0a      },\x0d\x0a      \"engines\": {\x0d\x0a        \"node\": \">= 0.4\"\x0d\x0a      }\x0d\x0a    
},\x0d\x0a    \"node_modules/get-symbol-description\": {\x0d\x0a      \"version\": \"1.1.0\",\x0d\x0a      \"dev\": 
true,\x0d\x0a      \"license\": \"MIT\",\x0d\x0a      \"dependencies\": {\x0d\x0a        \"call-bound\": 
\"^1.0.3\",\x0d\x0a        \"es-errors\": \"^1.3.0\",\x0d\x0a        \"get-intrinsic\": \"^1.2.6\"\x0d\x0a      
},\x0d\x0a      \"engines\": {\x0d\x0a        \"node\": \">= 0.4\"\x0d\x0a      },\x0d\x0a      \"funding\": {\x0d\x0a 
       \"url\": \"https://github.com/sponsors/ljharb\"\x0d\x0a      }\x0d\x0a    },\x0d\x0a    
\"node_modules/get-tsconfig\": {\x0d\x0a      \"version\": \"4.10.1\",\x0d\x0a      \"dev\": true,\x0d\x0a      
\"license\": \"MIT\",\x0d\x0a      \"dependencies\": {\x0d\x0a        \"resolve-pkg-maps\": \"^1.0.0\"\x0d\x0a      
},\x0d\x0a      \"funding\": {\x0d\x0a        \"url\": 
\"https://github.com/privatenumber/get-tsconfig?sponsor=1\"\x0d\x0a      }\x0d\x0a    },\x0d\x0a    
\"node_modules/glob\": {\x0d\x0a      \"version\": \"10.5.0\",\x0d\x0a      \"resolved\": 
\"https://registry.npmjs.org/glob/-/glob-10.5.0.tgz\",\x0d\x0a      \"integrity\": 
\"sha512-DfXN8DfhJ7NH3Oe7cFmu3NCu1wKbkReJ8TorzSAFbSKrlNaQSKfIzqYqVY8zlbs2NLBbWpRiU52GX2PbaBVNkg==\",\x0d\x0a      
\"dev\": true,\x0d\x0a      \"license\": \"ISC\",\x0d\x0a      \"dependencies\": {\x0d\x0a        
\"foreground-child\": \"^3.1.0\",\x0d\x0a        \"jackspeak\": \"^3.1.2\",\x0d\x0a        \"minimatch\": 
\"^9.0.4\",\x0d\x0a        \"minipass\": \"^7.1.2\",\x0d\x0a        \"package-json-from-dist\": \"^1.0.0\",\x0d\x0a    
    \"path-scurry\": \"^1.11.1\"\x0d\x0a      },\x0d\x0a      \"bin\": {\x0d\x0a        \"glob\": 
\"dist/esm/bin.mjs\"\x0d\x0a      },\x0d\x0a      \"funding\": {\x0d\x0a        \"url\": 
\"https://github.com/sponsors/isaacs\"\x0d\x0a      }\x0d\x0a    },\x0d\x0a    \"node_modules/glob-parent\": {\x0d\x0a 
     \"version\": \"5.1.2\",\x0d\x0a      \"dev\": true,\x0d\x0a      \"license\": \"ISC\",\x0d\x0a      
\"dependencies\": {\x0d\x0a        \"is-glob\": \"^4.0.1\"\x0d\x0a      },\x0d\x0a      \"engines\": {\x0d\x0a        
\"node\": \">= 6\"\x0d\x0a      }\x0d\x0a    },\x0d\x0a    \"node_modules/glob/node_modules/brace-expansion\": 
{\x0d\x0a      \"version\": \"2.0.2\",\x0d\x0a      \"dev\": true,\x0d\x0a      \"license\": \"MIT\",\x0d\x0a      
\"dependencies\": {\x0d\x0a        \"balanced-match\": \"^1.0.0\"\x0d\x0a      }\x0d\x0a    },\x0d\x0a    
\"node_modules/glob/node_modules/minimatch\": {\x0d\x0a      \"version\": \"9.0.5\",\x0d\x0a      \"dev\": 
true,\x0d\x0a      \"license\": \"ISC\",\x0d\x0a      \"dependencies\": {\x0d\x0a        \"brace-expansion\": 
\"^2.0.1\"\x0d\x0a      },\x0d\x0a      \"engines\": {\x0d\x0a        \"node\": \">=16 || 14 >=14.17\"\x0d\x0a      
},\x0d\x0a      \"funding\": {\x0d\x0a        \"url\": \"https://github.com/sponsors/isaacs\"\x0d\x0a      }\x0d\x0a   
 },\x0d\x0a    \"node_modules/globals\": {\x0d\x0a      \"version\": \"14.0.0\",\x0d\x0a      \"dev\": true,\x0d\x0a   
   \"license\": \"MIT\",\x0d\x0a      \"engines\": {\x0d\x0a        \"node\": \">=18\"\x0d\x0a      },\x0d\x0a      
\"funding\": {\x0d\x0a        \"url\": \"https://github.com/sponsors/sindresorhus\"\x0d\x0a      }\x0d\x0a    
},\x0d\x0a    \"node_modules/globalthis\": {\x0d\x0a      \"version\": \"1.0.4\",\x0d\x0a      \"dev\": true,\x0d\x0a  
    \"license\": \"MIT\",\x0d\x0a      \"dependencies\": {\x0d\x0a        \"define-properties\": \"^1.2.1\",\x0d\x0a   
     \"gopd\": \"^1.0.1\"\x0d\x0a      },\x0d\x0a      \"engines\": {\x0d\x0a        \"node\": \">= 0.4\"\x0d\x0a      
},\x0d\x0a      \"funding\": {\x0d\x0a        \"url\": \"https://github.com/sponsors/ljharb\"\x0d\x0a      }\x0d\x0a   
 },\x0d\x0a    \"node_modules/goober\": {\x0d\x0a      \"version\": \"2.1.16\",\x0d\x0a      \"license\": 
\"MIT\",\x0d\x0a      \"peerDependencies\": {\x0d\x0a        \"csstype\": \"^3.0.10\"\x0d\x0a      }\x0d\x0a    
},\x0d\x0a    \"node_modules/gopd\": {\x0d\x0a      \"version\": \"1.2.0\",\x0d\x0a      \"license\": \"MIT\",\x0d\x0a 
     \"engines\": {\x0d\x0a        \"node\": \">= 0.4\"\x0d\x0a      },\x0d\x0a      \"funding\": {\x0d\x0a        
\"url\": \"https://github.com/sponsors/ljharb\"\x0d\x0a      }\x0d\x0a    },\x0d\x0a    \"node_modules/graphemer\": 
{\x0d\x0a      \"version\": \"1.4.0\",\x0d\x0a      \"dev\": true,\x0d\x0a      \"license\": \"MIT\"\x0d\x0a    
},\x0d\x0a    \"node_modules/has-bigints\": {\x0d\x0a      \"version\": \"1.1.0\",\x0d\x0a      \"dev\": true,\x0d\x0a 
     \"license\": \"MIT\",\x0d\x0a      \"engines\": {\x0d\x0a        \"node\": \">= 0.4\"\x0d\x0a      },\x0d\x0a     
 \"funding\": {\x0d\x0a        \"url\": \"https://github.com/sponsors/ljharb\"\x0d\x0a      }\x0d\x0a    },\x0d\x0a    
\"node_modules/has-flag\": {\x0d\x0a      \"version\": \"4.0.0\",\x0d\x0a      \"license\": \"MIT\",\x0d\x0a      
\"engines\": {\x0d\x0a        \"node\": \">=8\"\x0d\x0a      }\x0d\x0a    },\x0d\x0a    
\"node_modules/has-property-descriptors\": {\x0d\x0a      \"version\": \"1.0.2\",\x0d\x0a      \"dev\": true,\x0d\x0a  
    \"license\": \"MIT\",\x0d\x0a      \"dependencies\": {\x0d\x0a        \"es-define-property\": \"^1.0.0\"\x0d\x0a   
   },\x0d\x0a      \"funding\": {\x0d\x0a        \"url\": \"https://github.com/sponsors/ljharb\"\x0d\x0a      
}\x0d\x0a    },\x0d\x0a    \"node_modules/has-proto\": {\x0d\x0a      \"version\": \"1.2.0\",\x0d\x0a      \"dev\": 
true,\x0d\x0a      \"license\": \"MIT\",\x0d\x0a      \"dependencies\": {\x0d\x0a        \"dunder-proto\": 
\"^1.0.0\"\x0d\x0a      },\x0d\x0a      \"engines\": {\x0d\x0a        \"node\": \">= 0.4\"\x0d\x0a      },\x0d\x0a     
 \"funding\": {\x0d\x0a        \"url\": \"https://github.com/sponsors/ljharb\"\x0d\x0a      }\x0d\x0a    },\x0d\x0a    
\"node_modules/has-symbols\": {\x0d\x0a      \"version\": \"1.1.0\",\x0d\x0a      \"license\": \"MIT\",\x0d\x0a      
\"engines\": {\x0d\x0a        \"node\": \">= 0.4\"\x0d\x0a      },\x0d\x0a      \"funding\": {\x0d\x0a        \"url\": 
\"https://github.com/sponsors/ljharb\"\x0d\x0a      }\x0d\x0a    },\x0d\x0a    \"node_modules/has-tostringtag\": 
{\x0d\x0a      \"version\": \"1.0.2\",\x0d\x0a      \"license\": \"MIT\",\x0d\x0a      \"dependencies\": {\x0d\x0a     
   \"has-symbols\": \"^1.0.3\"\x0d\x0a      },\x0d\x0a      \"engines\": {\x0d\x0a        \"node\": \">= 0.4\"\x0d\x0a 
     },\x0d\x0a      \"funding\": {\x0d\x0a        \"url\": \"https://github.com/sponsors/ljharb\"\x0d\x0a      
}\x0d\x0a    },\x0d\x0a    \"node_modules/hasown\": {\x0d\x0a      \"version\": \"2.0.2\",\x0d\x0a      \"license\": 
\"MIT\",\x0d\x0a      \"dependencies\": {\x0d\x0a        \"function-bind\": \"^1.1.2\"\x0d\x0a      },\x0d\x0a      
\"engines\": {\x0d\x0a        \"node\": \">= 0.4\"\x0d\x0a      }\x0d\x0a    },\x0d\x0a    
\"node_modules/hast-util-to-jsx-runtime\": {\x0d\x0a      \"version\": \"2.3.6\",\x0d\x0a      \"license\": 
\"MIT\",\x0d\x0a      \"dependencies\": {\x0d\x0a        \"@types/estree\": \"^1.0.0\",\x0d\x0a        
\"@types/hast\": \"^3.0.0\",\x0d\x0a        \"@types/unist\": \"^3.0.0\",\x0d\x0a        \"comma-separated-tokens\": 
\"^2.0.0\",\x0d\x0a        \"devlop\": \"^1.0.0\",\x0d\x0a        \"estree-util-is-identifier-name\": 
\"^3.0.0\",\x0d\x0a        \"hast-util-whitespace\": \"^3.0.0\",\x0d\x0a        \"mdast-util-mdx-expression\": 
\"^2.0.0\",\x0d\x0a        \"mdast-util-mdx-jsx\": \"^3.0.0\",\x0d\x0a        \"mdast-util-mdxjs-esm\": 
\"^2.0.0\",\x0d\x0a        \"property-information\": \"^7.0.0\",\x0d\x0a        \"space-separated-tokens\": 
\"^2.0.0\",\x0d\x0a        \"style-to-js\": \"^1.0.0\",\x0d\x0a        \"unist-util-position\": \"^5.0.0\",\x0d\x0a    
    \"vfile-message\": \"^4.0.0\"\x0d\x0a      },\x0d\x0a      \"funding\": {\x0d\x0a        \"type\": 
\"opencollective\",\x0d\x0a        \"url\": \"https://opencollective.com/unified\"\x0d\x0a      }\x0d\x0a    
},\x0d\x0a    \"node_modules/hast-util-whitespace\": {\x0d\x0a      \"version\": \"3.0.0\",\x0d\x0a      \"license\": 
\"MIT\",\x0d\x0a      \"dependencies\": {\x0d\x0a        \"@types/hast\": \"^3.0.0\"\x0d\x0a      },\x0d\x0a      
\"funding\": {\x0d\x0a        \"type\": \"opencollective\",\x0d\x0a        \"url\": 
\"https://opencollective.com/unified\"\x0d\x0a      }\x0d\x0a    },\x0d\x0a    
\"node_modules/hoist-non-react-statics\": {\x0d\x0a      \"version\": \"3.3.2\",\x0d\x0a      \"license\": 
\"BSD-3-Clause\",\x0d\x0a      \"dependencies\": {\x0d\x0a        \"react-is\": \"^16.7.0\"\x0d\x0a      }\x0d\x0a    
},\x0d\x0a    \"node_modules/html-to-text\": {\x0d\x0a      \"version\": \"9.0.5\",\x0d\x0a      \"license\": 
\"MIT\",\x0d\x0a      \"dependencies\": {\x0d\x0a        \"@selderee/plugin-htmlparser2\": \"^0.11.0\",\x0d\x0a        
\"deepmerge\": \"^4.3.1\",\x0d\x0a        \"dom-serializer\": \"^2.0.0\",\x0d\x0a        \"htmlparser2\": 
\"^8.0.2\",\x0d\x0a        \"selderee\": \"^0.11.0\"\x0d\x0a      },\x0d\x0a      \"engines\": {\x0d\x0a        
\"node\": \">=14\"\x0d\x0a      }\x0d\x0a    },\x0d\x0a    \"node_modules/html-url-attributes\": {\x0d\x0a      
\"version\": \"3.0.1\",\x0d\x0a      \"license\": \"MIT\",\x0d\x0a      \"funding\": {\x0d\x0a        \"type\": 
\"opencollective\",\x0d\x0a        \"url\": \"https://opencollective.com/unified\"\x0d\x0a      }\x0d\x0a    
},\x0d\x0a    \"node_modules/html2canvas\": {\x0d\x0a      \"version\": \"1.4.1\",\x0d\x0a      \"license\": 
\"MIT\",\x0d\x0a      \"dependencies\": {\x0d\x0a        \"css-line-break\": \"^2.1.0\",\x0d\x0a        
\"text-segmentation\": \"^1.0.3\"\x0d\x0a      },\x0d\x0a      \"engines\": {\x0d\x0a        \"node\": 
\">=8.0.0\"\x0d\x0a      }\x0d\x0a    },\x0d\x0a    \"node_modules/htmlparser2\": {\x0d\x0a      \"version\": 
\"8.0.2\",\x0d\x0a      \"funding\": [\x0d\x0a        \"https://github.com/fb55/htmlparser2?sponsor=1\",\x0d\x0a       
 {\x0d\x0a          \"type\": \"github\",\x0d\x0a          \"url\": \"https://github.com/sponsors/fb55\"\x0d\x0a       
 }\x0d\x0a      ],\x0d\x0a      \"license\": \"MIT\",\x0d\x0a      \"dependencies\": {\x0d\x0a        
\"domelementtype\": \"^2.3.0\",\x0d\x0a        \"domhandler\": \"^5.0.3\",\x0d\x0a        \"domutils\": 
\"^3.0.1\",\x0d\x0a        \"entities\": \"^4.4.0\"\x0d\x0a      }\x0d\x0a    },\x0d\x0a    
\"node_modules/http-parser-js\": {\x0d\x0a      \"version\": \"0.5.10\",\x0d\x0a      \"license\": \"MIT\"\x0d\x0a    
},\x0d\x0a    \"node_modules/humanize-ms\": {\x0d\x0a      \"version\": \"1.2.1\",\x0d\x0a      \"license\": 
\"MIT\",\x0d\x0a      \"dependencies\": {\x0d\x0a        \"ms\": \"^2.0.0\"\x0d\x0a      }\x0d\x0a    },\x0d\x0a    
\"node_modules/idb\": {\x0d\x0a      \"version\": \"7.1.1\",\x0d\x0a      \"license\": \"ISC\"\x0d\x0a    },\x0d\x0a   
 \"node_modules/ignore\": {\x0d\x0a      \"version\": \"5.3.2\",\x0d\x0a      \"dev\": true,\x0d\x0a      \"license\": 
\"MIT\",\x0d\x0a      \"engines\": {\x0d\x0a        \"node\": \">= 4\"\x0d\x0a      }\x0d\x0a    },\x0d\x0a    
\"node_modules/import-fresh\": {\x0d\x0a      \"version\": \"3.3.1\",\x0d\x0a      \"license\": \"MIT\",\x0d\x0a      
\"dependencies\": {\x0d\x0a        \"parent-module\": \"^1.0.0\",\x0d\x0a        \"resolve-from\": \"^4.0.0\"\x0d\x0a  
    },\x0d\x0a      \"engines\": {\x0d\x0a        \"node\": \">=6\"\x0d\x0a      },\x0d\x0a      \"funding\": 
{\x0d\x0a        \"url\": \"https://github.com/sponsors/sindresorhus\"\x0d\x0a      }\x0d\x0a    },\x0d\x0a    
\"node_modules/imurmurhash\": {\x0d\x0a      \"version\": \"0.1.4\",\x0d\x0a      \"dev\": true,\x0d\x0a      
\"license\": \"MIT\",\x0d\x0a      \"engines\": {\x0d\x0a        \"node\": \">=0.8.19\"\x0d\x0a      }\x0d\x0a    
},\x0d\x0a    \"node_modules/inline-style-parser\": {\x0d\x0a      \"version\": \"0.2.4\",\x0d\x0a      \"license\": 
\"MIT\"\x0d\x0a    },\x0d\x0a    \"node_modules/internal-slot\": {\x0d\x0a      \"version\": \"1.1.0\",\x0d\x0a      
\"dev\": true,\x0d\x0a      \"license\": \"MIT\",\x0d\x0a      \"dependencies\": {\x0d\x0a        \"es-errors\": 
\"^1.3.0\",\x0d\x0a        \"hasown\": \"^2.0.2\",\x0d\x0a        \"side-channel\": \"^1.1.0\"\x0d\x0a      },\x0d\x0a 
     \"engines\": {\x0d\x0a        \"node\": \">= 0.4\"\x0d\x0a      }\x0d\x0a    },\x0d\x0a    
\"node_modules/is-alphabetical\": {\x0d\x0a      \"version\": \"2.0.1\",\x0d\x0a      \"license\": \"MIT\",\x0d\x0a    
  \"funding\": {\x0d\x0a        \"type\": \"github\",\x0d\x0a        \"url\": 
\"https://github.com/sponsors/wooorm\"\x0d\x0a      }\x0d\x0a    },\x0d\x0a    \"node_modules/is-alphanumerical\": 
{\x0d\x0a      \"version\": \"2.0.1\",\x0d\x0a      \"license\": \"MIT\",\x0d\x0a      \"dependencies\": {\x0d\x0a     
   \"is-alphabetical\": \"^2.0.0\",\x0d\x0a        \"is-decimal\": \"^2.0.0\"\x0d\x0a      },\x0d\x0a      
\"funding\": {\x0d\x0a        \"type\": \"github\",\x0d\x0a        \"url\": 
\"https://github.com/sponsors/wooorm\"\x0d\x0a      }\x0d\x0a    },\x0d\x0a    \"node_modules/is-array-buffer\": 
{\x0d\x0a      \"version\": \"3.0.5\",\x0d\x0a      \"dev\": true,\x0d\x0a      \"license\": \"MIT\",\x0d\x0a      
\"dependencies\": {\x0d\x0a        \"call-bind\": \"^1.0.8\",\x0d\x0a        \"call-bound\": \"^1.0.3\",\x0d\x0a       
 \"get-intrinsic\": \"^1.2.6\"\x0d\x0a      },\x0d\x0a      \"engines\": {\x0d\x0a        \"node\": \">= 0.4\"\x0d\x0a 
     },\x0d\x0a      \"funding\": {\x0d\x0a        \"url\": \"https://github.com/sponsors/ljharb\"\x0d\x0a      
}\x0d\x0a    },\x0d\x0a    \"node_modules/is-arrayish\": {\x0d\x0a      \"version\": \"0.3.2\",\x0d\x0a      
\"license\": \"MIT\",\x0d\x0a      \"optional\": true\x0d\x0a    },\x0d\x0a    \"node_modules/is-async-function\": 
{\x0d\x0a      \"version\": \"2.1.1\",\x0d\x0a      \"dev\": true,\x0d\x0a      \"license\": \"MIT\",\x0d\x0a      
\"dependencies\": {\x0d\x0a        \"async-function\": \"^1.0.0\",\x0d\x0a        \"call-bound\": \"^1.0.3\",\x0d\x0a  
      \"get-proto\": \"^1.0.1\",\x0d\x0a        \"has-tostringtag\": \"^1.0.2\",\x0d\x0a        \"safe-regex-test\": 
\"^1.1.0\"\x0d\x0a      },\x0d\x0a      \"engines\": {\x0d\x0a        \"node\": \">= 0.4\"\x0d\x0a      },\x0d\x0a     
 \"funding\": {\x0d\x0a        \"url\": \"https://github.com/sponsors/ljharb\"\x0d\x0a      }\x0d\x0a    },\x0d\x0a    
\"node_modules/is-bigint\": {\x0d\x0a      \"version\": \"1.1.0\",\x0d\x0a      \"dev\": true,\x0d\x0a      
\"license\": \"MIT\",\x0d\x0a      \"dependencies\": {\x0d\x0a        \"has-bigints\": \"^1.0.2\"\x0d\x0a      
},\x0d\x0a      \"engines\": {\x0d\x0a        \"node\": \">= 0.4\"\x0d\x0a      },\x0d\x0a      \"funding\": {\x0d\x0a 
       \"url\": \"https://github.com/sponsors/ljharb\"\x0d\x0a      }\x0d\x0a    },\x0d\x0a    
\"node_modules/is-binary-path\": {\x0d\x0a      \"version\": \"2.1.0\",\x0d\x0a      \"dev\": true,\x0d\x0a      
\"license\": \"MIT\",\x0d\x0a      \"dependencies\": {\x0d\x0a        \"binary-extensions\": \"^2.0.0\"\x0d\x0a      
},\x0d\x0a      \"engines\": {\x0d\x0a        \"node\": \">=8\"\x0d\x0a      }\x0d\x0a    },\x0d\x0a    
\"node_modules/is-boolean-object\": {\x0d\x0a      \"version\": \"1.2.2\",\x0d\x0a      \"dev\": true,\x0d\x0a      
\"license\": \"MIT\",\x0d\x0a      \"dependencies\": {\x0d\x0a        \"call-bound\": \"^1.0.3\",\x0d\x0a        
\"has-tostringtag\": \"^1.0.2\"\x0d\x0a      },\x0d\x0a      \"engines\": {\x0d\x0a        \"node\": \">= 
0.4\"\x0d\x0a      },\x0d\x0a      \"funding\": {\x0d\x0a        \"url\": 
\"https://github.com/sponsors/ljharb\"\x0d\x0a      }\x0d\x0a    },\x0d\x0a    \"node_modules/is-bun-module\": 
{\x0d\x0a      \"version\": \"2.0.0\",\x0d\x0a      \"dev\": true,\x0d\x0a      \"license\": \"MIT\",\x0d\x0a      
\"dependencies\": {\x0d\x0a        \"semver\": \"^7.7.1\"\x0d\x0a      }\x0d\x0a    },\x0d\x0a    
\"node_modules/is-callable\": {\x0d\x0a      \"version\": \"1.2.7\",\x0d\x0a      \"dev\": true,\x0d\x0a      
\"license\": \"MIT\",\x0d\x0a      \"engines\": {\x0d\x0a        \"node\": \">= 0.4\"\x0d\x0a      },\x0d\x0a      
\"funding\": {\x0d\x0a        \"url\": \"https://github.com/sponsors/ljharb\"\x0d\x0a      }\x0d\x0a    },\x0d\x0a    
\"node_modules/is-core-module\": {\x0d\x0a      \"version\": \"2.16.1\",\x0d\x0a      \"license\": \"MIT\",\x0d\x0a    
  \"dependencies\": {\x0d\x0a        \"hasown\": \"^2.0.2\"\x0d\x0a      },\x0d\x0a      \"engines\": {\x0d\x0a        
\"node\": \">= 0.4\"\x0d\x0a      },\x0d\x0a      \"funding\": {\x0d\x0a        \"url\": 
\"https://github.com/sponsors/ljharb\"\x0d\x0a      }\x0d\x0a    },\x0d\x0a    \"node_modules/is-data-view\": 
{\x0d\x0a      \"version\": \"1.0.2\",\x0d\x0a      \"dev\": true,\x0d\x0a      \"license\": \"MIT\",\x0d\x0a      
\"dependencies\": {\x0d\x0a        \"call-bound\": \"^1.0.2\",\x0d\x0a        \"get-intrinsic\": \"^1.2.6\",\x0d\x0a   
     \"is-typed-array\": \"^1.1.13\"\x0d\x0a      },\x0d\x0a      \"engines\": {\x0d\x0a        \"node\": \">= 
0.4\"\x0d\x0a      },\x0d\x0a      \"funding\": {\x0d\x0a        \"url\": 
\"https://github.com/sponsors/ljharb\"\x0d\x0a      }\x0d\x0a    },\x0d\x0a    \"node_modules/is-date-object\": 
{\x0d\x0a      \"version\": \"1.1.0\",\x0d\x0a      \"dev\": true,\x0d\x0a      \"license\": \"MIT\",\x0d\x0a      
\"dependencies\": {\x0d\x0a        \"call-bound\": \"^1.0.2\",\x0d\x0a        \"has-tostringtag\": \"^1.0.2\"\x0d\x0a  
    },\x0d\x0a      \"engines\": {\x0d\x0a        \"node\": \">= 0.4\"\x0d\x0a      },\x0d\x0a      \"funding\": 
{\x0d\x0a        \"url\": \"https://github.com/sponsors/ljharb\"\x0d\x0a      }\x0d\x0a    },\x0d\x0a    
\"node_modules/is-decimal\": {\x0d\x0a      \"version\": \"2.0.1\",\x0d\x0a      \"license\": \"MIT\",\x0d\x0a      
\"funding\": {\x0d\x0a        \"type\": \"github\",\x0d\x0a        \"url\": 
\"https://github.com/sponsors/wooorm\"\x0d\x0a      }\x0d\x0a    },\x0d\x0a    \"node_modules/is-extglob\": {\x0d\x0a  
    \"version\": \"2.1.1\",\x0d\x0a      \"dev\": true,\x0d\x0a      \"license\": \"MIT\",\x0d\x0a      \"engines\": 
{\x0d\x0a        \"node\": \">=0.10.0\"\x0d\x0a      }\x0d\x0a    },\x0d\x0a    
\"node_modules/is-finalizationregistry\": {\x0d\x0a      \"version\": \"1.1.1\",\x0d\x0a      \"dev\": true,\x0d\x0a   
   \"license\": \"MIT\",\x0d\x0a      \"dependencies\": {\x0d\x0a        \"call-bound\": \"^1.0.3\"\x0d\x0a      
},\x0d\x0a      \"engines\": {\x0d\x0a        \"node\": \">= 0.4\"\x0d\x0a      },\x0d\x0a      \"funding\": {\x0d\x0a 
       \"url\": \"https://github.com/sponsors/ljharb\"\x0d\x0a      }\x0d\x0a    },\x0d\x0a    
\"node_modules/is-fullwidth-code-point\": {\x0d\x0a      \"version\": \"3.0.0\",\x0d\x0a      \"license\": 
\"MIT\",\x0d\x0a      \"engines\": {\x0d\x0a        \"node\": \">=8\"\x0d\x0a      }\x0d\x0a    },\x0d\x0a    
\"node_modules/is-generator-function\": {\x0d\x0a      \"version\": \"1.1.0\",\x0d\x0a      \"dev\": true,\x0d\x0a     
 \"license\": \"MIT\",\x0d\x0a      \"dependencies\": {\x0d\x0a        \"call-bound\": \"^1.0.3\",\x0d\x0a        
\"get-proto\": \"^1.0.0\",\x0d\x0a        \"has-tostringtag\": \"^1.0.2\",\x0d\x0a        \"safe-regex-test\": 
\"^1.1.0\"\x0d\x0a      },\x0d\x0a      \"engines\": {\x0d\x0a        \"node\": \">= 0.4\"\x0d\x0a      },\x0d\x0a     
 \"funding\": {\x0d\x0a        \"url\": \"https://github.com/sponsors/ljharb\"\x0d\x0a      }\x0d\x0a    },\x0d\x0a    
\"node_modules/is-glob\": {\x0d\x0a      \"version\": \"4.0.3\",\x0d\x0a      \"dev\": true,\x0d\x0a      \"license\": 
\"MIT\",\x0d\x0a      \"dependencies\": {\x0d\x0a        \"is-extglob\": \"^2.1.1\"\x0d\x0a      },\x0d\x0a      
\"engines\": {\x0d\x0a        \"node\": \">=0.10.0\"\x0d\x0a      }\x0d\x0a    },\x0d\x0a    
\"node_modules/is-hexadecimal\": {\x0d\x0a      \"version\": \"2.0.1\",\x0d\x0a      \"license\": \"MIT\",\x0d\x0a     
 \"funding\": {\x0d\x0a        \"type\": \"github\",\x0d\x0a        \"url\": 
\"https://github.com/sponsors/wooorm\"\x0d\x0a      }\x0d\x0a    },\x0d\x0a    \"node_modules/is-map\": {\x0d\x0a      
\"version\": \"2.0.3\",\x0d\x0a      \"dev\": true,\x0d\x0a      \"license\": \"MIT\",\x0d\x0a      \"engines\": 
{\x0d\x0a        \"node\": \">= 0.4\"\x0d\x0a      },\x0d\x0a      \"funding\": {\x0d\x0a        \"url\": 
\"https://github.com/sponsors/ljharb\"\x0d\x0a      }\x0d\x0a    },\x0d\x0a    \"node_modules/is-negative-zero\": 
{\x0d\x0a      \"version\": \"2.0.3\",\x0d\x0a      \"dev\": true,\x0d\x0a      \"license\": \"MIT\",\x0d\x0a      
\"engines\": {\x0d\x0a        \"node\": \">= 0.4\"\x0d\x0a      },\x0d\x0a      \"funding\": {\x0d\x0a        \"url\": 
\"https://github.com/sponsors/ljharb\"\x0d\x0a      }\x0d\x0a    },\x0d\x0a    \"node_modules/is-number\": {\x0d\x0a   
   \"version\": \"7.0.0\",\x0d\x0a      \"dev\": true,\x0d\x0a      \"license\": \"MIT\",\x0d\x0a      \"engines\": 
{\x0d\x0a        \"node\": \">=0.12.0\"\x0d\x0a      }\x0d\x0a    },\x0d\x0a    \"node_modules/is-number-object\": 
{\x0d\x0a      \"version\": \"1.1.1\",\x0d\x0a      \"dev\": true,\x0d\x0a      \"license\": \"MIT\",\x0d\x0a      
\"dependencies\": {\x0d\x0a        \"call-bound\": \"^1.0.3\",\x0d\x0a        \"has-tostringtag\": \"^1.0.2\"\x0d\x0a  
    },\x0d\x0a      \"engines\": {\x0d\x0a        \"node\": \">= 0.4\"\x0d\x0a      },\x0d\x0a      \"funding\": 
{\x0d\x0a        \"url\": \"https://github.com/sponsors/ljharb\"\x0d\x0a      }\x0d\x0a    },\x0d\x0a    
\"node_modules/is-plain-obj\": {\x0d\x0a      \"version\": \"4.1.0\",\x0d\x0a      \"license\": \"MIT\",\x0d\x0a      
\"engines\": {\x0d\x0a        \"node\": \">=12\"\x0d\x0a      },\x0d\x0a      \"funding\": {\x0d\x0a        \"url\": 
\"https://github.com/sponsors/sindresorhus\"\x0d\x0a      }\x0d\x0a    },\x0d\x0a    \"node_modules/is-regex\": 
{\x0d\x0a      \"version\": \"1.2.1\",\x0d\x0a      \"dev\": true,\x0d\x0a      \"license\": \"MIT\",\x0d\x0a      
\"dependencies\": {\x0d\x0a        \"call-bound\": \"^1.0.2\",\x0d\x0a        \"gopd\": \"^1.2.0\",\x0d\x0a        
\"has-tostringtag\": \"^1.0.2\",\x0d\x0a        \"hasown\": \"^2.0.2\"\x0d\x0a      },\x0d\x0a      \"engines\": 
{\x0d\x0a        \"node\": \">= 0.4\"\x0d\x0a      },\x0d\x0a      \"funding\": {\x0d\x0a        \"url\": 
\"https://github.com/sponsors/ljharb\"\x0d\x0a      }\x0d\x0a    },\x0d\x0a    \"node_modules/is-set\": {\x0d\x0a      
\"version\": \"2.0.3\",\x0d\x0a      \"dev\": true,\x0d\x0a      \"license\": \"MIT\",\x0d\x0a      \"engines\": 
{\x0d\x0a        \"node\": \">= 0.4\"\x0d\x0a      },\x0d\x0a      \"funding\": {\x0d\x0a        \"url\": 
\"https://github.com/sponsors/ljharb\"\x0d\x0a      }\x0d\x0a    },\x0d\x0a    
\"node_modules/is-shared-array-buffer\": {\x0d\x0a      \"version\": \"1.0.4\",\x0d\x0a      \"dev\": true,\x0d\x0a    
  \"license\": \"MIT\",\x0d\x0a      \"dependencies\": {\x0d\x0a        \"call-bound\": \"^1.0.3\"\x0d\x0a      
},\x0d\x0a      \"engines\": {\x0d\x0a        \"node\": \">= 0.4\"\x0d\x0a      },\x0d\x0a      \"funding\": {\x0d\x0a 
       \"url\": \"https://github.com/sponsors/ljharb\"\x0d\x0a      }\x0d\x0a    },\x0d\x0a    
\"node_modules/is-string\": {\x0d\x0a      \"version\": \"1.1.1\",\x0d\x0a      \"dev\": true,\x0d\x0a      
\"license\": \"MIT\",\x0d\x0a      \"dependencies\": {\x0d\x0a        \"call-bound\": \"^1.0.3\",\x0d\x0a        
\"has-tostringtag\": \"^1.0.2\"\x0d\x0a      },\x0d\x0a      \"engines\": {\x0d\x0a        \"node\": \">= 
0.4\"\x0d\x0a      },\x0d\x0a      \"funding\": {\x0d\x0a        \"url\": 
\"https://github.com/sponsors/ljharb\"\x0d\x0a      }\x0d\x0a    },\x0d\x0a    \"node_modules/is-symbol\": {\x0d\x0a   
   \"version\": \"1.1.1\",\x0d\x0a      \"dev\": true,\x0d\x0a      \"license\": \"MIT\",\x0d\x0a      
\"dependencies\": {\x0d\x0a        \"call-bound\": \"^1.0.2\",\x0d\x0a        \"has-symbols\": \"^1.1.0\",\x0d\x0a     
   \"safe-regex-test\": \"^1.1.0\"\x0d\x0a      },\x0d\x0a      \"engines\": {\x0d\x0a        \"node\": \">= 
0.4\"\x0d\x0a      },\x0d\x0a      \"funding\": {\x0d\x0a        \"url\": 
\"https://github.com/sponsors/ljharb\"\x0d\x0a      }\x0d\x0a    },\x0d\x0a    \"node_modules/is-typed-array\": 
{\x0d\x0a      \"version\": \"1.1.15\",\x0d\x0a      \"dev\": true,\x0d\x0a      \"license\": \"MIT\",\x0d\x0a      
\"dependencies\": {\x0d\x0a        \"which-typed-array\": \"^1.1.16\"\x0d\x0a      },\x0d\x0a      \"engines\": 
{\x0d\x0a        \"node\": \">= 0.4\"\x0d\x0a      },\x0d\x0a      \"funding\": {\x0d\x0a        \"url\": 
\"https://github.com/sponsors/ljharb\"\x0d\x0a      }\x0d\x0a    },\x0d\x0a    \"node_modules/is-weakmap\": {\x0d\x0a  
    \"version\": \"2.0.2\",\x0d\x0a      \"dev\": true,\x0d\x0a      \"license\": \"MIT\",\x0d\x0a      \"engines\": 
{\x0d\x0a        \"node\": \">= 0.4\"\x0d\x0a      },\x0d\x0a      \"funding\": {\x0d\x0a        \"url\": 
\"https://github.com/sponsors/ljharb\"\x0d\x0a      }\x0d\x0a    },\x0d\x0a    \"node_modules/is-weakref\": {\x0d\x0a  
    \"version\": \"1.1.1\",\x0d\x0a      \"dev\": true,\x0d\x0a      \"license\": \"MIT\",\x0d\x0a      
\"dependencies\": {\x0d\x0a        \"call-bound\": \"^1.0.3\"\x0d\x0a      },\x0d\x0a      \"engines\": {\x0d\x0a      
  \"node\": \">= 0.4\"\x0d\x0a      },\x0d\x0a      \"funding\": {\x0d\x0a        \"url\": 
\"https://github.com/sponsors/ljharb\"\x0d\x0a      }\x0d\x0a    },\x0d\x0a    \"node_modules/is-weakset\": {\x0d\x0a  
    \"version\": \"2.0.4\",\x0d\x0a      \"dev\": true,\x0d\x0a      \"license\": \"MIT\",\x0d\x0a      
\"dependencies\": {\x0d\x0a        \"call-bound\": \"^1.0.3\",\x0d\x0a        \"get-intrinsic\": \"^1.2.6\"\x0d\x0a    
  },\x0d\x0a      \"engines\": {\x0d\x0a        \"node\": \">= 0.4\"\x0d\x0a      },\x0d\x0a      \"funding\": 
{\x0d\x0a        \"url\": \"https://github.com/sponsors/ljharb\"\x0d\x0a      }\x0d\x0a    },\x0d\x0a    
\"node_modules/isarray\": {\x0d\x0a      \"version\": \"2.0.5\",\x0d\x0a      \"dev\": true,\x0d\x0a      \"license\": 
\"MIT\"\x0d\x0a    },\x0d\x0a    \"node_modules/isexe\": {\x0d\x0a      \"version\": \"2.0.0\",\x0d\x0a      \"dev\": 
true,\x0d\x0a      \"license\": \"ISC\"\x0d\x0a    },\x0d\x0a    \"node_modules/iterator.prototype\": {\x0d\x0a      
\"version\": \"1.1.5\",\x0d\x0a      \"dev\": true,\x0d\x0a      \"license\": \"MIT\",\x0d\x0a      \"dependencies\": 
{\x0d\x0a        \"define-data-property\": \"^1.1.4\",\x0d\x0a        \"es-object-atoms\": \"^1.0.0\",\x0d\x0a        
\"get-intrinsic\": \"^1.2.6\",\x0d\x0a        \"get-proto\": \"^1.0.0\",\x0d\x0a        \"has-symbols\": 
\"^1.1.0\",\x0d\x0a        \"set-function-name\": \"^2.0.2\"\x0d\x0a      },\x0d\x0a      \"engines\": {\x0d\x0a       
 \"node\": \">= 0.4\"\x0d\x0a      }\x0d\x0a    },\x0d\x0a    \"node_modules/jackspeak\": {\x0d\x0a      \"version\": 
\"3.4.3\",\x0d\x0a      \"dev\": true,\x0d\x0a      \"license\": \"BlueOak-1.0.0\",\x0d\x0a      \"dependencies\": 
{\x0d\x0a        \"@isaacs/cliui\": \"^8.0.2\"\x0d\x0a      },\x0d\x0a      \"funding\": {\x0d\x0a        \"url\": 
\"https://github.com/sponsors/isaacs\"\x0d\x0a      },\x0d\x0a      \"optionalDependencies\": {\x0d\x0a        
\"@pkgjs/parseargs\": \"^0.11.0\"\x0d\x0a      }\x0d\x0a    },\x0d\x0a    \"node_modules/jiti\": {\x0d\x0a      
\"version\": \"1.21.7\",\x0d\x0a      \"dev\": true,\x0d\x0a      \"license\": \"MIT\",\x0d\x0a      \"peer\": 
true,\x0d\x0a      \"bin\": {\x0d\x0a        \"jiti\": \"bin/jiti.js\"\x0d\x0a      }\x0d\x0a    },\x0d\x0a    
\"node_modules/js-tiktoken\": {\x0d\x0a      \"version\": \"1.0.20\",\x0d\x0a      \"license\": \"MIT\",\x0d\x0a      
\"dependencies\": {\x0d\x0a        \"base64-js\": \"^1.5.1\"\x0d\x0a      }\x0d\x0a    },\x0d\x0a    
\"node_modules/js-tokens\": {\x0d\x0a      \"version\": \"4.0.0\",\x0d\x0a      \"license\": \"MIT\"\x0d\x0a    
},\x0d\x0a    \"node_modules/js-yaml\": {\x0d\x0a      \"version\": \"4.1.1\",\x0d\x0a      \"resolved\": 
\"https://registry.npmjs.org/js-yaml/-/js-yaml-4.1.1.tgz\",\x0d\x0a      \"integrity\": 
\"sha512-qQKT4zQxXl8lLwBtHMWwaTcGfFOZviOJet3Oy/xmGk2gZH677CJM9EvtfdSkgWcATZhj/55JZ0rmy3myCT5lsA==\",\x0d\x0a      
\"dev\": true,\x0d\x0a      \"license\": \"MIT\",\x0d\x0a      \"dependencies\": {\x0d\x0a        \"argparse\": 
\"^2.0.1\"\x0d\x0a      },\x0d\x0a      \"bin\": {\x0d\x0a        \"js-yaml\": \"bin/js-yaml.js\"\x0d\x0a      
}\x0d\x0a    },\x0d\x0a    \"node_modules/jsesc\": {\x0d\x0a      \"version\": \"3.1.0\",\x0d\x0a      \"license\": 
\"MIT\",\x0d\x0a      \"bin\": {\x0d\x0a        \"jsesc\": \"bin/jsesc\"\x0d\x0a      },\x0d\x0a      \"engines\": 
{\x0d\x0a        \"node\": \">=6\"\x0d\x0a      }\x0d\x0a    },\x0d\x0a    \"node_modules/json-buffer\": {\x0d\x0a     
 \"version\": \"3.0.1\",\x0d\x0a      \"dev\": true,\x0d\x0a      \"license\": \"MIT\"\x0d\x0a    },\x0d\x0a    
\"node_modules/json-parse-even-better-errors\": {\x0d\x0a      \"version\": \"2.3.1\",\x0d\x0a      \"license\": 
\"MIT\"\x0d\x0a    },\x0d\x0a    \"node_modules/json-schema-traverse\": {\x0d\x0a      \"version\": \"0.4.1\",\x0d\x0a 
     \"dev\": true,\x0d\x0a      \"license\": \"MIT\"\x0d\x0a    },\x0d\x0a    
\"node_modules/json-stable-stringify-without-jsonify\": {\x0d\x0a      \"version\": \"1.0.1\",\x0d\x0a      \"dev\": 
true,\x0d\x0a      \"license\": \"MIT\"\x0d\x0a    },\x0d\x0a    \"node_modules/json5\": {\x0d\x0a      \"version\": 
\"1.0.2\",\x0d\x0a      \"dev\": true,\x0d\x0a      \"license\": \"MIT\",\x0d\x0a      \"dependencies\": {\x0d\x0a     
   \"minimist\": \"^1.2.0\"\x0d\x0a      },\x0d\x0a      \"bin\": {\x0d\x0a        \"json5\": \"lib/cli.js\"\x0d\x0a   
   }\x0d\x0a    },\x0d\x0a    \"node_modules/jsx-ast-utils\": {\x0d\x0a      \"version\": \"3.3.5\",\x0d\x0a      
\"dev\": true,\x0d\x0a      \"license\": \"MIT\",\x0d\x0a      \"dependencies\": {\x0d\x0a        \"array-includes\": 
\"^3.1.6\",\x0d\x0a        \"array.prototype.flat\": \"^1.3.1\",\x0d\x0a        \"object.assign\": \"^4.1.4\",\x0d\x0a 
       \"object.values\": \"^1.1.6\"\x0d\x0a      },\x0d\x0a      \"engines\": {\x0d\x0a        \"node\": 
\">=4.0\"\x0d\x0a      }\x0d\x0a    },\x0d\x0a    \"node_modules/keyv\": {\x0d\x0a      \"version\": 
\"4.5.4\",\x0d\x0a      \"dev\": true,\x0d\x0a      \"license\": \"MIT\",\x0d\x0a      \"dependencies\": {\x0d\x0a     
   \"json-buffer\": \"3.0.1\"\x0d\x0a      }\x0d\x0a    },\x0d\x0a    \"node_modules/langfuse\": {\x0d\x0a      
\"version\": \"3.38.6\",\x0d\x0a      \"resolved\": 
\"https://registry.npmjs.org/langfuse/-/langfuse-3.38.6.tgz\",\x0d\x0a      \"integrity\": 
\"sha512-mtwfsNGIYvObRh+NYNGlJQJDiBN+Wr3Hnr++wN25mxuOpSTdXX+JQqVCyAqGL5GD2TAXRZ7COsN42Vmp9krYmg==\",\x0d\x0a      
\"license\": \"MIT\",\x0d\x0a      \"dependencies\": {\x0d\x0a        \"langfuse-core\": \"^3.38.6\"\x0d\x0a      
},\x0d\x0a      \"engines\": {\x0d\x0a        \"node\": \">=18\"\x0d\x0a      }\x0d\x0a    },\x0d\x0a    
\"node_modules/langfuse-core\": {\x0d\x0a      \"version\": \"3.38.6\",\x0d\x0a      \"resolved\": 
\"https://registry.npmjs.org/langfuse-core/-/langfuse-core-3.38.6.tgz\",\x0d\x0a      \"integrity\": 
\"sha512-EcZXa+DK9FJdi1I30+u19eKjuBJ04du6j2Nybk19KKCuraLczg/ppkTQcGvc4QOk//OAi3qUHrajUuV74RXsBQ==\",\x0d\x0a      
\"license\": \"MIT\",\x0d\x0a      \"dependencies\": {\x0d\x0a        \"mustache\": \"^4.2.0\"\x0d\x0a      },\x0d\x0a 
     \"engines\": {\x0d\x0a        \"node\": \">=18\"\x0d\x0a      }\x0d\x0a    },\x0d\x0a    
\"node_modules/langsmith\": {\x0d\x0a      \"version\": \"0.3.79\",\x0d\x0a      \"resolved\": 
\"https://registry.npmjs.org/langsmith/-/langsmith-0.3.79.tgz\",\x0d\x0a      \"integrity\": 
\"sha512-j5uiAsyy90zxlxaMuGjb7EdcL51Yx61SpKfDOI1nMPBbemGju+lf47he4e59Hp5K63CY8XWgFP42WeZ+zuIU4Q==\",\x0d\x0a      
\"license\": \"MIT\",\x0d\x0a      \"dependencies\": {\x0d\x0a        \"@types/uuid\": \"^10.0.0\",\x0d\x0a        
\"chalk\": \"^4.1.2\",\x0d\x0a        \"console-table-printer\": \"^2.12.1\",\x0d\x0a        \"p-queue\": 
\"^6.6.2\",\x0d\x0a        \"p-retry\": \"4\",\x0d\x0a        \"semver\": \"^7.6.3\",\x0d\x0a        \"uuid\": 
\"^10.0.0\"\x0d\x0a      },\x0d\x0a      \"peerDependencies\": {\x0d\x0a        \"@opentelemetry/api\": \"*\",\x0d\x0a 
       \"@opentelemetry/exporter-trace-otlp-proto\": \"*\",\x0d\x0a        \"@opentelemetry/sdk-trace-base\": 
\"*\",\x0d\x0a        \"openai\": \"*\"\x0d\x0a      },\x0d\x0a      \"peerDependenciesMeta\": {\x0d\x0a        
\"@opentelemetry/api\": {\x0d\x0a          \"optional\": true\x0d\x0a        },\x0d\x0a        
\"@opentelemetry/exporter-trace-otlp-proto\": {\x0d\x0a          \"optional\": true\x0d\x0a        },\x0d\x0a        
\"@opentelemetry/sdk-trace-base\": {\x0d\x0a          \"optional\": true\x0d\x0a        },\x0d\x0a        \"openai\": 
{\x0d\x0a          \"optional\": true\x0d\x0a        }\x0d\x0a      }\x0d\x0a    },\x0d\x0a    
\"node_modules/langsmith/node_modules/uuid\": {\x0d\x0a      \"version\": \"10.0.0\",\x0d\x0a      \"funding\": 
[\x0d\x0a        \"https://github.com/sponsors/broofa\",\x0d\x0a        \"https://github.com/sponsors/ctavan\"\x0d\x0a 
     ],\x0d\x0a      \"license\": \"MIT\",\x0d\x0a      \"bin\": {\x0d\x0a        \"uuid\": \"dist/bin/uuid\"\x0d\x0a  
    }\x0d\x0a    },\x0d\x0a    \"node_modules/language-subtag-registry\": {\x0d\x0a      \"version\": 
\"0.3.23\",\x0d\x0a      \"dev\": true,\x0d\x0a      \"license\": \"CC0-1.0\"\x0d\x0a    },\x0d\x0a    
\"node_modules/language-tags\": {\x0d\x0a      \"version\": \"1.0.9\",\x0d\x0a      \"dev\": true,\x0d\x0a      
\"license\": \"MIT\",\x0d\x0a      \"dependencies\": {\x0d\x0a        \"language-subtag-registry\": 
\"^0.3.20\"\x0d\x0a      },\x0d\x0a      \"engines\": {\x0d\x0a        \"node\": \">=0.10\"\x0d\x0a      }\x0d\x0a    
},\x0d\x0a    \"node_modules/leac\": {\x0d\x0a      \"version\": \"0.6.0\",\x0d\x0a      \"license\": \"MIT\",\x0d\x0a 
     \"funding\": {\x0d\x0a        \"url\": \"https://ko-fi.com/killymxi\"\x0d\x0a      }\x0d\x0a    },\x0d\x0a    
\"node_modules/levn\": {\x0d\x0a      \"version\": \"0.4.1\",\x0d\x0a      \"dev\": true,\x0d\x0a      \"license\": 
\"MIT\",\x0d\x0a      \"dependencies\": {\x0d\x0a        \"prelude-ls\": \"^1.2.1\",\x0d\x0a        \"type-check\": 
\"~0.4.0\"\x0d\x0a      },\x0d\x0a      \"engines\": {\x0d\x0a        \"node\": \">= 0.8.0\"\x0d\x0a      }\x0d\x0a    
},\x0d\x0a    \"node_modules/lilconfig\": {\x0d\x0a      \"version\": \"3.1.3\",\x0d\x0a      \"dev\": true,\x0d\x0a   
   \"license\": \"MIT\",\x0d\x0a      \"engines\": {\x0d\x0a        \"node\": \">=14\"\x0d\x0a      },\x0d\x0a      
\"funding\": {\x0d\x0a        \"url\": \"https://github.com/sponsors/antonk52\"\x0d\x0a      }\x0d\x0a    },\x0d\x0a   
 \"node_modules/lines-and-columns\": {\x0d\x0a      \"version\": \"1.2.4\",\x0d\x0a      \"license\": \"MIT\"\x0d\x0a  
  },\x0d\x0a    \"node_modules/locate-path\": {\x0d\x0a      \"version\": \"6.0.0\",\x0d\x0a      \"dev\": 
true,\x0d\x0a      \"license\": \"MIT\",\x0d\x0a      \"dependencies\": {\x0d\x0a        \"p-locate\": 
\"^5.0.0\"\x0d\x0a      },\x0d\x0a      \"engines\": {\x0d\x0a        \"node\": \">=10\"\x0d\x0a      },\x0d\x0a      
\"funding\": {\x0d\x0a        \"url\": \"https://github.com/sponsors/sindresorhus\"\x0d\x0a      }\x0d\x0a    
},\x0d\x0a    \"node_modules/lodash.camelcase\": {\x0d\x0a      \"version\": \"4.3.0\",\x0d\x0a      \"license\": 
\"MIT\"\x0d\x0a    },\x0d\x0a    \"node_modules/lodash.merge\": {\x0d\x0a      \"version\": \"4.6.2\",\x0d\x0a      
\"dev\": true,\x0d\x0a      \"license\": \"MIT\"\x0d\x0a    },\x0d\x0a    \"node_modules/long\": {\x0d\x0a      
\"version\": \"5.3.2\",\x0d\x0a      \"license\": \"Apache-2.0\"\x0d\x0a    },\x0d\x0a    
\"node_modules/longest-streak\": {\x0d\x0a      \"version\": \"3.1.0\",\x0d\x0a      \"license\": \"MIT\",\x0d\x0a     
 \"funding\": {\x0d\x0a        \"type\": \"github\",\x0d\x0a        \"url\": 
\"https://github.com/sponsors/wooorm\"\x0d\x0a      }\x0d\x0a    },\x0d\x0a    \"node_modules/loose-envify\": 
{\x0d\x0a      \"version\": \"1.4.0\",\x0d\x0a      \"license\": \"MIT\",\x0d\x0a      \"dependencies\": {\x0d\x0a     
   \"js-tokens\": \"^3.0.0 || ^4.0.0\"\x0d\x0a      },\x0d\x0a      \"bin\": {\x0d\x0a        \"loose-envify\": 
\"cli.js\"\x0d\x0a      }\x0d\x0a    },\x0d\x0a    \"node_modules/lru-cache\": {\x0d\x0a      \"version\": 
\"10.4.3\",\x0d\x0a      \"dev\": true,\x0d\x0a      \"license\": \"ISC\"\x0d\x0a    },\x0d\x0a    
\"node_modules/lucide-react\": {\x0d\x0a      \"version\": \"0.511.0\",\x0d\x0a      \"license\": \"ISC\",\x0d\x0a     
 \"peerDependencies\": {\x0d\x0a        \"react\": \"^16.5.1 || ^17.0.0 || ^18.0.0 || ^19.0.0\"\x0d\x0a      }\x0d\x0a 
   },\x0d\x0a    \"node_modules/math-intrinsics\": {\x0d\x0a      \"version\": \"1.1.0\",\x0d\x0a      \"license\": 
\"MIT\",\x0d\x0a      \"engines\": {\x0d\x0a        \"node\": \">= 0.4\"\x0d\x0a      }\x0d\x0a    },\x0d\x0a    
\"node_modules/mdast-util-from-markdown\": {\x0d\x0a      \"version\": \"2.0.2\",\x0d\x0a      \"license\": 
\"MIT\",\x0d\x0a      \"dependencies\": {\x0d\x0a        \"@types/mdast\": \"^4.0.0\",\x0d\x0a        
\"@types/unist\": \"^3.0.0\",\x0d\x0a        \"decode-named-character-reference\": \"^1.0.0\",\x0d\x0a        
\"devlop\": \"^1.0.0\",\x0d\x0a        \"mdast-util-to-string\": \"^4.0.0\",\x0d\x0a        \"micromark\": 
\"^4.0.0\",\x0d\x0a        \"micromark-util-decode-numeric-character-reference\": \"^2.0.0\",\x0d\x0a        
\"micromark-util-decode-string\": \"^2.0.0\",\x0d\x0a        \"micromark-util-normalize-identifier\": 
\"^2.0.0\",\x0d\x0a        \"micromark-util-symbol\": \"^2.0.0\",\x0d\x0a        \"micromark-util-types\": 
\"^2.0.0\",\x0d\x0a        \"unist-util-stringify-position\": \"^4.0.0\"\x0d\x0a      },\x0d\x0a      \"funding\": 
{\x0d\x0a        \"type\": \"opencollective\",\x0d\x0a        \"url\": \"https://opencollective.com/unified\"\x0d\x0a  
    }\x0d\x0a    },\x0d\x0a    \"node_modules/mdast-util-mdx-expression\": {\x0d\x0a      \"version\": 
\"2.0.1\",\x0d\x0a      \"license\": \"MIT\",\x0d\x0a      \"dependencies\": {\x0d\x0a        \"@types/estree-jsx\": 
\"^1.0.0\",\x0d\x0a        \"@types/hast\": \"^3.0.0\",\x0d\x0a        \"@types/mdast\": \"^4.0.0\",\x0d\x0a        
\"devlop\": \"^1.0.0\",\x0d\x0a        \"mdast-util-from-markdown\": \"^2.0.0\",\x0d\x0a        
\"mdast-util-to-markdown\": \"^2.0.0\"\x0d\x0a      },\x0d\x0a      \"funding\": {\x0d\x0a        \"type\": 
\"opencollective\",\x0d\x0a        \"url\": \"https://opencollective.com/unified\"\x0d\x0a      }\x0d\x0a    
},\x0d\x0a    \"node_modules/mdast-util-mdx-jsx\": {\x0d\x0a      \"version\": \"3.2.0\",\x0d\x0a      \"license\": 
\"MIT\",\x0d\x0a      \"dependencies\": {\x0d\x0a        \"@types/estree-jsx\": \"^1.0.0\",\x0d\x0a        
\"@types/hast\": \"^3.0.0\",\x0d\x0a        \"@types/mdast\": \"^4.0.0\",\x0d\x0a        \"@types/unist\": 
\"^3.0.0\",\x0d\x0a        \"ccount\": \"^2.0.0\",\x0d\x0a        \"devlop\": \"^1.1.0\",\x0d\x0a        
\"mdast-util-from-markdown\": \"^2.0.0\",\x0d\x0a        \"mdast-util-to-markdown\": \"^2.0.0\",\x0d\x0a        
\"parse-entities\": \"^4.0.0\",\x0d\x0a        \"stringify-entities\": \"^4.0.0\",\x0d\x0a        
\"unist-util-stringify-position\": \"^4.0.0\",\x0d\x0a        \"vfile-message\": \"^4.0.0\"\x0d\x0a      },\x0d\x0a    
  \"funding\": {\x0d\x0a        \"type\": \"opencollective\",\x0d\x0a        \"url\": 
\"https://opencollective.com/unified\"\x0d\x0a      }\x0d\x0a    },\x0d\x0a    \"node_modules/mdast-util-mdxjs-esm\": 
{\x0d\x0a      \"version\": \"2.0.1\",\x0d\x0a      \"license\": \"MIT\",\x0d\x0a      \"dependencies\": {\x0d\x0a     
   \"@types/estree-jsx\": \"^1.0.0\",\x0d\x0a        \"@types/hast\": \"^3.0.0\",\x0d\x0a        \"@types/mdast\": 
\"^4.0.0\",\x0d\x0a        \"devlop\": \"^1.0.0\",\x0d\x0a        \"mdast-util-from-markdown\": \"^2.0.0\",\x0d\x0a    
    \"mdast-util-to-markdown\": \"^2.0.0\"\x0d\x0a      },\x0d\x0a      \"funding\": {\x0d\x0a        \"type\": 
\"opencollective\",\x0d\x0a        \"url\": \"https://opencollective.com/unified\"\x0d\x0a      }\x0d\x0a    
},\x0d\x0a    \"node_modules/mdast-util-phrasing\": {\x0d\x0a      \"version\": \"4.1.0\",\x0d\x0a      \"license\": 
\"MIT\",\x0d\x0a      \"dependencies\": {\x0d\x0a        \"@types/mdast\": \"^4.0.0\",\x0d\x0a        
\"unist-util-is\": \"^6.0.0\"\x0d\x0a      },\x0d\x0a      \"funding\": {\x0d\x0a        \"type\": 
\"opencollective\",\x0d\x0a        \"url\": \"https://opencollective.com/unified\"\x0d\x0a      }\x0d\x0a    
},\x0d\x0a    \"node_modules/mdast-util-to-hast\": {\x0d\x0a      \"version\": \"13.2.1\",\x0d\x0a      \"resolved\": 
\"https://registry.npmjs.org/mdast-util-to-hast/-/mdast-util-to-hast-13.2.1.tgz\",\x0d\x0a      \"integrity\": 
\"sha512-cctsq2wp5vTsLIcaymblUriiTcZd0CwWtCbLvrOzYCDZoWyMNV8sZ7krj09FSnsiJi3WVsHLM4k6Dq/yaPyCXA==\",\x0d\x0a      
\"license\": \"MIT\",\x0d\x0a      \"dependencies\": {\x0d\x0a        \"@types/hast\": \"^3.0.0\",\x0d\x0a        
\"@types/mdast\": \"^4.0.0\",\x0d\x0a        \"@ungap/structured-clone\": \"^1.0.0\",\x0d\x0a        \"devlop\": 
\"^1.0.0\",\x0d\x0a        \"micromark-util-sanitize-uri\": \"^2.0.0\",\x0d\x0a        \"trim-lines\": 
\"^3.0.0\",\x0d\x0a        \"unist-util-position\": \"^5.0.0\",\x0d\x0a        \"unist-util-visit\": 
\"^5.0.0\",\x0d\x0a        \"vfile\": \"^6.0.0\"\x0d\x0a      },\x0d\x0a      \"funding\": {\x0d\x0a        \"type\": 
\"opencollective\",\x0d\x0a        \"url\": \"https://opencollective.com/unified\"\x0d\x0a      }\x0d\x0a    
},\x0d\x0a    \"node_modules/mdast-util-to-markdown\": {\x0d\x0a      \"version\": \"2.1.2\",\x0d\x0a      
\"license\": \"MIT\",\x0d\x0a      \"dependencies\": {\x0d\x0a        \"@types/mdast\": \"^4.0.0\",\x0d\x0a        
\"@types/unist\": \"^3.0.0\",\x0d\x0a        \"longest-streak\": \"^3.0.0\",\x0d\x0a        \"mdast-util-phrasing\": 
\"^4.0.0\",\x0d\x0a        \"mdast-util-to-string\": \"^4.0.0\",\x0d\x0a        \"micromark-util-classify-character\": 
\"^2.0.0\",\x0d\x0a        \"micromark-util-decode-string\": \"^2.0.0\",\x0d\x0a        \"unist-util-visit\": 
\"^5.0.0\",\x0d\x0a        \"zwitch\": \"^2.0.0\"\x0d\x0a      },\x0d\x0a      \"funding\": {\x0d\x0a        \"type\": 
\"opencollective\",\x0d\x0a        \"url\": \"https://opencollective.com/unified\"\x0d\x0a      }\x0d\x0a    
},\x0d\x0a    \"node_modules/mdast-util-to-string\": {\x0d\x0a      \"version\": \"4.0.0\",\x0d\x0a      \"license\": 
\"MIT\",\x0d\x0a      \"dependencies\": {\x0d\x0a        \"@types/mdast\": \"^4.0.0\"\x0d\x0a      },\x0d\x0a      
\"funding\": {\x0d\x0a        \"type\": \"opencollective\",\x0d\x0a        \"url\": 
\"https://opencollective.com/unified\"\x0d\x0a      }\x0d\x0a    },\x0d\x0a    \"node_modules/merge2\": {\x0d\x0a      
\"version\": \"1.4.1\",\x0d\x0a      \"dev\": true,\x0d\x0a      \"license\": \"MIT\",\x0d\x0a      \"engines\": 
{\x0d\x0a        \"node\": \">= 8\"\x0d\x0a      }\x0d\x0a    },\x0d\x0a    \"node_modules/micromark\": {\x0d\x0a      
\"version\": \"4.0.2\",\x0d\x0a      \"funding\": [\x0d\x0a        {\x0d\x0a          \"type\": \"GitHub 
Sponsors\",\x0d\x0a          \"url\": \"https://github.com/sponsors/unifiedjs\"\x0d\x0a        },\x0d\x0a        
{\x0d\x0a          \"type\": \"OpenCollective\",\x0d\x0a          \"url\": 
\"https://opencollective.com/unified\"\x0d\x0a        }\x0d\x0a      ],\x0d\x0a      \"license\": \"MIT\",\x0d\x0a     
 \"dependencies\": {\x0d\x0a        \"@types/debug\": \"^4.0.0\",\x0d\x0a        \"debug\": \"^4.0.0\",\x0d\x0a        
\"decode-named-character-reference\": \"^1.0.0\",\x0d\x0a        \"devlop\": \"^1.0.0\",\x0d\x0a        
\"micromark-core-commonmark\": \"^2.0.0\",\x0d\x0a        \"micromark-factory-space\": \"^2.0.0\",\x0d\x0a        
\"micromark-util-character\": \"^2.0.0\",\x0d\x0a        \"micromark-util-chunked\": \"^2.0.0\",\x0d\x0a        
\"micromark-util-combine-extensions\": \"^2.0.0\",\x0d\x0a        
\"micromark-util-decode-numeric-character-reference\": \"^2.0.0\",\x0d\x0a        \"micromark-util-encode\": 
\"^2.0.0\",\x0d\x0a        \"micromark-util-normalize-identifier\": \"^2.0.0\",\x0d\x0a        
\"micromark-util-resolve-all\": \"^2.0.0\",\x0d\x0a        \"micromark-util-sanitize-uri\": \"^2.0.0\",\x0d\x0a        
\"micromark-util-subtokenize\": \"^2.0.0\",\x0d\x0a        \"micromark-util-symbol\": \"^2.0.0\",\x0d\x0a        
\"micromark-util-types\": \"^2.0.0\"\x0d\x0a      }\x0d\x0a    },\x0d\x0a    
\"node_modules/micromark-core-commonmark\": {\x0d\x0a      \"version\": \"2.0.3\",\x0d\x0a      \"funding\": [\x0d\x0a 
       {\x0d\x0a          \"type\": \"GitHub Sponsors\",\x0d\x0a          \"url\": 
\"https://github.com/sponsors/unifiedjs\"\x0d\x0a        },\x0d\x0a        {\x0d\x0a          \"type\": 
\"OpenCollective\",\x0d\x0a          \"url\": \"https://opencollective.com/unified\"\x0d\x0a        }\x0d\x0a      
],\x0d\x0a      \"license\": \"MIT\",\x0d\x0a      \"dependencies\": {\x0d\x0a        
\"decode-named-character-reference\": \"^1.0.0\",\x0d\x0a        \"devlop\": \"^1.0.0\",\x0d\x0a        
\"micromark-factory-destination\": \"^2.0.0\",\x0d\x0a        \"micromark-factory-label\": \"^2.0.0\",\x0d\x0a        
\"micromark-factory-space\": \"^2.0.0\",\x0d\x0a        \"micromark-factory-title\": \"^2.0.0\",\x0d\x0a        
\"micromark-factory-whitespace\": \"^2.0.0\",\x0d\x0a        \"micromark-util-character\": \"^2.0.0\",\x0d\x0a        
\"micromark-util-chunked\": \"^2.0.0\",\x0d\x0a        \"micromark-util-classify-character\": \"^2.0.0\",\x0d\x0a      
  \"micromark-util-html-tag-name\": \"^2.0.0\",\x0d\x0a        \"micromark-util-normalize-identifier\": 
\"^2.0.0\",\x0d\x0a        \"micromark-util-resolve-all\": \"^2.0.0\",\x0d\x0a        \"micromark-util-subtokenize\": 
\"^2.0.0\",\x0d\x0a        \"micromark-util-symbol\": \"^2.0.0\",\x0d\x0a        \"micromark-util-types\": 
\"^2.0.0\"\x0d\x0a      }\x0d\x0a    },\x0d\x0a    \"node_modules/micromark-factory-destination\": {\x0d\x0a      
\"version\": \"2.0.1\",\x0d\x0a      \"funding\": [\x0d\x0a        {\x0d\x0a          \"type\": \"GitHub 
Sponsors\",\x0d\x0a          \"url\": \"https://github.com/sponsors/unifiedjs\"\x0d\x0a        },\x0d\x0a        
{\x0d\x0a          \"type\": \"OpenCollective\",\x0d\x0a          \"url\": 
\"https://opencollective.com/unified\"\x0d\x0a        }\x0d\x0a      ],\x0d\x0a      \"license\": \"MIT\",\x0d\x0a     
 \"dependencies\": {\x0d\x0a        \"micromark-util-character\": \"^2.0.0\",\x0d\x0a        
\"micromark-util-symbol\": \"^2.0.0\",\x0d\x0a        \"micromark-util-types\": \"^2.0.0\"\x0d\x0a      }\x0d\x0a    
},\x0d\x0a    \"node_modules/micromark-factory-label\": {\x0d\x0a      \"version\": \"2.0.1\",\x0d\x0a      
\"funding\": [\x0d\x0a        {\x0d\x0a          \"type\": \"GitHub Sponsors\",\x0d\x0a          \"url\": 
\"https://github.com/sponsors/unifiedjs\"\x0d\x0a        },\x0d\x0a        {\x0d\x0a          \"type\": 
\"OpenCollective\",\x0d\x0a          \"url\": \"https://opencollective.com/unified\"\x0d\x0a        }\x0d\x0a      
],\x0d\x0a      \"license\": \"MIT\",\x0d\x0a      \"dependencies\": {\x0d\x0a        \"devlop\": \"^1.0.0\",\x0d\x0a  
      \"micromark-util-character\": \"^2.0.0\",\x0d\x0a        \"micromark-util-symbol\": \"^2.0.0\",\x0d\x0a        
\"micromark-util-types\": \"^2.0.0\"\x0d\x0a      }\x0d\x0a    },\x0d\x0a    \"node_modules/micromark-factory-space\": 
{\x0d\x0a      \"version\": \"2.0.1\",\x0d\x0a      \"funding\": [\x0d\x0a        {\x0d\x0a          \"type\": 
\"GitHub Sponsors\",\x0d\x0a          \"url\": \"https://github.com/sponsors/unifiedjs\"\x0d\x0a        },\x0d\x0a     
   {\x0d\x0a          \"type\": \"OpenCollective\",\x0d\x0a          \"url\": 
\"https://opencollective.com/unified\"\x0d\x0a        }\x0d\x0a      ],\x0d\x0a      \"license\": \"MIT\",\x0d\x0a     
 \"dependencies\": {\x0d\x0a        \"micromark-util-character\": \"^2.0.0\",\x0d\x0a        \"micromark-util-types\": 
\"^2.0.0\"\x0d\x0a      }\x0d\x0a    },\x0d\x0a    \"node_modules/micromark-factory-title\": {\x0d\x0a      
\"version\": \"2.0.1\",\x0d\x0a      \"funding\": [\x0d\x0a        {\x0d\x0a          \"type\": \"GitHub 
Sponsors\",\x0d\x0a          \"url\": \"https://github.com/sponsors/unifiedjs\"\x0d\x0a        },\x0d\x0a        
{\x0d\x0a          \"type\": \"OpenCollective\",\x0d\x0a          \"url\": 
\"https://opencollective.com/unified\"\x0d\x0a        }\x0d\x0a      ],\x0d\x0a      \"license\": \"MIT\",\x0d\x0a     
 \"dependencies\": {\x0d\x0a        \"micromark-factory-space\": \"^2.0.0\",\x0d\x0a        
\"micromark-util-character\": \"^2.0.0\",\x0d\x0a        \"micromark-util-symbol\": \"^2.0.0\",\x0d\x0a        
\"micromark-util-types\": \"^2.0.0\"\x0d\x0a      }\x0d\x0a    },\x0d\x0a    
\"node_modules/micromark-factory-whitespace\": {\x0d\x0a      \"version\": \"2.0.1\",\x0d\x0a      \"funding\": 
[\x0d\x0a        {\x0d\x0a          \"type\": \"GitHub Sponsors\",\x0d\x0a          \"url\": 
\"https://github.com/sponsors/unifiedjs\"\x0d\x0a        },\x0d\x0a        {\x0d\x0a          \"type\": 
\"OpenCollective\",\x0d\x0a          \"url\": \"https://opencollective.com/unified\"\x0d\x0a        }\x0d\x0a      
],\x0d\x0a      \"license\": \"MIT\",\x0d\x0a      \"dependencies\": {\x0d\x0a        \"micromark-factory-space\": 
\"^2.0.0\",\x0d\x0a        \"micromark-util-character\": \"^2.0.0\",\x0d\x0a        \"micromark-util-symbol\": 
\"^2.0.0\",\x0d\x0a        \"micromark-util-types\": \"^2.0.0\"\x0d\x0a      }\x0d\x0a    },\x0d\x0a    
\"node_modules/micromark-util-character\": {\x0d\x0a      \"version\": \"2.1.1\",\x0d\x0a      \"funding\": [\x0d\x0a  
      {\x0d\x0a          \"type\": \"GitHub Sponsors\",\x0d\x0a          \"url\": 
\"https://github.com/sponsors/unifiedjs\"\x0d\x0a        },\x0d\x0a        {\x0d\x0a          \"type\": 
\"OpenCollective\",\x0d\x0a          \"url\": \"https://opencollective.com/unified\"\x0d\x0a        }\x0d\x0a      
],\x0d\x0a      \"license\": \"MIT\",\x0d\x0a      \"dependencies\": {\x0d\x0a        \"micromark-util-symbol\": 
\"^2.0.0\",\x0d\x0a        \"micromark-util-types\": \"^2.0.0\"\x0d\x0a      }\x0d\x0a    },\x0d\x0a    
\"node_modules/micromark-util-chunked\": {\x0d\x0a      \"version\": \"2.0.1\",\x0d\x0a      \"funding\": [\x0d\x0a    
    {\x0d\x0a          \"type\": \"GitHub Sponsors\",\x0d\x0a          \"url\": 
\"https://github.com/sponsors/unifiedjs\"\x0d\x0a        },\x0d\x0a        {\x0d\x0a          \"type\": 
\"OpenCollective\",\x0d\x0a          \"url\": \"https://opencollective.com/unified\"\x0d\x0a        }\x0d\x0a      
],\x0d\x0a      \"license\": \"MIT\",\x0d\x0a      \"dependencies\": {\x0d\x0a        \"micromark-util-symbol\": 
\"^2.0.0\"\x0d\x0a      }\x0d\x0a    },\x0d\x0a    \"node_modules/micromark-util-classify-character\": {\x0d\x0a      
\"version\": \"2.0.1\",\x0d\x0a      \"funding\": [\x0d\x0a        {\x0d\x0a          \"type\": \"GitHub 
Sponsors\",\x0d\x0a          \"url\": \"https://github.com/sponsors/unifiedjs\"\x0d\x0a        },\x0d\x0a        
{\x0d\x0a          \"type\": \"OpenCollective\",\x0d\x0a          \"url\": 
\"https://opencollective.com/unified\"\x0d\x0a        }\x0d\x0a      ],\x0d\x0a      \"license\": \"MIT\",\x0d\x0a     
 \"dependencies\": {\x0d\x0a        \"micromark-util-character\": \"^2.0.0\",\x0d\x0a        
\"micromark-util-symbol\": \"^2.0.0\",\x0d\x0a        \"micromark-util-types\": \"^2.0.0\"\x0d\x0a      }\x0d\x0a    
},\x0d\x0a    \"node_modules/micromark-util-combine-extensions\": {\x0d\x0a      \"version\": \"2.0.1\",\x0d\x0a      
\"funding\": [\x0d\x0a        {\x0d\x0a          \"type\": \"GitHub Sponsors\",\x0d\x0a          \"url\": 
\"https://github.com/sponsors/unifiedjs\"\x0d\x0a        },\x0d\x0a        {\x0d\x0a          \"type\": 
\"OpenCollective\",\x0d\x0a          \"url\": \"https://opencollective.com/unified\"\x0d\x0a        }\x0d\x0a      
],\x0d\x0a      \"license\": \"MIT\",\x0d\x0a      \"dependencies\": {\x0d\x0a        \"micromark-util-chunked\": 
\"^2.0.0\",\x0d\x0a        \"micromark-util-types\": \"^2.0.0\"\x0d\x0a      }\x0d\x0a    },\x0d\x0a    
\"node_modules/micromark-util-decode-numeric-character-reference\": {\x0d\x0a      \"version\": \"2.0.2\",\x0d\x0a     
 \"funding\": [\x0d\x0a        {\x0d\x0a          \"type\": \"GitHub Sponsors\",\x0d\x0a          \"url\": 
\"https://github.com/sponsors/unifiedjs\"\x0d\x0a        },\x0d\x0a        {\x0d\x0a          \"type\": 
\"OpenCollective\",\x0d\x0a          \"url\": \"https://opencollective.com/unified\"\x0d\x0a        }\x0d\x0a      
],\x0d\x0a      \"license\": \"MIT\",\x0d\x0a      \"dependencies\": {\x0d\x0a        \"micromark-util-symbol\": 
\"^2.0.0\"\x0d\x0a      }\x0d\x0a    },\x0d\x0a    \"node_modules/micromark-util-decode-string\": {\x0d\x0a      
\"version\": \"2.0.1\",\x0d\x0a      \"funding\": [\x0d\x0a        {\x0d\x0a          \"type\": \"GitHub 
Sponsors\",\x0d\x0a          \"url\": \"https://github.com/sponsors/unifiedjs\"\x0d\x0a        },\x0d\x0a        
{\x0d\x0a          \"type\": \"OpenCollective\",\x0d\x0a          \"url\": 
\"https://opencollective.com/unified\"\x0d\x0a        }\x0d\x0a      ],\x0d\x0a      \"license\": \"MIT\",\x0d\x0a     
 \"dependencies\": {\x0d\x0a        \"decode-named-character-reference\": \"^1.0.0\",\x0d\x0a        
\"micromark-util-character\": \"^2.0.0\",\x0d\x0a        \"micromark-util-decode-numeric-character-reference\": 
\"^2.0.0\",\x0d\x0a        \"micromark-util-symbol\": \"^2.0.0\"\x0d\x0a      }\x0d\x0a    },\x0d\x0a    
\"node_modules/micromark-util-encode\": {\x0d\x0a      \"version\": \"2.0.1\",\x0d\x0a      \"funding\": [\x0d\x0a     
   {\x0d\x0a          \"type\": \"GitHub Sponsors\",\x0d\x0a          \"url\": 
\"https://github.com/sponsors/unifiedjs\"\x0d\x0a        },\x0d\x0a        {\x0d\x0a          \"type\": 
\"OpenCollective\",\x0d\x0a          \"url\": \"https://opencollective.com/unified\"\x0d\x0a        }\x0d\x0a      
],\x0d\x0a      \"license\": \"MIT\"\x0d\x0a    },\x0d\x0a    \"node_modules/micromark-util-html-tag-name\": {\x0d\x0a 
     \"version\": \"2.0.1\",\x0d\x0a      \"funding\": [\x0d\x0a        {\x0d\x0a          \"type\": \"GitHub 
Sponsors\",\x0d\x0a          \"url\": \"https://github.com/sponsors/unifiedjs\"\x0d\x0a        },\x0d\x0a        
{\x0d\x0a          \"type\": \"OpenCollective\",\x0d\x0a          \"url\": 
\"https://opencollective.com/unified\"\x0d\x0a        }\x0d\x0a      ],\x0d\x0a      \"license\": \"MIT\"\x0d\x0a    
},\x0d\x0a    \"node_modules/micromark-util-normalize-identifier\": {\x0d\x0a      \"version\": \"2.0.1\",\x0d\x0a     
 \"funding\": [\x0d\x0a        {\x0d\x0a          \"type\": \"GitHub Sponsors\",\x0d\x0a          \"url\": 
\"https://github.com/sponsors/unifiedjs\"\x0d\x0a        },\x0d\x0a        {\x0d\x0a          \"type\": 
\"OpenCollective\",\x0d\x0a          \"url\": \"https://opencollective.com/unified\"\x0d\x0a        }\x0d\x0a      
],\x0d\x0a      \"license\": \"MIT\",\x0d\x0a      \"dependencies\": {\x0d\x0a        \"micromark-util-symbol\": 
\"^2.0.0\"\x0d\x0a      }\x0d\x0a    },\x0d\x0a    \"node_modules/micromark-util-resolve-all\": {\x0d\x0a      
\"version\": \"2.0.1\",\x0d\x0a      \"funding\": [\x0d\x0a        {\x0d\x0a          \"type\": \"GitHub 
Sponsors\",\x0d\x0a          \"url\": \"https://github.com/sponsors/unifiedjs\"\x0d\x0a        },\x0d\x0a        
{\x0d\x0a          \"type\": \"OpenCollective\",\x0d\x0a          \"url\": 
\"https://opencollective.com/unified\"\x0d\x0a        }\x0d\x0a      ],\x0d\x0a      \"license\": \"MIT\",\x0d\x0a     
 \"dependencies\": {\x0d\x0a        \"micromark-util-types\": \"^2.0.0\"\x0d\x0a      }\x0d\x0a    },\x0d\x0a    
\"node_modules/micromark-util-sanitize-uri\": {\x0d\x0a      \"version\": \"2.0.1\",\x0d\x0a      \"funding\": 
[\x0d\x0a        {\x0d\x0a          \"type\": \"GitHub Sponsors\",\x0d\x0a          \"url\": 
\"https://github.com/sponsors/unifiedjs\"\x0d\x0a        },\x0d\x0a        {\x0d\x0a          \"type\": 
\"OpenCollective\",\x0d\x0a          \"url\": \"https://opencollective.com/unified\"\x0d\x0a        }\x0d\x0a      
],\x0d\x0a      \"license\": \"MIT\",\x0d\x0a      \"dependencies\": {\x0d\x0a        \"micromark-util-character\": 
\"^2.0.0\",\x0d\x0a        \"micromark-util-encode\": \"^2.0.0\",\x0d\x0a        \"micromark-util-symbol\": 
\"^2.0.0\"\x0d\x0a      }\x0d\x0a    },\x0d\x0a    \"node_modules/micromark-util-subtokenize\": {\x0d\x0a      
\"version\": \"2.1.0\",\x0d\x0a      \"funding\": [\x0d\x0a        {\x0d\x0a          \"type\": \"GitHub 
Sponsors\",\x0d\x0a          \"url\": \"https://github.com/sponsors/unifiedjs\"\x0d\x0a        },\x0d\x0a        
{\x0d\x0a          \"type\": \"OpenCollective\",\x0d\x0a          \"url\": 
\"https://opencollective.com/unified\"\x0d\x0a        }\x0d\x0a      ],\x0d\x0a      \"license\": \"MIT\",\x0d\x0a     
 \"dependencies\": {\x0d\x0a        \"devlop\": \"^1.0.0\",\x0d\x0a        \"micromark-util-chunked\": 
\"^2.0.0\",\x0d\x0a        \"micromark-util-symbol\": \"^2.0.0\",\x0d\x0a        \"micromark-util-types\": 
\"^2.0.0\"\x0d\x0a      }\x0d\x0a    },\x0d\x0a    \"node_modules/micromark-util-symbol\": {\x0d\x0a      \"version\": 
\"2.0.1\",\x0d\x0a      \"funding\": [\x0d\x0a        {\x0d\x0a          \"type\": \"GitHub Sponsors\",\x0d\x0a        
  \"url\": \"https://github.com/sponsors/unifiedjs\"\x0d\x0a        },\x0d\x0a        {\x0d\x0a          \"type\": 
\"OpenCollective\",\x0d\x0a          \"url\": \"https://opencollective.com/unified\"\x0d\x0a        }\x0d\x0a      
],\x0d\x0a      \"license\": \"MIT\"\x0d\x0a    },\x0d\x0a    \"node_modules/micromark-util-types\": {\x0d\x0a      
\"version\": \"2.0.2\",\x0d\x0a      \"funding\": [\x0d\x0a        {\x0d\x0a          \"type\": \"GitHub 
Sponsors\",\x0d\x0a          \"url\": \"https://github.com/sponsors/unifiedjs\"\x0d\x0a        },\x0d\x0a        
{\x0d\x0a          \"type\": \"OpenCollective\",\x0d\x0a          \"url\": 
\"https://opencollective.com/unified\"\x0d\x0a        }\x0d\x0a      ],\x0d\x0a      \"license\": \"MIT\"\x0d\x0a    
},\x0d\x0a    \"node_modules/micromatch\": {\x0d\x0a      \"version\": \"4.0.8\",\x0d\x0a      \"dev\": true,\x0d\x0a  
    \"license\": \"MIT\",\x0d\x0a      \"dependencies\": {\x0d\x0a        \"braces\": \"^3.0.3\",\x0d\x0a        
\"picomatch\": \"^2.3.1\"\x0d\x0a      },\x0d\x0a      \"engines\": {\x0d\x0a        \"node\": \">=8.6\"\x0d\x0a      
}\x0d\x0a    },\x0d\x0a    \"node_modules/mime-db\": {\x0d\x0a      \"version\": \"1.52.0\",\x0d\x0a      \"license\": 
\"MIT\",\x0d\x0a      \"engines\": {\x0d\x0a        \"node\": \">= 0.6\"\x0d\x0a      }\x0d\x0a    },\x0d\x0a    
\"node_modules/mime-types\": {\x0d\x0a      \"version\": \"2.1.35\",\x0d\x0a      \"license\": \"MIT\",\x0d\x0a      
\"dependencies\": {\x0d\x0a        \"mime-db\": \"1.52.0\"\x0d\x0a      },\x0d\x0a      \"engines\": {\x0d\x0a        
\"node\": \">= 0.6\"\x0d\x0a      }\x0d\x0a    },\x0d\x0a    \"node_modules/minimatch\": {\x0d\x0a      \"version\": 
\"3.1.2\",\x0d\x0a      \"dev\": true,\x0d\x0a      \"license\": \"ISC\",\x0d\x0a      \"dependencies\": {\x0d\x0a     
   \"brace-expansion\": \"^1.1.7\"\x0d\x0a      },\x0d\x0a      \"engines\": {\x0d\x0a        \"node\": \"*\"\x0d\x0a  
    }\x0d\x0a    },\x0d\x0a    \"node_modules/minimist\": {\x0d\x0a      \"version\": \"1.2.8\",\x0d\x0a      \"dev\": 
true,\x0d\x0a      \"license\": \"MIT\",\x0d\x0a      \"funding\": {\x0d\x0a        \"url\": 
\"https://github.com/sponsors/ljharb\"\x0d\x0a      }\x0d\x0a    },\x0d\x0a    \"node_modules/minipass\": {\x0d\x0a    
  \"version\": \"7.1.2\",\x0d\x0a      \"dev\": true,\x0d\x0a      \"license\": \"ISC\",\x0d\x0a      \"engines\": 
{\x0d\x0a        \"node\": \">=16 || 14 >=14.17\"\x0d\x0a      }\x0d\x0a    },\x0d\x0a    \"node_modules/moment\": 
{\x0d\x0a      \"version\": \"2.30.1\",\x0d\x0a      \"dev\": true,\x0d\x0a      \"license\": \"MIT\",\x0d\x0a      
\"engines\": {\x0d\x0a        \"node\": \"*\"\x0d\x0a      }\x0d\x0a    },\x0d\x0a    \"node_modules/motion-dom\": 
{\x0d\x0a      \"version\": \"12.23.9\",\x0d\x0a      \"license\": \"MIT\",\x0d\x0a      \"dependencies\": {\x0d\x0a   
     \"motion-utils\": \"^12.23.6\"\x0d\x0a      }\x0d\x0a    },\x0d\x0a    \"node_modules/motion-utils\": {\x0d\x0a   
   \"version\": \"12.23.6\",\x0d\x0a      \"license\": \"MIT\"\x0d\x0a    },\x0d\x0a    \"node_modules/ms\": {\x0d\x0a 
     \"version\": \"2.1.3\",\x0d\x0a      \"license\": \"MIT\"\x0d\x0a    },\x0d\x0a    \"node_modules/mustache\": 
{\x0d\x0a      \"version\": \"4.2.0\",\x0d\x0a      \"license\": \"MIT\",\x0d\x0a      \"bin\": {\x0d\x0a        
\"mustache\": \"bin/mustache\"\x0d\x0a      }\x0d\x0a    },\x0d\x0a    \"node_modules/mz\": {\x0d\x0a      
\"version\": \"2.7.0\",\x0d\x0a      \"dev\": true,\x0d\x0a      \"license\": \"MIT\",\x0d\x0a      \"dependencies\": 
{\x0d\x0a        \"any-promise\": \"^1.0.0\",\x0d\x0a        \"object-assign\": \"^4.0.1\",\x0d\x0a        
\"thenify-all\": \"^1.0.0\"\x0d\x0a      }\x0d\x0a    },\x0d\x0a    \"node_modules/nanoid\": {\x0d\x0a      
\"version\": \"3.3.11\",\x0d\x0a      \"funding\": [\x0d\x0a        {\x0d\x0a          \"type\": \"github\",\x0d\x0a   
       \"url\": \"https://github.com/sponsors/ai\"\x0d\x0a        }\x0d\x0a      ],\x0d\x0a      \"license\": 
\"MIT\",\x0d\x0a      \"bin\": {\x0d\x0a        \"nanoid\": \"bin/nanoid.cjs\"\x0d\x0a      },\x0d\x0a      
\"engines\": {\x0d\x0a        \"node\": \"^10 || ^12 || ^13.7 || ^14 || >=15.0.1\"\x0d\x0a      }\x0d\x0a    
},\x0d\x0a    \"node_modules/napi-postinstall\": {\x0d\x0a      \"version\": \"0.3.2\",\x0d\x0a      \"dev\": 
true,\x0d\x0a      \"license\": \"MIT\",\x0d\x0a      \"bin\": {\x0d\x0a        \"napi-postinstall\": 
\"lib/cli.js\"\x0d\x0a      },\x0d\x0a      \"engines\": {\x0d\x0a        \"node\": \"^12.20.0 || ^14.18.0 || 
>=16.0.0\"\x0d\x0a      },\x0d\x0a      \"funding\": {\x0d\x0a        \"url\": 
\"https://opencollective.com/napi-postinstall\"\x0d\x0a      }\x0d\x0a    },\x0d\x0a    
\"node_modules/natural-compare\": {\x0d\x0a      \"version\": \"1.4.0\",\x0d\x0a      \"dev\": true,\x0d\x0a      
\"license\": \"MIT\"\x0d\x0a    },\x0d\x0a    \"node_modules/next\": {\x0d\x0a      \"version\": \"15.5.9\",\x0d\x0a   
   \"resolved\": \"https://registry.npmjs.org/next/-/next-15.5.9.tgz\",\x0d\x0a      \"integrity\": 
\"sha512-agNLK89seZEtC5zUHwtut0+tNrc0Xw4FT/Dg+B/VLEo9pAcS9rtTKpek3V6kVcVwsB2YlqMaHdfZL4eLEVYuCg==\",\x0d\x0a      
\"license\": \"MIT\",\x0d\x0a      \"peer\": true,\x0d\x0a      \"dependencies\": {\x0d\x0a        \"@next/env\": 
\"15.5.9\",\x0d\x0a        \"@swc/helpers\": \"0.5.15\",\x0d\x0a        \"caniuse-lite\": \"^1.0.30001579\",\x0d\x0a   
     \"postcss\": \"8.4.31\",\x0d\x0a        \"styled-jsx\": \"5.1.6\"\x0d\x0a      },\x0d\x0a      \"bin\": {\x0d\x0a 
       \"next\": \"dist/bin/next\"\x0d\x0a      },\x0d\x0a      \"engines\": {\x0d\x0a        \"node\": \"^18.18.0 || 
^19.8.0 || >= 20.0.0\"\x0d\x0a      },\x0d\x0a      \"optionalDependencies\": {\x0d\x0a        
\"@next/swc-darwin-arm64\": \"15.5.7\",\x0d\x0a        \"@next/swc-darwin-x64\": \"15.5.7\",\x0d\x0a        
\"@next/swc-linux-arm64-gnu\": \"15.5.7\",\x0d\x0a        \"@next/swc-linux-arm64-musl\": \"15.5.7\",\x0d\x0a        
\"@next/swc-linux-x64-gnu\": \"15.5.7\",\x0d\x0a        \"@next/swc-linux-x64-musl\": \"15.5.7\",\x0d\x0a        
\"@next/swc-win32-arm64-msvc\": \"15.5.7\",\x0d\x0a        \"@next/swc-win32-x64-msvc\": \"15.5.7\",\x0d\x0a        
\"sharp\": \"^0.34.3\"\x0d\x0a      },\x0d\x0a      \"peerDependencies\": {\x0d\x0a        \"@opentelemetry/api\": 
\"^1.1.0\",\x0d\x0a        \"@playwright/test\": \"^1.51.1\",\x0d\x0a        \"babel-plugin-react-compiler\": 
\"*\",\x0d\x0a        \"react\": \"^18.2.0 || 19.0.0-rc-de68d2f4-20241204 || ^19.0.0\",\x0d\x0a        \"react-dom\": 
\"^18.2.0 || 19.0.0-rc-de68d2f4-20241204 || ^19.0.0\",\x0d\x0a        \"sass\": \"^1.3.0\"\x0d\x0a      },\x0d\x0a     
 \"peerDependenciesMeta\": {\x0d\x0a        \"@opentelemetry/api\": {\x0d\x0a          \"optional\": true\x0d\x0a      
  },\x0d\x0a        \"@playwright/test\": {\x0d\x0a          \"optional\": true\x0d\x0a        },\x0d\x0a        
\"babel-plugin-react-compiler\": {\x0d\x0a          \"optional\": true\x0d\x0a        },\x0d\x0a        \"sass\": 
{\x0d\x0a          \"optional\": true\x0d\x0a        }\x0d\x0a      }\x0d\x0a    },\x0d\x0a    
\"node_modules/next-themes\": {\x0d\x0a      \"version\": \"0.4.6\",\x0d\x0a      \"license\": \"MIT\",\x0d\x0a      
\"peerDependencies\": {\x0d\x0a        \"react\": \"^16.8 || ^17 || ^18 || ^19 || ^19.0.0-rc\",\x0d\x0a        
\"react-dom\": \"^16.8 || ^17 || ^18 || ^19 || ^19.0.0-rc\"\x0d\x0a      }\x0d\x0a    },\x0d\x0a    
\"node_modules/next/node_modules/@swc/helpers\": {\x0d\x0a      \"version\": \"0.5.15\",\x0d\x0a      \"license\": 
\"Apache-2.0\",\x0d\x0a      \"dependencies\": {\x0d\x0a        \"tslib\": \"^2.8.0\"\x0d\x0a      }\x0d\x0a    
},\x0d\x0a    \"node_modules/next/node_modules/postcss\": {\x0d\x0a      \"version\": \"8.4.31\",\x0d\x0a      
\"funding\": [\x0d\x0a        {\x0d\x0a          \"type\": \"opencollective\",\x0d\x0a          \"url\": 
\"https://opencollective.com/postcss/\"\x0d\x0a        },\x0d\x0a        {\x0d\x0a          \"type\": 
\"tidelift\",\x0d\x0a          \"url\": \"https://tidelift.com/funding/github/npm/postcss\"\x0d\x0a        },\x0d\x0a  
      {\x0d\x0a          \"type\": \"github\",\x0d\x0a          \"url\": \"https://github.com/sponsors/ai\"\x0d\x0a    
    }\x0d\x0a      ],\x0d\x0a      \"license\": \"MIT\",\x0d\x0a      \"dependencies\": {\x0d\x0a        \"nanoid\": 
\"^3.3.6\",\x0d\x0a        \"picocolors\": \"^1.0.0\",\x0d\x0a        \"source-map-js\": \"^1.0.2\"\x0d\x0a      
},\x0d\x0a      \"engines\": {\x0d\x0a        \"node\": \"^10 || ^12 || >=14\"\x0d\x0a      }\x0d\x0a    },\x0d\x0a    
\"node_modules/node-domexception\": {\x0d\x0a      \"version\": \"1.0.0\",\x0d\x0a      \"funding\": [\x0d\x0a        
{\x0d\x0a          \"type\": \"github\",\x0d\x0a          \"url\": 
\"https://github.com/sponsors/jimmywarting\"\x0d\x0a        },\x0d\x0a        {\x0d\x0a          \"type\": 
\"github\",\x0d\x0a          \"url\": \"https://paypal.me/jimmywarting\"\x0d\x0a        }\x0d\x0a      ],\x0d\x0a      
\"license\": \"MIT\",\x0d\x0a      \"engines\": {\x0d\x0a        \"node\": \">=10.5.0\"\x0d\x0a      }\x0d\x0a    
},\x0d\x0a    \"node_modules/node-fetch\": {\x0d\x0a      \"version\": \"2.7.0\",\x0d\x0a      \"license\": 
\"MIT\",\x0d\x0a      \"dependencies\": {\x0d\x0a        \"whatwg-url\": \"^5.0.0\"\x0d\x0a      },\x0d\x0a      
\"engines\": {\x0d\x0a        \"node\": \"4.x || >=6.0.0\"\x0d\x0a      },\x0d\x0a      \"peerDependencies\": 
{\x0d\x0a        \"encoding\": \"^0.1.0\"\x0d\x0a      },\x0d\x0a      \"peerDependenciesMeta\": {\x0d\x0a        
\"encoding\": {\x0d\x0a          \"optional\": true\x0d\x0a        }\x0d\x0a      }\x0d\x0a    },\x0d\x0a    
\"node_modules/nodemailer\": {\x0d\x0a      \"version\": \"7.0.11\",\x0d\x0a      \"resolved\": 
\"https://registry.npmjs.org/nodemailer/-/nodemailer-7.0.11.tgz\",\x0d\x0a      \"integrity\": 
\"sha512-gnXhNRE0FNhD7wPSCGhdNh46Hs6nm+uTyg+Kq0cZukNQiYdnCsoQjodNP9BQVG9XrcK/v6/MgpAPBUFyzh9pvw==\",\x0d\x0a      
\"license\": \"MIT-0\",\x0d\x0a      \"engines\": {\x0d\x0a        \"node\": \">=6.0.0\"\x0d\x0a      }\x0d\x0a    
},\x0d\x0a    \"node_modules/normalize-path\": {\x0d\x0a      \"version\": \"3.0.0\",\x0d\x0a      \"dev\": 
true,\x0d\x0a      \"license\": \"MIT\",\x0d\x0a      \"engines\": {\x0d\x0a        \"node\": \">=0.10.0\"\x0d\x0a     
 }\x0d\x0a    },\x0d\x0a    \"node_modules/object-assign\": {\x0d\x0a      \"version\": \"4.1.1\",\x0d\x0a      
\"license\": \"MIT\",\x0d\x0a      \"engines\": {\x0d\x0a        \"node\": \">=0.10.0\"\x0d\x0a      }\x0d\x0a    
},\x0d\x0a    \"node_modules/object-hash\": {\x0d\x0a      \"version\": \"3.0.0\",\x0d\x0a      \"dev\": true,\x0d\x0a 
     \"license\": \"MIT\",\x0d\x0a      \"engines\": {\x0d\x0a        \"node\": \">= 6\"\x0d\x0a      }\x0d\x0a    
},\x0d\x0a    \"node_modules/object-inspect\": {\x0d\x0a      \"version\": \"1.13.4\",\x0d\x0a      \"dev\": 
true,\x0d\x0a      \"license\": \"MIT\",\x0d\x0a      \"engines\": {\x0d\x0a        \"node\": \">= 0.4\"\x0d\x0a      
},\x0d\x0a      \"funding\": {\x0d\x0a        \"url\": \"https://github.com/sponsors/ljharb\"\x0d\x0a      }\x0d\x0a   
 },\x0d\x0a    \"node_modules/object-keys\": {\x0d\x0a      \"version\": \"1.1.1\",\x0d\x0a      \"dev\": 
true,\x0d\x0a      \"license\": \"MIT\",\x0d\x0a      \"engines\": {\x0d\x0a        \"node\": \">= 0.4\"\x0d\x0a      
}\x0d\x0a    },\x0d\x0a    \"node_modules/object.assign\": {\x0d\x0a      \"version\": \"4.1.7\",\x0d\x0a      
\"dev\": true,\x0d\x0a      \"license\": \"MIT\",\x0d\x0a      \"dependencies\": {\x0d\x0a        \"call-bind\": 
\"^1.0.8\",\x0d\x0a        \"call-bound\": \"^1.0.3\",\x0d\x0a        \"define-properties\": \"^1.2.1\",\x0d\x0a       
 \"es-object-atoms\": \"^1.0.0\",\x0d\x0a        \"has-symbols\": \"^1.1.0\",\x0d\x0a        \"object-keys\": 
\"^1.1.1\"\x0d\x0a      },\x0d\x0a      \"engines\": {\x0d\x0a        \"node\": \">= 0.4\"\x0d\x0a      },\x0d\x0a     
 \"funding\": {\x0d\x0a        \"url\": \"https://github.com/sponsors/ljharb\"\x0d\x0a      }\x0d\x0a    },\x0d\x0a    
\"node_modules/object.entries\": {\x0d\x0a      \"version\": \"1.1.9\",\x0d\x0a      \"dev\": true,\x0d\x0a      
\"license\": \"MIT\",\x0d\x0a      \"dependencies\": {\x0d\x0a        \"call-bind\": \"^1.0.8\",\x0d\x0a        
\"call-bound\": \"^1.0.4\",\x0d\x0a        \"define-properties\": \"^1.2.1\",\x0d\x0a        \"es-object-atoms\": 
\"^1.1.1\"\x0d\x0a      },\x0d\x0a      \"engines\": {\x0d\x0a        \"node\": \">= 0.4\"\x0d\x0a      }\x0d\x0a    
},\x0d\x0a    \"node_modules/object.fromentries\": {\x0d\x0a      \"version\": \"2.0.8\",\x0d\x0a      \"dev\": 
true,\x0d\x0a      \"license\": \"MIT\",\x0d\x0a      \"dependencies\": {\x0d\x0a        \"call-bind\": 
\"^1.0.7\",\x0d\x0a        \"define-properties\": \"^1.2.1\",\x0d\x0a        \"es-abstract\": \"^1.23.2\",\x0d\x0a     
   \"es-object-atoms\": \"^1.0.0\"\x0d\x0a      },\x0d\x0a      \"engines\": {\x0d\x0a        \"node\": \">= 
0.4\"\x0d\x0a      },\x0d\x0a      \"funding\": {\x0d\x0a        \"url\": 
\"https://github.com/sponsors/ljharb\"\x0d\x0a      }\x0d\x0a    },\x0d\x0a    \"node_modules/object.groupby\": 
{\x0d\x0a      \"version\": \"1.0.3\",\x0d\x0a      \"dev\": true,\x0d\x0a      \"license\": \"MIT\",\x0d\x0a      
\"dependencies\": {\x0d\x0a        \"call-bind\": \"^1.0.7\",\x0d\x0a        \"define-properties\": 
\"^1.2.1\",\x0d\x0a        \"es-abstract\": \"^1.23.2\"\x0d\x0a      },\x0d\x0a      \"engines\": {\x0d\x0a        
\"node\": \">= 0.4\"\x0d\x0a      }\x0d\x0a    },\x0d\x0a    \"node_modules/object.values\": {\x0d\x0a      
\"version\": \"1.2.1\",\x0d\x0a      \"dev\": true,\x0d\x0a      \"license\": \"MIT\",\x0d\x0a      \"dependencies\": 
{\x0d\x0a        \"call-bind\": \"^1.0.8\",\x0d\x0a        \"call-bound\": \"^1.0.3\",\x0d\x0a        
\"define-properties\": \"^1.2.1\",\x0d\x0a        \"es-object-atoms\": \"^1.0.0\"\x0d\x0a      },\x0d\x0a      
\"engines\": {\x0d\x0a        \"node\": \">= 0.4\"\x0d\x0a      },\x0d\x0a      \"funding\": {\x0d\x0a        \"url\": 
\"https://github.com/sponsors/ljharb\"\x0d\x0a      }\x0d\x0a    },\x0d\x0a    \"node_modules/openai\": {\x0d\x0a      
\"version\": \"4.104.0\",\x0d\x0a      \"license\": \"Apache-2.0\",\x0d\x0a      \"peer\": true,\x0d\x0a      
\"dependencies\": {\x0d\x0a        \"@types/node\": \"^18.11.18\",\x0d\x0a        \"@types/node-fetch\": 
\"^2.6.4\",\x0d\x0a        \"abort-controller\": \"^3.0.0\",\x0d\x0a        \"agentkeepalive\": \"^4.2.1\",\x0d\x0a    
    \"form-data-encoder\": \"1.7.2\",\x0d\x0a        \"formdata-node\": \"^4.3.2\",\x0d\x0a        \"node-fetch\": 
\"^2.6.7\"\x0d\x0a      },\x0d\x0a      \"bin\": {\x0d\x0a        \"openai\": \"bin/cli\"\x0d\x0a      },\x0d\x0a      
\"peerDependencies\": {\x0d\x0a        \"ws\": \"^8.18.0\",\x0d\x0a        \"zod\": \"^3.23.8\"\x0d\x0a      
},\x0d\x0a      \"peerDependenciesMeta\": {\x0d\x0a        \"ws\": {\x0d\x0a          \"optional\": true\x0d\x0a       
 },\x0d\x0a        \"zod\": {\x0d\x0a          \"optional\": true\x0d\x0a        }\x0d\x0a      }\x0d\x0a    
},\x0d\x0a    \"node_modules/openai/node_modules/@types/node\": {\x0d\x0a      \"version\": \"18.19.120\",\x0d\x0a     
 \"license\": \"MIT\",\x0d\x0a      \"dependencies\": {\x0d\x0a        \"undici-types\": \"~5.26.4\"\x0d\x0a      
}\x0d\x0a    },\x0d\x0a    \"node_modules/openai/node_modules/undici-types\": {\x0d\x0a      \"version\": 
\"5.26.5\",\x0d\x0a      \"license\": \"MIT\"\x0d\x0a    },\x0d\x0a    \"node_modules/optionator\": {\x0d\x0a      
\"version\": \"0.9.4\",\x0d\x0a      \"dev\": true,\x0d\x0a      \"license\": \"MIT\",\x0d\x0a      \"dependencies\": 
{\x0d\x0a        \"deep-is\": \"^0.1.3\",\x0d\x0a        \"fast-levenshtein\": \"^2.0.6\",\x0d\x0a        \"levn\": 
\"^0.4.1\",\x0d\x0a        \"prelude-ls\": \"^1.2.1\",\x0d\x0a        \"type-check\": \"^0.4.0\",\x0d\x0a        
\"word-wrap\": \"^1.2.5\"\x0d\x0a      },\x0d\x0a      \"engines\": {\x0d\x0a        \"node\": \">= 0.8.0\"\x0d\x0a    
  }\x0d\x0a    },\x0d\x0a    \"node_modules/own-keys\": {\x0d\x0a      \"version\": \"1.0.1\",\x0d\x0a      \"dev\": 
true,\x0d\x0a      \"license\": \"MIT\",\x0d\x0a      \"dependencies\": {\x0d\x0a        \"get-intrinsic\": 
\"^1.2.6\",\x0d\x0a        \"object-keys\": \"^1.1.1\",\x0d\x0a        \"safe-push-apply\": \"^1.0.0\"\x0d\x0a      
},\x0d\x0a      \"engines\": {\x0d\x0a        \"node\": \">= 0.4\"\x0d\x0a      },\x0d\x0a      \"funding\": {\x0d\x0a 
       \"url\": \"https://github.com/sponsors/ljharb\"\x0d\x0a      }\x0d\x0a    },\x0d\x0a    
\"node_modules/p-finally\": {\x0d\x0a      \"version\": \"1.0.0\",\x0d\x0a      \"license\": \"MIT\",\x0d\x0a      
\"engines\": {\x0d\x0a        \"node\": \">=4\"\x0d\x0a      }\x0d\x0a    },\x0d\x0a    \"node_modules/p-limit\": 
{\x0d\x0a      \"version\": \"3.1.0\",\x0d\x0a      \"dev\": true,\x0d\x0a      \"license\": \"MIT\",\x0d\x0a      
\"dependencies\": {\x0d\x0a        \"yocto-queue\": \"^0.1.0\"\x0d\x0a      },\x0d\x0a      \"engines\": {\x0d\x0a     
   \"node\": \">=10\"\x0d\x0a      },\x0d\x0a      \"funding\": {\x0d\x0a        \"url\": 
\"https://github.com/sponsors/sindresorhus\"\x0d\x0a      }\x0d\x0a    },\x0d\x0a    \"node_modules/p-locate\": 
{\x0d\x0a      \"version\": \"5.0.0\",\x0d\x0a      \"dev\": true,\x0d\x0a      \"license\": \"MIT\",\x0d\x0a      
\"dependencies\": {\x0d\x0a        \"p-limit\": \"^3.0.2\"\x0d\x0a      },\x0d\x0a      \"engines\": {\x0d\x0a        
\"node\": \">=10\"\x0d\x0a      },\x0d\x0a      \"funding\": {\x0d\x0a        \"url\": 
\"https://github.com/sponsors/sindresorhus\"\x0d\x0a      }\x0d\x0a    },\x0d\x0a    \"node_modules/p-queue\": 
{\x0d\x0a      \"version\": \"6.6.2\",\x0d\x0a      \"license\": \"MIT\",\x0d\x0a      \"dependencies\": {\x0d\x0a     
   \"eventemitter3\": \"^4.0.4\",\x0d\x0a        \"p-timeout\": \"^3.2.0\"\x0d\x0a      },\x0d\x0a      \"engines\": 
{\x0d\x0a        \"node\": \">=8\"\x0d\x0a      },\x0d\x0a      \"funding\": {\x0d\x0a        \"url\": 
\"https://github.com/sponsors/sindresorhus\"\x0d\x0a      }\x0d\x0a    },\x0d\x0a    \"node_modules/p-retry\": 
{\x0d\x0a      \"version\": \"4.6.2\",\x0d\x0a      \"license\": \"MIT\",\x0d\x0a      \"dependencies\": {\x0d\x0a     
   \"@types/retry\": \"0.12.0\",\x0d\x0a        \"retry\": \"^0.13.1\"\x0d\x0a      },\x0d\x0a      \"engines\": 
{\x0d\x0a        \"node\": \">=8\"\x0d\x0a      }\x0d\x0a    },\x0d\x0a    \"node_modules/p-timeout\": {\x0d\x0a      
\"version\": \"3.2.0\",\x0d\x0a      \"license\": \"MIT\",\x0d\x0a      \"dependencies\": {\x0d\x0a        
\"p-finally\": \"^1.0.0\"\x0d\x0a      },\x0d\x0a      \"engines\": {\x0d\x0a        \"node\": \">=8\"\x0d\x0a      
}\x0d\x0a    },\x0d\x0a    \"node_modules/package-json-from-dist\": {\x0d\x0a      \"version\": \"1.0.1\",\x0d\x0a     
 \"dev\": true,\x0d\x0a      \"license\": \"BlueOak-1.0.0\"\x0d\x0a    },\x0d\x0a    \"node_modules/parent-module\": 
{\x0d\x0a      \"version\": \"1.0.1\",\x0d\x0a      \"license\": \"MIT\",\x0d\x0a      \"dependencies\": {\x0d\x0a     
   \"callsites\": \"^3.0.0\"\x0d\x0a      },\x0d\x0a      \"engines\": {\x0d\x0a        \"node\": \">=6\"\x0d\x0a      
}\x0d\x0a    },\x0d\x0a    \"node_modules/parse-entities\": {\x0d\x0a      \"version\": \"4.0.2\",\x0d\x0a      
\"license\": \"MIT\",\x0d\x0a      \"dependencies\": {\x0d\x0a        \"@types/unist\": \"^2.0.0\",\x0d\x0a        
\"character-entities-legacy\": \"^3.0.0\",\x0d\x0a        \"character-reference-invalid\": \"^2.0.0\",\x0d\x0a        
\"decode-named-character-reference\": \"^1.0.0\",\x0d\x0a        \"is-alphanumerical\": \"^2.0.0\",\x0d\x0a        
\"is-decimal\": \"^2.0.0\",\x0d\x0a        \"is-hexadecimal\": \"^2.0.0\"\x0d\x0a      },\x0d\x0a      \"funding\": 
{\x0d\x0a        \"type\": \"github\",\x0d\x0a        \"url\": \"https://github.com/sponsors/wooorm\"\x0d\x0a      
}\x0d\x0a    },\x0d\x0a    \"node_modules/parse-entities/node_modules/@types/unist\": {\x0d\x0a      \"version\": 
\"2.0.11\",\x0d\x0a      \"license\": \"MIT\"\x0d\x0a    },\x0d\x0a    \"node_modules/parse-json\": {\x0d\x0a      
\"version\": \"5.2.0\",\x0d\x0a      \"license\": \"MIT\",\x0d\x0a      \"dependencies\": {\x0d\x0a        
\"@babel/code-frame\": \"^7.0.0\",\x0d\x0a        \"error-ex\": \"^1.3.1\",\x0d\x0a        
\"json-parse-even-better-errors\": \"^2.3.0\",\x0d\x0a        \"lines-and-columns\": \"^1.1.6\"\x0d\x0a      
},\x0d\x0a      \"engines\": {\x0d\x0a        \"node\": \">=8\"\x0d\x0a      },\x0d\x0a      \"funding\": {\x0d\x0a    
    \"url\": \"https://github.com/sponsors/sindresorhus\"\x0d\x0a      }\x0d\x0a    },\x0d\x0a    
\"node_modules/parseley\": {\x0d\x0a      \"version\": \"0.12.1\",\x0d\x0a      \"license\": \"MIT\",\x0d\x0a      
\"dependencies\": {\x0d\x0a        \"leac\": \"^0.6.0\",\x0d\x0a        \"peberminta\": \"^0.9.0\"\x0d\x0a      
},\x0d\x0a      \"funding\": {\x0d\x0a        \"url\": \"https://ko-fi.com/killymxi\"\x0d\x0a      }\x0d\x0a    
},\x0d\x0a    \"node_modules/path-exists\": {\x0d\x0a      \"version\": \"4.0.0\",\x0d\x0a      \"dev\": true,\x0d\x0a 
     \"license\": \"MIT\",\x0d\x0a      \"engines\": {\x0d\x0a        \"node\": \">=8\"\x0d\x0a      }\x0d\x0a    
},\x0d\x0a    \"node_modules/path-key\": {\x0d\x0a      \"version\": \"3.1.1\",\x0d\x0a      \"dev\": true,\x0d\x0a    
  \"license\": \"MIT\",\x0d\x0a      \"engines\": {\x0d\x0a        \"node\": \">=8\"\x0d\x0a      }\x0d\x0a    
},\x0d\x0a    \"node_modules/path-parse\": {\x0d\x0a      \"version\": \"1.0.7\",\x0d\x0a      \"license\": 
\"MIT\"\x0d\x0a    },\x0d\x0a    \"node_modules/path-scurry\": {\x0d\x0a      \"version\": \"1.11.1\",\x0d\x0a      
\"dev\": true,\x0d\x0a      \"license\": \"BlueOak-1.0.0\",\x0d\x0a      \"dependencies\": {\x0d\x0a        
\"lru-cache\": \"^10.2.0\",\x0d\x0a        \"minipass\": \"^5.0.0 || ^6.0.2 || ^7.0.0\"\x0d\x0a      },\x0d\x0a      
\"engines\": {\x0d\x0a        \"node\": \">=16 || 14 >=14.18\"\x0d\x0a      },\x0d\x0a      \"funding\": {\x0d\x0a     
   \"url\": \"https://github.com/sponsors/isaacs\"\x0d\x0a      }\x0d\x0a    },\x0d\x0a    \"node_modules/path-type\": 
{\x0d\x0a      \"version\": \"4.0.0\",\x0d\x0a      \"license\": \"MIT\",\x0d\x0a      \"engines\": {\x0d\x0a        
\"node\": \">=8\"\x0d\x0a      }\x0d\x0a    },\x0d\x0a    \"node_modules/peberminta\": {\x0d\x0a      \"version\": 
\"0.9.0\",\x0d\x0a      \"license\": \"MIT\",\x0d\x0a      \"funding\": {\x0d\x0a        \"url\": 
\"https://ko-fi.com/killymxi\"\x0d\x0a      }\x0d\x0a    },\x0d\x0a    \"node_modules/picocolors\": {\x0d\x0a      
\"version\": \"1.1.1\",\x0d\x0a      \"license\": \"ISC\"\x0d\x0a    },\x0d\x0a    \"node_modules/picomatch\": 
{\x0d\x0a      \"version\": \"2.3.1\",\x0d\x0a      \"dev\": true,\x0d\x0a      \"license\": \"MIT\",\x0d\x0a      
\"engines\": {\x0d\x0a        \"node\": \">=8.6\"\x0d\x0a      },\x0d\x0a      \"funding\": {\x0d\x0a        \"url\": 
\"https://github.com/sponsors/jonschlinkert\"\x0d\x0a      }\x0d\x0a    },\x0d\x0a    \"node_modules/pify\": {\x0d\x0a 
     \"version\": \"2.3.0\",\x0d\x0a      \"dev\": true,\x0d\x0a      \"license\": \"MIT\",\x0d\x0a      \"engines\": 
{\x0d\x0a        \"node\": \">=0.10.0\"\x0d\x0a      }\x0d\x0a    },\x0d\x0a    \"node_modules/pirates\": {\x0d\x0a    
  \"version\": \"4.0.7\",\x0d\x0a      \"dev\": true,\x0d\x0a      \"license\": \"MIT\",\x0d\x0a      \"engines\": 
{\x0d\x0a        \"node\": \">= 6\"\x0d\x0a      }\x0d\x0a    },\x0d\x0a    
\"node_modules/possible-typed-array-names\": {\x0d\x0a      \"version\": \"1.1.0\",\x0d\x0a      \"dev\": 
true,\x0d\x0a      \"license\": \"MIT\",\x0d\x0a      \"engines\": {\x0d\x0a        \"node\": \">= 0.4\"\x0d\x0a      
}\x0d\x0a    },\x0d\x0a    \"node_modules/postcss\": {\x0d\x0a      \"version\": \"8.5.6\",\x0d\x0a      \"dev\": 
true,\x0d\x0a      \"funding\": [\x0d\x0a        {\x0d\x0a          \"type\": \"opencollective\",\x0d\x0a          
\"url\": \"https://opencollective.com/postcss/\"\x0d\x0a        },\x0d\x0a        {\x0d\x0a          \"type\": 
\"tidelift\",\x0d\x0a          \"url\": \"https://tidelift.com/funding/github/npm/postcss\"\x0d\x0a        },\x0d\x0a  
      {\x0d\x0a          \"type\": \"github\",\x0d\x0a          \"url\": \"https://github.com/sponsors/ai\"\x0d\x0a    
    }\x0d\x0a      ],\x0d\x0a      \"license\": \"MIT\",\x0d\x0a      \"peer\": true,\x0d\x0a      \"dependencies\": 
{\x0d\x0a        \"nanoid\": \"^3.3.11\",\x0d\x0a        \"picocolors\": \"^1.1.1\",\x0d\x0a        \"source-map-js\": 
\"^1.2.1\"\x0d\x0a      },\x0d\x0a      \"engines\": {\x0d\x0a        \"node\": \"^10 || ^12 || >=14\"\x0d\x0a      
}\x0d\x0a    },\x0d\x0a    \"node_modules/postcss-import\": {\x0d\x0a      \"version\": \"15.1.0\",\x0d\x0a      
\"dev\": true,\x0d\x0a      \"license\": \"MIT\",\x0d\x0a      \"dependencies\": {\x0d\x0a        
\"postcss-value-parser\": \"^4.0.0\",\x0d\x0a        \"read-cache\": \"^1.0.0\",\x0d\x0a        \"resolve\": 
\"^1.1.7\"\x0d\x0a      },\x0d\x0a      \"engines\": {\x0d\x0a        \"node\": \">=14.0.0\"\x0d\x0a      },\x0d\x0a   
   \"peerDependencies\": {\x0d\x0a        \"postcss\": \"^8.0.0\"\x0d\x0a      }\x0d\x0a    },\x0d\x0a    
\"node_modules/postcss-js\": {\x0d\x0a      \"version\": \"4.0.1\",\x0d\x0a      \"dev\": true,\x0d\x0a      
\"license\": \"MIT\",\x0d\x0a      \"dependencies\": {\x0d\x0a        \"camelcase-css\": \"^2.0.1\"\x0d\x0a      
},\x0d\x0a      \"engines\": {\x0d\x0a        \"node\": \"^12 || ^14 || >= 16\"\x0d\x0a      },\x0d\x0a      
\"funding\": {\x0d\x0a        \"type\": \"opencollective\",\x0d\x0a        \"url\": 
\"https://opencollective.com/postcss/\"\x0d\x0a      },\x0d\x0a      \"peerDependencies\": {\x0d\x0a        
\"postcss\": \"^8.4.21\"\x0d\x0a      }\x0d\x0a    },\x0d\x0a    \"node_modules/postcss-load-config\": {\x0d\x0a      
\"version\": \"4.0.2\",\x0d\x0a      \"dev\": true,\x0d\x0a      \"funding\": [\x0d\x0a        {\x0d\x0a          
\"type\": \"opencollective\",\x0d\x0a          \"url\": \"https://opencollective.com/postcss/\"\x0d\x0a        
},\x0d\x0a        {\x0d\x0a          \"type\": \"github\",\x0d\x0a          \"url\": 
\"https://github.com/sponsors/ai\"\x0d\x0a        }\x0d\x0a      ],\x0d\x0a      \"license\": \"MIT\",\x0d\x0a      
\"dependencies\": {\x0d\x0a        \"lilconfig\": \"^3.0.0\",\x0d\x0a        \"yaml\": \"^2.3.4\"\x0d\x0a      
},\x0d\x0a      \"engines\": {\x0d\x0a        \"node\": \">= 14\"\x0d\x0a      },\x0d\x0a      \"peerDependencies\": 
{\x0d\x0a        \"postcss\": \">=8.0.9\",\x0d\x0a        \"ts-node\": \">=9.0.0\"\x0d\x0a      },\x0d\x0a      
\"peerDependenciesMeta\": {\x0d\x0a        \"postcss\": {\x0d\x0a          \"optional\": true\x0d\x0a        
},\x0d\x0a        \"ts-node\": {\x0d\x0a          \"optional\": true\x0d\x0a        }\x0d\x0a      }\x0d\x0a    
},\x0d\x0a    \"node_modules/postcss-nested\": {\x0d\x0a      \"version\": \"6.2.0\",\x0d\x0a      \"dev\": 
true,\x0d\x0a      \"funding\": [\x0d\x0a        {\x0d\x0a          \"type\": \"opencollective\",\x0d\x0a          
\"url\": \"https://opencollective.com/postcss/\"\x0d\x0a        },\x0d\x0a        {\x0d\x0a          \"type\": 
\"github\",\x0d\x0a          \"url\": \"https://github.com/sponsors/ai\"\x0d\x0a        }\x0d\x0a      ],\x0d\x0a      
\"license\": \"MIT\",\x0d\x0a      \"dependencies\": {\x0d\x0a        \"postcss-selector-parser\": \"^6.1.1\"\x0d\x0a  
    },\x0d\x0a      \"engines\": {\x0d\x0a        \"node\": \">=12.0\"\x0d\x0a      },\x0d\x0a      
\"peerDependencies\": {\x0d\x0a        \"postcss\": \"^8.2.14\"\x0d\x0a      }\x0d\x0a    },\x0d\x0a    
\"node_modules/postcss-selector-parser\": {\x0d\x0a      \"version\": \"6.1.2\",\x0d\x0a      \"dev\": true,\x0d\x0a   
   \"license\": \"MIT\",\x0d\x0a      \"dependencies\": {\x0d\x0a        \"cssesc\": \"^3.0.0\",\x0d\x0a        
\"util-deprecate\": \"^1.0.2\"\x0d\x0a      },\x0d\x0a      \"engines\": {\x0d\x0a        \"node\": \">=4\"\x0d\x0a    
  }\x0d\x0a    },\x0d\x0a    \"node_modules/postcss-value-parser\": {\x0d\x0a      \"version\": \"4.2.0\",\x0d\x0a     
 \"dev\": true,\x0d\x0a      \"license\": \"MIT\"\x0d\x0a    },\x0d\x0a    \"node_modules/prelude-ls\": {\x0d\x0a      
\"version\": \"1.2.1\",\x0d\x0a      \"dev\": true,\x0d\x0a      \"license\": \"MIT\",\x0d\x0a      \"engines\": 
{\x0d\x0a        \"node\": \">= 0.8.0\"\x0d\x0a      }\x0d\x0a    },\x0d\x0a    \"node_modules/prettier\": {\x0d\x0a   
   \"version\": \"3.6.2\",\x0d\x0a      \"license\": \"MIT\",\x0d\x0a      \"bin\": {\x0d\x0a        \"prettier\": 
\"bin/prettier.cjs\"\x0d\x0a      },\x0d\x0a      \"engines\": {\x0d\x0a        \"node\": \">=14\"\x0d\x0a      
},\x0d\x0a      \"funding\": {\x0d\x0a        \"url\": \"https://github.com/prettier/prettier?sponsor=1\"\x0d\x0a      
}\x0d\x0a    },\x0d\x0a    \"node_modules/prop-types\": {\x0d\x0a      \"version\": \"15.8.1\",\x0d\x0a      
\"license\": \"MIT\",\x0d\x0a      \"dependencies\": {\x0d\x0a        \"loose-envify\": \"^1.4.0\",\x0d\x0a        
\"object-assign\": \"^4.1.1\",\x0d\x0a        \"react-is\": \"^16.13.1\"\x0d\x0a      }\x0d\x0a    },\x0d\x0a    
\"node_modules/property-information\": {\x0d\x0a      \"version\": \"7.1.0\",\x0d\x0a      \"license\": 
\"MIT\",\x0d\x0a      \"funding\": {\x0d\x0a        \"type\": \"github\",\x0d\x0a        \"url\": 
\"https://github.com/sponsors/wooorm\"\x0d\x0a      }\x0d\x0a    },\x0d\x0a    \"node_modules/protobufjs\": {\x0d\x0a  
    \"version\": \"7.5.3\",\x0d\x0a      \"hasInstallScript\": true,\x0d\x0a      \"license\": 
\"BSD-3-Clause\",\x0d\x0a      \"dependencies\": {\x0d\x0a        \"@protobufjs/aspromise\": \"^1.1.2\",\x0d\x0a       
 \"@protobufjs/base64\": \"^1.1.2\",\x0d\x0a        \"@protobufjs/codegen\": \"^2.0.4\",\x0d\x0a        
\"@protobufjs/eventemitter\": \"^1.1.0\",\x0d\x0a        \"@protobufjs/fetch\": \"^1.1.0\",\x0d\x0a        
\"@protobufjs/float\": \"^1.0.2\",\x0d\x0a        \"@protobufjs/inquire\": \"^1.1.0\",\x0d\x0a        
\"@protobufjs/path\": \"^1.1.2\",\x0d\x0a        \"@protobufjs/pool\": \"^1.1.0\",\x0d\x0a        
\"@protobufjs/utf8\": \"^1.1.0\",\x0d\x0a        \"@types/node\": \">=13.7.0\",\x0d\x0a        \"long\": 
\"^5.0.0\"\x0d\x0a      },\x0d\x0a      \"engines\": {\x0d\x0a        \"node\": \">=12.0.0\"\x0d\x0a      }\x0d\x0a    
},\x0d\x0a    \"node_modules/proxy-from-env\": {\x0d\x0a      \"version\": \"1.1.0\",\x0d\x0a      \"license\": 
\"MIT\"\x0d\x0a    },\x0d\x0a    \"node_modules/punycode\": {\x0d\x0a      \"version\": \"2.3.1\",\x0d\x0a      
\"dev\": true,\x0d\x0a      \"license\": \"MIT\",\x0d\x0a      \"engines\": {\x0d\x0a        \"node\": \">=6\"\x0d\x0a 
     }\x0d\x0a    },\x0d\x0a    \"node_modules/queue-microtask\": {\x0d\x0a      \"version\": \"1.2.3\",\x0d\x0a      
\"dev\": true,\x0d\x0a      \"funding\": [\x0d\x0a        {\x0d\x0a          \"type\": \"github\",\x0d\x0a          
\"url\": \"https://github.com/sponsors/feross\"\x0d\x0a        },\x0d\x0a        {\x0d\x0a          \"type\": 
\"patreon\",\x0d\x0a          \"url\": \"https://www.patreon.com/feross\"\x0d\x0a        },\x0d\x0a        {\x0d\x0a   
       \"type\": \"consulting\",\x0d\x0a          \"url\": \"https://feross.org/support\"\x0d\x0a        }\x0d\x0a     
 ],\x0d\x0a      \"license\": \"MIT\"\x0d\x0a    },\x0d\x0a    \"node_modules/razorpay\": {\x0d\x0a      \"version\": 
\"2.9.6\",\x0d\x0a      \"license\": \"MIT\",\x0d\x0a      \"dependencies\": {\x0d\x0a        \"axios\": 
\"^1.6.8\"\x0d\x0a      }\x0d\x0a    },\x0d\x0a    \"node_modules/react\": {\x0d\x0a      \"version\": 
\"19.1.0\",\x0d\x0a      \"license\": \"MIT\",\x0d\x0a      \"peer\": true,\x0d\x0a      \"engines\": {\x0d\x0a        
\"node\": \">=0.10.0\"\x0d\x0a      }\x0d\x0a    },\x0d\x0a    \"node_modules/react-chartjs-2\": {\x0d\x0a      
\"version\": \"5.3.0\",\x0d\x0a      \"license\": \"MIT\",\x0d\x0a      \"peerDependencies\": {\x0d\x0a        
\"chart.js\": \"^4.1.1\",\x0d\x0a        \"react\": \"^16.8.0 || ^17.0.0 || ^18.0.0 || ^19.0.0\"\x0d\x0a      
}\x0d\x0a    },\x0d\x0a    \"node_modules/react-dom\": {\x0d\x0a      \"version\": \"19.1.0\",\x0d\x0a      
\"license\": \"MIT\",\x0d\x0a      \"peer\": true,\x0d\x0a      \"dependencies\": {\x0d\x0a        \"scheduler\": 
\"^0.26.0\"\x0d\x0a      },\x0d\x0a      \"peerDependencies\": {\x0d\x0a        \"react\": \"^19.1.0\"\x0d\x0a      
}\x0d\x0a    },\x0d\x0a    \"node_modules/react-dropzone\": {\x0d\x0a      \"version\": \"14.3.8\",\x0d\x0a      
\"license\": \"MIT\",\x0d\x0a      \"dependencies\": {\x0d\x0a        \"attr-accept\": \"^2.2.4\",\x0d\x0a        
\"file-selector\": \"^2.1.0\",\x0d\x0a        \"prop-types\": \"^15.8.1\"\x0d\x0a      },\x0d\x0a      \"engines\": 
{\x0d\x0a        \"node\": \">= 10.13\"\x0d\x0a      },\x0d\x0a      \"peerDependencies\": {\x0d\x0a        \"react\": 
\">= 16.8 || 18.0.0\"\x0d\x0a      }\x0d\x0a    },\x0d\x0a    \"node_modules/react-hook-form\": {\x0d\x0a      
\"version\": \"7.61.1\",\x0d\x0a      \"license\": \"MIT\",\x0d\x0a      \"engines\": {\x0d\x0a        \"node\": 
\">=18.0.0\"\x0d\x0a      },\x0d\x0a      \"funding\": {\x0d\x0a        \"type\": \"opencollective\",\x0d\x0a        
\"url\": \"https://opencollective.com/react-hook-form\"\x0d\x0a      },\x0d\x0a      \"peerDependencies\": {\x0d\x0a   
     \"react\": \"^16.8.0 || ^17 || ^18 || ^19\"\x0d\x0a      }\x0d\x0a    },\x0d\x0a    
\"node_modules/react-hot-toast\": {\x0d\x0a      \"version\": \"2.5.2\",\x0d\x0a      \"license\": \"MIT\",\x0d\x0a    
  \"dependencies\": {\x0d\x0a        \"csstype\": \"^3.1.3\",\x0d\x0a        \"goober\": \"^2.1.16\"\x0d\x0a      
},\x0d\x0a      \"engines\": {\x0d\x0a        \"node\": \">=10\"\x0d\x0a      },\x0d\x0a      \"peerDependencies\": 
{\x0d\x0a        \"react\": \">=16\",\x0d\x0a        \"react-dom\": \">=16\"\x0d\x0a      }\x0d\x0a    },\x0d\x0a    
\"node_modules/react-is\": {\x0d\x0a      \"version\": \"16.13.1\",\x0d\x0a      \"license\": \"MIT\"\x0d\x0a    
},\x0d\x0a    \"node_modules/react-markdown\": {\x0d\x0a      \"version\": \"10.1.0\",\x0d\x0a      \"license\": 
\"MIT\",\x0d\x0a      \"dependencies\": {\x0d\x0a        \"@types/hast\": \"^3.0.0\",\x0d\x0a        \"@types/mdast\": 
\"^4.0.0\",\x0d\x0a        \"devlop\": \"^1.0.0\",\x0d\x0a        \"hast-util-to-jsx-runtime\": \"^2.0.0\",\x0d\x0a    
    \"html-url-attributes\": \"^3.0.0\",\x0d\x0a        \"mdast-util-to-hast\": \"^13.0.0\",\x0d\x0a        
\"remark-parse\": \"^11.0.0\",\x0d\x0a        \"remark-rehype\": \"^11.0.0\",\x0d\x0a        \"unified\": 
\"^11.0.0\",\x0d\x0a        \"unist-util-visit\": \"^5.0.0\",\x0d\x0a        \"vfile\": \"^6.0.0\"\x0d\x0a      
},\x0d\x0a      \"funding\": {\x0d\x0a        \"type\": \"opencollective\",\x0d\x0a        \"url\": 
\"https://opencollective.com/unified\"\x0d\x0a      },\x0d\x0a      \"peerDependencies\": {\x0d\x0a        
\"@types/react\": \">=18\",\x0d\x0a        \"react\": \">=18\"\x0d\x0a      }\x0d\x0a    },\x0d\x0a    
\"node_modules/react-promise-suspense\": {\x0d\x0a      \"version\": \"0.3.4\",\x0d\x0a      \"license\": 
\"MIT\",\x0d\x0a      \"dependencies\": {\x0d\x0a        \"fast-deep-equal\": \"^2.0.1\"\x0d\x0a      }\x0d\x0a    
},\x0d\x0a    \"node_modules/react-promise-suspense/node_modules/fast-deep-equal\": {\x0d\x0a      \"version\": 
\"2.0.1\",\x0d\x0a      \"license\": \"MIT\"\x0d\x0a    },\x0d\x0a    \"node_modules/react-toastify\": {\x0d\x0a      
\"version\": \"11.0.5\",\x0d\x0a      \"license\": \"MIT\",\x0d\x0a      \"dependencies\": {\x0d\x0a        \"clsx\": 
\"^2.1.1\"\x0d\x0a      },\x0d\x0a      \"peerDependencies\": {\x0d\x0a        \"react\": \"^18 || ^19\",\x0d\x0a      
  \"react-dom\": \"^18 || ^19\"\x0d\x0a      }\x0d\x0a    },\x0d\x0a    \"node_modules/react-transition-group\": 
{\x0d\x0a      \"version\": \"4.4.5\",\x0d\x0a      \"license\": \"BSD-3-Clause\",\x0d\x0a      \"dependencies\": 
{\x0d\x0a        \"@babel/runtime\": \"^7.5.5\",\x0d\x0a        \"dom-helpers\": \"^5.0.1\",\x0d\x0a        
\"loose-envify\": \"^1.4.0\",\x0d\x0a        \"prop-types\": \"^15.6.2\"\x0d\x0a      },\x0d\x0a      
\"peerDependencies\": {\x0d\x0a        \"react\": \">=16.6.0\",\x0d\x0a        \"react-dom\": \">=16.6.0\"\x0d\x0a     
 }\x0d\x0a    },\x0d\x0a    \"node_modules/read-cache\": {\x0d\x0a      \"version\": \"1.0.0\",\x0d\x0a      \"dev\": 
true,\x0d\x0a      \"license\": \"MIT\",\x0d\x0a      \"dependencies\": {\x0d\x0a        \"pify\": \"^2.3.0\"\x0d\x0a  
    }\x0d\x0a    },\x0d\x0a    \"node_modules/readdirp\": {\x0d\x0a      \"version\": \"4.1.2\",\x0d\x0a      
\"license\": \"MIT\",\x0d\x0a      \"engines\": {\x0d\x0a        \"node\": \">= 14.18.0\"\x0d\x0a      },\x0d\x0a      
\"funding\": {\x0d\x0a        \"type\": \"individual\",\x0d\x0a        \"url\": 
\"https://paulmillr.com/funding/\"\x0d\x0a      }\x0d\x0a    },\x0d\x0a    \"node_modules/reflect.getprototypeof\": 
{\x0d\x0a      \"version\": \"1.0.10\",\x0d\x0a      \"dev\": true,\x0d\x0a      \"license\": \"MIT\",\x0d\x0a      
\"dependencies\": {\x0d\x0a        \"call-bind\": \"^1.0.8\",\x0d\x0a        \"define-properties\": 
\"^1.2.1\",\x0d\x0a        \"es-abstract\": \"^1.23.9\",\x0d\x0a        \"es-errors\": \"^1.3.0\",\x0d\x0a        
\"es-object-atoms\": \"^1.0.0\",\x0d\x0a        \"get-intrinsic\": \"^1.2.7\",\x0d\x0a        \"get-proto\": 
\"^1.0.1\",\x0d\x0a        \"which-builtin-type\": \"^1.2.1\"\x0d\x0a      },\x0d\x0a      \"engines\": {\x0d\x0a      
  \"node\": \">= 0.4\"\x0d\x0a      },\x0d\x0a      \"funding\": {\x0d\x0a        \"url\": 
\"https://github.com/sponsors/ljharb\"\x0d\x0a      }\x0d\x0a    },\x0d\x0a    
\"node_modules/regexp.prototype.flags\": {\x0d\x0a      \"version\": \"1.5.4\",\x0d\x0a      \"dev\": true,\x0d\x0a    
  \"license\": \"MIT\",\x0d\x0a      \"dependencies\": {\x0d\x0a        \"call-bind\": \"^1.0.8\",\x0d\x0a        
\"define-properties\": \"^1.2.1\",\x0d\x0a        \"es-errors\": \"^1.3.0\",\x0d\x0a        \"get-proto\": 
\"^1.0.1\",\x0d\x0a        \"gopd\": \"^1.2.0\",\x0d\x0a        \"set-function-name\": \"^2.0.2\"\x0d\x0a      
},\x0d\x0a      \"engines\": {\x0d\x0a        \"node\": \">= 0.4\"\x0d\x0a      },\x0d\x0a      \"funding\": {\x0d\x0a 
       \"url\": \"https://github.com/sponsors/ljharb\"\x0d\x0a      }\x0d\x0a    },\x0d\x0a    
\"node_modules/remark-parse\": {\x0d\x0a      \"version\": \"11.0.0\",\x0d\x0a      \"license\": \"MIT\",\x0d\x0a      
\"dependencies\": {\x0d\x0a        \"@types/mdast\": \"^4.0.0\",\x0d\x0a        \"mdast-util-from-markdown\": 
\"^2.0.0\",\x0d\x0a        \"micromark-util-types\": \"^2.0.0\",\x0d\x0a        \"unified\": \"^11.0.0\"\x0d\x0a      
},\x0d\x0a      \"funding\": {\x0d\x0a        \"type\": \"opencollective\",\x0d\x0a        \"url\": 
\"https://opencollective.com/unified\"\x0d\x0a      }\x0d\x0a    },\x0d\x0a    \"node_modules/remark-rehype\": 
{\x0d\x0a      \"version\": \"11.1.2\",\x0d\x0a      \"license\": \"MIT\",\x0d\x0a      \"dependencies\": {\x0d\x0a    
    \"@types/hast\": \"^3.0.0\",\x0d\x0a        \"@types/mdast\": \"^4.0.0\",\x0d\x0a        \"mdast-util-to-hast\": 
\"^13.0.0\",\x0d\x0a        \"unified\": \"^11.0.0\",\x0d\x0a        \"vfile\": \"^6.0.0\"\x0d\x0a      },\x0d\x0a     
 \"funding\": {\x0d\x0a        \"type\": \"opencollective\",\x0d\x0a        \"url\": 
\"https://opencollective.com/unified\"\x0d\x0a      }\x0d\x0a    },\x0d\x0a    \"node_modules/require-directory\": 
{\x0d\x0a      \"version\": \"2.1.1\",\x0d\x0a      \"license\": \"MIT\",\x0d\x0a      \"engines\": {\x0d\x0a        
\"node\": \">=0.10.0\"\x0d\x0a      }\x0d\x0a    },\x0d\x0a    \"node_modules/resend\": {\x0d\x0a      \"version\": 
\"4.7.0\",\x0d\x0a      \"license\": \"MIT\",\x0d\x0a      \"dependencies\": {\x0d\x0a        \"@react-email/render\": 
\"1.1.2\"\x0d\x0a      },\x0d\x0a      \"engines\": {\x0d\x0a        \"node\": \">=18\"\x0d\x0a      }\x0d\x0a    
},\x0d\x0a    \"node_modules/resolve\": {\x0d\x0a      \"version\": \"1.22.10\",\x0d\x0a      \"license\": 
\"MIT\",\x0d\x0a      \"dependencies\": {\x0d\x0a        \"is-core-module\": \"^2.16.0\",\x0d\x0a        
\"path-parse\": \"^1.0.7\",\x0d\x0a        \"supports-preserve-symlinks-flag\": \"^1.0.0\"\x0d\x0a      },\x0d\x0a     
 \"bin\": {\x0d\x0a        \"resolve\": \"bin/resolve\"\x0d\x0a      },\x0d\x0a      \"engines\": {\x0d\x0a        
\"node\": \">= 0.4\"\x0d\x0a      },\x0d\x0a      \"funding\": {\x0d\x0a        \"url\": 
\"https://github.com/sponsors/ljharb\"\x0d\x0a      }\x0d\x0a    },\x0d\x0a    \"node_modules/resolve-from\": 
{\x0d\x0a      \"version\": \"4.0.0\",\x0d\x0a      \"license\": \"MIT\",\x0d\x0a      \"engines\": {\x0d\x0a        
\"node\": \">=4\"\x0d\x0a      }\x0d\x0a    },\x0d\x0a    \"node_modules/resolve-pkg-maps\": {\x0d\x0a      
\"version\": \"1.0.0\",\x0d\x0a      \"dev\": true,\x0d\x0a      \"license\": \"MIT\",\x0d\x0a      \"funding\": 
{\x0d\x0a        \"url\": \"https://github.com/privatenumber/resolve-pkg-maps?sponsor=1\"\x0d\x0a      }\x0d\x0a    
},\x0d\x0a    \"node_modules/retry\": {\x0d\x0a      \"version\": \"0.13.1\",\x0d\x0a      \"license\": 
\"MIT\",\x0d\x0a      \"engines\": {\x0d\x0a        \"node\": \">= 4\"\x0d\x0a      }\x0d\x0a    },\x0d\x0a    
\"node_modules/reusify\": {\x0d\x0a      \"version\": \"1.1.0\",\x0d\x0a      \"dev\": true,\x0d\x0a      \"license\": 
\"MIT\",\x0d\x0a      \"engines\": {\x0d\x0a        \"iojs\": \">=1.0.0\",\x0d\x0a        \"node\": 
\">=0.10.0\"\x0d\x0a      }\x0d\x0a    },\x0d\x0a    \"node_modules/run-parallel\": {\x0d\x0a      \"version\": 
\"1.2.0\",\x0d\x0a      \"dev\": true,\x0d\x0a      \"funding\": [\x0d\x0a        {\x0d\x0a          \"type\": 
\"github\",\x0d\x0a          \"url\": \"https://github.com/sponsors/feross\"\x0d\x0a        },\x0d\x0a        
{\x0d\x0a          \"type\": \"patreon\",\x0d\x0a          \"url\": \"https://www.patreon.com/feross\"\x0d\x0a        
},\x0d\x0a        {\x0d\x0a          \"type\": \"consulting\",\x0d\x0a          \"url\": 
\"https://feross.org/support\"\x0d\x0a        }\x0d\x0a      ],\x0d\x0a      \"license\": \"MIT\",\x0d\x0a      
\"dependencies\": {\x0d\x0a        \"queue-microtask\": \"^1.2.2\"\x0d\x0a      }\x0d\x0a    },\x0d\x0a    
\"node_modules/safe-array-concat\": {\x0d\x0a      \"version\": \"1.1.3\",\x0d\x0a      \"dev\": true,\x0d\x0a      
\"license\": \"MIT\",\x0d\x0a      \"dependencies\": {\x0d\x0a        \"call-bind\": \"^1.0.8\",\x0d\x0a        
\"call-bound\": \"^1.0.2\",\x0d\x0a        \"get-intrinsic\": \"^1.2.6\",\x0d\x0a        \"has-symbols\": 
\"^1.1.0\",\x0d\x0a        \"isarray\": \"^2.0.5\"\x0d\x0a      },\x0d\x0a      \"engines\": {\x0d\x0a        
\"node\": \">=0.4\"\x0d\x0a      },\x0d\x0a      \"funding\": {\x0d\x0a        \"url\": 
\"https://github.com/sponsors/ljharb\"\x0d\x0a      }\x0d\x0a    },\x0d\x0a    \"node_modules/safe-buffer\": {\x0d\x0a 
     \"version\": \"5.2.1\",\x0d\x0a      \"funding\": [\x0d\x0a        {\x0d\x0a          \"type\": 
\"github\",\x0d\x0a          \"url\": \"https://github.com/sponsors/feross\"\x0d\x0a        },\x0d\x0a        
{\x0d\x0a          \"type\": \"patreon\",\x0d\x0a          \"url\": \"https://www.patreon.com/feross\"\x0d\x0a        
},\x0d\x0a        {\x0d\x0a          \"type\": \"consulting\",\x0d\x0a          \"url\": 
\"https://feross.org/support\"\x0d\x0a        }\x0d\x0a      ],\x0d\x0a      \"license\": \"MIT\"\x0d\x0a    
},\x0d\x0a    \"node_modules/safe-push-apply\": {\x0d\x0a      \"version\": \"1.0.0\",\x0d\x0a      \"dev\": 
true,\x0d\x0a      \"license\": \"MIT\",\x0d\x0a      \"dependencies\": {\x0d\x0a        \"es-errors\": 
\"^1.3.0\",\x0d\x0a        \"isarray\": \"^2.0.5\"\x0d\x0a      },\x0d\x0a      \"engines\": {\x0d\x0a        
\"node\": \">= 0.4\"\x0d\x0a      },\x0d\x0a      \"funding\": {\x0d\x0a        \"url\": 
\"https://github.com/sponsors/ljharb\"\x0d\x0a      }\x0d\x0a    },\x0d\x0a    \"node_modules/safe-regex-test\": 
{\x0d\x0a      \"version\": \"1.1.0\",\x0d\x0a      \"dev\": true,\x0d\x0a      \"license\": \"MIT\",\x0d\x0a      
\"dependencies\": {\x0d\x0a        \"call-bound\": \"^1.0.2\",\x0d\x0a        \"es-errors\": \"^1.3.0\",\x0d\x0a       
 \"is-regex\": \"^1.2.1\"\x0d\x0a      },\x0d\x0a      \"engines\": {\x0d\x0a        \"node\": \">= 0.4\"\x0d\x0a      
},\x0d\x0a      \"funding\": {\x0d\x0a        \"url\": \"https://github.com/sponsors/ljharb\"\x0d\x0a      }\x0d\x0a   
 },\x0d\x0a    \"node_modules/scheduler\": {\x0d\x0a      \"version\": \"0.26.0\",\x0d\x0a      \"license\": 
\"MIT\"\x0d\x0a    },\x0d\x0a    \"node_modules/selderee\": {\x0d\x0a      \"version\": \"0.11.0\",\x0d\x0a      
\"license\": \"MIT\",\x0d\x0a      \"dependencies\": {\x0d\x0a        \"parseley\": \"^0.12.0\"\x0d\x0a      
},\x0d\x0a      \"funding\": {\x0d\x0a        \"url\": \"https://ko-fi.com/killymxi\"\x0d\x0a      }\x0d\x0a    
},\x0d\x0a    \"node_modules/semver\": {\x0d\x0a      \"version\": \"7.7.2\",\x0d\x0a      \"license\": 
\"ISC\",\x0d\x0a      \"bin\": {\x0d\x0a        \"semver\": \"bin/semver.js\"\x0d\x0a      },\x0d\x0a      
\"engines\": {\x0d\x0a        \"node\": \">=10\"\x0d\x0a      }\x0d\x0a    },\x0d\x0a    
\"node_modules/set-function-length\": {\x0d\x0a      \"version\": \"1.2.2\",\x0d\x0a      \"dev\": true,\x0d\x0a      
\"license\": \"MIT\",\x0d\x0a      \"dependencies\": {\x0d\x0a        \"define-data-property\": \"^1.1.4\",\x0d\x0a    
    \"es-errors\": \"^1.3.0\",\x0d\x0a        \"function-bind\": \"^1.1.2\",\x0d\x0a        \"get-intrinsic\": 
\"^1.2.4\",\x0d\x0a        \"gopd\": \"^1.0.1\",\x0d\x0a        \"has-property-descriptors\": \"^1.0.2\"\x0d\x0a      
},\x0d\x0a      \"engines\": {\x0d\x0a        \"node\": \">= 0.4\"\x0d\x0a      }\x0d\x0a    },\x0d\x0a    
\"node_modules/set-function-name\": {\x0d\x0a      \"version\": \"2.0.2\",\x0d\x0a      \"dev\": true,\x0d\x0a      
\"license\": \"MIT\",\x0d\x0a      \"dependencies\": {\x0d\x0a        \"define-data-property\": \"^1.1.4\",\x0d\x0a    
    \"es-errors\": \"^1.3.0\",\x0d\x0a        \"functions-have-names\": \"^1.2.3\",\x0d\x0a        
\"has-property-descriptors\": \"^1.0.2\"\x0d\x0a      },\x0d\x0a      \"engines\": {\x0d\x0a        \"node\": \">= 
0.4\"\x0d\x0a      }\x0d\x0a    },\x0d\x0a    \"node_modules/set-proto\": {\x0d\x0a      \"version\": 
\"1.0.0\",\x0d\x0a      \"dev\": true,\x0d\x0a      \"license\": \"MIT\",\x0d\x0a      \"dependencies\": {\x0d\x0a     
   \"dunder-proto\": \"^1.0.1\",\x0d\x0a        \"es-errors\": \"^1.3.0\",\x0d\x0a        \"es-object-atoms\": 
\"^1.0.0\"\x0d\x0a      },\x0d\x0a      \"engines\": {\x0d\x0a        \"node\": \">= 0.4\"\x0d\x0a      }\x0d\x0a    
},\x0d\x0a    \"node_modules/sharp\": {\x0d\x0a      \"version\": \"0.34.3\",\x0d\x0a      \"hasInstallScript\": 
true,\x0d\x0a      \"license\": \"Apache-2.0\",\x0d\x0a      \"optional\": true,\x0d\x0a      \"dependencies\": 
{\x0d\x0a        \"color\": \"^4.2.3\",\x0d\x0a        \"detect-libc\": \"^2.0.4\",\x0d\x0a        \"semver\": 
\"^7.7.2\"\x0d\x0a      },\x0d\x0a      \"engines\": {\x0d\x0a        \"node\": \"^18.17.0 || ^20.3.0 || 
>=21.0.0\"\x0d\x0a      },\x0d\x0a      \"funding\": {\x0d\x0a        \"url\": 
\"https://opencollective.com/libvips\"\x0d\x0a      },\x0d\x0a      \"optionalDependencies\": {\x0d\x0a        
\"@img/sharp-darwin-arm64\": \"0.34.3\",\x0d\x0a        \"@img/sharp-darwin-x64\": \"0.34.3\",\x0d\x0a        
\"@img/sharp-libvips-darwin-arm64\": \"1.2.0\",\x0d\x0a        \"@img/sharp-libvips-darwin-x64\": \"1.2.0\",\x0d\x0a   
     \"@img/sharp-libvips-linux-arm\": \"1.2.0\",\x0d\x0a        \"@img/sharp-libvips-linux-arm64\": 
\"1.2.0\",\x0d\x0a        \"@img/sharp-libvips-linux-ppc64\": \"1.2.0\",\x0d\x0a        
\"@img/sharp-libvips-linux-s390x\": \"1.2.0\",\x0d\x0a        \"@img/sharp-libvips-linux-x64\": \"1.2.0\",\x0d\x0a     
   \"@img/sharp-libvips-linuxmusl-arm64\": \"1.2.0\",\x0d\x0a        \"@img/sharp-libvips-linuxmusl-x64\": 
\"1.2.0\",\x0d\x0a        \"@img/sharp-linux-arm\": \"0.34.3\",\x0d\x0a        \"@img/sharp-linux-arm64\": 
\"0.34.3\",\x0d\x0a        \"@img/sharp-linux-ppc64\": \"0.34.3\",\x0d\x0a        \"@img/sharp-linux-s390x\": 
\"0.34.3\",\x0d\x0a        \"@img/sharp-linux-x64\": \"0.34.3\",\x0d\x0a        \"@img/sharp-linuxmusl-arm64\": 
\"0.34.3\",\x0d\x0a        \"@img/sharp-linuxmusl-x64\": \"0.34.3\",\x0d\x0a        \"@img/sharp-wasm32\": 
\"0.34.3\",\x0d\x0a        \"@img/sharp-win32-arm64\": \"0.34.3\",\x0d\x0a        \"@img/sharp-win32-ia32\": 
\"0.34.3\",\x0d\x0a        \"@img/sharp-win32-x64\": \"0.34.3\"\x0d\x0a      }\x0d\x0a    },\x0d\x0a    
\"node_modules/shebang-command\": {\x0d\x0a      \"version\": \"2.0.0\",\x0d\x0a      \"dev\": true,\x0d\x0a      
\"license\": \"MIT\",\x0d\x0a      \"dependencies\": {\x0d\x0a        \"shebang-regex\": \"^3.0.0\"\x0d\x0a      
},\x0d\x0a      \"engines\": {\x0d\x0a        \"node\": \">=8\"\x0d\x0a      }\x0d\x0a    },\x0d\x0a    
\"node_modules/shebang-regex\": {\x0d\x0a      \"version\": \"3.0.0\",\x0d\x0a      \"dev\": true,\x0d\x0a      
\"license\": \"MIT\",\x0d\x0a      \"engines\": {\x0d\x0a        \"node\": \">=8\"\x0d\x0a      }\x0d\x0a    
},\x0d\x0a    \"node_modules/side-channel\": {\x0d\x0a      \"version\": \"1.1.0\",\x0d\x0a      \"dev\": 
true,\x0d\x0a      \"license\": \"MIT\",\x0d\x0a      \"dependencies\": {\x0d\x0a        \"es-errors\": 
\"^1.3.0\",\x0d\x0a        \"object-inspect\": \"^1.13.3\",\x0d\x0a        \"side-channel-list\": \"^1.0.0\",\x0d\x0a  
      \"side-channel-map\": \"^1.0.1\",\x0d\x0a        \"side-channel-weakmap\": \"^1.0.2\"\x0d\x0a      },\x0d\x0a    
  \"engines\": {\x0d\x0a        \"node\": \">= 0.4\"\x0d\x0a      },\x0d\x0a      \"funding\": {\x0d\x0a        
\"url\": \"https://github.com/sponsors/ljharb\"\x0d\x0a      }\x0d\x0a    },\x0d\x0a    
\"node_modules/side-channel-list\": {\x0d\x0a      \"version\": \"1.0.0\",\x0d\x0a      \"dev\": true,\x0d\x0a      
\"license\": \"MIT\",\x0d\x0a      \"dependencies\": {\x0d\x0a        \"es-errors\": \"^1.3.0\",\x0d\x0a        
\"object-inspect\": \"^1.13.3\"\x0d\x0a      },\x0d\x0a      \"engines\": {\x0d\x0a        \"node\": \">= 
0.4\"\x0d\x0a      },\x0d\x0a      \"funding\": {\x0d\x0a        \"url\": 
\"https://github.com/sponsors/ljharb\"\x0d\x0a      }\x0d\x0a    },\x0d\x0a    \"node_modules/side-channel-map\": 
{\x0d\x0a      \"version\": \"1.0.1\",\x0d\x0a      \"dev\": true,\x0d\x0a      \"license\": \"MIT\",\x0d\x0a      
\"dependencies\": {\x0d\x0a        \"call-bound\": \"^1.0.2\",\x0d\x0a        \"es-errors\": \"^1.3.0\",\x0d\x0a       
 \"get-intrinsic\": \"^1.2.5\",\x0d\x0a        \"object-inspect\": \"^1.13.3\"\x0d\x0a      },\x0d\x0a      
\"engines\": {\x0d\x0a        \"node\": \">= 0.4\"\x0d\x0a      },\x0d\x0a      \"funding\": {\x0d\x0a        \"url\": 
\"https://github.com/sponsors/ljharb\"\x0d\x0a      }\x0d\x0a    },\x0d\x0a    \"node_modules/side-channel-weakmap\": 
{\x0d\x0a      \"version\": \"1.0.2\",\x0d\x0a      \"dev\": true,\x0d\x0a      \"license\": \"MIT\",\x0d\x0a      
\"dependencies\": {\x0d\x0a        \"call-bound\": \"^1.0.2\",\x0d\x0a        \"es-errors\": \"^1.3.0\",\x0d\x0a       
 \"get-intrinsic\": \"^1.2.5\",\x0d\x0a        \"object-inspect\": \"^1.13.3\",\x0d\x0a        \"side-channel-map\": 
\"^1.0.1\"\x0d\x0a      },\x0d\x0a      \"engines\": {\x0d\x0a        \"node\": \">= 0.4\"\x0d\x0a      },\x0d\x0a     
 \"funding\": {\x0d\x0a        \"url\": \"https://github.com/sponsors/ljharb\"\x0d\x0a      }\x0d\x0a    },\x0d\x0a    
\"node_modules/signal-exit\": {\x0d\x0a      \"version\": \"4.1.0\",\x0d\x0a      \"dev\": true,\x0d\x0a      
\"license\": \"ISC\",\x0d\x0a      \"engines\": {\x0d\x0a        \"node\": \">=14\"\x0d\x0a      },\x0d\x0a      
\"funding\": {\x0d\x0a        \"url\": \"https://github.com/sponsors/isaacs\"\x0d\x0a      }\x0d\x0a    },\x0d\x0a    
\"node_modules/simple-swizzle\": {\x0d\x0a      \"version\": \"0.2.2\",\x0d\x0a      \"license\": \"MIT\",\x0d\x0a     
 \"optional\": true,\x0d\x0a      \"dependencies\": {\x0d\x0a        \"is-arrayish\": \"^0.3.1\"\x0d\x0a      
}\x0d\x0a    },\x0d\x0a    \"node_modules/simple-wcswidth\": {\x0d\x0a      \"version\": \"1.1.2\",\x0d\x0a      
\"license\": \"MIT\"\x0d\x0a    },\x0d\x0a    \"node_modules/sonner\": {\x0d\x0a      \"version\": \"1.7.4\",\x0d\x0a  
    \"license\": \"MIT\",\x0d\x0a      \"peerDependencies\": {\x0d\x0a        \"react\": \"^18.0.0 || ^19.0.0 || 
^19.0.0-rc\",\x0d\x0a        \"react-dom\": \"^18.0.0 || ^19.0.0 || ^19.0.0-rc\"\x0d\x0a      }\x0d\x0a    },\x0d\x0a  
  \"node_modules/source-map\": {\x0d\x0a      \"version\": \"0.5.7\",\x0d\x0a      \"license\": 
\"BSD-3-Clause\",\x0d\x0a      \"engines\": {\x0d\x0a        \"node\": \">=0.10.0\"\x0d\x0a      }\x0d\x0a    
},\x0d\x0a    \"node_modules/source-map-js\": {\x0d\x0a      \"version\": \"1.2.1\",\x0d\x0a      \"license\": 
\"BSD-3-Clause\",\x0d\x0a      \"engines\": {\x0d\x0a        \"node\": \">=0.10.0\"\x0d\x0a      }\x0d\x0a    
},\x0d\x0a    \"node_modules/space-separated-tokens\": {\x0d\x0a      \"version\": \"2.0.2\",\x0d\x0a      
\"license\": \"MIT\",\x0d\x0a      \"funding\": {\x0d\x0a        \"type\": \"github\",\x0d\x0a        \"url\": 
\"https://github.com/sponsors/wooorm\"\x0d\x0a      }\x0d\x0a    },\x0d\x0a    \"node_modules/stable-hash\": {\x0d\x0a 
     \"version\": \"0.0.5\",\x0d\x0a      \"dev\": true,\x0d\x0a      \"license\": \"MIT\"\x0d\x0a    },\x0d\x0a    
\"node_modules/stop-iteration-iterator\": {\x0d\x0a      \"version\": \"1.1.0\",\x0d\x0a      \"dev\": true,\x0d\x0a   
   \"license\": \"MIT\",\x0d\x0a      \"dependencies\": {\x0d\x0a        \"es-errors\": \"^1.3.0\",\x0d\x0a        
\"internal-slot\": \"^1.1.0\"\x0d\x0a      },\x0d\x0a      \"engines\": {\x0d\x0a        \"node\": \">= 0.4\"\x0d\x0a  
    }\x0d\x0a    },\x0d\x0a    \"node_modules/string-width\": {\x0d\x0a      \"version\": \"4.2.3\",\x0d\x0a      
\"license\": \"MIT\",\x0d\x0a      \"dependencies\": {\x0d\x0a        \"emoji-regex\": \"^8.0.0\",\x0d\x0a        
\"is-fullwidth-code-point\": \"^3.0.0\",\x0d\x0a        \"strip-ansi\": \"^6.0.1\"\x0d\x0a      },\x0d\x0a      
\"engines\": {\x0d\x0a        \"node\": \">=8\"\x0d\x0a      }\x0d\x0a    },\x0d\x0a    
\"node_modules/string-width-cjs\": {\x0d\x0a      \"name\": \"string-width\",\x0d\x0a      \"version\": 
\"4.2.3\",\x0d\x0a      \"dev\": true,\x0d\x0a      \"license\": \"MIT\",\x0d\x0a      \"dependencies\": {\x0d\x0a     
   \"emoji-regex\": \"^8.0.0\",\x0d\x0a        \"is-fullwidth-code-point\": \"^3.0.0\",\x0d\x0a        \"strip-ansi\": 
\"^6.0.1\"\x0d\x0a      },\x0d\x0a      \"engines\": {\x0d\x0a        \"node\": \">=8\"\x0d\x0a      }\x0d\x0a    
},\x0d\x0a    \"node_modules/string.prototype.includes\": {\x0d\x0a      \"version\": \"2.0.1\",\x0d\x0a      \"dev\": 
true,\x0d\x0a      \"license\": \"MIT\",\x0d\x0a      \"dependencies\": {\x0d\x0a        \"call-bind\": 
\"^1.0.7\",\x0d\x0a        \"define-properties\": \"^1.2.1\",\x0d\x0a        \"es-abstract\": \"^1.23.3\"\x0d\x0a      
},\x0d\x0a      \"engines\": {\x0d\x0a        \"node\": \">= 0.4\"\x0d\x0a      }\x0d\x0a    },\x0d\x0a    
\"node_modules/string.prototype.matchall\": {\x0d\x0a      \"version\": \"4.0.12\",\x0d\x0a      \"dev\": 
true,\x0d\x0a      \"license\": \"MIT\",\x0d\x0a      \"dependencies\": {\x0d\x0a        \"call-bind\": 
\"^1.0.8\",\x0d\x0a        \"call-bound\": \"^1.0.3\",\x0d\x0a        \"define-properties\": \"^1.2.1\",\x0d\x0a       
 \"es-abstract\": \"^1.23.6\",\x0d\x0a        \"es-errors\": \"^1.3.0\",\x0d\x0a        \"es-object-atoms\": 
\"^1.0.0\",\x0d\x0a        \"get-intrinsic\": \"^1.2.6\",\x0d\x0a        \"gopd\": \"^1.2.0\",\x0d\x0a        
\"has-symbols\": \"^1.1.0\",\x0d\x0a        \"internal-slot\": \"^1.1.0\",\x0d\x0a        \"regexp.prototype.flags\": 
\"^1.5.3\",\x0d\x0a        \"set-function-name\": \"^2.0.2\",\x0d\x0a        \"side-channel\": \"^1.1.0\"\x0d\x0a      
},\x0d\x0a      \"engines\": {\x0d\x0a        \"node\": \">= 0.4\"\x0d\x0a      },\x0d\x0a      \"funding\": {\x0d\x0a 
       \"url\": \"https://github.com/sponsors/ljharb\"\x0d\x0a      }\x0d\x0a    },\x0d\x0a    
\"node_modules/string.prototype.repeat\": {\x0d\x0a      \"version\": \"1.0.0\",\x0d\x0a      \"dev\": true,\x0d\x0a   
   \"license\": \"MIT\",\x0d\x0a      \"dependencies\": {\x0d\x0a        \"define-properties\": \"^1.1.3\",\x0d\x0a    
    \"es-abstract\": \"^1.17.5\"\x0d\x0a      }\x0d\x0a    },\x0d\x0a    \"node_modules/string.prototype.trim\": 
{\x0d\x0a      \"version\": \"1.2.10\",\x0d\x0a      \"dev\": true,\x0d\x0a      \"license\": \"MIT\",\x0d\x0a      
\"dependencies\": {\x0d\x0a        \"call-bind\": \"^1.0.8\",\x0d\x0a        \"call-bound\": \"^1.0.2\",\x0d\x0a       
 \"define-data-property\": \"^1.1.4\",\x0d\x0a        \"define-properties\": \"^1.2.1\",\x0d\x0a        
\"es-abstract\": \"^1.23.5\",\x0d\x0a        \"es-object-atoms\": \"^1.0.0\",\x0d\x0a        
\"has-property-descriptors\": \"^1.0.2\"\x0d\x0a      },\x0d\x0a      \"engines\": {\x0d\x0a        \"node\": \">= 
0.4\"\x0d\x0a      },\x0d\x0a      \"funding\": {\x0d\x0a        \"url\": 
\"https://github.com/sponsors/ljharb\"\x0d\x0a      }\x0d\x0a    },\x0d\x0a    
\"node_modules/string.prototype.trimend\": {\x0d\x0a      \"version\": \"1.0.9\",\x0d\x0a      \"dev\": true,\x0d\x0a  
    \"license\": \"MIT\",\x0d\x0a      \"dependencies\": {\x0d\x0a        \"call-bind\": \"^1.0.8\",\x0d\x0a        
\"call-bound\": \"^1.0.2\",\x0d\x0a        \"define-properties\": \"^1.2.1\",\x0d\x0a        \"es-object-atoms\": 
\"^1.0.0\"\x0d\x0a      },\x0d\x0a      \"engines\": {\x0d\x0a        \"node\": \">= 0.4\"\x0d\x0a      },\x0d\x0a     
 \"funding\": {\x0d\x0a        \"url\": \"https://github.com/sponsors/ljharb\"\x0d\x0a      }\x0d\x0a    },\x0d\x0a    
\"node_modules/string.prototype.trimstart\": {\x0d\x0a      \"version\": \"1.0.8\",\x0d\x0a      \"dev\": 
true,\x0d\x0a      \"license\": \"MIT\",\x0d\x0a      \"dependencies\": {\x0d\x0a        \"call-bind\": 
\"^1.0.7\",\x0d\x0a        \"define-properties\": \"^1.2.1\",\x0d\x0a        \"es-object-atoms\": \"^1.0.0\"\x0d\x0a   
   },\x0d\x0a      \"engines\": {\x0d\x0a        \"node\": \">= 0.4\"\x0d\x0a      },\x0d\x0a      \"funding\": 
{\x0d\x0a        \"url\": \"https://github.com/sponsors/ljharb\"\x0d\x0a      }\x0d\x0a    },\x0d\x0a    
\"node_modules/stringify-entities\": {\x0d\x0a      \"version\": \"4.0.4\",\x0d\x0a      \"license\": \"MIT\",\x0d\x0a 
     \"dependencies\": {\x0d\x0a        \"character-entities-html4\": \"^2.0.0\",\x0d\x0a        
\"character-entities-legacy\": \"^3.0.0\"\x0d\x0a      },\x0d\x0a      \"funding\": {\x0d\x0a        \"type\": 
\"github\",\x0d\x0a        \"url\": \"https://github.com/sponsors/wooorm\"\x0d\x0a      }\x0d\x0a    },\x0d\x0a    
\"node_modules/strip-ansi\": {\x0d\x0a      \"version\": \"6.0.1\",\x0d\x0a      \"license\": \"MIT\",\x0d\x0a      
\"dependencies\": {\x0d\x0a        \"ansi-regex\": \"^5.0.1\"\x0d\x0a      },\x0d\x0a      \"engines\": {\x0d\x0a      
  \"node\": \">=8\"\x0d\x0a      }\x0d\x0a    },\x0d\x0a    \"node_modules/strip-ansi-cjs\": {\x0d\x0a      \"name\": 
\"strip-ansi\",\x0d\x0a      \"version\": \"6.0.1\",\x0d\x0a      \"dev\": true,\x0d\x0a      \"license\": 
\"MIT\",\x0d\x0a      \"dependencies\": {\x0d\x0a        \"ansi-regex\": \"^5.0.1\"\x0d\x0a      },\x0d\x0a      
\"engines\": {\x0d\x0a        \"node\": \">=8\"\x0d\x0a      }\x0d\x0a    },\x0d\x0a    \"node_modules/strip-bom\": 
{\x0d\x0a      \"version\": \"3.0.0\",\x0d\x0a      \"dev\": true,\x0d\x0a      \"license\": \"MIT\",\x0d\x0a      
\"engines\": {\x0d\x0a        \"node\": \">=4\"\x0d\x0a      }\x0d\x0a    },\x0d\x0a    
\"node_modules/strip-json-comments\": {\x0d\x0a      \"version\": \"3.1.1\",\x0d\x0a      \"dev\": true,\x0d\x0a      
\"license\": \"MIT\",\x0d\x0a      \"engines\": {\x0d\x0a        \"node\": \">=8\"\x0d\x0a      },\x0d\x0a      
\"funding\": {\x0d\x0a        \"url\": \"https://github.com/sponsors/sindresorhus\"\x0d\x0a      }\x0d\x0a    
},\x0d\x0a    \"node_modules/style-to-js\": {\x0d\x0a      \"version\": \"1.1.17\",\x0d\x0a      \"license\": 
\"MIT\",\x0d\x0a      \"dependencies\": {\x0d\x0a        \"style-to-object\": \"1.0.9\"\x0d\x0a      }\x0d\x0a    
},\x0d\x0a    \"node_modules/style-to-object\": {\x0d\x0a      \"version\": \"1.0.9\",\x0d\x0a      \"license\": 
\"MIT\",\x0d\x0a      \"dependencies\": {\x0d\x0a        \"inline-style-parser\": \"0.2.4\"\x0d\x0a      }\x0d\x0a    
},\x0d\x0a    \"node_modules/styled-jsx\": {\x0d\x0a      \"version\": \"5.1.6\",\x0d\x0a      \"license\": 
\"MIT\",\x0d\x0a      \"dependencies\": {\x0d\x0a        \"client-only\": \"0.0.1\"\x0d\x0a      },\x0d\x0a      
\"engines\": {\x0d\x0a        \"node\": \">= 12.0.0\"\x0d\x0a      },\x0d\x0a      \"peerDependencies\": {\x0d\x0a     
   \"react\": \">= 16.8.0 || 17.x.x || ^18.0.0-0 || ^19.0.0-0\"\x0d\x0a      },\x0d\x0a      \"peerDependenciesMeta\": 
{\x0d\x0a        \"@babel/core\": {\x0d\x0a          \"optional\": true\x0d\x0a        },\x0d\x0a        
\"babel-plugin-macros\": {\x0d\x0a          \"optional\": true\x0d\x0a        }\x0d\x0a      }\x0d\x0a    },\x0d\x0a   
 \"node_modules/stylis\": {\x0d\x0a      \"version\": \"4.2.0\",\x0d\x0a      \"license\": \"MIT\"\x0d\x0a    
},\x0d\x0a    \"node_modules/sucrase\": {\x0d\x0a      \"version\": \"3.35.0\",\x0d\x0a      \"dev\": true,\x0d\x0a    
  \"license\": \"MIT\",\x0d\x0a      \"dependencies\": {\x0d\x0a        \"@jridgewell/gen-mapping\": 
\"^0.3.2\",\x0d\x0a        \"commander\": \"^4.0.0\",\x0d\x0a        \"glob\": \"^10.3.10\",\x0d\x0a        
\"lines-and-columns\": \"^1.1.6\",\x0d\x0a        \"mz\": \"^2.7.0\",\x0d\x0a        \"pirates\": \"^4.0.1\",\x0d\x0a  
      \"ts-interface-checker\": \"^0.1.9\"\x0d\x0a      },\x0d\x0a      \"bin\": {\x0d\x0a        \"sucrase\": 
\"bin/sucrase\",\x0d\x0a        \"sucrase-node\": \"bin/sucrase-node\"\x0d\x0a      },\x0d\x0a      \"engines\": 
{\x0d\x0a        \"node\": \">=16 || 14 >=14.17\"\x0d\x0a      }\x0d\x0a    },\x0d\x0a    
\"node_modules/supports-color\": {\x0d\x0a      \"version\": \"7.2.0\",\x0d\x0a      \"license\": \"MIT\",\x0d\x0a     
 \"dependencies\": {\x0d\x0a        \"has-flag\": \"^4.0.0\"\x0d\x0a      },\x0d\x0a      \"engines\": {\x0d\x0a       
 \"node\": \">=8\"\x0d\x0a      }\x0d\x0a    },\x0d\x0a    \"node_modules/supports-preserve-symlinks-flag\": {\x0d\x0a 
     \"version\": \"1.0.0\",\x0d\x0a      \"license\": \"MIT\",\x0d\x0a      \"engines\": {\x0d\x0a        \"node\": 
\">= 0.4\"\x0d\x0a      },\x0d\x0a      \"funding\": {\x0d\x0a        \"url\": 
\"https://github.com/sponsors/ljharb\"\x0d\x0a      }\x0d\x0a    },\x0d\x0a    \"node_modules/tabbable\": {\x0d\x0a    
  \"version\": \"6.2.0\",\x0d\x0a      \"license\": \"MIT\"\x0d\x0a    },\x0d\x0a    \"node_modules/tailwindcss\": 
{\x0d\x0a      \"version\": \"3.4.17\",\x0d\x0a      \"dev\": true,\x0d\x0a      \"license\": \"MIT\",\x0d\x0a      
\"dependencies\": {\x0d\x0a        \"@alloc/quick-lru\": \"^5.2.0\",\x0d\x0a        \"arg\": \"^5.0.2\",\x0d\x0a       
 \"chokidar\": \"^3.6.0\",\x0d\x0a        \"didyoumean\": \"^1.2.2\",\x0d\x0a        \"dlv\": \"^1.1.3\",\x0d\x0a      
  \"fast-glob\": \"^3.3.2\",\x0d\x0a        \"glob-parent\": \"^6.0.2\",\x0d\x0a        \"is-glob\": 
\"^4.0.3\",\x0d\x0a        \"jiti\": \"^1.21.6\",\x0d\x0a        \"lilconfig\": \"^3.1.3\",\x0d\x0a        
\"micromatch\": \"^4.0.8\",\x0d\x0a        \"normalize-path\": \"^3.0.0\",\x0d\x0a        \"object-hash\": 
\"^3.0.0\",\x0d\x0a        \"picocolors\": \"^1.1.1\",\x0d\x0a        \"postcss\": \"^8.4.47\",\x0d\x0a        
\"postcss-import\": \"^15.1.0\",\x0d\x0a        \"postcss-js\": \"^4.0.1\",\x0d\x0a        \"postcss-load-config\": 
\"^4.0.2\",\x0d\x0a        \"postcss-nested\": \"^6.2.0\",\x0d\x0a        \"postcss-selector-parser\": 
\"^6.1.2\",\x0d\x0a        \"resolve\": \"^1.22.8\",\x0d\x0a        \"sucrase\": \"^3.35.0\"\x0d\x0a      },\x0d\x0a   
   \"bin\": {\x0d\x0a        \"tailwind\": \"lib/cli.js\",\x0d\x0a        \"tailwindcss\": \"lib/cli.js\"\x0d\x0a      
},\x0d\x0a      \"engines\": {\x0d\x0a        \"node\": \">=14.0.0\"\x0d\x0a      }\x0d\x0a    },\x0d\x0a    
\"node_modules/tailwindcss/node_modules/chokidar\": {\x0d\x0a      \"version\": \"3.6.0\",\x0d\x0a      \"dev\": 
true,\x0d\x0a      \"license\": \"MIT\",\x0d\x0a      \"dependencies\": {\x0d\x0a        \"anymatch\": 
\"~3.1.2\",\x0d\x0a        \"braces\": \"~3.0.2\",\x0d\x0a        \"glob-parent\": \"~5.1.2\",\x0d\x0a        
\"is-binary-path\": \"~2.1.0\",\x0d\x0a        \"is-glob\": \"~4.0.1\",\x0d\x0a        \"normalize-path\": 
\"~3.0.0\",\x0d\x0a        \"readdirp\": \"~3.6.0\"\x0d\x0a      },\x0d\x0a      \"engines\": {\x0d\x0a        
\"node\": \">= 8.10.0\"\x0d\x0a      },\x0d\x0a      \"funding\": {\x0d\x0a        \"url\": 
\"https://paulmillr.com/funding/\"\x0d\x0a      },\x0d\x0a      \"optionalDependencies\": {\x0d\x0a        
\"fsevents\": \"~2.3.2\"\x0d\x0a      }\x0d\x0a    },\x0d\x0a    
\"node_modules/tailwindcss/node_modules/chokidar/node_modules/glob-parent\": {\x0d\x0a      \"version\": 
\"5.1.2\",\x0d\x0a      \"dev\": true,\x0d\x0a      \"license\": \"ISC\",\x0d\x0a      \"dependencies\": {\x0d\x0a     
   \"is-glob\": \"^4.0.1\"\x0d\x0a      },\x0d\x0a      \"engines\": {\x0d\x0a        \"node\": \">= 6\"\x0d\x0a      
}\x0d\x0a    },\x0d\x0a    \"node_modules/tailwindcss/node_modules/glob-parent\": {\x0d\x0a      \"version\": 
\"6.0.2\",\x0d\x0a      \"dev\": true,\x0d\x0a      \"license\": \"ISC\",\x0d\x0a      \"dependencies\": {\x0d\x0a     
   \"is-glob\": \"^4.0.3\"\x0d\x0a      },\x0d\x0a      \"engines\": {\x0d\x0a        \"node\": \">=10.13.0\"\x0d\x0a  
    }\x0d\x0a    },\x0d\x0a    \"node_modules/tailwindcss/node_modules/readdirp\": {\x0d\x0a      \"version\": 
\"3.6.0\",\x0d\x0a      \"dev\": true,\x0d\x0a      \"license\": \"MIT\",\x0d\x0a      \"dependencies\": {\x0d\x0a     
   \"picomatch\": \"^2.2.1\"\x0d\x0a      },\x0d\x0a      \"engines\": {\x0d\x0a        \"node\": \">=8.10.0\"\x0d\x0a 
     }\x0d\x0a    },\x0d\x0a    \"node_modules/text-segmentation\": {\x0d\x0a      \"version\": \"1.0.3\",\x0d\x0a     
 \"license\": \"MIT\",\x0d\x0a      \"dependencies\": {\x0d\x0a        \"utrie\": \"^1.0.2\"\x0d\x0a      }\x0d\x0a    
},\x0d\x0a    \"node_modules/thenify\": {\x0d\x0a      \"version\": \"3.3.1\",\x0d\x0a      \"dev\": true,\x0d\x0a     
 \"license\": \"MIT\",\x0d\x0a      \"dependencies\": {\x0d\x0a        \"any-promise\": \"^1.0.0\"\x0d\x0a      
}\x0d\x0a    },\x0d\x0a    \"node_modules/thenify-all\": {\x0d\x0a      \"version\": \"1.6.0\",\x0d\x0a      \"dev\": 
true,\x0d\x0a      \"license\": \"MIT\",\x0d\x0a      \"dependencies\": {\x0d\x0a        \"thenify\": \">= 3.1.0 < 
4\"\x0d\x0a      },\x0d\x0a      \"engines\": {\x0d\x0a        \"node\": \">=0.8\"\x0d\x0a      }\x0d\x0a    
},\x0d\x0a    \"node_modules/third-party-capital\": {\x0d\x0a      \"version\": \"1.0.20\",\x0d\x0a      \"license\": 
\"ISC\"\x0d\x0a    },\x0d\x0a    \"node_modules/tinyglobby\": {\x0d\x0a      \"version\": \"0.2.14\",\x0d\x0a      
\"dev\": true,\x0d\x0a      \"license\": \"MIT\",\x0d\x0a      \"dependencies\": {\x0d\x0a        \"fdir\": 
\"^6.4.4\",\x0d\x0a        \"picomatch\": \"^4.0.2\"\x0d\x0a      },\x0d\x0a      \"engines\": {\x0d\x0a        
\"node\": \">=12.0.0\"\x0d\x0a      },\x0d\x0a      \"funding\": {\x0d\x0a        \"url\": 
\"https://github.com/sponsors/SuperchupuDev\"\x0d\x0a      }\x0d\x0a    },\x0d\x0a    
\"node_modules/tinyglobby/node_modules/fdir\": {\x0d\x0a      \"version\": \"6.4.6\",\x0d\x0a      \"dev\": 
true,\x0d\x0a      \"license\": \"MIT\",\x0d\x0a      \"peerDependencies\": {\x0d\x0a        \"picomatch\": \"^3 || 
^4\"\x0d\x0a      },\x0d\x0a      \"peerDependenciesMeta\": {\x0d\x0a        \"picomatch\": {\x0d\x0a          
\"optional\": true\x0d\x0a        }\x0d\x0a      }\x0d\x0a    },\x0d\x0a    
\"node_modules/tinyglobby/node_modules/picomatch\": {\x0d\x0a      \"version\": \"4.0.3\",\x0d\x0a      \"dev\": 
true,\x0d\x0a      \"license\": \"MIT\",\x0d\x0a      \"peer\": true,\x0d\x0a      \"engines\": {\x0d\x0a        
\"node\": \">=12\"\x0d\x0a      },\x0d\x0a      \"funding\": {\x0d\x0a        \"url\": 
\"https://github.com/sponsors/jonschlinkert\"\x0d\x0a      }\x0d\x0a    },\x0d\x0a    \"node_modules/to-regex-range\": 
{\x0d\x0a      \"version\": \"5.0.1\",\x0d\x0a      \"dev\": true,\x0d\x0a      \"license\": \"MIT\",\x0d\x0a      
\"dependencies\": {\x0d\x0a        \"is-number\": \"^7.0.0\"\x0d\x0a      },\x0d\x0a      \"engines\": {\x0d\x0a       
 \"node\": \">=8.0\"\x0d\x0a      }\x0d\x0a    },\x0d\x0a    \"node_modules/tr46\": {\x0d\x0a      \"version\": 
\"0.0.3\",\x0d\x0a      \"license\": \"MIT\"\x0d\x0a    },\x0d\x0a    \"node_modules/trim-lines\": {\x0d\x0a      
\"version\": \"3.0.1\",\x0d\x0a      \"license\": \"MIT\",\x0d\x0a      \"funding\": {\x0d\x0a        \"type\": 
\"github\",\x0d\x0a        \"url\": \"https://github.com/sponsors/wooorm\"\x0d\x0a      }\x0d\x0a    },\x0d\x0a    
\"node_modules/trough\": {\x0d\x0a      \"version\": \"2.2.0\",\x0d\x0a      \"license\": \"MIT\",\x0d\x0a      
\"funding\": {\x0d\x0a        \"type\": \"github\",\x0d\x0a        \"url\": 
\"https://github.com/sponsors/wooorm\"\x0d\x0a      }\x0d\x0a    },\x0d\x0a    \"node_modules/ts-api-utils\": 
{\x0d\x0a      \"version\": \"2.1.0\",\x0d\x0a      \"dev\": true,\x0d\x0a      \"license\": \"MIT\",\x0d\x0a      
\"engines\": {\x0d\x0a        \"node\": \">=18.12\"\x0d\x0a      },\x0d\x0a      \"peerDependencies\": {\x0d\x0a       
 \"typescript\": \">=4.8.4\"\x0d\x0a      }\x0d\x0a    },\x0d\x0a    \"node_modules/ts-interface-checker\": {\x0d\x0a  
    \"version\": \"0.1.13\",\x0d\x0a      \"dev\": true,\x0d\x0a      \"license\": \"Apache-2.0\"\x0d\x0a    
},\x0d\x0a    \"node_modules/tsconfig-paths\": {\x0d\x0a      \"version\": \"3.15.0\",\x0d\x0a      \"dev\": 
true,\x0d\x0a      \"license\": \"MIT\",\x0d\x0a      \"dependencies\": {\x0d\x0a        \"@types/json5\": 
\"^0.0.29\",\x0d\x0a        \"json5\": \"^1.0.2\",\x0d\x0a        \"minimist\": \"^1.2.6\",\x0d\x0a        
\"strip-bom\": \"^3.0.0\"\x0d\x0a      }\x0d\x0a    },\x0d\x0a    \"node_modules/tslib\": {\x0d\x0a      \"version\": 
\"2.8.1\",\x0d\x0a      \"license\": \"0BSD\"\x0d\x0a    },\x0d\x0a    \"node_modules/type-check\": {\x0d\x0a      
\"version\": \"0.4.0\",\x0d\x0a      \"dev\": true,\x0d\x0a      \"license\": \"MIT\",\x0d\x0a      \"dependencies\": 
{\x0d\x0a        \"prelude-ls\": \"^1.2.1\"\x0d\x0a      },\x0d\x0a      \"engines\": {\x0d\x0a        \"node\": \">= 
0.8.0\"\x0d\x0a      }\x0d\x0a    },\x0d\x0a    \"node_modules/typed-array-buffer\": {\x0d\x0a      \"version\": 
\"1.0.3\",\x0d\x0a      \"dev\": true,\x0d\x0a      \"license\": \"MIT\",\x0d\x0a      \"dependencies\": {\x0d\x0a     
   \"call-bound\": \"^1.0.3\",\x0d\x0a        \"es-errors\": \"^1.3.0\",\x0d\x0a        \"is-typed-array\": 
\"^1.1.14\"\x0d\x0a      },\x0d\x0a      \"engines\": {\x0d\x0a        \"node\": \">= 0.4\"\x0d\x0a      }\x0d\x0a    
},\x0d\x0a    \"node_modules/typed-array-byte-length\": {\x0d\x0a      \"version\": \"1.0.3\",\x0d\x0a      \"dev\": 
true,\x0d\x0a      \"license\": \"MIT\",\x0d\x0a      \"dependencies\": {\x0d\x0a        \"call-bind\": 
\"^1.0.8\",\x0d\x0a        \"for-each\": \"^0.3.3\",\x0d\x0a        \"gopd\": \"^1.2.0\",\x0d\x0a        
\"has-proto\": \"^1.2.0\",\x0d\x0a        \"is-typed-array\": \"^1.1.14\"\x0d\x0a      },\x0d\x0a      \"engines\": 
{\x0d\x0a        \"node\": \">= 0.4\"\x0d\x0a      },\x0d\x0a      \"funding\": {\x0d\x0a        \"url\": 
\"https://github.com/sponsors/ljharb\"\x0d\x0a      }\x0d\x0a    },\x0d\x0a    
\"node_modules/typed-array-byte-offset\": {\x0d\x0a      \"version\": \"1.0.4\",\x0d\x0a      \"dev\": true,\x0d\x0a   
   \"license\": \"MIT\",\x0d\x0a      \"dependencies\": {\x0d\x0a        \"available-typed-arrays\": 
\"^1.0.7\",\x0d\x0a        \"call-bind\": \"^1.0.8\",\x0d\x0a        \"for-each\": \"^0.3.3\",\x0d\x0a        
\"gopd\": \"^1.2.0\",\x0d\x0a        \"has-proto\": \"^1.2.0\",\x0d\x0a        \"is-typed-array\": 
\"^1.1.15\",\x0d\x0a        \"reflect.getprototypeof\": \"^1.0.9\"\x0d\x0a      },\x0d\x0a      \"engines\": {\x0d\x0a 
       \"node\": \">= 0.4\"\x0d\x0a      },\x0d\x0a      \"funding\": {\x0d\x0a        \"url\": 
\"https://github.com/sponsors/ljharb\"\x0d\x0a      }\x0d\x0a    },\x0d\x0a    \"node_modules/typed-array-length\": 
{\x0d\x0a      \"version\": \"1.0.7\",\x0d\x0a      \"dev\": true,\x0d\x0a      \"license\": \"MIT\",\x0d\x0a      
\"dependencies\": {\x0d\x0a        \"call-bind\": \"^1.0.7\",\x0d\x0a        \"for-each\": \"^0.3.3\",\x0d\x0a        
\"gopd\": \"^1.0.1\",\x0d\x0a        \"is-typed-array\": \"^1.1.13\",\x0d\x0a        \"possible-typed-array-names\": 
\"^1.0.0\",\x0d\x0a        \"reflect.getprototypeof\": \"^1.0.6\"\x0d\x0a      },\x0d\x0a      \"engines\": {\x0d\x0a  
      \"node\": \">= 0.4\"\x0d\x0a      },\x0d\x0a      \"funding\": {\x0d\x0a        \"url\": 
\"https://github.com/sponsors/ljharb\"\x0d\x0a      }\x0d\x0a    },\x0d\x0a    \"node_modules/typescript\": {\x0d\x0a  
    \"version\": \"5.8.3\",\x0d\x0a      \"dev\": true,\x0d\x0a      \"license\": \"Apache-2.0\",\x0d\x0a      
\"peer\": true,\x0d\x0a      \"bin\": {\x0d\x0a        \"tsc\": \"bin/tsc\",\x0d\x0a        \"tsserver\": 
\"bin/tsserver\"\x0d\x0a      },\x0d\x0a      \"engines\": {\x0d\x0a        \"node\": \">=14.17\"\x0d\x0a      
}\x0d\x0a    },\x0d\x0a    \"node_modules/unbox-primitive\": {\x0d\x0a      \"version\": \"1.1.0\",\x0d\x0a      
\"dev\": true,\x0d\x0a      \"license\": \"MIT\",\x0d\x0a      \"dependencies\": {\x0d\x0a        \"call-bound\": 
\"^1.0.3\",\x0d\x0a        \"has-bigints\": \"^1.0.2\",\x0d\x0a        \"has-symbols\": \"^1.1.0\",\x0d\x0a        
\"which-boxed-primitive\": \"^1.1.1\"\x0d\x0a      },\x0d\x0a      \"engines\": {\x0d\x0a        \"node\": \">= 
0.4\"\x0d\x0a      },\x0d\x0a      \"funding\": {\x0d\x0a        \"url\": 
\"https://github.com/sponsors/ljharb\"\x0d\x0a      }\x0d\x0a    },\x0d\x0a    \"node_modules/undici-types\": 
{\x0d\x0a      \"version\": \"7.8.0\",\x0d\x0a      \"license\": \"MIT\"\x0d\x0a    },\x0d\x0a    
\"node_modules/unified\": {\x0d\x0a      \"version\": \"11.0.5\",\x0d\x0a      \"license\": \"MIT\",\x0d\x0a      
\"dependencies\": {\x0d\x0a        \"@types/unist\": \"^3.0.0\",\x0d\x0a        \"bail\": \"^2.0.0\",\x0d\x0a        
\"devlop\": \"^1.0.0\",\x0d\x0a        \"extend\": \"^3.0.0\",\x0d\x0a        \"is-plain-obj\": \"^4.0.0\",\x0d\x0a    
    \"trough\": \"^2.0.0\",\x0d\x0a        \"vfile\": \"^6.0.0\"\x0d\x0a      },\x0d\x0a      \"funding\": {\x0d\x0a   
     \"type\": \"opencollective\",\x0d\x0a        \"url\": \"https://opencollective.com/unified\"\x0d\x0a      
}\x0d\x0a    },\x0d\x0a    \"node_modules/unist-util-is\": {\x0d\x0a      \"version\": \"6.0.0\",\x0d\x0a      
\"license\": \"MIT\",\x0d\x0a      \"dependencies\": {\x0d\x0a        \"@types/unist\": \"^3.0.0\"\x0d\x0a      
},\x0d\x0a      \"funding\": {\x0d\x0a        \"type\": \"opencollective\",\x0d\x0a        \"url\": 
\"https://opencollective.com/unified\"\x0d\x0a      }\x0d\x0a    },\x0d\x0a    \"node_modules/unist-util-position\": 
{\x0d\x0a      \"version\": \"5.0.0\",\x0d\x0a      \"license\": \"MIT\",\x0d\x0a      \"dependencies\": {\x0d\x0a     
   \"@types/unist\": \"^3.0.0\"\x0d\x0a      },\x0d\x0a      \"funding\": {\x0d\x0a        \"type\": 
\"opencollective\",\x0d\x0a        \"url\": \"https://opencollective.com/unified\"\x0d\x0a      }\x0d\x0a    
},\x0d\x0a    \"node_modules/unist-util-stringify-position\": {\x0d\x0a      \"version\": \"4.0.0\",\x0d\x0a      
\"license\": \"MIT\",\x0d\x0a      \"dependencies\": {\x0d\x0a        \"@types/unist\": \"^3.0.0\"\x0d\x0a      
},\x0d\x0a      \"funding\": {\x0d\x0a        \"type\": \"opencollective\",\x0d\x0a        \"url\": 
\"https://opencollective.com/unified\"\x0d\x0a      }\x0d\x0a    },\x0d\x0a    \"node_modules/unist-util-visit\": 
{\x0d\x0a      \"version\": \"5.0.0\",\x0d\x0a      \"license\": \"MIT\",\x0d\x0a      \"dependencies\": {\x0d\x0a     
   \"@types/unist\": \"^3.0.0\",\x0d\x0a        \"unist-util-is\": \"^6.0.0\",\x0d\x0a        
\"unist-util-visit-parents\": \"^6.0.0\"\x0d\x0a      },\x0d\x0a      \"funding\": {\x0d\x0a        \"type\": 
\"opencollective\",\x0d\x0a        \"url\": \"https://opencollective.com/unified\"\x0d\x0a      }\x0d\x0a    
},\x0d\x0a    \"node_modules/unist-util-visit-parents\": {\x0d\x0a      \"version\": \"6.0.1\",\x0d\x0a      
\"license\": \"MIT\",\x0d\x0a      \"dependencies\": {\x0d\x0a        \"@types/unist\": \"^3.0.0\",\x0d\x0a        
\"unist-util-is\": \"^6.0.0\"\x0d\x0a      },\x0d\x0a      \"funding\": {\x0d\x0a        \"type\": 
\"opencollective\",\x0d\x0a        \"url\": \"https://opencollective.com/unified\"\x0d\x0a      }\x0d\x0a    
},\x0d\x0a    \"node_modules/unrs-resolver\": {\x0d\x0a      \"version\": \"1.11.1\",\x0d\x0a      \"dev\": 
true,\x0d\x0a      \"hasInstallScript\": true,\x0d\x0a      \"license\": \"MIT\",\x0d\x0a      \"dependencies\": 
{\x0d\x0a        \"napi-postinstall\": \"^0.3.0\"\x0d\x0a      },\x0d\x0a      \"funding\": {\x0d\x0a        \"url\": 
\"https://opencollective.com/unrs-resolver\"\x0d\x0a      },\x0d\x0a      \"optionalDependencies\": {\x0d\x0a        
\"@unrs/resolver-binding-android-arm-eabi\": \"1.11.1\",\x0d\x0a        \"@unrs/resolver-binding-android-arm64\": 
\"1.11.1\",\x0d\x0a        \"@unrs/resolver-binding-darwin-arm64\": \"1.11.1\",\x0d\x0a        
\"@unrs/resolver-binding-darwin-x64\": \"1.11.1\",\x0d\x0a        \"@unrs/resolver-binding-freebsd-x64\": 
\"1.11.1\",\x0d\x0a        \"@unrs/resolver-binding-linux-arm-gnueabihf\": \"1.11.1\",\x0d\x0a        
\"@unrs/resolver-binding-linux-arm-musleabihf\": \"1.11.1\",\x0d\x0a        
\"@unrs/resolver-binding-linux-arm64-gnu\": \"1.11.1\",\x0d\x0a        \"@unrs/resolver-binding-linux-arm64-musl\": 
\"1.11.1\",\x0d\x0a        \"@unrs/resolver-binding-linux-ppc64-gnu\": \"1.11.1\",\x0d\x0a        
\"@unrs/resolver-binding-linux-riscv64-gnu\": \"1.11.1\",\x0d\x0a        
\"@unrs/resolver-binding-linux-riscv64-musl\": \"1.11.1\",\x0d\x0a        \"@unrs/resolver-binding-linux-s390x-gnu\": 
\"1.11.1\",\x0d\x0a        \"@unrs/resolver-binding-linux-x64-gnu\": \"1.11.1\",\x0d\x0a        
\"@unrs/resolver-binding-linux-x64-musl\": \"1.11.1\",\x0d\x0a        \"@unrs/resolver-binding-wasm32-wasi\": 
\"1.11.1\",\x0d\x0a        \"@unrs/resolver-binding-win32-arm64-msvc\": \"1.11.1\",\x0d\x0a        
\"@unrs/resolver-binding-win32-ia32-msvc\": \"1.11.1\",\x0d\x0a        \"@unrs/resolver-binding-win32-x64-msvc\": 
\"1.11.1\"\x0d\x0a      }\x0d\x0a    },\x0d\x0a    \"node_modules/uri-js\": {\x0d\x0a      \"version\": 
\"4.4.1\",\x0d\x0a      \"dev\": true,\x0d\x0a      \"license\": \"BSD-2-Clause\",\x0d\x0a      \"dependencies\": 
{\x0d\x0a        \"punycode\": \"^2.1.0\"\x0d\x0a      }\x0d\x0a    },\x0d\x0a    \"node_modules/use-debounce\": 
{\x0d\x0a      \"version\": \"10.0.5\",\x0d\x0a      \"license\": \"MIT\",\x0d\x0a      \"engines\": {\x0d\x0a        
\"node\": \">= 16.0.0\"\x0d\x0a      },\x0d\x0a      \"peerDependencies\": {\x0d\x0a        \"react\": \"*\"\x0d\x0a   
   }\x0d\x0a    },\x0d\x0a    \"node_modules/use-sync-external-store\": {\x0d\x0a      \"version\": \"1.5.0\",\x0d\x0a 
     \"license\": \"MIT\",\x0d\x0a      \"peerDependencies\": {\x0d\x0a        \"react\": \"^16.8.0 || ^17.0.0 || 
^18.0.0 || ^19.0.0\"\x0d\x0a      }\x0d\x0a    },\x0d\x0a    \"node_modules/util-deprecate\": {\x0d\x0a      
\"version\": \"1.0.2\",\x0d\x0a      \"dev\": true,\x0d\x0a      \"license\": \"MIT\"\x0d\x0a    },\x0d\x0a    
\"node_modules/utrie\": {\x0d\x0a      \"version\": \"1.0.2\",\x0d\x0a      \"license\": \"MIT\",\x0d\x0a      
\"dependencies\": {\x0d\x0a        \"base64-arraybuffer\": \"^1.0.2\"\x0d\x0a      }\x0d\x0a    },\x0d\x0a    
\"node_modules/uuid\": {\x0d\x0a      \"version\": \"11.1.0\",\x0d\x0a      \"funding\": [\x0d\x0a        
\"https://github.com/sponsors/broofa\",\x0d\x0a        \"https://github.com/sponsors/ctavan\"\x0d\x0a      ],\x0d\x0a  
    \"license\": \"MIT\",\x0d\x0a      \"bin\": {\x0d\x0a        \"uuid\": \"dist/esm/bin/uuid\"\x0d\x0a      
}\x0d\x0a    },\x0d\x0a    \"node_modules/uzip\": {\x0d\x0a      \"version\": \"0.20201231.0\",\x0d\x0a      
\"license\": \"MIT\"\x0d\x0a    },\x0d\x0a    \"node_modules/vfile\": {\x0d\x0a      \"version\": \"6.0.3\",\x0d\x0a   
   \"license\": \"MIT\",\x0d\x0a      \"dependencies\": {\x0d\x0a        \"@types/unist\": \"^3.0.0\",\x0d\x0a        
\"vfile-message\": \"^4.0.0\"\x0d\x0a      },\x0d\x0a      \"funding\": {\x0d\x0a        \"type\": 
\"opencollective\",\x0d\x0a        \"url\": \"https://opencollective.com/unified\"\x0d\x0a      }\x0d\x0a    
},\x0d\x0a    \"node_modules/vfile-message\": {\x0d\x0a      \"version\": \"4.0.2\",\x0d\x0a      \"license\": 
\"MIT\",\x0d\x0a      \"dependencies\": {\x0d\x0a        \"@types/unist\": \"^3.0.0\",\x0d\x0a        
\"unist-util-stringify-position\": \"^4.0.0\"\x0d\x0a      },\x0d\x0a      \"funding\": {\x0d\x0a        \"type\": 
\"opencollective\",\x0d\x0a        \"url\": \"https://opencollective.com/unified\"\x0d\x0a      }\x0d\x0a    
},\x0d\x0a    \"node_modules/web-streams-polyfill\": {\x0d\x0a      \"version\": \"4.0.0-beta.3\",\x0d\x0a      
\"license\": \"MIT\",\x0d\x0a      \"engines\": {\x0d\x0a        \"node\": \">= 14\"\x0d\x0a      }\x0d\x0a    
},\x0d\x0a    \"node_modules/web-vitals\": {\x0d\x0a      \"version\": \"4.2.4\",\x0d\x0a      \"license\": 
\"Apache-2.0\"\x0d\x0a    },\x0d\x0a    \"node_modules/webidl-conversions\": {\x0d\x0a      \"version\": 
\"3.0.1\",\x0d\x0a      \"license\": \"BSD-2-Clause\"\x0d\x0a    },\x0d\x0a    \"node_modules/websocket-driver\": 
{\x0d\x0a      \"version\": \"0.7.4\",\x0d\x0a      \"license\": \"Apache-2.0\",\x0d\x0a      \"dependencies\": 
{\x0d\x0a        \"http-parser-js\": \">=0.5.1\",\x0d\x0a        \"safe-buffer\": \">=5.1.0\",\x0d\x0a        
\"websocket-extensions\": \">=0.1.1\"\x0d\x0a      },\x0d\x0a      \"engines\": {\x0d\x0a        \"node\": 
\">=0.8.0\"\x0d\x0a      }\x0d\x0a    },\x0d\x0a    \"node_modules/websocket-extensions\": {\x0d\x0a      \"version\": 
\"0.1.4\",\x0d\x0a      \"license\": \"Apache-2.0\",\x0d\x0a      \"engines\": {\x0d\x0a        \"node\": 
\">=0.8.0\"\x0d\x0a      }\x0d\x0a    },\x0d\x0a    \"node_modules/whatwg-url\": {\x0d\x0a      \"version\": 
\"5.0.0\",\x0d\x0a      \"license\": \"MIT\",\x0d\x0a      \"dependencies\": {\x0d\x0a        \"tr46\": 
\"~0.0.3\",\x0d\x0a        \"webidl-conversions\": \"^3.0.0\"\x0d\x0a      }\x0d\x0a    },\x0d\x0a    
\"node_modules/which\": {\x0d\x0a      \"version\": \"2.0.2\",\x0d\x0a      \"dev\": true,\x0d\x0a      \"license\": 
\"ISC\",\x0d\x0a      \"dependencies\": {\x0d\x0a        \"isexe\": \"^2.0.0\"\x0d\x0a      },\x0d\x0a      \"bin\": 
{\x0d\x0a        \"node-which\": \"bin/node-which\"\x0d\x0a      },\x0d\x0a      \"engines\": {\x0d\x0a        
\"node\": \">= 8\"\x0d\x0a      }\x0d\x0a    },\x0d\x0a    \"node_modules/which-boxed-primitive\": {\x0d\x0a      
\"version\": \"1.1.1\",\x0d\x0a      \"dev\": true,\x0d\x0a      \"license\": \"MIT\",\x0d\x0a      \"dependencies\": 
{\x0d\x0a        \"is-bigint\": \"^1.1.0\",\x0d\x0a        \"is-boolean-object\": \"^1.2.1\",\x0d\x0a        
\"is-number-object\": \"^1.1.1\",\x0d\x0a        \"is-string\": \"^1.1.1\",\x0d\x0a        \"is-symbol\": 
\"^1.1.1\"\x0d\x0a      },\x0d\x0a      \"engines\": {\x0d\x0a        \"node\": \">= 0.4\"\x0d\x0a      },\x0d\x0a     
 \"funding\": {\x0d\x0a        \"url\": \"https://github.com/sponsors/ljharb\"\x0d\x0a      }\x0d\x0a    },\x0d\x0a    
\"node_modules/which-builtin-type\": {\x0d\x0a      \"version\": \"1.2.1\",\x0d\x0a      \"dev\": true,\x0d\x0a      
\"license\": \"MIT\",\x0d\x0a      \"dependencies\": {\x0d\x0a        \"call-bound\": \"^1.0.2\",\x0d\x0a        
\"function.prototype.name\": \"^1.1.6\",\x0d\x0a        \"has-tostringtag\": \"^1.0.2\",\x0d\x0a        
\"is-async-function\": \"^2.0.0\",\x0d\x0a        \"is-date-object\": \"^1.1.0\",\x0d\x0a        
\"is-finalizationregistry\": \"^1.1.0\",\x0d\x0a        \"is-generator-function\": \"^1.0.10\",\x0d\x0a        
\"is-regex\": \"^1.2.1\",\x0d\x0a        \"is-weakref\": \"^1.0.2\",\x0d\x0a        \"isarray\": \"^2.0.5\",\x0d\x0a   
     \"which-boxed-primitive\": \"^1.1.0\",\x0d\x0a        \"which-collection\": \"^1.0.2\",\x0d\x0a        
\"which-typed-array\": \"^1.1.16\"\x0d\x0a      },\x0d\x0a      \"engines\": {\x0d\x0a        \"node\": \">= 
0.4\"\x0d\x0a      },\x0d\x0a      \"funding\": {\x0d\x0a        \"url\": 
\"https://github.com/sponsors/ljharb\"\x0d\x0a      }\x0d\x0a    },\x0d\x0a    \"node_modules/which-collection\": 
{\x0d\x0a      \"version\": \"1.0.2\",\x0d\x0a      \"dev\": true,\x0d\x0a      \"license\": \"MIT\",\x0d\x0a      
\"dependencies\": {\x0d\x0a        \"is-map\": \"^2.0.3\",\x0d\x0a        \"is-set\": \"^2.0.3\",\x0d\x0a        
\"is-weakmap\": \"^2.0.2\",\x0d\x0a        \"is-weakset\": \"^2.0.3\"\x0d\x0a      },\x0d\x0a      \"engines\": 
{\x0d\x0a        \"node\": \">= 0.4\"\x0d\x0a      },\x0d\x0a      \"funding\": {\x0d\x0a        \"url\": 
\"https://github.com/sponsors/ljharb\"\x0d\x0a      }\x0d\x0a    },\x0d\x0a    \"node_modules/which-typed-array\": 
{\x0d\x0a      \"version\": \"1.1.19\",\x0d\x0a      \"dev\": true,\x0d\x0a      \"license\": \"MIT\",\x0d\x0a      
\"dependencies\": {\x0d\x0a        \"available-typed-arrays\": \"^1.0.7\",\x0d\x0a        \"call-bind\": 
\"^1.0.8\",\x0d\x0a        \"call-bound\": \"^1.0.4\",\x0d\x0a        \"for-each\": \"^0.3.5\",\x0d\x0a        
\"get-proto\": \"^1.0.1\",\x0d\x0a        \"gopd\": \"^1.2.0\",\x0d\x0a        \"has-tostringtag\": \"^1.0.2\"\x0d\x0a 
     },\x0d\x0a      \"engines\": {\x0d\x0a        \"node\": \">= 0.4\"\x0d\x0a      },\x0d\x0a      \"funding\": 
{\x0d\x0a        \"url\": \"https://github.com/sponsors/ljharb\"\x0d\x0a      }\x0d\x0a    },\x0d\x0a    
\"node_modules/word-wrap\": {\x0d\x0a      \"version\": \"1.2.5\",\x0d\x0a      \"dev\": true,\x0d\x0a      
\"license\": \"MIT\",\x0d\x0a      \"engines\": {\x0d\x0a        \"node\": \">=0.10.0\"\x0d\x0a      }\x0d\x0a    
},\x0d\x0a    \"node_modules/wrap-ansi\": {\x0d\x0a      \"version\": \"7.0.0\",\x0d\x0a      \"license\": 
\"MIT\",\x0d\x0a      \"dependencies\": {\x0d\x0a        \"ansi-styles\": \"^4.0.0\",\x0d\x0a        \"string-width\": 
\"^4.1.0\",\x0d\x0a        \"strip-ansi\": \"^6.0.0\"\x0d\x0a      },\x0d\x0a      \"engines\": {\x0d\x0a        
\"node\": \">=10\"\x0d\x0a      },\x0d\x0a      \"funding\": {\x0d\x0a        \"url\": 
\"https://github.com/chalk/wrap-ansi?sponsor=1\"\x0d\x0a      }\x0d\x0a    },\x0d\x0a    
\"node_modules/wrap-ansi-cjs\": {\x0d\x0a      \"name\": \"wrap-ansi\",\x0d\x0a      \"version\": \"7.0.0\",\x0d\x0a   
   \"dev\": true,\x0d\x0a      \"license\": \"MIT\",\x0d\x0a      \"dependencies\": {\x0d\x0a        \"ansi-styles\": 
\"^4.0.0\",\x0d\x0a        \"string-width\": \"^4.1.0\",\x0d\x0a        \"strip-ansi\": \"^6.0.0\"\x0d\x0a      
},\x0d\x0a      \"engines\": {\x0d\x0a        \"node\": \">=10\"\x0d\x0a      },\x0d\x0a      \"funding\": {\x0d\x0a   
     \"url\": \"https://github.com/chalk/wrap-ansi?sponsor=1\"\x0d\x0a      }\x0d\x0a    },\x0d\x0a    
\"node_modules/y18n\": {\x0d\x0a      \"version\": \"5.0.8\",\x0d\x0a      \"license\": \"ISC\",\x0d\x0a      
\"engines\": {\x0d\x0a        \"node\": \">=10\"\x0d\x0a      }\x0d\x0a    },\x0d\x0a    \"node_modules/yaml\": 
{\x0d\x0a      \"version\": \"2.8.0\",\x0d\x0a      \"dev\": true,\x0d\x0a      \"license\": \"ISC\",\x0d\x0a      
\"bin\": {\x0d\x0a        \"yaml\": \"bin.mjs\"\x0d\x0a      },\x0d\x0a      \"engines\": {\x0d\x0a        \"node\": 
\">= 14.6\"\x0d\x0a      }\x0d\x0a    },\x0d\x0a    \"node_modules/yargs\": {\x0d\x0a      \"version\": 
\"17.7.2\",\x0d\x0a      \"license\": \"MIT\",\x0d\x0a      \"dependencies\": {\x0d\x0a        \"cliui\": 
\"^8.0.1\",\x0d\x0a        \"escalade\": \"^3.1.1\",\x0d\x0a        \"get-caller-file\": \"^2.0.5\",\x0d\x0a        
\"require-directory\": \"^2.1.1\",\x0d\x0a        \"string-width\": \"^4.2.3\",\x0d\x0a        \"y18n\": 
\"^5.0.5\",\x0d\x0a        \"yargs-parser\": \"^21.1.1\"\x0d\x0a      },\x0d\x0a      \"engines\": {\x0d\x0a        
\"node\": \">=12\"\x0d\x0a      }\x0d\x0a    },\x0d\x0a    \"node_modules/yargs-parser\": {\x0d\x0a      \"version\": 
\"21.1.1\",\x0d\x0a      \"license\": \"ISC\",\x0d\x0a      \"engines\": {\x0d\x0a        \"node\": \">=12\"\x0d\x0a   
   }\x0d\x0a    },\x0d\x0a    \"node_modules/yocto-queue\": {\x0d\x0a      \"version\": \"0.1.0\",\x0d\x0a      
\"dev\": true,\x0d\x0a      \"license\": \"MIT\",\x0d\x0a      \"engines\": {\x0d\x0a        \"node\": 
\">=10\"\x0d\x0a      },\x0d\x0a      \"funding\": {\x0d\x0a        \"url\": 
\"https://github.com/sponsors/sindresorhus\"\x0d\x0a      }\x0d\x0a    },\x0d\x0a    \"node_modules/zod\": {\x0d\x0a   
   \"version\": \"3.25.76\",\x0d\x0a      \"license\": \"MIT\",\x0d\x0a      \"peer\": true,\x0d\x0a      \"funding\": 
{\x0d\x0a        \"url\": \"https://github.com/sponsors/colinhacks\"\x0d\x0a      }\x0d\x0a    },\x0d\x0a    
\"node_modules/zod-to-json-schema\": {\x0d\x0a      \"version\": \"3.24.6\",\x0d\x0a      \"resolved\": 
\"https://registry.npmjs.org/zod-to-json-schema/-/zod-to-json-schema-3.24.6.tgz\",\x0d\x0a      \"integrity\": 
\"sha512-h/z3PKvcTcTetyjl1fkj79MHNEjm+HpD6NXheWjzOekY7kV+lwDYnHw+ivHkijnCSMz1yJaWBD9vu/Fcmk+vEg==\",\x0d\x0a      
\"license\": \"ISC\",\x0d\x0a      \"peer\": true,\x0d\x0a      \"peerDependencies\": {\x0d\x0a        \"zod\": 
\"^3.24.1\"\x0d\x0a      }\x0d\x0a    },\x0d\x0a    \"node_modules/zwitch\": {\x0d\x0a      \"version\": 
\"2.0.4\",\x0d\x0a      \"license\": \"MIT\",\x0d\x0a      \"funding\": {\x0d\x0a        \"type\": \"github\",\x0d\x0a 
       \"url\": \"https://github.com/sponsors/wooorm\"\x0d\x0a      }\x0d\x0a    }\x0d\x0a  }\x0d\x0a}\x0d\x0a" as 
"2006"
At C:\Users\sujal\AppData\Local\Temp\ps-script-525aa456-ace9-4b47-bd25-3ea9bcdba7bb.ps1:85 char:1
+ docker build -t nextjs-app . 2>&1 | Out-File -FilePath build_output.t ...
+ ~~~~~~~~~~~~~~~~~~~~~~~~~~~~~~~~~
    + CategoryInfo          : NotSpecified: (ERROR: parsing ...\x0a" as "2006":String) [], RemoteException
    + FullyQualifiedErrorId : NativeCommandError
 
